<?xml version="1.0"?>
<link_info>
   <banner>TMS320C6x Linker PC v7.4.4</banner>
   <copyright>Copyright (c) 1996-2013 Texas Instruments Incorporated</copyright>
   <link_time>0x58af9bb0</link_time>
   <output_file>lbl_omapl138.out</output_file>
   <entry_point>
      <name>_c_int00</name>
      <address>0x11800000</address>
   </entry_point>
   <input_file_list>
      <input_file id="fl-2">
         <path>.\</path>
         <kind>object</kind>
         <file>main.obj</file>
         <name>main.obj</name>
      </input_file>
      <input_file id="fl-3">
         <path>.\</path>
         <kind>object</kind>
         <file>intvecs.obj</file>
         <name>intvecs.obj</name>
      </input_file>
      <input_file id="fl-9">
         <path>..\lib\</path>
         <kind>archive</kind>
         <file>evmomapl138_bsl.lib</file>
         <name>evmomapl138_interrupts.obj</name>
      </input_file>
      <input_file id="fl-81">
         <path>D:\Program Files (x86)\CCSv5\ccsv5\tools\compiler\c6000_7.4.4\lib\</path>
         <kind>archive</kind>
         <file>rts6740.lib</file>
         <name>boot.obj</name>
      </input_file>
      <input_file id="fl-82">
         <path>D:\Program Files (x86)\CCSv5\ccsv5\tools\compiler\c6000_7.4.4\lib\</path>
         <kind>archive</kind>
         <file>rts6740.lib</file>
         <name>exit.obj</name>
      </input_file>
      <input_file id="fl-83">
         <path>D:\Program Files (x86)\CCSv5\ccsv5\tools\compiler\c6000_7.4.4\lib\</path>
         <kind>archive</kind>
         <file>rts6740.lib</file>
         <name>memcpy64.obj</name>
      </input_file>
      <input_file id="fl-84">
         <path>D:\Program Files (x86)\CCSv5\ccsv5\tools\compiler\c6000_7.4.4\lib\</path>
         <kind>archive</kind>
         <file>rts6740.lib</file>
         <name>args_main.obj</name>
      </input_file>
      <input_file id="fl-85">
         <path>D:\Program Files (x86)\CCSv5\ccsv5\tools\compiler\c6000_7.4.4\lib\</path>
         <kind>archive</kind>
         <file>rts6740.lib</file>
         <name>autoinit.obj</name>
      </input_file>
      <input_file id="fl-86">
         <path>D:\Program Files (x86)\CCSv5\ccsv5\tools\compiler\c6000_7.4.4\lib\</path>
         <kind>archive</kind>
         <file>rts6740.lib</file>
         <name>cpp_init.obj</name>
      </input_file>
      <input_file id="fl-87">
         <path>D:\Program Files (x86)\CCSv5\ccsv5\tools\compiler\c6000_7.4.4\lib\</path>
         <kind>archive</kind>
         <file>rts6740.lib</file>
         <name>cpy_tbl.obj</name>
      </input_file>
   </input_file_list>
   <object_component_list>
      <object_component id="oc-1c">
         <name>buffer_pingpang</name>
         <uninitialized>true</uninitialized>
         <run_address>0x1181d210</run_address>
         <size>0x1400</size>
         <input_file_ref idref="fl-2"/>
      </object_component>
      <object_component id="oc-1d">
         <name>buffer_env</name>
         <uninitialized>true</uninitialized>
         <run_address>0x11800100</run_address>
         <size>0xc000</size>
         <input_file_ref idref="fl-2"/>
      </object_component>
      <object_component id="oc-20">
         <name>buffer_coef_fft</name>
         <uninitialized>true</uninitialized>
         <run_address>0x1181b210</run_address>
         <size>0x2000</size>
         <input_file_ref idref="fl-2"/>
      </object_component>
      <object_component id="oc-1f">
         <name>buffer_env_ddr2</name>
         <uninitialized>true</uninitialized>
         <run_address>0x118148d8</run_address>
         <size>0x4000</size>
         <input_file_ref idref="fl-2"/>
      </object_component>
      <object_component id="oc-1e">
         <name>buffer_send_sig</name>
         <uninitialized>true</uninitialized>
         <run_address>0x80000000</run_address>
         <size>0x1388</size>
         <input_file_ref idref="fl-2"/>
      </object_component>
      <object_component id="oc-14">
         <name>.text:_c_int00</name>
         <load_address>0x11800000</load_address>
         <run_address>0x11800000</run_address>
         <size>0x80</size>
         <input_file_ref idref="fl-81"/>
      </object_component>
      <object_component id="oc-25">
         <name>.vecs</name>
         <load_address>0x11820800</load_address>
         <run_address>0x11820800</run_address>
         <size>0x200</size>
         <input_file_ref idref="fl-3"/>
      </object_component>
      <object_component id="oc-17">
         <name>.cinit</name>
         <load_address>0x118188d8</load_address>
         <run_address>0x118188d8</run_address>
         <size>0x2900</size>
         <input_file_ref idref="fl-2"/>
      </object_component>
      <object_component id="oc-32">
         <name>.cinit</name>
         <load_address>0x1181b1d8</load_address>
         <run_address>0x1181b1d8</run_address>
         <size>0x2c</size>
         <input_file_ref idref="fl-82"/>
      </object_component>
      <object_component id="oc-4b">
         <name>.text</name>
         <load_address>0x1181f620</load_address>
         <run_address>0x1181f620</run_address>
         <size>0x8a0</size>
         <input_file_ref idref="fl-2"/>
      </object_component>
      <object_component id="oc-4d">
         <name>.text</name>
         <load_address>0x1181fec0</load_address>
         <run_address>0x1181fec0</run_address>
         <size>0x320</size>
         <input_file_ref idref="fl-9"/>
      </object_component>
      <object_component id="oc-45">
         <name>.text:__auto_init</name>
         <load_address>0x118201e0</load_address>
         <run_address>0x118201e0</run_address>
         <size>0xc0</size>
         <input_file_ref idref="fl-85"/>
      </object_component>
      <object_component id="oc-47">
         <name>.text:_exit</name>
         <load_address>0x118202a0</load_address>
         <run_address>0x118202a0</run_address>
         <size>0xc0</size>
         <input_file_ref idref="fl-82"/>
      </object_component>
      <object_component id="oc-48">
         <name>.text:_copy_in</name>
         <load_address>0x11820360</load_address>
         <run_address>0x11820360</run_address>
         <size>0xa0</size>
         <input_file_ref idref="fl-87"/>
      </object_component>
      <object_component id="oc-49">
         <name>.text:_memcpy</name>
         <load_address>0x11820400</load_address>
         <run_address>0x11820400</run_address>
         <size>0xa0</size>
         <input_file_ref idref="fl-83"/>
      </object_component>
      <object_component id="oc-4a">
         <name>.text:___TI_cpp_init</name>
         <load_address>0x118204a0</load_address>
         <run_address>0x118204a0</run_address>
         <size>0x60</size>
         <input_file_ref idref="fl-86"/>
      </object_component>
      <object_component id="oc-46">
         <name>.text:__args_main</name>
         <load_address>0x11820500</load_address>
         <run_address>0x11820500</run_address>
         <size>0x40</size>
         <input_file_ref idref="fl-84"/>
      </object_component>
      <object_component id="oc-4c">
         <name>.text:_abort</name>
         <load_address>0x11820540</load_address>
         <run_address>0x11820540</run_address>
         <size>0x20</size>
         <input_file_ref idref="fl-82"/>
      </object_component>
      <object_component id="oc-24">
         <name>.text</name>
         <load_address>0x11820560</load_address>
         <run_address>0x11820560</run_address>
         <size>0x20</size>
         <input_file_ref idref="fl-3"/>
      </object_component>
      <object_component id="oc-2e">
         <name>.stack</name>
         <uninitialized>true</uninitialized>
         <run_address>0x1181e610</run_address>
         <size>0x8</size>
         <input_file_ref idref="fl-81"/>
      </object_component>
      <object_component id="oc-6a">
         <name>.stack</name>
         <uninitialized>true</uninitialized>
         <run_address>0x1181e610</run_address>
         <size>0x0</size>
      </object_component>
      <object_component id="oc-15">
         <name>.bss</name>
         <uninitialized>true</uninitialized>
         <run_address>0x11820580</run_address>
         <size>0x40</size>
         <input_file_ref idref="fl-2"/>
      </object_component>
      <object_component id="oc-1b">
         <name>.far</name>
         <uninitialized>true</uninitialized>
         <run_address>0x1180c100</run_address>
         <size>0x87c8</size>
         <input_file_ref idref="fl-2"/>
      </object_component>
      <object_component id="oc-33">
         <name>.far</name>
         <uninitialized>true</uninitialized>
         <run_address>0x118148c8</run_address>
         <size>0xc</size>
         <input_file_ref idref="fl-82"/>
      </object_component>
      <object_component id="oc-4e">
         <name>.switch</name>
         <load_address>0x118205c0</load_address>
         <run_address>0x118205c0</run_address>
         <size>0x30</size>
         <input_file_ref idref="fl-9"/>
      </object_component>
      <object_component id="oc-19">
         <name>ddr2_dat</name>
         <uninitialized>true</uninitialized>
         <run_address>0xc6080000</run_address>
         <size>0xd4</size>
         <input_file_ref idref="fl-2"/>
      </object_component>
      <object_component id="oc-1a">
         <name>ddr2_cmd</name>
         <uninitialized>true</uninitialized>
         <run_address>0xc6080400</run_address>
         <size>0x400</size>
         <input_file_ref idref="fl-2"/>
      </object_component>
      <object_component id="oc-18">
         <name>ddr2_buffer</name>
         <uninitialized>true</uninitialized>
         <run_address>0xc6080800</run_address>
         <size>0x248800</size>
         <input_file_ref idref="fl-2"/>
      </object_component>
      <object_component id="oc-16">
         <name>.debug_info</name>
         <load_address>0x0</load_address>
         <run_address>0x0</run_address>
         <size>0x3177</size>
         <input_file_ref idref="fl-2"/>
      </object_component>
      <object_component id="oc-26">
         <name>.debug_info</name>
         <load_address>0x3177</load_address>
         <run_address>0x3177</run_address>
         <size>0xe3</size>
         <input_file_ref idref="fl-3"/>
      </object_component>
      <object_component id="oc-29">
         <name>.debug_info</name>
         <load_address>0x325a</load_address>
         <run_address>0x325a</run_address>
         <size>0xd23</size>
         <input_file_ref idref="fl-9"/>
      </object_component>
      <object_component id="oc-2d">
         <name>.debug_info</name>
         <load_address>0x3f7d</load_address>
         <run_address>0x3f7d</run_address>
         <size>0x6f2</size>
         <input_file_ref idref="fl-81"/>
      </object_component>
      <object_component id="oc-31">
         <name>.debug_info</name>
         <load_address>0x466f</load_address>
         <run_address>0x466f</run_address>
         <size>0x7bf</size>
         <input_file_ref idref="fl-82"/>
      </object_component>
      <object_component id="oc-36">
         <name>.debug_info</name>
         <load_address>0x4e2e</load_address>
         <run_address>0x4e2e</run_address>
         <size>0xcc</size>
         <input_file_ref idref="fl-83"/>
      </object_component>
      <object_component id="oc-39">
         <name>.debug_info</name>
         <load_address>0x4efa</load_address>
         <run_address>0x4efa</run_address>
         <size>0x6c8</size>
         <input_file_ref idref="fl-84"/>
      </object_component>
      <object_component id="oc-3c">
         <name>.debug_info</name>
         <load_address>0x55c2</load_address>
         <run_address>0x55c2</run_address>
         <size>0x83e</size>
         <input_file_ref idref="fl-85"/>
      </object_component>
      <object_component id="oc-3f">
         <name>.debug_info</name>
         <load_address>0x5e00</load_address>
         <run_address>0x5e00</run_address>
         <size>0x6b6</size>
         <input_file_ref idref="fl-86"/>
      </object_component>
      <object_component id="oc-42">
         <name>.debug_info</name>
         <load_address>0x64b6</load_address>
         <run_address>0x64b6</run_address>
         <size>0x7ac</size>
         <input_file_ref idref="fl-87"/>
      </object_component>
      <object_component id="oc-6b">
         <name>.debug_info</name>
         <load_address>0x6c62</load_address>
         <run_address>0x6c62</run_address>
         <size>0x6d</size>
      </object_component>
      <object_component id="oc-21">
         <name>.debug_frame</name>
         <load_address>0x0</load_address>
         <run_address>0x0</run_address>
         <size>0x26a</size>
         <input_file_ref idref="fl-2"/>
      </object_component>
      <object_component id="oc-2a">
         <name>.debug_frame</name>
         <load_address>0x26a</load_address>
         <run_address>0x26a</run_address>
         <size>0x2d4</size>
         <input_file_ref idref="fl-9"/>
      </object_component>
      <object_component id="oc-22">
         <name>.debug_line</name>
         <load_address>0x0</load_address>
         <run_address>0x0</run_address>
         <size>0x180</size>
         <input_file_ref idref="fl-2"/>
      </object_component>
      <object_component id="oc-27">
         <name>.debug_line</name>
         <load_address>0x180</load_address>
         <run_address>0x180</run_address>
         <size>0xce</size>
         <input_file_ref idref="fl-3"/>
      </object_component>
      <object_component id="oc-2b">
         <name>.debug_line</name>
         <load_address>0x24e</load_address>
         <run_address>0x24e</run_address>
         <size>0x118</size>
         <input_file_ref idref="fl-9"/>
      </object_component>
      <object_component id="oc-2f">
         <name>.debug_line</name>
         <load_address>0x366</load_address>
         <run_address>0x366</run_address>
         <size>0x3d</size>
         <input_file_ref idref="fl-81"/>
      </object_component>
      <object_component id="oc-34">
         <name>.debug_line</name>
         <load_address>0x3a3</load_address>
         <run_address>0x3a3</run_address>
         <size>0x4f</size>
         <input_file_ref idref="fl-82"/>
      </object_component>
      <object_component id="oc-37">
         <name>.debug_line</name>
         <load_address>0x3f2</load_address>
         <run_address>0x3f2</run_address>
         <size>0x4a</size>
         <input_file_ref idref="fl-83"/>
      </object_component>
      <object_component id="oc-3a">
         <name>.debug_line</name>
         <load_address>0x43c</load_address>
         <run_address>0x43c</run_address>
         <size>0x3f</size>
         <input_file_ref idref="fl-84"/>
      </object_component>
      <object_component id="oc-3d">
         <name>.debug_line</name>
         <load_address>0x47b</load_address>
         <run_address>0x47b</run_address>
         <size>0x49</size>
         <input_file_ref idref="fl-85"/>
      </object_component>
      <object_component id="oc-40">
         <name>.debug_line</name>
         <load_address>0x4c4</load_address>
         <run_address>0x4c4</run_address>
         <size>0x45</size>
         <input_file_ref idref="fl-86"/>
      </object_component>
      <object_component id="oc-43">
         <name>.debug_line</name>
         <load_address>0x509</load_address>
         <run_address>0x509</run_address>
         <size>0x44</size>
         <input_file_ref idref="fl-87"/>
      </object_component>
      <object_component id="oc-23">
         <name>.debug_abbrev</name>
         <load_address>0x0</load_address>
         <run_address>0x0</run_address>
         <size>0x156</size>
         <input_file_ref idref="fl-2"/>
      </object_component>
      <object_component id="oc-28">
         <name>.debug_abbrev</name>
         <load_address>0x156</load_address>
         <run_address>0x156</run_address>
         <size>0x20</size>
         <input_file_ref idref="fl-3"/>
      </object_component>
      <object_component id="oc-2c">
         <name>.debug_abbrev</name>
         <load_address>0x176</load_address>
         <run_address>0x176</run_address>
         <size>0xbc</size>
         <input_file_ref idref="fl-9"/>
      </object_component>
      <object_component id="oc-30">
         <name>.debug_abbrev</name>
         <load_address>0x232</load_address>
         <run_address>0x232</run_address>
         <size>0xfe</size>
         <input_file_ref idref="fl-81"/>
      </object_component>
      <object_component id="oc-35">
         <name>.debug_abbrev</name>
         <load_address>0x330</load_address>
         <run_address>0x330</run_address>
         <size>0x119</size>
         <input_file_ref idref="fl-82"/>
      </object_component>
      <object_component id="oc-38">
         <name>.debug_abbrev</name>
         <load_address>0x449</load_address>
         <run_address>0x449</run_address>
         <size>0x3a</size>
         <input_file_ref idref="fl-83"/>
      </object_component>
      <object_component id="oc-3b">
         <name>.debug_abbrev</name>
         <load_address>0x483</load_address>
         <run_address>0x483</run_address>
         <size>0xe1</size>
         <input_file_ref idref="fl-84"/>
      </object_component>
      <object_component id="oc-3e">
         <name>.debug_abbrev</name>
         <load_address>0x564</load_address>
         <run_address>0x564</run_address>
         <size>0x13f</size>
         <input_file_ref idref="fl-85"/>
      </object_component>
      <object_component id="oc-41">
         <name>.debug_abbrev</name>
         <load_address>0x6a3</load_address>
         <run_address>0x6a3</run_address>
         <size>0xdd</size>
         <input_file_ref idref="fl-86"/>
      </object_component>
      <object_component id="oc-44">
         <name>.debug_abbrev</name>
         <load_address>0x780</load_address>
         <run_address>0x780</run_address>
         <size>0x10c</size>
         <input_file_ref idref="fl-87"/>
      </object_component>
      <object_component id="oc-6c">
         <name>.debug_abbrev</name>
         <load_address>0x88c</load_address>
         <run_address>0x88c</run_address>
         <size>0xd</size>
      </object_component>
   </object_component_list>
   <logical_group_list>
      <logical_group id="lg-2">
         <name>buffer_pingpang</name>
         <run_address>0x1181d210</run_address>
         <size>0x1400</size>
         <contents>
            <object_component_ref idref="oc-1c"/>
         </contents>
      </logical_group>
      <logical_group id="lg-3">
         <name>buffer_action</name>
         <run_address>0x0</run_address>
         <size>0x0</size>
         <contents>
         </contents>
      </logical_group>
      <logical_group id="lg-4">
         <name>buffer_env</name>
         <run_address>0x11800100</run_address>
         <size>0xc000</size>
         <contents>
            <object_component_ref idref="oc-1d"/>
         </contents>
      </logical_group>
      <logical_group id="lg-5">
         <name>buffer_coef_fft</name>
         <run_address>0x1181b210</run_address>
         <size>0x2000</size>
         <contents>
            <object_component_ref idref="oc-20"/>
         </contents>
      </logical_group>
      <logical_group id="lg-6">
         <name>buffer_env_ddr2</name>
         <run_address>0x118148d8</run_address>
         <size>0x4000</size>
         <contents>
            <object_component_ref idref="oc-1f"/>
         </contents>
      </logical_group>
      <logical_group id="lg-7">
         <name>buffer_send_sig</name>
         <run_address>0x80000000</run_address>
         <size>0x1388</size>
         <contents>
            <object_component_ref idref="oc-1e"/>
         </contents>
      </logical_group>
      <logical_group id="lg-8">
         <name>.text:_c_int00</name>
         <load_address>0x11800000</load_address>
         <run_address>0x11800000</run_address>
         <size>0x80</size>
         <contents>
            <object_component_ref idref="oc-14"/>
         </contents>
      </logical_group>
      <logical_group id="lg-9">
         <name>.vecs</name>
         <load_address>0x11820800</load_address>
         <run_address>0x11820800</run_address>
         <size>0x200</size>
         <contents>
            <object_component_ref idref="oc-25"/>
         </contents>
      </logical_group>
      <logical_group id="lg-a">
         <name>.cinit</name>
         <load_address>0x118188d8</load_address>
         <run_address>0x118188d8</run_address>
         <size>0x2934</size>
         <contents>
            <object_component_ref idref="oc-17"/>
            <object_component_ref idref="oc-32"/>
         </contents>
      </logical_group>
      <logical_group id="lg-b">
         <name>.text</name>
         <load_address>0x1181f620</load_address>
         <run_address>0x1181f620</run_address>
         <size>0xf60</size>
         <contents>
            <object_component_ref idref="oc-4b"/>
            <object_component_ref idref="oc-4d"/>
            <object_component_ref idref="oc-45"/>
            <object_component_ref idref="oc-47"/>
            <object_component_ref idref="oc-48"/>
            <object_component_ref idref="oc-49"/>
            <object_component_ref idref="oc-4a"/>
            <object_component_ref idref="oc-46"/>
            <object_component_ref idref="oc-4c"/>
            <object_component_ref idref="oc-24"/>
         </contents>
      </logical_group>
      <logical_group id="lg-c">
         <name>.stack</name>
         <run_address>0x1181e610</run_address>
         <size>0x1000</size>
         <contents>
            <object_component_ref idref="oc-2e"/>
            <object_component_ref idref="oc-6a"/>
         </contents>
      </logical_group>
      <logical_group id="lg-d">
         <name>.bss</name>
         <run_address>0x11820580</run_address>
         <size>0x40</size>
         <contents>
            <object_component_ref idref="oc-15"/>
         </contents>
      </logical_group>
      <logical_group id="lg-e">
         <name>.const</name>
         <run_address>0x0</run_address>
         <size>0x0</size>
         <contents>
         </contents>
      </logical_group>
      <logical_group id="lg-f">
         <name>.far</name>
         <run_address>0x1180c100</run_address>
         <size>0x87d4</size>
         <contents>
            <object_component_ref idref="oc-1b"/>
            <object_component_ref idref="oc-33"/>
         </contents>
      </logical_group>
      <logical_group id="lg-10">
         <name>.switch</name>
         <load_address>0x118205c0</load_address>
         <run_address>0x118205c0</run_address>
         <size>0x30</size>
         <contents>
            <object_component_ref idref="oc-4e"/>
         </contents>
      </logical_group>
      <logical_group id="lg-11">
         <name>ddr2_dat</name>
         <run_address>0xc6080000</run_address>
         <size>0xd4</size>
         <contents>
            <object_component_ref idref="oc-19"/>
         </contents>
      </logical_group>
      <logical_group id="lg-12">
         <name>ddr2_cmd</name>
         <run_address>0xc6080400</run_address>
         <size>0x400</size>
         <contents>
            <object_component_ref idref="oc-1a"/>
         </contents>
      </logical_group>
      <logical_group id="lg-13">
         <name>ddr2_buffer</name>
         <run_address>0xc6080800</run_address>
         <size>0x248800</size>
         <contents>
            <object_component_ref idref="oc-18"/>
         </contents>
      </logical_group>
      <logical_group id="lg-61">
         <name>.debug_info</name>
         <load_address>0x0</load_address>
         <run_address>0x0</run_address>
         <size>0x6ccf</size>
         <contents>
            <object_component_ref idref="oc-16"/>
            <object_component_ref idref="oc-26"/>
            <object_component_ref idref="oc-29"/>
            <object_component_ref idref="oc-2d"/>
            <object_component_ref idref="oc-31"/>
            <object_component_ref idref="oc-36"/>
            <object_component_ref idref="oc-39"/>
            <object_component_ref idref="oc-3c"/>
            <object_component_ref idref="oc-3f"/>
            <object_component_ref idref="oc-42"/>
            <object_component_ref idref="oc-6b"/>
         </contents>
      </logical_group>
      <logical_group id="lg-63">
         <name>.debug_frame</name>
         <load_address>0x0</load_address>
         <run_address>0x0</run_address>
         <size>0x53e</size>
         <contents>
            <object_component_ref idref="oc-21"/>
            <object_component_ref idref="oc-2a"/>
         </contents>
      </logical_group>
      <logical_group id="lg-65">
         <name>.debug_line</name>
         <load_address>0x0</load_address>
         <run_address>0x0</run_address>
         <size>0x54d</size>
         <contents>
            <object_component_ref idref="oc-22"/>
            <object_component_ref idref="oc-27"/>
            <object_component_ref idref="oc-2b"/>
            <object_component_ref idref="oc-2f"/>
            <object_component_ref idref="oc-34"/>
            <object_component_ref idref="oc-37"/>
            <object_component_ref idref="oc-3a"/>
            <object_component_ref idref="oc-3d"/>
            <object_component_ref idref="oc-40"/>
            <object_component_ref idref="oc-43"/>
         </contents>
      </logical_group>
      <logical_group id="lg-67">
         <name>.debug_abbrev</name>
         <load_address>0x0</load_address>
         <run_address>0x0</run_address>
         <size>0x899</size>
         <contents>
            <object_component_ref idref="oc-23"/>
            <object_component_ref idref="oc-28"/>
            <object_component_ref idref="oc-2c"/>
            <object_component_ref idref="oc-30"/>
            <object_component_ref idref="oc-35"/>
            <object_component_ref idref="oc-38"/>
            <object_component_ref idref="oc-3b"/>
            <object_component_ref idref="oc-3e"/>
            <object_component_ref idref="oc-41"/>
            <object_component_ref idref="oc-44"/>
            <object_component_ref idref="oc-6c"/>
         </contents>
      </logical_group>
   </logical_group_list>
   <placement_map>
      <memory_area>
         <name>entry_point</name>
         <page_id>0x0</page_id>
         <origin>0x11800000</origin>
         <length>0x100</length>
         <used_space>0x80</used_space>
         <unused_space>0x80</unused_space>
         <attributes>RWIX</attributes>
         <usage_details>
            <allocated_space>
               <start_address>0x11800000</start_address>
               <size>0x80</size>
               <logical_group_ref idref="lg-8"/>
            </allocated_space>
            <available_space>
               <start_address>0x11800080</start_address>
               <size>0x80</size>
            </available_space>
         </usage_details>
      </memory_area>
      <memory_area>
         <name>L2SRAM</name>
         <page_id>0x0</page_id>
         <origin>0x11800100</origin>
         <length>0x3ff00</length>
         <used_space>0x206d8</used_space>
         <unused_space>0x1f828</unused_space>
         <attributes>RWIX</attributes>
         <usage_details>
            <allocated_space>
               <start_address>0x11800100</start_address>
               <size>0xc000</size>
               <logical_group_ref idref="lg-4"/>
            </allocated_space>
            <allocated_space>
               <start_address>0x1180c100</start_address>
               <size>0x87d4</size>
               <logical_group_ref idref="lg-f"/>
            </allocated_space>
            <available_space>
               <start_address>0x118148d4</start_address>
               <size>0x4</size>
            </available_space>
            <allocated_space>
               <start_address>0x118148d8</start_address>
               <size>0x4000</size>
               <logical_group_ref idref="lg-6"/>
            </allocated_space>
            <allocated_space>
               <start_address>0x118188d8</start_address>
               <size>0x2934</size>
               <logical_group_ref idref="lg-a"/>
            </allocated_space>
            <available_space>
               <start_address>0x1181b20c</start_address>
               <size>0x4</size>
            </available_space>
            <allocated_space>
               <start_address>0x1181b210</start_address>
               <size>0x2000</size>
               <logical_group_ref idref="lg-5"/>
            </allocated_space>
            <allocated_space>
               <start_address>0x1181d210</start_address>
               <size>0x1400</size>
               <logical_group_ref idref="lg-2"/>
            </allocated_space>
            <allocated_space>
               <start_address>0x1181e610</start_address>
               <size>0x1000</size>
               <logical_group_ref idref="lg-c"/>
            </allocated_space>
            <available_space>
               <start_address>0x1181f610</start_address>
               <size>0x10</size>
            </available_space>
            <allocated_space>
               <start_address>0x1181f620</start_address>
               <size>0xf60</size>
               <logical_group_ref idref="lg-b"/>
            </allocated_space>
            <allocated_space>
               <start_address>0x11820580</start_address>
               <size>0x40</size>
               <logical_group_ref idref="lg-d"/>
            </allocated_space>
            <allocated_space>
               <start_address>0x118205c0</start_address>
               <size>0x30</size>
               <logical_group_ref idref="lg-10"/>
            </allocated_space>
            <available_space>
               <start_address>0x118205f0</start_address>
               <size>0x210</size>
            </available_space>
            <allocated_space>
               <start_address>0x11820800</start_address>
               <size>0x200</size>
               <logical_group_ref idref="lg-9"/>
            </allocated_space>
            <available_space>
               <start_address>0x11820a00</start_address>
               <size>0x1f600</size>
            </available_space>
         </usage_details>
      </memory_area>
      <memory_area>
         <name>Shared_RAM</name>
         <page_id>0x0</page_id>
         <origin>0x80000000</origin>
         <length>0x20000</length>
         <used_space>0x1388</used_space>
         <unused_space>0x1ec78</unused_space>
         <attributes>RWIX</attributes>
         <usage_details>
            <allocated_space>
               <start_address>0x80000000</start_address>
               <size>0x1388</size>
               <logical_group_ref idref="lg-7"/>
            </allocated_space>
            <available_space>
               <start_address>0x80001388</start_address>
               <size>0x1ec78</size>
            </available_space>
         </usage_details>
      </memory_area>
      <memory_area>
         <name>DDR2_RAM</name>
         <page_id>0x0</page_id>
         <origin>0xc6000000</origin>
         <length>0x80000</length>
         <used_space>0x0</used_space>
         <unused_space>0x80000</unused_space>
         <attributes>RWIX</attributes>
         <usage_details>
         </usage_details>
      </memory_area>
      <memory_area>
         <name>DDR2_part1</name>
         <page_id>0x0</page_id>
         <origin>0xc6080000</origin>
         <length>0x400</length>
         <used_space>0xd4</used_space>
         <unused_space>0x32c</unused_space>
         <attributes>RWIX</attributes>
         <usage_details>
            <allocated_space>
               <start_address>0xc6080000</start_address>
               <size>0xd4</size>
               <logical_group_ref idref="lg-11"/>
            </allocated_space>
            <available_space>
               <start_address>0xc60800d4</start_address>
               <size>0x32c</size>
            </available_space>
         </usage_details>
      </memory_area>
      <memory_area>
         <name>DDR2_part2</name>
         <page_id>0x0</page_id>
         <origin>0xc6080400</origin>
         <length>0x400</length>
         <used_space>0x400</used_space>
         <unused_space>0x0</unused_space>
         <attributes>RWIX</attributes>
         <usage_details>
            <allocated_space>
               <start_address>0xc6080400</start_address>
               <size>0x400</size>
               <logical_group_ref idref="lg-12"/>
            </allocated_space>
         </usage_details>
      </memory_area>
      <memory_area>
         <name>DDR2_part3</name>
         <page_id>0x0</page_id>
         <origin>0xc6080800</origin>
         <length>0x258000</length>
         <used_space>0x248800</used_space>
         <unused_space>0xf800</unused_space>
         <attributes>RWIX</attributes>
         <usage_details>
            <allocated_space>
               <start_address>0xc6080800</start_address>
               <size>0x248800</size>
               <logical_group_ref idref="lg-13"/>
            </allocated_space>
            <available_space>
               <start_address>0xc62c9000</start_address>
               <size>0xf800</size>
            </available_space>
         </usage_details>
      </memory_area>
   </placement_map>
   <symbol_table>
      <symbol id="sm-0">
         <name>cinit</name>
         <value>0x118188d8</value>
      </symbol>
      <symbol id="sm-1">
         <name>___cinit__</name>
         <value>0x118188d8</value>
      </symbol>
      <symbol id="sm-2">
         <name>pinit</name>
         <value>0xffffffff</value>
      </symbol>
      <symbol id="sm-3">
         <name>___pinit__</name>
         <value>0xffffffff</value>
      </symbol>
      <symbol id="sm-4">
         <name>binit</name>
         <value>0xffffffff</value>
      </symbol>
      <symbol id="sm-5">
         <name>___binit__</name>
         <value>0xffffffff</value>
      </symbol>
      <symbol id="sm-6">
         <name>__STACK_SIZE</name>
         <value>0x1000</value>
      </symbol>
      <symbol id="sm-7">
         <name>__STACK_END</name>
         <value>0x1181f610</value>
      </symbol>
      <symbol id="sm-8">
         <name>___c_args__</name>
         <value>0xffffffff</value>
      </symbol>
      <symbol id="sm-9">
         <name>.text</name>
         <value>0x1181f620</value>
      </symbol>
      <symbol id="sm-a">
         <name>___text__</name>
         <value>0x1181f620</value>
      </symbol>
      <symbol id="sm-b">
         <name>etext</name>
         <value>0x11820580</value>
      </symbol>
      <symbol id="sm-c">
         <name>___etext__</name>
         <value>0x11820580</value>
      </symbol>
      <symbol id="sm-d">
         <name>.bss</name>
         <value>0x11820580</value>
      </symbol>
      <symbol id="sm-e">
         <name>___bss__</name>
         <value>0x11820580</value>
      </symbol>
      <symbol id="sm-f">
         <name>end</name>
         <value>0x118205c0</value>
      </symbol>
      <symbol id="sm-10">
         <name>___end__</name>
         <value>0x118205c0</value>
      </symbol>
      <symbol id="sm-11">
         <name>___TI_pprof_out_hndl</name>
         <value>0xffffffff</value>
      </symbol>
      <symbol id="sm-12">
         <name>___TI_prof_data_start</name>
         <value>0xffffffff</value>
      </symbol>
      <symbol id="sm-13">
         <name>___TI_prof_data_size</name>
         <value>0xffffffff</value>
      </symbol>
      <symbol id="sm-14">
         <name>$bss</name>
         <value>0x11820580</value>
      </symbol>
      <symbol id="sm-d8">
         <name>_Sig_flag</name>
         <value>0x118142b8</value>
         <object_component_ref idref="oc-1b"/>
      </symbol>
      <symbol id="sm-d9">
         <name>_arm_work_mode</name>
         <value>0x11820592</value>
         <object_component_ref idref="oc-15"/>
      </symbol>
      <symbol id="sm-da">
         <name>_main</name>
         <value>0x1181f620</value>
         <object_component_ref idref="oc-4b"/>
      </symbol>
      <symbol id="sm-db">
         <name>_arm_parameter_w_all</name>
         <value>0x1182058c</value>
         <object_component_ref idref="oc-15"/>
      </symbol>
      <symbol id="sm-dc">
         <name>_arm_parameter_min_pulse_width</name>
         <value>0x11820589</value>
         <object_component_ref idref="oc-15"/>
      </symbol>
      <symbol id="sm-dd">
         <name>_Configure_flag</name>
         <value>0x11820598</value>
         <object_component_ref idref="oc-15"/>
      </symbol>
      <symbol id="sm-de">
         <name>_ddr2_parameter</name>
         <value>0xc6080090</value>
         <object_component_ref idref="oc-19"/>
      </symbol>
      <symbol id="sm-df">
         <name>_arm_parameter_w_before</name>
         <value>0x1182058b</value>
         <object_component_ref idref="oc-15"/>
      </symbol>
      <symbol id="sm-e0">
         <name>_Refsig_len</name>
         <value>0x118205b4</value>
         <object_component_ref idref="oc-15"/>
      </symbol>
      <symbol id="sm-e1">
         <name>_arm_parameter_rel2_snr_threshold</name>
         <value>0x11820588</value>
         <object_component_ref idref="oc-15"/>
      </symbol>
      <symbol id="sm-e2">
         <name>_arm_start_flag</name>
         <value>0x11820580</value>
         <object_component_ref idref="oc-15"/>
      </symbol>
      <symbol id="sm-e3">
         <name>_ddr2_snr_out</name>
         <value>0xc6080080</value>
         <object_component_ref idref="oc-19"/>
      </symbol>
      <symbol id="sm-e4">
         <name>_Close_num</name>
         <value>0x118205a8</value>
         <object_component_ref idref="oc-15"/>
      </symbol>
      <symbol id="sm-e5">
         <name>_buffer1</name>
         <value>0x1181d210</value>
         <object_component_ref idref="oc-1c"/>
      </symbol>
      <symbol id="sm-e6">
         <name>_buffer2</name>
         <value>0x1181d610</value>
         <object_component_ref idref="oc-1c"/>
      </symbol>
      <symbol id="sm-e7">
         <name>_arm_syn_type</name>
         <value>0x11820582</value>
         <object_component_ref idref="oc-15"/>
      </symbol>
      <symbol id="sm-e8">
         <name>_ddr2_cmd</name>
         <value>0xc6080400</value>
         <object_component_ref idref="oc-1a"/>
      </symbol>
      <symbol id="sm-e9">
         <name>_Correlation1</name>
         <value>0x11800100</value>
         <object_component_ref idref="oc-1d"/>
      </symbol>
      <symbol id="sm-ea">
         <name>_Correlation3</name>
         <value>0x11802100</value>
         <object_component_ref idref="oc-1d"/>
      </symbol>
      <symbol id="sm-eb">
         <name>_Correlation2</name>
         <value>0x11801100</value>
         <object_component_ref idref="oc-1d"/>
      </symbol>
      <symbol id="sm-ec">
         <name>_Correlation4</name>
         <value>0x11803100</value>
         <object_component_ref idref="oc-1d"/>
      </symbol>
      <symbol id="sm-ed">
         <name>_ddr2_noise_std</name>
         <value>0xc6080040</value>
         <object_component_ref idref="oc-19"/>
      </symbol>
      <symbol id="sm-ee">
         <name>_RAMSES_CODE</name>
         <value>0x118142c8</value>
         <object_component_ref idref="oc-1b"/>
      </symbol>
      <symbol id="sm-ef">
         <name>_syn_cyc</name>
         <value>0x1182059b</value>
         <object_component_ref idref="oc-15"/>
      </symbol>
      <symbol id="sm-f0">
         <name>_Trans_signal_flag</name>
         <value>0x118205b8</value>
         <object_component_ref idref="oc-15"/>
      </symbol>
      <symbol id="sm-f1">
         <name>_Temp_buffer2</name>
         <value>0x11812278</value>
         <object_component_ref idref="oc-1b"/>
      </symbol>
      <symbol id="sm-f2">
         <name>_Temp_buffer1</name>
         <value>0x11810278</value>
         <object_component_ref idref="oc-1b"/>
      </symbol>
      <symbol id="sm-f3">
         <name>_arm_beacon_flag</name>
         <value>0x11820593</value>
         <object_component_ref idref="oc-15"/>
      </symbol>
      <symbol id="sm-f4">
         <name>_Work_mode</name>
         <value>0x1182059d</value>
         <object_component_ref idref="oc-15"/>
      </symbol>
      <symbol id="sm-f5">
         <name>_Start_flag</name>
         <value>0x11820599</value>
         <object_component_ref idref="oc-15"/>
      </symbol>
      <symbol id="sm-f6">
         <name>_Fifo1</name>
         <value>0x1181da10</value>
         <object_component_ref idref="oc-1c"/>
      </symbol>
      <symbol id="sm-f7">
         <name>_arm_sys_gain</name>
         <value>0x11820590</value>
         <object_component_ref idref="oc-15"/>
      </symbol>
      <symbol id="sm-f8">
         <name>_Envelop1</name>
         <value>0x11804100</value>
         <object_component_ref idref="oc-1d"/>
      </symbol>
      <symbol id="sm-f9">
         <name>_Envelop3</name>
         <value>0x11808100</value>
         <object_component_ref idref="oc-1d"/>
      </symbol>
      <symbol id="sm-fa">
         <name>_Envelop2</name>
         <value>0x11806100</value>
         <object_component_ref idref="oc-1d"/>
      </symbol>
      <symbol id="sm-fb">
         <name>_Envelop4</name>
         <value>0x1180a100</value>
         <object_component_ref idref="oc-1d"/>
      </symbol>
      <symbol id="sm-fc">
         <name>_sys_gain</name>
         <value>0x1182059e</value>
         <object_component_ref idref="oc-15"/>
      </symbol>
      <symbol id="sm-fd">
         <name>_Ref_fft2</name>
         <value>0x118158d8</value>
         <object_component_ref idref="oc-1f"/>
      </symbol>
      <symbol id="sm-fe">
         <name>_Ref_fft3</name>
         <value>0x118168d8</value>
         <object_component_ref idref="oc-1f"/>
      </symbol>
      <symbol id="sm-ff">
         <name>_Ref_fft1</name>
         <value>0x118148d8</value>
         <object_component_ref idref="oc-1f"/>
      </symbol>
      <symbol id="sm-100">
         <name>_Ref_fft4</name>
         <value>0x118178d8</value>
         <object_component_ref idref="oc-1f"/>
      </symbol>
      <symbol id="sm-101">
         <name>_Sig_fft</name>
         <value>0x1180e278</value>
         <object_component_ref idref="oc-1b"/>
      </symbol>
      <symbol id="sm-102">
         <name>_Rx_flag</name>
         <value>0x118205ad</value>
         <object_component_ref idref="oc-15"/>
      </symbol>
      <symbol id="sm-103">
         <name>_ddr2_delay</name>
         <value>0xc6080000</value>
         <object_component_ref idref="oc-19"/>
      </symbol>
      <symbol id="sm-104">
         <name>_Block_num</name>
         <value>0x118205a4</value>
         <object_component_ref idref="oc-15"/>
      </symbol>
      <symbol id="sm-105">
         <name>_Sig2</name>
         <value>0x1180c178</value>
         <object_component_ref idref="oc-1b"/>
      </symbol>
      <symbol id="sm-106">
         <name>_Sig3</name>
         <value>0x1180c1c0</value>
         <object_component_ref idref="oc-1b"/>
      </symbol>
      <symbol id="sm-107">
         <name>_Sig1</name>
         <value>0x1180c130</value>
         <object_component_ref idref="oc-1b"/>
      </symbol>
      <symbol id="sm-108">
         <name>_Sig4</name>
         <value>0x1180c208</value>
         <object_component_ref idref="oc-1b"/>
      </symbol>
      <symbol id="sm-109">
         <name>_ddr2_envelop_max</name>
         <value>0xc6080020</value>
         <object_component_ref idref="oc-19"/>
      </symbol>
      <symbol id="sm-10a">
         <name>_arm_parameter_th_noise</name>
         <value>0x1182058f</value>
         <object_component_ref idref="oc-15"/>
      </symbol>
      <symbol id="sm-10b">
         <name>_arm_parameter_flag</name>
         <value>0x11820584</value>
         <object_component_ref idref="oc-15"/>
      </symbol>
      <symbol id="sm-10c">
         <name>_ddr2_beacon_detection_flag</name>
         <value>0xc60800c8</value>
         <object_component_ref idref="oc-19"/>
      </symbol>
      <symbol id="sm-10d">
         <name>_arm_parameter_abs_snr_threshold</name>
         <value>0x11820586</value>
         <object_component_ref idref="oc-15"/>
      </symbol>
      <symbol id="sm-10e">
         <name>_arm_parameter_rel_snr_threshold</name>
         <value>0x11820587</value>
         <object_component_ref idref="oc-15"/>
      </symbol>
      <symbol id="sm-10f">
         <name>_send_num</name>
         <value>0x11820594</value>
         <object_component_ref idref="oc-15"/>
      </symbol>
      <symbol id="sm-110">
         <name>_arm_syn_cyc</name>
         <value>0x11820583</value>
         <object_component_ref idref="oc-15"/>
      </symbol>
      <symbol id="sm-111">
         <name>_ddr2_buffer</name>
         <value>0xc6080800</value>
         <object_component_ref idref="oc-18"/>
      </symbol>
      <symbol id="sm-112">
         <name>_Parameter_sig</name>
         <value>0x1180c100</value>
         <object_component_ref idref="oc-1b"/>
      </symbol>
      <symbol id="sm-113">
         <name>_Trans_signal_len</name>
         <value>0x118205bc</value>
         <object_component_ref idref="oc-15"/>
      </symbol>
      <symbol id="sm-114">
         <name>_Max_Buffer</name>
         <value>0x118205a0</value>
         <object_component_ref idref="oc-15"/>
      </symbol>
      <symbol id="sm-115">
         <name>_Syn_flag</name>
         <value>0x118205ac</value>
         <object_component_ref idref="oc-15"/>
      </symbol>
      <symbol id="sm-116">
         <name>_gain_db</name>
         <value>0x1180c270</value>
         <object_component_ref idref="oc-1b"/>
      </symbol>
      <symbol id="sm-117">
         <name>_Trans_flag</name>
         <value>0x118205af</value>
         <object_component_ref idref="oc-15"/>
      </symbol>
      <symbol id="sm-118">
         <name>_syn_type</name>
         <value>0x1182059a</value>
         <object_component_ref idref="oc-15"/>
      </symbol>
      <symbol id="sm-119">
         <name>_Coef_fft</name>
         <value>0x1181b210</value>
         <object_component_ref idref="oc-20"/>
      </symbol>
      <symbol id="sm-11a">
         <name>_ddr2_beacon_detection_flag_num</name>
         <value>0xc60800d0</value>
         <object_component_ref idref="oc-19"/>
      </symbol>
      <symbol id="sm-11b">
         <name>_Turnaround</name>
         <value>0x1180c250</value>
         <object_component_ref idref="oc-1b"/>
      </symbol>
      <symbol id="sm-11c">
         <name>_Time_over</name>
         <value>0x1182059c</value>
         <object_component_ref idref="oc-15"/>
      </symbol>
      <symbol id="sm-11d">
         <name>_CHIP_L</name>
         <value>0x118205b0</value>
         <object_component_ref idref="oc-15"/>
      </symbol>
      <symbol id="sm-11e">
         <name>_arm_parameter_snr_max</name>
         <value>0x11820585</value>
         <object_component_ref idref="oc-15"/>
      </symbol>
      <symbol id="sm-11f">
         <name>_arm_work_mode_flag</name>
         <value>0x11820591</value>
         <object_component_ref idref="oc-15"/>
      </symbol>
      <symbol id="sm-120">
         <name>_arm_syn_flag</name>
         <value>0x11820581</value>
         <object_component_ref idref="oc-15"/>
      </symbol>
      <symbol id="sm-121">
         <name>_Pp_flag</name>
         <value>0x118205ae</value>
         <object_component_ref idref="oc-15"/>
      </symbol>
      <symbol id="sm-122">
         <name>_arm_parameter_max_pulse_width</name>
         <value>0x1182058a</value>
         <object_component_ref idref="oc-15"/>
      </symbol>
      <symbol id="sm-123">
         <name>_arm_parameter_w_after</name>
         <value>0x1182058d</value>
         <object_component_ref idref="oc-15"/>
      </symbol>
      <symbol id="sm-124">
         <name>_arm_parameter_close_time</name>
         <value>0x1182058e</value>
         <object_component_ref idref="oc-15"/>
      </symbol>
      <symbol id="sm-125">
         <name>_ddr2_beacon_status</name>
         <value>0xc60800c0</value>
         <object_component_ref idref="oc-19"/>
      </symbol>
      <symbol id="sm-126">
         <name>_w</name>
         <value>0x1180c278</value>
         <object_component_ref idref="oc-1b"/>
      </symbol>
      <symbol id="sm-127">
         <name>_F</name>
         <value>0x11814278</value>
         <object_component_ref idref="oc-1b"/>
      </symbol>
      <symbol id="sm-128">
         <name>_Trans_signal</name>
         <value>0x80000000</value>
         <object_component_ref idref="oc-1e"/>
      </symbol>
      <symbol id="sm-129">
         <name>_ddr2_corr_pos</name>
         <value>0xc6080060</value>
         <object_component_ref idref="oc-19"/>
      </symbol>
      <symbol id="sm-12a">
         <name>_ddr2_real_pulse_width</name>
         <value>0xc6080070</value>
         <object_component_ref idref="oc-19"/>
      </symbol>
      <symbol id="sm-12b">
         <name>_AD_stop</name>
         <value>0x0</value>
      </symbol>
      <symbol id="sm-12c">
         <name>_fifo</name>
         <value>0x0</value>
      </symbol>
      <symbol id="sm-12d">
         <name>_Tcp_Info</name>
         <value>0x0</value>
      </symbol>
      <symbol id="sm-12e">
         <name>_AD_start</name>
         <value>0x0</value>
      </symbol>
      <symbol id="sm-12f">
         <name>_gen_transmit_sig</name>
         <value>0x0</value>
      </symbol>
      <symbol id="sm-130">
         <name>_evm_init_gpio_extern</name>
         <value>0x0</value>
      </symbol>
      <symbol id="sm-131">
         <name>_configure_para</name>
         <value>0x0</value>
      </symbol>
      <symbol id="sm-132">
         <name>_get_xcorr</name>
         <value>0x0</value>
      </symbol>
      <symbol id="sm-133">
         <name>_evm_init_edma_setup</name>
         <value>0x0</value>
      </symbol>
      <symbol id="sm-134">
         <name>_close_EDMA_E4</name>
         <value>0x0</value>
      </symbol>
      <symbol id="sm-135">
         <name>_transmit</name>
         <value>0x0</value>
      </symbol>
      <symbol id="sm-136">
         <name>_evm_init_uart</name>
         <value>0x0</value>
      </symbol>
      <symbol id="sm-137">
         <name>_init_global_var</name>
         <value>0x0</value>
      </symbol>
      <symbol id="sm-138">
         <name>_get_envelop</name>
         <value>0x0</value>
      </symbol>
      <symbol id="sm-139">
         <name>_get_fft</name>
         <value>0x0</value>
      </symbol>
      <symbol id="sm-13a">
         <name>_evm_init_mcbsp</name>
         <value>0x0</value>
      </symbol>
      <symbol id="sm-13b">
         <name>_gen_twiddle_fft32x32</name>
         <value>0x0</value>
      </symbol>
      <symbol id="sm-13c">
         <name>_gen_sig</name>
         <value>0x0</value>
      </symbol>
      <symbol id="sm-13d">
         <name>_detection</name>
         <value>0x0</value>
      </symbol>
      <symbol id="sm-13e">
         <name>_DSP_interrupt_ARM</name>
         <value>0x0</value>
      </symbol>
      <symbol id="sm-13f">
         <name>_evm_init_timer_send</name>
         <value>0x0</value>
      </symbol>
      <symbol id="sm-140">
         <name>_get_delay</name>
         <value>0x0</value>
      </symbol>
      <symbol id="sm-15b">
         <name>_intcVectorTable</name>
         <value>0x11820800</value>
         <object_component_ref idref="oc-25"/>
      </symbol>
      <symbol id="sm-15c">
         <name>_c_int11</name>
         <value>0x0</value>
      </symbol>
      <symbol id="sm-15d">
         <name>_c_int10</name>
         <value>0x0</value>
      </symbol>
      <symbol id="sm-15e">
         <name>_c_int6</name>
         <value>0x0</value>
      </symbol>
      <symbol id="sm-15f">
         <name>_c_int7</name>
         <value>0x0</value>
      </symbol>
      <symbol id="sm-160">
         <name>_c_int4</name>
         <value>0x0</value>
      </symbol>
      <symbol id="sm-161">
         <name>_c_int5</name>
         <value>0x0</value>
      </symbol>
      <symbol id="sm-162">
         <name>_c_int8</name>
         <value>0x0</value>
      </symbol>
      <symbol id="sm-163">
         <name>_c_int9</name>
         <value>0x0</value>
      </symbol>
      <symbol id="sm-17e">
         <name>_disableGlobalINT</name>
         <value>0x1181fed0</value>
         <object_component_ref idref="oc-4d"/>
      </symbol>
      <symbol id="sm-17f">
         <name>_enableGlobalINT</name>
         <value>0x1181fec0</value>
         <object_component_ref idref="oc-4d"/>
      </symbol>
      <symbol id="sm-180">
         <name>_enableSpecificINT</name>
         <value>0x1181fef4</value>
         <object_component_ref idref="oc-4d"/>
      </symbol>
      <symbol id="sm-181">
         <name>_enableNMI</name>
         <value>0x1181fee4</value>
         <object_component_ref idref="oc-4d"/>
      </symbol>
      <symbol id="sm-182">
         <name>_config_Interrupt_Selector</name>
         <value>0x1181ff68</value>
         <object_component_ref idref="oc-4d"/>
      </symbol>
      <symbol id="sm-183">
         <name>_disableSpecificINT</name>
         <value>0x1181ff30</value>
         <object_component_ref idref="oc-4d"/>
      </symbol>
      <symbol id="sm-194">
         <name>_c_int00</name>
         <value>0x11800000</value>
         <object_component_ref idref="oc-14"/>
      </symbol>
      <symbol id="sm-195">
         <name>__stack</name>
         <value>0x1181e610</value>
         <object_component_ref idref="oc-2e"/>
      </symbol>
      <symbol id="sm-1ac">
         <name>C$$EXIT</name>
         <value>0x11820540</value>
         <object_component_ref idref="oc-4c"/>
      </symbol>
      <symbol id="sm-1ad">
         <name>_exit</name>
         <value>0x118202a0</value>
         <object_component_ref idref="oc-47"/>
      </symbol>
      <symbol id="sm-1ae">
         <name>___TI_enable_exit_profile_output</name>
         <value>0x118148d0</value>
         <object_component_ref idref="oc-33"/>
      </symbol>
      <symbol id="sm-1af">
         <name>_abort</name>
         <value>0x11820540</value>
         <object_component_ref idref="oc-4c"/>
      </symbol>
      <symbol id="sm-1b0">
         <name>__cleanup_ptr</name>
         <value>0x118148c8</value>
         <object_component_ref idref="oc-33"/>
      </symbol>
      <symbol id="sm-1b1">
         <name>__dtors_ptr</name>
         <value>0x118148cc</value>
         <object_component_ref idref="oc-33"/>
      </symbol>
      <symbol id="sm-1b9">
         <name>_memcpy</name>
         <value>0x11820400</value>
         <object_component_ref idref="oc-49"/>
      </symbol>
      <symbol id="sm-1c3">
         <name>__args_main</name>
         <value>0x11820500</value>
         <object_component_ref idref="oc-46"/>
      </symbol>
      <symbol id="sm-1c4">
         <name>__TI_args_main</name>
         <value>0x1</value>
      </symbol>
      <symbol id="sm-1d3">
         <name>__auto_init</name>
         <value>0x118201e0</value>
         <object_component_ref idref="oc-45"/>
      </symbol>
      <symbol id="sm-1e0">
         <name>___TI_cpp_init</name>
         <value>0x118204a0</value>
         <object_component_ref idref="oc-4a"/>
      </symbol>
      <symbol id="sm-1ee">
         <name>_copy_in</name>
         <value>0x11820360</value>
         <object_component_ref idref="oc-48"/>
      </symbol>
   </symbol_table>
</link_info>
