******************************************************************************
               TMS320C6x Linker PC v7.4.4                      
******************************************************************************
>> Linked Mon Aug 31 21:08:59 2015

OUTPUT FILE NAME:   <lbl_omapl138.out>
ENTRY POINT SYMBOL: "_c_int00"  address: 11800000


MEMORY CONFIGURATION

         name            origin    length      used     unused   attr    fill
----------------------  --------  ---------  --------  --------  ----  --------
  entry_point           11800000   00000100  00000080  00000080  RWIX
  L2SRAM                11800100   0003ff00  00027ee0  00018020  RWIX
  Shared_RAM            80000000   00020000  00001388  0001ec78  RWIX
  DDR2_RAM              c6000000   00080000  00000000  00080000  RWIX
  DDR2_part1            c6080000   00000400  000000d4  0000032c  RWIX
  DDR2_part2            c6080400   00000400  00000400  00000000  RWIX
  DDR2_part3            c6080800   00258000  00248800  0000f800  RWIX


SECTION ALLOCATION MAP

 output                                  attributes/
section   page    origin      length       input sections
--------  ----  ----------  ----------   ----------------
.text:_c_int00 
*          0    11800000    00000080     
                  11800000    00000080     rts6740.lib : boot.obj (.text:_c_int00)

buffer_env 
*          0    11800100    0000c000     UNINITIALIZED
                  11800100    0000c000     main.obj (buffer_env)

.far       0    1180c100    00008918     UNINITIALIZED
                  1180c100    000087c8     main.obj (.far)
                  118148c8    00000060     rts6740.lib : acos.obj (.far)
                  11814928    00000060                 : atan.obj (.far)
                  11814988    00000040                 : cos.obj (.far)
                  118149c8    00000040                 : sin.obj (.far)
                  11814a08    0000000c                 : exit.obj (.far)
                  11814a14    00000004                 : errno.obj (.far)

.text      0    11814a20    00008400     
                  11814a20    00002de0     function.obj (.text)
                  11817800    00000f20     user_evmomapl138.obj (.text)
                  11818720    00000ae0     evmomapl138.obj (.text)
                  11819200    000008a0     main.obj (.text)
                  11819aa0    000005a0     rts6740.lib : divd.obj (.text:__divd)
                  1181a040    00000580     evmomapl138_bsl.lib : evmomapl138_i2c_gpio.obj (.text)
                  1181a5c0    00000400                         : evmomapl138_i2c.obj (.text)
                  1181a9c0    000003a0     dsplib64plus.lib : DSP_ifft32x32_sa.obj (.text:psa)
                  1181ad60    00000380     evmomapl138_gpio.obj (.text)
                  1181b0e0    00000380     dsplib64plus.lib : DSP_fft32x32_sa.obj (.text:psa)
                  1181b460    00000320     evmomapl138_bsl.lib : evmomapl138_interrupts.obj (.text)
                  1181b780    000002e0     rts6740.lib : cos.obj (.text:_cos)
                  1181ba60    00000280                 : sin.obj (.text:_sin)
                  1181bce0    000001e0     evmomapl138_timer.obj (.text)
                  1181bec0    000001a0     rts6740.lib : acos.obj (.text:_acos)
                  1181c060    000001a0                 : atan.obj (.text:_atan)
                  1181c200    00000160                 : atan2.obj (.text:_atan2)
                  1181c360    00000120                 : frexp.obj (.text:_frexp)
                  1181c480    00000120     sys_interrupts.obj (.text:retain)
                  1181c5a0    00000100     rts6740.lib : sqrt.obj (.text:_sqrt)
                  1181c6a0    000000e0                 : divi.obj (.text:__divi)
                  1181c780    000000e0                 : memset.obj (.text:_memset)
                  1181c860    000000c0                 : autoinit.obj (.text:__auto_init)
                  1181c920    000000c0                 : exit.obj (.text:_exit)
                  1181c9e0    000000a0                 : round.obj (.text:__nround)
                  1181ca80    000000a0                 : cpy_tbl.obj (.text:_copy_in)
                  1181cb20    000000a0                 : memcpy64.obj (.text:_memcpy)
                  1181cbc0    000000a0                 : modf.obj (.text:_modf)
                  1181cc60    00000060                 : cpp_init.obj (.text:___TI_cpp_init)
                  1181ccc0    00000040                 : args_main.obj (.text:__args_main)
                  1181cd00    00000040                 : frcmpyd_div.obj (.text:__frcmpyd_div)
                  1181cd40    00000040                 : llshift.obj (.text:__llshru)
                  1181cd80    00000040                 : ceil.obj (.text:_ceil)
                  1181cdc0    00000020                 : trunc.obj (.text:__trunc)
                  1181cde0    00000020                 : exit.obj (.text:_abort)
                  1181ce00    00000020     intvecs.obj (.text)

buffer_env_ddr2 
*          0    1181ce20    00004000     UNINITIALIZED
                  1181ce20    00004000     main.obj (buffer_env_ddr2)

.cinit     0    11820e20    00002aac     
                  11820e20    00002900     main.obj (.cinit)
                  11823720    00000070     rts6740.lib : atan.obj (.cinit)
                  11823790    00000068                 : acos.obj (.cinit)
                  118237f8    00000048                 : cos.obj (.cinit)
                  11823840    00000048                 : sin.obj (.cinit)
                  11823888    0000002c                 : exit.obj (.cinit)
                  118238b4    00000004     --HOLE-- [fill = 0]
                  118238b8    0000000c                 : errno.obj (.cinit)
                  118238c4    00000004     --HOLE-- [fill = 0]
                  118238c8    00000004     (.pad.cinit) [fill = 0]

buffer_coef_fft 
*          0    118238d0    00002000     UNINITIALIZED
                  118238d0    00002000     main.obj (buffer_coef_fft)

buffer_pingpang 
*          0    118258d0    00001400     UNINITIALIZED
                  118258d0    00001400     main.obj (buffer_pingpang)

.stack     0    11826cd0    00001000     UNINITIALIZED
                  11826cd0    00000008     rts6740.lib : boot.obj (.stack)
                  11826cd8    00000ff8     --HOLE--

.const     0    11827cd0    00000084     
                  11827cd0    00000080     evmomapl138.obj (.const:_bitval_u32)
                  11827d50    00000004     main.obj (.const:.string:_arm_beacon_turnaround)

.switch    0    11827d54    00000054     
                  11827d54    00000030     evmomapl138_bsl.lib : evmomapl138_interrupts.obj (.switch)
                  11827d84    00000024     evmomapl138_gpio.obj (.switch:_getRegisterBankAndBit)

.bss       0    11827da8    00000044     UNINITIALIZED
                  11827da8    00000040     main.obj (.bss)
                  11827de8    00000004     evmomapl138_bsl.lib : evmomapl138_i2c.obj (.bss)

.vecs      0    11828000    00000200     
                  11828000    00000200     intvecs.obj (.vecs)

buffer_send_sig 
*          0    80000000    00001388     UNINITIALIZED
                  80000000    00001388     main.obj (buffer_send_sig)

ddr2_dat   0    c6080000    000000d4     UNINITIALIZED
                  c6080000    000000d4     main.obj (ddr2_dat)

ddr2_cmd   0    c6080400    00000400     UNINITIALIZED
                  c6080400    00000400     main.obj (ddr2_cmd)

ddr2_buffer 
*          0    c6080800    00248800     UNINITIALIZED
                  c6080800    00248800     main.obj (ddr2_buffer)


GLOBAL SYMBOLS: SORTED ALPHABETICALLY BY Name 

address    name
--------   ----
11827da8   $bss
11827da8   .bss
11814a20   .text
1181cde0   C$$EXIT
11817f00   _AD_start
11817eec   _AD_stop
11827dcc   _Block_num
11827dd8   _CHIP_L
11827dd0   _Close_num
118238d0   _Coef_fft
11827dc0   _Configure_flag
11800100   _Correlation1
11801100   _Correlation2
11802100   _Correlation3
11803100   _Correlation4
1181b0e0   _DSP_fft32x32
1181a9c0   _DSP_ifft32x32
11818524   _DSP_interrupt_ARM
11818908   _EVMOMAPL138_enableDsp
11818720   _EVMOMAPL138_init
1181874c   _EVMOMAPL138_initRAM
118189d0   _EVMOMAPL138_lpscTransition
11818934   _EVMOMAPL138_pinmuxConfig
11804100   _Envelop1
11806100   _Envelop2
11808100   _Envelop3
1180a100   _Envelop4
11814278   _F
118260d0   _Fifo1
1181add8   _GPIO_getInput
1181ad60   _GPIO_setDir
1181ae4c   _GPIO_setOutput
1181aecc   _GPIO_toggleLoop
1181a134   _I2CGPIO_getInput
1181a274   _I2CGPIO_getInputAll
1181a040   _I2CGPIO_init
1181a3ac   _I2CGPIO_setOutput
1181a514   _I2CGPIO_setOutputAll
1181a5c0   _I2C_init
1181a6c0   _I2C_read
1181a838   _I2C_write
11827dc8   _Max_Buffer
1180c100   _Parameter_sig
11827dd6   _Pp_flag
118142c8   _RAMSES_CODE
1181ce20   _Ref_fft1
1181de20   _Ref_fft2
1181ee20   _Ref_fft3
1181fe20   _Ref_fft4
11827ddc   _Refsig_len
11827dd5   _Rx_flag
1180c130   _Sig1
1180c178   _Sig2
1180c1c0   _Sig3
1180c208   _Sig4
1180e278   _Sig_fft
118142b8   _Sig_flag
11827dc1   _Start_flag
11827dd4   _Syn_flag
118174e0   _Tcp_Info
11810278   _Temp_buffer1
11812278   _Temp_buffer2
11827dc4   _Time_over
11827dd7   _Trans_flag
80000000   _Trans_signal
11827de0   _Trans_signal_flag
11827de4   _Trans_signal_len
1180c250   _Turnaround
11817800   _USFUNC_delay
1181bdc4   _USTIMER_delay
1181be84   _USTIMER_get
1181bce0   _USTIMER_init
1181be54   _USTIMER_reset
1181be98   _USTIMER_set
118191c8   _UTIL_isUIBoardAttached
11827dc5   _Work_mode
11827cd0   __STACK_END
00001000   __STACK_SIZE
00000001   __TI_args_main
1181cc60   ___TI_cpp_init
11814a10   ___TI_enable_exit_profile_output
ffffffff   ___TI_pprof_out_hndl
ffffffff   ___TI_prof_data_size
ffffffff   ___TI_prof_data_start
ffffffff   ___binit__
11827da8   ___bss__
ffffffff   ___c_args__
11820e20   ___cinit__
11827dec   ___end__
1181ce20   ___etext__
ffffffff   ___pinit__
11814a20   ___text__
1181ccc0   __args_main
1181c860   __auto_init
1181c6a0   __c6xabi_divi
11814a08   __cleanup_ptr
11819aa0   __divd
1181c6a0   __divi
11814a0c   __dtors_ptr
1181cd00   __frcmpyd_div
1181cd40   __llshru
1181c9e0   __nround
11826cd0   __stack
1181cdc0   __trunc
1181cde0   _abort
1181bec0   _acos
11827dbb   _arm_beacon_flag
11827d50   _arm_beacon_turnaround
11827dae   _arm_parameter_abs_snr_threshold
11827db6   _arm_parameter_close_time
11827dac   _arm_parameter_flag
11827db2   _arm_parameter_max_pulse_width
11827db1   _arm_parameter_min_pulse_width
11827db0   _arm_parameter_rel2_snr_threshold
11827daf   _arm_parameter_rel_snr_threshold
11827dad   _arm_parameter_snr_max
11827db7   _arm_parameter_th_noise
11827db5   _arm_parameter_w_after
11827db4   _arm_parameter_w_all
11827db3   _arm_parameter_w_before
11827da8   _arm_start_flag
11827dab   _arm_syn_cyc
11827da9   _arm_syn_flag
11827daa   _arm_syn_type
11827db8   _arm_sys_gain
11827dba   _arm_work_mode
11827db9   _arm_work_mode_flag
1181c060   _atan
1181c200   _atan2
11827cd0   _bitval_u32
118258d0   _buffer1
11825cd0   _buffer2
11800000   _c_int00
1181c578   _c_int10
1181c584   _c_int11
1181c480   _c_int4
1181c494   _c_int5
1181c4ac   _c_int6
1181c4c4   _c_int7
1181c558   _c_int8
1181c570   _c_int9
1181cd80   _ceil
11818520   _clear_gp2_1
11817aac   _close_EDMA_E4
1181b508   _config_Interrupt_Selector
11818da8   _config_pll0
11818fe4   _config_pll1
11815880   _configure_para
1181ca80   _copy_in
1181b780   _cos
11815e00   _d2i
c60800c8   _ddr2_beacon_detection_flag
c60800d0   _ddr2_beacon_detection_flag_num
c60800c0   _ddr2_beacon_status
c6080800   _ddr2_buffer
c6080400   _ddr2_cmd
c6080060   _ddr2_corr_pos
c6080000   _ddr2_delay
c6080020   _ddr2_envelop_max
c6080040   _ddr2_noise_std
c6080090   _ddr2_parameter
c6080070   _ddr2_real_pulse_width
c6080080   _ddr2_snr_out
11816864   _detection
1181b470   _disableGlobalINT
1181b4d0   _disableSpecificINT
1181b460   _enableGlobalINT
1181b484   _enableNMI
1181b494   _enableSpecificINT
11814a14   _errno
118181f8   _evm_init_edma_setup
11818270   _evm_init_gpio_extern
11817e90   _evm_init_mcbsp
11817b84   _evm_init_omapl138
11817b90   _evm_init_omapl138_DDR2
11817d48   _evm_init_timer
11817de0   _evm_init_timer_send
11818574   _evm_init_uart
1181c920   _exit
11815d90   _fifo
11816798   _find_num
118167f4   _find_num_short
1181c360   _frexp
1180c270   _gain_db
11814a20   _gen_sig
11814c68   _gen_transmit_sig
11815e60   _gen_twiddle_fft32x32
11817114   _get_delay
11816390   _get_envelop
11816108   _get_fft
118161e8   _get_xcorr
11817f80   _init_PaRAM_event4
11818054   _init_PaRAM_event74
11818128   _init_PaRAM_event75
11817af8   _init_clocks_user
11815be4   _init_global_var
11817834   _init_psc_user
11828000   _intcVectorTable
11819200   _main
118165e8   _max
1181666c   _max_short
11816700   _mean
1181cb20   _memcpy
1181c780   _memset
1181cbc0   _modf
11817a60   _open_EDMA_E4
11827dbc   _send_num
11818518   _set_gp2_1
1181ba60   _sin
1181c5a0   _sqrt
11814ea8   _syn_config
11827dc3   _syn_cyc
11827dc2   _syn_type
11827dc6   _sys_gain
118183c0   _transmit
1180c278   _w
ffffffff   binit
11820e20   cinit
11827dec   end
1181ce20   etext
ffffffff   pinit


GLOBAL SYMBOLS: SORTED BY Symbol Address 

address    name
--------   ----
00000001   __TI_args_main
00001000   __STACK_SIZE
11800000   _c_int00
11800100   _Correlation1
11801100   _Correlation2
11802100   _Correlation3
11803100   _Correlation4
11804100   _Envelop1
11806100   _Envelop2
11808100   _Envelop3
1180a100   _Envelop4
1180c100   _Parameter_sig
1180c130   _Sig1
1180c178   _Sig2
1180c1c0   _Sig3
1180c208   _Sig4
1180c250   _Turnaround
1180c270   _gain_db
1180c278   _w
1180e278   _Sig_fft
11810278   _Temp_buffer1
11812278   _Temp_buffer2
11814278   _F
118142b8   _Sig_flag
118142c8   _RAMSES_CODE
11814a08   __cleanup_ptr
11814a0c   __dtors_ptr
11814a10   ___TI_enable_exit_profile_output
11814a14   _errno
11814a20   .text
11814a20   ___text__
11814a20   _gen_sig
11814c68   _gen_transmit_sig
11814ea8   _syn_config
11815880   _configure_para
11815be4   _init_global_var
11815d90   _fifo
11815e00   _d2i
11815e60   _gen_twiddle_fft32x32
11816108   _get_fft
118161e8   _get_xcorr
11816390   _get_envelop
118165e8   _max
1181666c   _max_short
11816700   _mean
11816798   _find_num
118167f4   _find_num_short
11816864   _detection
11817114   _get_delay
118174e0   _Tcp_Info
11817800   _USFUNC_delay
11817834   _init_psc_user
11817a60   _open_EDMA_E4
11817aac   _close_EDMA_E4
11817af8   _init_clocks_user
11817b84   _evm_init_omapl138
11817b90   _evm_init_omapl138_DDR2
11817d48   _evm_init_timer
11817de0   _evm_init_timer_send
11817e90   _evm_init_mcbsp
11817eec   _AD_stop
11817f00   _AD_start
11817f80   _init_PaRAM_event4
11818054   _init_PaRAM_event74
11818128   _init_PaRAM_event75
118181f8   _evm_init_edma_setup
11818270   _evm_init_gpio_extern
118183c0   _transmit
11818518   _set_gp2_1
11818520   _clear_gp2_1
11818524   _DSP_interrupt_ARM
11818574   _evm_init_uart
11818720   _EVMOMAPL138_init
1181874c   _EVMOMAPL138_initRAM
11818908   _EVMOMAPL138_enableDsp
11818934   _EVMOMAPL138_pinmuxConfig
118189d0   _EVMOMAPL138_lpscTransition
11818da8   _config_pll0
11818fe4   _config_pll1
118191c8   _UTIL_isUIBoardAttached
11819200   _main
11819aa0   __divd
1181a040   _I2CGPIO_init
1181a134   _I2CGPIO_getInput
1181a274   _I2CGPIO_getInputAll
1181a3ac   _I2CGPIO_setOutput
1181a514   _I2CGPIO_setOutputAll
1181a5c0   _I2C_init
1181a6c0   _I2C_read
1181a838   _I2C_write
1181a9c0   _DSP_ifft32x32
1181ad60   _GPIO_setDir
1181add8   _GPIO_getInput
1181ae4c   _GPIO_setOutput
1181aecc   _GPIO_toggleLoop
1181b0e0   _DSP_fft32x32
1181b460   _enableGlobalINT
1181b470   _disableGlobalINT
1181b484   _enableNMI
1181b494   _enableSpecificINT
1181b4d0   _disableSpecificINT
1181b508   _config_Interrupt_Selector
1181b780   _cos
1181ba60   _sin
1181bce0   _USTIMER_init
1181bdc4   _USTIMER_delay
1181be54   _USTIMER_reset
1181be84   _USTIMER_get
1181be98   _USTIMER_set
1181bec0   _acos
1181c060   _atan
1181c200   _atan2
1181c360   _frexp
1181c480   _c_int4
1181c494   _c_int5
1181c4ac   _c_int6
1181c4c4   _c_int7
1181c558   _c_int8
1181c570   _c_int9
1181c578   _c_int10
1181c584   _c_int11
1181c5a0   _sqrt
1181c6a0   __c6xabi_divi
1181c6a0   __divi
1181c780   _memset
1181c860   __auto_init
1181c920   _exit
1181c9e0   __nround
1181ca80   _copy_in
1181cb20   _memcpy
1181cbc0   _modf
1181cc60   ___TI_cpp_init
1181ccc0   __args_main
1181cd00   __frcmpyd_div
1181cd40   __llshru
1181cd80   _ceil
1181cdc0   __trunc
1181cde0   C$$EXIT
1181cde0   _abort
1181ce20   _Ref_fft1
1181ce20   ___etext__
1181ce20   etext
1181de20   _Ref_fft2
1181ee20   _Ref_fft3
1181fe20   _Ref_fft4
11820e20   ___cinit__
11820e20   cinit
118238d0   _Coef_fft
118258d0   _buffer1
11825cd0   _buffer2
118260d0   _Fifo1
11826cd0   __stack
11827cd0   __STACK_END
11827cd0   _bitval_u32
11827d50   _arm_beacon_turnaround
11827da8   $bss
11827da8   .bss
11827da8   ___bss__
11827da8   _arm_start_flag
11827da9   _arm_syn_flag
11827daa   _arm_syn_type
11827dab   _arm_syn_cyc
11827dac   _arm_parameter_flag
11827dad   _arm_parameter_snr_max
11827dae   _arm_parameter_abs_snr_threshold
11827daf   _arm_parameter_rel_snr_threshold
11827db0   _arm_parameter_rel2_snr_threshold
11827db1   _arm_parameter_min_pulse_width
11827db2   _arm_parameter_max_pulse_width
11827db3   _arm_parameter_w_before
11827db4   _arm_parameter_w_all
11827db5   _arm_parameter_w_after
11827db6   _arm_parameter_close_time
11827db7   _arm_parameter_th_noise
11827db8   _arm_sys_gain
11827db9   _arm_work_mode_flag
11827dba   _arm_work_mode
11827dbb   _arm_beacon_flag
11827dbc   _send_num
11827dc0   _Configure_flag
11827dc1   _Start_flag
11827dc2   _syn_type
11827dc3   _syn_cyc
11827dc4   _Time_over
11827dc5   _Work_mode
11827dc6   _sys_gain
11827dc8   _Max_Buffer
11827dcc   _Block_num
11827dd0   _Close_num
11827dd4   _Syn_flag
11827dd5   _Rx_flag
11827dd6   _Pp_flag
11827dd7   _Trans_flag
11827dd8   _CHIP_L
11827ddc   _Refsig_len
11827de0   _Trans_signal_flag
11827de4   _Trans_signal_len
11827dec   ___end__
11827dec   end
11828000   _intcVectorTable
80000000   _Trans_signal
c6080000   _ddr2_delay
c6080020   _ddr2_envelop_max
c6080040   _ddr2_noise_std
c6080060   _ddr2_corr_pos
c6080070   _ddr2_real_pulse_width
c6080080   _ddr2_snr_out
c6080090   _ddr2_parameter
c60800c0   _ddr2_beacon_status
c60800c8   _ddr2_beacon_detection_flag
c60800d0   _ddr2_beacon_detection_flag_num
c6080400   _ddr2_cmd
c6080800   _ddr2_buffer
ffffffff   ___TI_pprof_out_hndl
ffffffff   ___TI_prof_data_size
ffffffff   ___TI_prof_data_start
ffffffff   ___binit__
ffffffff   ___c_args__
ffffffff   ___pinit__
ffffffff   binit
ffffffff   pinit

[221 symbols]
