******************************************************************************
               TMS320C6x Linker PC v7.4.4                      
******************************************************************************
>> Linked Fri Feb 24 10:34:24 2017

OUTPUT FILE NAME:   <lbl_omapl138.out>
ENTRY POINT SYMBOL: "_c_int00"  address: 11800000


MEMORY CONFIGURATION

         name            origin    length      used     unused   attr    fill
----------------------  --------  ---------  --------  --------  ----  --------
  entry_point           11800000   00000100  00000080  00000080  RWIX
  L2SRAM                11800100   0003ff00  000206d8  0001f828  RWIX
  Shared_RAM            80000000   00020000  00001388  0001ec78  RWIX
  DDR2_RAM              c6000000   00080000  00000000  00080000  RWIX
  DDR2_part1            c6080000   00000400  000000d4  0000032c  RWIX
  DDR2_part2            c6080400   00000400  00000400  00000000  RWIX
  DDR2_part3            c6080800   00258000  00248800  0000f800  RWIX


SECTION ALLOCATION MAP

 output                                  attributes/
section   page    origin      length       input sections
--------  ----  ----------  ----------   ----------------
.text:_c_int00 
*          0    11800000    00000080     
                  11800000    00000080     rts6740.lib : boot.obj (.text:_c_int00)

buffer_env 
*          0    11800100    0000c000     UNINITIALIZED
                  11800100    0000c000     main.obj (buffer_env)

.far       0    1180c100    000087d4     UNINITIALIZED
                  1180c100    000087c8     main.obj (.far)
                  118148c8    0000000c     rts6740.lib : exit.obj (.far)

buffer_env_ddr2 
*          0    118148d8    00004000     UNINITIALIZED
                  118148d8    00004000     main.obj (buffer_env_ddr2)

.cinit     0    118188d8    00002934     
                  118188d8    00002900     main.obj (.cinit)
                  1181b1d8    0000002c     rts6740.lib : exit.obj (.cinit)
                  1181b204    00000004     --HOLE-- [fill = 0]
                  1181b208    00000004     (.pad.cinit) [fill = 0]

buffer_coef_fft 
*          0    1181b210    00002000     UNINITIALIZED
                  1181b210    00002000     main.obj (buffer_coef_fft)

buffer_pingpang 
*          0    1181d210    00001400     UNINITIALIZED
                  1181d210    00001400     main.obj (buffer_pingpang)

.stack     0    1181e610    00001000     UNINITIALIZED
                  1181e610    00000008     rts6740.lib : boot.obj (.stack)
                  1181e618    00000ff8     --HOLE--

.text      0    1181f620    00000f60     
                  1181f620    000008a0     main.obj (.text)
                  1181fec0    00000320     evmomapl138_bsl.lib : evmomapl138_interrupts.obj (.text)
                  118201e0    000000c0     rts6740.lib : autoinit.obj (.text:__auto_init)
                  118202a0    000000c0                 : exit.obj (.text:_exit)
                  11820360    000000a0                 : cpy_tbl.obj (.text:_copy_in)
                  11820400    000000a0                 : memcpy64.obj (.text:_memcpy)
                  118204a0    00000060                 : cpp_init.obj (.text:___TI_cpp_init)
                  11820500    00000040                 : args_main.obj (.text:__args_main)
                  11820540    00000020                 : exit.obj (.text:_abort)
                  11820560    00000020     intvecs.obj (.text)

.bss       0    11820580    00000040     UNINITIALIZED
                  11820580    00000040     main.obj (.bss)

.switch    0    118205c0    00000030     
                  118205c0    00000030     evmomapl138_bsl.lib : evmomapl138_interrupts.obj (.switch)

.vecs      0    11820800    00000200     
                  11820800    00000200     intvecs.obj (.vecs)

buffer_send_sig 
*          0    80000000    00001388     UNINITIALIZED
                  80000000    00001388     main.obj (buffer_send_sig)

ddr2_dat   0    c6080000    000000d4     UNINITIALIZED
                  c6080000    000000d4     main.obj (ddr2_dat)

ddr2_cmd   0    c6080400    00000400     UNINITIALIZED
                  c6080400    00000400     main.obj (ddr2_cmd)

ddr2_buffer 
*          0    c6080800    00248800     UNINITIALIZED
                  c6080800    00248800     main.obj (ddr2_buffer)


GLOBAL SYMBOLS: SORTED ALPHABETICALLY BY Name 

address    name
--------   ----
11820580   $bss
11820580   .bss
1181f620   .text
11820540   C$$EXIT
UNDEFED    _AD_start
UNDEFED    _AD_stop
118205a4   _Block_num
118205b0   _CHIP_L
118205a8   _Close_num
1181b210   _Coef_fft
11820598   _Configure_flag
11800100   _Correlation1
11801100   _Correlation2
11802100   _Correlation3
11803100   _Correlation4
UNDEFED    _DSP_interrupt_ARM
11804100   _Envelop1
11806100   _Envelop2
11808100   _Envelop3
1180a100   _Envelop4
11814278   _F
1181da10   _Fifo1
118205a0   _Max_Buffer
1180c100   _Parameter_sig
118205ae   _Pp_flag
118142c8   _RAMSES_CODE
118148d8   _Ref_fft1
118158d8   _Ref_fft2
118168d8   _Ref_fft3
118178d8   _Ref_fft4
118205b4   _Refsig_len
118205ad   _Rx_flag
1180c130   _Sig1
1180c178   _Sig2
1180c1c0   _Sig3
1180c208   _Sig4
1180e278   _Sig_fft
118142b8   _Sig_flag
11820599   _Start_flag
118205ac   _Syn_flag
UNDEFED    _Tcp_Info
11810278   _Temp_buffer1
11812278   _Temp_buffer2
1182059c   _Time_over
118205af   _Trans_flag
80000000   _Trans_signal
118205b8   _Trans_signal_flag
118205bc   _Trans_signal_len
1180c250   _Turnaround
1182059d   _Work_mode
1181f610   __STACK_END
00001000   __STACK_SIZE
00000001   __TI_args_main
118204a0   ___TI_cpp_init
118148d0   ___TI_enable_exit_profile_output
ffffffff   ___TI_pprof_out_hndl
ffffffff   ___TI_prof_data_size
ffffffff   ___TI_prof_data_start
ffffffff   ___binit__
11820580   ___bss__
ffffffff   ___c_args__
118188d8   ___cinit__
118205c0   ___end__
11820580   ___etext__
ffffffff   ___pinit__
1181f620   ___text__
11820500   __args_main
118201e0   __auto_init
118148c8   __cleanup_ptr
118148cc   __dtors_ptr
1181e610   __stack
11820540   _abort
11820593   _arm_beacon_flag
11820586   _arm_parameter_abs_snr_threshold
1182058e   _arm_parameter_close_time
11820584   _arm_parameter_flag
1182058a   _arm_parameter_max_pulse_width
11820589   _arm_parameter_min_pulse_width
11820588   _arm_parameter_rel2_snr_threshold
11820587   _arm_parameter_rel_snr_threshold
11820585   _arm_parameter_snr_max
1182058f   _arm_parameter_th_noise
1182058d   _arm_parameter_w_after
1182058c   _arm_parameter_w_all
1182058b   _arm_parameter_w_before
11820580   _arm_start_flag
11820583   _arm_syn_cyc
11820581   _arm_syn_flag
11820582   _arm_syn_type
11820590   _arm_sys_gain
11820592   _arm_work_mode
11820591   _arm_work_mode_flag
1181d210   _buffer1
1181d610   _buffer2
11800000   _c_int00
UNDEFED    _c_int10
UNDEFED    _c_int11
UNDEFED    _c_int4
UNDEFED    _c_int5
UNDEFED    _c_int6
UNDEFED    _c_int7
UNDEFED    _c_int8
UNDEFED    _c_int9
UNDEFED    _close_EDMA_E4
1181ff68   _config_Interrupt_Selector
UNDEFED    _configure_para
11820360   _copy_in
c60800c8   _ddr2_beacon_detection_flag
c60800d0   _ddr2_beacon_detection_flag_num
c60800c0   _ddr2_beacon_status
c6080800   _ddr2_buffer
c6080400   _ddr2_cmd
c6080060   _ddr2_corr_pos
c6080000   _ddr2_delay
c6080020   _ddr2_envelop_max
c6080040   _ddr2_noise_std
c6080090   _ddr2_parameter
c6080070   _ddr2_real_pulse_width
c6080080   _ddr2_snr_out
UNDEFED    _detection
1181fed0   _disableGlobalINT
1181ff30   _disableSpecificINT
1181fec0   _enableGlobalINT
1181fee4   _enableNMI
1181fef4   _enableSpecificINT
UNDEFED    _evm_init_edma_setup
UNDEFED    _evm_init_gpio_extern
UNDEFED    _evm_init_mcbsp
UNDEFED    _evm_init_timer_send
UNDEFED    _evm_init_uart
118202a0   _exit
UNDEFED    _fifo
1180c270   _gain_db
UNDEFED    _gen_sig
UNDEFED    _gen_transmit_sig
UNDEFED    _gen_twiddle_fft32x32
UNDEFED    _get_delay
UNDEFED    _get_envelop
UNDEFED    _get_fft
UNDEFED    _get_xcorr
UNDEFED    _init_global_var
11820800   _intcVectorTable
1181f620   _main
11820400   _memcpy
11820594   _send_num
1182059b   _syn_cyc
1182059a   _syn_type
1182059e   _sys_gain
UNDEFED    _transmit
1180c278   _w
ffffffff   binit
118188d8   cinit
118205c0   end
11820580   etext
ffffffff   pinit


GLOBAL SYMBOLS: SORTED BY Symbol Address 

address    name
--------   ----
00000001   __TI_args_main
00001000   __STACK_SIZE
11800000   _c_int00
11800100   _Correlation1
11801100   _Correlation2
11802100   _Correlation3
11803100   _Correlation4
11804100   _Envelop1
11806100   _Envelop2
11808100   _Envelop3
1180a100   _Envelop4
1180c100   _Parameter_sig
1180c130   _Sig1
1180c178   _Sig2
1180c1c0   _Sig3
1180c208   _Sig4
1180c250   _Turnaround
1180c270   _gain_db
1180c278   _w
1180e278   _Sig_fft
11810278   _Temp_buffer1
11812278   _Temp_buffer2
11814278   _F
118142b8   _Sig_flag
118142c8   _RAMSES_CODE
118148c8   __cleanup_ptr
118148cc   __dtors_ptr
118148d0   ___TI_enable_exit_profile_output
118148d8   _Ref_fft1
118158d8   _Ref_fft2
118168d8   _Ref_fft3
118178d8   _Ref_fft4
118188d8   ___cinit__
118188d8   cinit
1181b210   _Coef_fft
1181d210   _buffer1
1181d610   _buffer2
1181da10   _Fifo1
1181e610   __stack
1181f610   __STACK_END
1181f620   .text
1181f620   ___text__
1181f620   _main
1181fec0   _enableGlobalINT
1181fed0   _disableGlobalINT
1181fee4   _enableNMI
1181fef4   _enableSpecificINT
1181ff30   _disableSpecificINT
1181ff68   _config_Interrupt_Selector
118201e0   __auto_init
118202a0   _exit
11820360   _copy_in
11820400   _memcpy
118204a0   ___TI_cpp_init
11820500   __args_main
11820540   C$$EXIT
11820540   _abort
11820580   $bss
11820580   .bss
11820580   ___bss__
11820580   ___etext__
11820580   _arm_start_flag
11820580   etext
11820581   _arm_syn_flag
11820582   _arm_syn_type
11820583   _arm_syn_cyc
11820584   _arm_parameter_flag
11820585   _arm_parameter_snr_max
11820586   _arm_parameter_abs_snr_threshold
11820587   _arm_parameter_rel_snr_threshold
11820588   _arm_parameter_rel2_snr_threshold
11820589   _arm_parameter_min_pulse_width
1182058a   _arm_parameter_max_pulse_width
1182058b   _arm_parameter_w_before
1182058c   _arm_parameter_w_all
1182058d   _arm_parameter_w_after
1182058e   _arm_parameter_close_time
1182058f   _arm_parameter_th_noise
11820590   _arm_sys_gain
11820591   _arm_work_mode_flag
11820592   _arm_work_mode
11820593   _arm_beacon_flag
11820594   _send_num
11820598   _Configure_flag
11820599   _Start_flag
1182059a   _syn_type
1182059b   _syn_cyc
1182059c   _Time_over
1182059d   _Work_mode
1182059e   _sys_gain
118205a0   _Max_Buffer
118205a4   _Block_num
118205a8   _Close_num
118205ac   _Syn_flag
118205ad   _Rx_flag
118205ae   _Pp_flag
118205af   _Trans_flag
118205b0   _CHIP_L
118205b4   _Refsig_len
118205b8   _Trans_signal_flag
118205bc   _Trans_signal_len
118205c0   ___end__
118205c0   end
11820800   _intcVectorTable
80000000   _Trans_signal
c6080000   _ddr2_delay
c6080020   _ddr2_envelop_max
c6080040   _ddr2_noise_std
c6080060   _ddr2_corr_pos
c6080070   _ddr2_real_pulse_width
c6080080   _ddr2_snr_out
c6080090   _ddr2_parameter
c60800c0   _ddr2_beacon_status
c60800c8   _ddr2_beacon_detection_flag
c60800d0   _ddr2_beacon_detection_flag_num
c6080400   _ddr2_cmd
c6080800   _ddr2_buffer
ffffffff   ___TI_pprof_out_hndl
ffffffff   ___TI_prof_data_size
ffffffff   ___TI_prof_data_start
ffffffff   ___binit__
ffffffff   ___c_args__
ffffffff   ___pinit__
ffffffff   binit
ffffffff   pinit
UNDEFED    _AD_start
UNDEFED    _AD_stop
UNDEFED    _DSP_interrupt_ARM
UNDEFED    _Tcp_Info
UNDEFED    _c_int10
UNDEFED    _c_int11
UNDEFED    _c_int4
UNDEFED    _c_int5
UNDEFED    _c_int6
UNDEFED    _c_int7
UNDEFED    _c_int8
UNDEFED    _c_int9
UNDEFED    _close_EDMA_E4
UNDEFED    _configure_para
UNDEFED    _detection
UNDEFED    _evm_init_edma_setup
UNDEFED    _evm_init_gpio_extern
UNDEFED    _evm_init_mcbsp
UNDEFED    _evm_init_timer_send
UNDEFED    _evm_init_uart
UNDEFED    _fifo
UNDEFED    _gen_sig
UNDEFED    _gen_transmit_sig
UNDEFED    _gen_twiddle_fft32x32
UNDEFED    _get_delay
UNDEFED    _get_envelop
UNDEFED    _get_fft
UNDEFED    _get_xcorr
UNDEFED    _init_global_var
UNDEFED    _transmit

[155 symbols]
