******************************************************************************
              TMS320C55x Linker PC v4.4.1                      
******************************************************************************
>> Linked Sat Aug 26 00:25:41 2017

OUTPUT FILE NAME:   <I2C_Download.out>
ENTRY POINT SYMBOL: "_c_int00"  address: 0000e423


MEMORY CONFIGURATION

         name            origin    length      used     unused   attr    fill
                        (bytes)   (bytes)    (bytes)   (bytes)
----------------------  --------  ---------  --------  --------  ----  --------
  MMR                   00000000   000000c0  00000000  000000c0  RWIX
  VECS                  00000100   00000100  00000100  00000000  RWIX
  DARAM0                00000200   00003e00  00000bc2  0000323e  RWIX
  DARAM1                00004000   00002000  00000000  00002000  RWIX
  DARAM2                00006000   00004000  00001806  000027fa  RWIX
  DARAM3                0000a000   00006000  000045cb  00001a35  RWIX
  SARAM0                00010000   00010000  00000100  0000ff00  RWIX
  CE0                   00050000   003b0000  00000000  003b0000  RWIX
  CE1                   00400000   00400000  00000000  00400000  RWIX
  CE2                   00800000   00400000  00000000  00400000  RWIX
  CE3                   00c00000   003f8000  00000000  003f8000  RWIX


SECTION ALLOCATION MAP
(Addresses surrounded by []'s are displayed for convenience only!)

output                                                          attributes/
section   page  orgn(bytes) orgn(words) len(bytes) len(words)   input sections
--------  ----  ----------- ----------- ---------- ----------   --------------
.vectors     0     00000100  [ 00000080 ] 00000100          *   
                   00000100  [ 00000080 ] 00000100          *   vectors_i2c1.obj (.vectors)

.stack       0   [ 00000200 ]  00000100          *   00000400   UNINITIALIZED
                 [ 00000200 ]  00000100          *   00000400   --HOLE--

.sysstack 
*            0   [ 00000a00 ]  00000500          *   00000100   UNINITIALIZED
                 [ 00000a00 ]  00000500          *   00000100   --HOLE--

.cinit       0   [ 00000c00 ]  00000600          *   000000bf   
                 [ 00000c00 ]  00000600          *   0000002d   rts55x.lib : lowlev.obj (.cinit)
                 [ 00000c5a ]  0000062d          *   0000002a              : defs.obj (.cinit)
                 [ 00000cae ]  00000657          *   00000025   csl5509ax.lib : csl_csldat.obj (.cinit)
                 [ 00000cf8 ]  0000067c          *   0000001e   main.obj (.cinit)
                 [ 00000d34 ]  0000069a          *   0000000e   rts55x.lib : exit.obj (.cinit)
                 [ 00000d50 ]  000006a8          *   0000000a              : _lock.obj (.cinit)
                 [ 00000d64 ]  000006b2          *   00000004              : errno.obj (.cinit)
                 [ 00000d6c ]  000006b6          *   00000004              : fopen.obj (.cinit)
                 [ 00000d74 ]  000006ba          *   00000004              : memory.obj (.cinit)
                 [ 00000d7c ]  000006be          *   00000001   --HOLE-- [fill = 0]

.csldata     0   [ 00000d80 ]  000006c0          *   00000022   UNINITIALIZED
                 [ 00000d80 ]  000006c0          *   00000022   csl5509ax.lib : csl_csldat.obj (.csldata:SYS_data)

.data        0   [ 00004000 ]  00002000          *   00000000   UNINITIALIZED

.sysmem      0   [ 00006000 ]  00003000          *   00000400   UNINITIALIZED
                 [ 00006000 ]  00003000          *   00000400   --HOLE--

.bss         0   [ 00006800 ]  00003400          *   000003c1   UNINITIALIZED
                 [ 00006800 ]  00003400          *   00000119   rts55x.lib : defs.obj (.bss)
                 [ 00006a32 ]  00003519          *   00000115   main.obj (.bss)
                 [ 00006c5c ]  0000362e          *   000000d0   rts55x.lib : trgdrv.obj (.bss)
                 [ 00006dfc ]  000036fe          *   00000071              : lowlev.obj (.bss)
                 [ 00006ede ]  0000376f          *   00000001              : errno.obj (.bss)
                 [ 00006ee0 ]  00003770          *   00000046              : exit.obj (.bss)
                 [ 00006f6c ]  000037b6          *   00000006              : memory.obj (.bss)
                 [ 00006f78 ]  000037bc          *   00000004              : _lock.obj (.bss)
                 [ 00006f80 ]  000037c0          *   00000001              : fopen.obj (.bss)

.const       0   [ 00006f84 ]  000037c2          *   00000322   
                 [ 00006f84 ]  000037c2          *   00000184   main.obj (.const:.string)
                 [ 0000728c ]  00003946          *   00000101   rts55x.lib : ctype.obj (.const)
                 [ 0000748e ]  00003a47          *   00000001   --HOLE-- [fill = 0]
                 [ 00007490 ]  00003a48          *   00000067              : perror.obj (.const)
                 [ 0000755e ]  00003aaf          *   00000001   --HOLE-- [fill = 0]
                 [ 00007560 ]  00003ab0          *   00000030              : _printfi.obj (.const)
                 [ 000075c0 ]  00003ae0          *   00000002              : fltlid.obj (.const)
                 [ 000075c4 ]  00003ae2          *   00000002              : fputs.obj (.const)

.cio         0   [ 00007600 ]  00003b00          *   00000120   UNINITIALIZED
                 [ 00007600 ]  00003b00          *   00000120   rts55x.lib : trgmsg.obj (.cio)

.text        0     0000a000  [ 00005000 ] 000045cb          *   
                   0000a000  [ 00005000 ] 00001499          *   rts55x.lib : _printfi.obj (.text)
                   0000b499  [ 00005a4c+] 00000581          *   main.obj (.text)
                   0000ba1a  [ 00005d0d ] 00000547          *   rts55x.lib : lowlev.obj (.text)
                   0000bf61  [ 00005fb0+] 00000529          *              : trgdrv.obj (.text)
                   0000c48a  [ 00006245 ] 000004b3          *              : memory.obj (.text)
                   0000c93d  [ 0000649e+] 00000282          *              : fopen.obj (.text)
                   0000cbbf  [ 000065df+] 00000263          *              : llmpy.obj (.text)
                   0000ce22  [ 00006711 ] 0000021b          *              : addd.obj (.text)
                   0000d03d  [ 0000681e+] 00000212          *              : cmpd.obj (.text)
                   0000d24f  [ 00006927+] 00000168          *              : fputs.obj (.text)
                   0000d3b7  [ 000069db+] 000000fa          *              : mpyd.obj (.text)
                   0000d4b1  [ 00006a58+] 000000ed          *              : setvbuf.obj (.text)
                   0000d59e  [ 00006acf ] 000000e3          *              : divd.obj (.text)
                   0000d681  [ 00006b40+] 000000d1          *              : frcdivd.obj (.text)
                   0000d752  [ 00006ba9 ] 000000c5          *              : _io_perm.obj (.text)
                   0000d817  [ 00006c0b+] 000000bc          *              : fflush.obj (.text)
                   0000d8d3  [ 00006c69+] 000000b6          *              : exit.obj (.text)
                   0000d989  [ 00006cc4+] 000000af          *              : trgmsg.obj (.text:CIO_breakpoint)
                   0000da38  [ 00006d1c ] 000000ac          *              : _bufread.obj (.text)
                   0000dae4  [ 00006d72 ] 000000a2          *              : perror.obj (.text)
                   0000db86  [ 00006dc3 ] 000000a1          *              : divul.obj (.text)
                   0000dc27  [ 00006e13+] 00000098          *              : fgetc.obj (.text)
                   0000dcbf  [ 00006e5f+] 00000092          *              : fputc.obj (.text)
                   0000dd51  [ 00006ea8+] 0000007c          *              : ltoa.obj (.text)
                   0000ddcd  [ 00006ee6+] 00000079          *              : fclose.obj (.text)
                   0000de46  [ 00006f23 ] 00000079          *              : fixdli.obj (.text)
                   0000debf  [ 00006f5f+] 00000076          *              : frcmpyd.obj (.text)
                   0000df35  [ 00006f9a+] 00000076          *              : remul.obj (.text)
                   0000dfab  [ 00006fd5+] 00000072          *   csl5509ax.lib : i2c_cfg.obj (.text:I2C_config)
                   0000e01d  [ 0000700e+] 00000071          *   rts55x.lib : fltlid.obj (.text)
                   0000e08e  [ 00007047 ] 00000071          *              : ftell.obj (.text)
                   0000e0ff  [ 0000707f+] 0000006d          *              : fseek.obj (.text)
                   0000e16c  [ 000070b6 ] 0000006d          *              : trgmsg.obj (.text)
                   0000e1d9  [ 000070ec+] 00000064          *   csl5509ax.lib : pll_cfg.obj (.text:PLL_config)
                   0000e23d  [ 0000711e+] 00000062          *   rts55x.lib : autoinit.obj (.text)
                   0000e29f  [ 0000714f+] 0000005c          *              : atoi.obj (.text)
                   0000e2fb  [ 0000717d+] 00000051          *              : remli.obj (.text)
                   0000e34c  [ 000071a6 ] 0000004e          *              : divli.obj (.text)
                   0000e39a  [ 000071cd ] 0000004d          *              : printf.obj (.text)
                   0000e3e7  [ 000071f3+] 0000003c          *              : args_main.obj (.text)
                   0000e423  [ 00007211+] 0000003b          *              : boot.obj (.text)
                   0000e45e  [ 0000722f ] 00000037          *   csl5509ax.lib : irq_setvecs.obj (.text:IRQ_setVecs)
                   0000e495  [ 0000724a+] 0000002a          *   rts55x.lib : fixdi.obj (.text)
                   0000e4bf  [ 0000725f+] 0000002a          *              : udiv.obj (.text)
                   0000e4e9  [ 00007274+] 00000020          *              : memccpy.obj (.text)
                   0000e509  [ 00007284+] 00000015          *              : memset.obj (.text)
                   0000e51e  [ 0000728f ] 00000014          *              : subd.obj (.text)
                   0000e532  [ 00007299 ] 00000013          *              : lmpy.obj (.text)
                   0000e545  [ 000072a2+] 00000012          *              : _lock.obj (.text)
                   0000e557  [ 000072ab+] 00000012          *              : memcpy.obj (.text)
                   0000e569  [ 000072b4+] 00000010          *              : negd.obj (.text)
                   0000e579  [ 000072bc+] 0000000f          *   csl5509ax.lib : irq_gdisab.obj (.text:IRQ_globalDisable)
                   0000e588  [ 000072c4 ] 0000000d          *                 : _csl_init.obj (.text:_CSL_init)
                   0000e595  [ 000072ca+] 0000000c          *                 : csl.obj (.text:CSL_init)
                   0000e5a1  [ 000072d0+] 0000000c          *                 : irq_grest.obj (.text:IRQ_globalRestore)
                   0000e5ad  [ 000072d6+] 0000000a          *   rts55x.lib : remove.obj (.text)
                   0000e5b7  [ 000072db+] 00000007          *              : exit.obj (.text:CIO_breakpoint)
                   0000e5be  [ 000072df ] 00000006          *   csl5509ax.lib : i2c_gevid.obj (.text:I2C_getEventId)
                   0000e5c4  [ 000072e2 ] 00000002          *                 : csl.obj (.text)
                   0000e5c6  [ 000072e3 ] 00000002          *   rts55x.lib : vectors.obj (.text)
                   0000e5c8  [ 000072e4 ] 00000002          *   vectors_i2c1.obj (.text)
                   0000e5ca  [ 000072e5 ] 00000001          *   --HOLE-- [fill = 20]

vectors      0     00010000  [ 00008000 ] 00000100          *   
                   00010000  [ 00008000 ] 00000100          *   rts55x.lib : vectors.obj (vectors)


GLOBAL SYMBOLS: SORTED ALPHABETICALLY BY Name 

abs. value/
byte addr   word addr   name
---------   ---------   ----
00000002                $TI_capability$C5500$CallingConvention
00000002                $TI_capability$C5500$MemoryModel
00000001                $TI_capability_requires_rev2
            00003400    .bss
            00002000    .data
0000a000                .text
0000e5b8                C$$EXIT
0000da33                C$$IO$$
0000e532                I$$LMPY
0000e4bf                I$$UDIV
0000e4d4                I$$UMOD
0000e5c4                _CSL5509A_LIB_
            000006c0    _CSL_SysData
0000e595                _CSL_init
0000c42c                _HOSTclock
0000c3c1                _HOSTclose
0000c308                _HOSTlseek
0000c26a                _HOSTopen
0000c1df                _HOSTread
0000c12c                _HOSTrename
0000c0ce                _HOSTtime
0000c065                _HOSTunlink
0000bfda                _HOSTwrite
0000b5c9                _I2C_Read
0000b515                _I2C_Write
0000dfab                _I2C_config
0000e5be                _I2C_getEventId
            0000351d    _I2Cconfig
            00003527    _I2Cinit
0000e579                _IRQ_globalDisable
0000e5a1                _IRQ_globalRestore
0000e45e                _IRQ_setVecs
0000e1d9                _PLL_config
            00003519    _PLLconfig
00010000                _Reset
            0000352e    _Rtmp
00000100                _VECSTART
            00003b00    __CIOBUF_
0000e588                __CSL_init
            00000500    __STACK_END
00000800                __STACK_SIZE
00000800                __SYSMEM_SIZE
00000200                __SYSSTACK_SIZE
ffffffff                ___binit__
            00003400    ___bss__
ffffffff                ___c_args__
            00000600    ___cinit__
            00002000    ___data__
            00002000    ___edata__
            000037c1    ___end__
0000e5cb                ___etext__
ffffffff                ___pinit__
0000a000                ___text__
0000ce22                __addd
0000e3e7                __args_main
0000da38                __buff_read
0000ca5f                __cleanup
            000037b2    __cleanup_ptr
0000d20f                __cmpd
            00003946    __ctypes_
0000d59e                __divd
0000e34c                __divli
0000cdeb                __divlli
0000e4bf                __divu
0000db86                __divul
0000ccf4                __divull
0000d817                __doflush
            000037b4    __dtors_ptr
0000d1d1                __eqld
0000e495                __fixdi
0000de46                __fixdli
0000e01d                __fltlid
0000d681                __frcdivd
0000debf                __frcmpyd
            00003518    __ft_end
            00003400    __ftable
0000d17c                __geqd
0000d126                __gtrd
0000d0ce                __leqd
            000037bc    __lock
0000d07b                __lssd
0000d3b7                __mpyd
0000e532                __mpyli
0000cc3c                __mpylli
0000e569                __negd
0000d03d                __neqd
0000e555                __nop
0000b270                __printfi
0000d7c1                __rd_ok
0000e54d                __register_lock
0000e545                __register_unlock
0000e2fb                __remli
0000cc0d                __remlli
0000e4d4                __remu
0000df35                __remul
0000cbbf                __remull
            00000100    __stack
0000e51e                __subd
            00003000    __sys_memory
            00000500    __sysstack
            00003478    __tmpnams
            000037be    __unlock
0000d752                __wrt_ok
0000e5b7                _abort
0000be6c                _add_device
0000d933                _atexit
0000e29f                _atoi
0000e23d                _auto_init
0000e423                _c_int00
0000c917                _calloc
0000b4d7                _check
0000c90f                _chkheap
0000bdf9                _close
0000b4a9                _delay
            0000376f    _errno
0000d8d3                _exit
0000ddcd                _fclose
0000d87a                _fflush
0000dc27                _fgetc
0000cb86                _fopen
0000dcbf                _fputc
0000d24f                _fputs
0000c48a                _free
0000c8b9                _free_memory
0000cab9                _freopen
0000e0ff                _fseek
0000e08e                _ftell
0000dc27                _getc
0000dcb0                _getchar
0000bf61                _getenv
0000bd93                _lseek
0000dd51                _ltoa
0000b6ad                _main
0000c5bb                _malloc
0000c85f                _max_free
0000e4e9                _memccpy
0000e557                _memcpy
0000e509                _memset
0000c556                _minit
0000bcd2                _open
0000dae4                _perror
0000e39a                _printf
0000dcbf                _putc
0000dd42                _putchar
0000d389                _puts
0000bc25                _read
0000e16c                _readmsg
0000c6b0                _realloc
0000e5ad                _remove
0000bbef                _remove_device
0000bb96                _rename
0000d4b1                _setvbuf
            000035ae    _tmp
0000bb63                _unlink
0000ba1a                _write
0000d989                _writemsg
ffffffff                binit
            00000600    cinit
            00002000    edata
            000037c1    end
0000e5cb                etext
00000110                int0
00000118                int1
00000160                int10
00000168                int11
00000170                int12
00000178                int13
00000180                int14
00000188                int15
00000190                int16
00000198                int17
000001a0                int18
000001a8                int19
00000120                int2
000001b0                int20
000001b8                int21
000001c0                int22
000001c8                int23
000001d0                int24
000001d8                int25
000001e0                int26
000001e8                int27
000001f0                int28
000001f8                int29
00000128                int3
00000130                int4
00000138                int5
00000140                int6
00000148                int7
00000150                int8
00000158                int9
00000108                nmi
0000e5c8                no_isr
ffffffff                pinit


GLOBAL SYMBOLS: SORTED BY Symbol Address 

abs. value/
byte addr   word addr   name
---------   ---------   ----
00000001                $TI_capability_requires_rev2
00000002                $TI_capability$C5500$CallingConvention
00000002                $TI_capability$C5500$MemoryModel
00000100                _VECSTART
00000108                nmi
00000110                int0
00000118                int1
00000120                int2
00000128                int3
00000130                int4
00000138                int5
00000140                int6
00000148                int7
00000150                int8
00000158                int9
00000160                int10
00000168                int11
00000170                int12
00000178                int13
00000180                int14
00000188                int15
00000190                int16
00000198                int17
000001a0                int18
000001a8                int19
000001b0                int20
000001b8                int21
000001c0                int22
000001c8                int23
000001d0                int24
000001d8                int25
000001e0                int26
000001e8                int27
000001f0                int28
000001f8                int29
00000200                __SYSSTACK_SIZE
            00000100    __stack
00000800                __STACK_SIZE
00000800                __SYSMEM_SIZE
            00000500    __STACK_END
            00000500    __sysstack
            00000600    ___cinit__
            00000600    cinit
            000006c0    _CSL_SysData
            00002000    .data
            00002000    ___data__
            00002000    ___edata__
            00002000    edata
            00003000    __sys_memory
            00003400    .bss
            00003400    ___bss__
            00003400    __ftable
            00003478    __tmpnams
            00003518    __ft_end
            00003519    _PLLconfig
            0000351d    _I2Cconfig
            00003527    _I2Cinit
            0000352e    _Rtmp
            000035ae    _tmp
            0000376f    _errno
            000037b2    __cleanup_ptr
            000037b4    __dtors_ptr
            000037bc    __lock
            000037be    __unlock
            000037c1    ___end__
            000037c1    end
            00003946    __ctypes_
            00003b00    __CIOBUF_
0000a000                .text
0000a000                ___text__
0000b270                __printfi
0000b4a9                _delay
0000b4d7                _check
0000b515                _I2C_Write
0000b5c9                _I2C_Read
0000b6ad                _main
0000ba1a                _write
0000bb63                _unlink
0000bb96                _rename
0000bbef                _remove_device
0000bc25                _read
0000bcd2                _open
0000bd93                _lseek
0000bdf9                _close
0000be6c                _add_device
0000bf61                _getenv
0000bfda                _HOSTwrite
0000c065                _HOSTunlink
0000c0ce                _HOSTtime
0000c12c                _HOSTrename
0000c1df                _HOSTread
0000c26a                _HOSTopen
0000c308                _HOSTlseek
0000c3c1                _HOSTclose
0000c42c                _HOSTclock
0000c48a                _free
0000c556                _minit
0000c5bb                _malloc
0000c6b0                _realloc
0000c85f                _max_free
0000c8b9                _free_memory
0000c90f                _chkheap
0000c917                _calloc
0000ca5f                __cleanup
0000cab9                _freopen
0000cb86                _fopen
0000cbbf                __remull
0000cc0d                __remlli
0000cc3c                __mpylli
0000ccf4                __divull
0000cdeb                __divlli
0000ce22                __addd
0000d03d                __neqd
0000d07b                __lssd
0000d0ce                __leqd
0000d126                __gtrd
0000d17c                __geqd
0000d1d1                __eqld
0000d20f                __cmpd
0000d24f                _fputs
0000d389                _puts
0000d3b7                __mpyd
0000d4b1                _setvbuf
0000d59e                __divd
0000d681                __frcdivd
0000d752                __wrt_ok
0000d7c1                __rd_ok
0000d817                __doflush
0000d87a                _fflush
0000d8d3                _exit
0000d933                _atexit
0000d989                _writemsg
0000da33                C$$IO$$
0000da38                __buff_read
0000dae4                _perror
0000db86                __divul
0000dc27                _fgetc
0000dc27                _getc
0000dcb0                _getchar
0000dcbf                _fputc
0000dcbf                _putc
0000dd42                _putchar
0000dd51                _ltoa
0000ddcd                _fclose
0000de46                __fixdli
0000debf                __frcmpyd
0000df35                __remul
0000dfab                _I2C_config
0000e01d                __fltlid
0000e08e                _ftell
0000e0ff                _fseek
0000e16c                _readmsg
0000e1d9                _PLL_config
0000e23d                _auto_init
0000e29f                _atoi
0000e2fb                __remli
0000e34c                __divli
0000e39a                _printf
0000e3e7                __args_main
0000e423                _c_int00
0000e45e                _IRQ_setVecs
0000e495                __fixdi
0000e4bf                I$$UDIV
0000e4bf                __divu
0000e4d4                I$$UMOD
0000e4d4                __remu
0000e4e9                _memccpy
0000e509                _memset
0000e51e                __subd
0000e532                I$$LMPY
0000e532                __mpyli
0000e545                __register_unlock
0000e54d                __register_lock
0000e555                __nop
0000e557                _memcpy
0000e569                __negd
0000e579                _IRQ_globalDisable
0000e588                __CSL_init
0000e595                _CSL_init
0000e5a1                _IRQ_globalRestore
0000e5ad                _remove
0000e5b7                _abort
0000e5b8                C$$EXIT
0000e5be                _I2C_getEventId
0000e5c4                _CSL5509A_LIB_
0000e5c8                no_isr
0000e5cb                ___etext__
0000e5cb                etext
00010000                _Reset
ffffffff                ___binit__
ffffffff                ___c_args__
ffffffff                ___pinit__
ffffffff                binit
ffffffff                pinit

[194 symbols]
