******************************************************************************
               TMS320C6x Linker PC v7.4.15                     
******************************************************************************
>> Linked Sat Feb 25 15:50:33 2017

OUTPUT FILE NAME:   <ADS7945_TEST.out>
ENTRY POINT SYMBOL: "_c_int00"  address: 00002900


MEMORY CONFIGURATION

         name            origin    length      used     unused   attr    fill
----------------------  --------  ---------  --------  --------  ----  --------
  INM                   00000000   00000400  00000000  00000400  RWIX
  L2RAM                 00000400   00100000  00004e88  000fb178  RWIX
  EMIFBCE0              60000000   04000000  00000000  04000000  RWIX
  EMIFBCE1              64000000   04000000  00000000  04000000  RWIX
  EMIFBCE2              68000000   04000000  00000000  04000000  RWIX
  EMIFBCE3              6c000000   04000000  00000000  04000000  RWIX
  EMIFACE0              80000000   10000000  00000000  10000000  RWIX
  EMIFACE1              90000000   10000000  00000000  10000000  RWIX
  EMIFACE2              a0000000   10000000  00000000  10000000  RWIX
  EMIFACE3              b0000000   10000000  00000000  10000000  RWIX


SECTION ALLOCATION MAP

 output                                  attributes/
section   page    origin      length       input sections
--------  ----  ----------  ----------   ----------------
.pinit     0    00000400    00000000     UNINITIALIZED

$BRID      0    00000000    00000254     COPY SECTION
                  00000000    00000014     csl6416.lib : csl.obj ($BRID)
                  00000014    000000e4                 : csl_edma.obj ($BRID)
                  000000f8    00000078                 : csl_irq.obj ($BRID)
                  00000170    00000080                 : csl_mcbsp.obj ($BRID)
                  000001f0    00000064                 : csl_timer.obj ($BRID)

.data      0    00000400    00000000     UNINITIALIZED

.text      0    00000400    00002820     
                  00000400    000004a0     main.obj (.text)
                  000008a0    000003e0     main.obj (.text:retain)
                  00000c80    000001e0     csl6416.lib : csl_edma.obj (.text:_EDMA_open)
                  00000e60    000001a0                 : csl_edma.obj (.text:_EDMA_allocTable)
                  00001000    00000300     vecs.obj (.text:vecs)
                  00001300    000001e0     csl6416.lib : csl_irq.obj (.text:_IRQ_map)
                  000014e0    000001c0                 : csl_mcbsp.obj (.text:_MCBSP_reset)
                  000016a0    000001a0                 : csl.obj (.text:__CSL_init)
                  00001840    00000140                 : csl_timer.obj (.text:_TIMER_open)
                  00001980    00000100                 : csl_timer.obj (.text:_TIMER_reset)
                  00001a80    00000100     rts6400.lib : memset.obj (.text:_memset)
                  00001b80    000000e0     csl6416.lib : csl_edma.obj (.text:_EDMA_reset)
                  00001c60    000000e0                 : csl_mcbsp.obj (.text:_MCBSP_start)
                  00001d40    000000e0     rts6400.lib : autoinit.obj (.text:__auto_init)
                  00001e20    000000e0                 : memcpy64.obj (.text:_memcpy)
                  00001f00    000000c0     csl6416.lib : csl_edma.obj (.text:_EDMA_config)
                  00001fc0    000000c0                 : csl_mcbsp.obj (.text:_MCBSP_config)
                  00002080    000000c0                 : csl_mcbsp.obj (.text:_MCBSP_open)
                  00002140    000000c0     rts6400.lib : exit.obj (.text:_exit)
                  00002200    000000c0     csl6416.lib : csl_irq.obj (.text:_mux2Tables)
                  000022c0    000000a0                 : csl_edma.obj (.text:_EDMA_disableChannel)
                  00002360    000000a0                 : csl_edma.obj (.text:_EDMA_enableChannel)
                  00002400    000000a0                 : csl_edma.obj (.text:_EDMA_intDisable)
                  000024a0    000000a0                 : csl_edma.obj (.text:_EDMA_intEnable)
                  00002540    000000a0     rts6400.lib : cpy_tbl.obj (.text:_copy_in)
                  000025e0    000000a0     csl6416.lib : csl_irq.obj (.text:_getMux)
                  00002680    000000a0                 : csl_irq.obj (.text:_setMux)
                  00002720    00000080                 : csl_edma.obj (.text:_EDMA_clearPram)
                  000027a0    00000080                 : csl_irq.obj (.text:__IRQ_init)
                  00002820    00000080     rts6400.lib : cpp_init.obj (.text:___TI_cpp_init)
                  000028a0    00000060     csl6416.lib : csl_edma.obj (.text:_EDMA_qdmaConfig)
                  00002900    00000060     rts6400.lib : boot.obj (.text:_c_int00)
                  00002960    00000040     csl6416.lib : csl_edma.obj (.text:_EDMA_clearChannel)
                  000029a0    00000040                 : csl_edma.obj (.text:_EDMA_intClear)
                  000029e0    00000040                 : csl_irq.obj (.text:_IRQ_disable)
                  00002a20    00000040                 : csl_irq.obj (.text:_IRQ_reset)
                  00002a60    00000040     rts6400.lib : args_main.obj (.text:__args_main)
                  00002aa0    00000020     csl6416.lib : csl.obj (.text:_CSL6416_LIB_)
                  00002ac0    00000020                 : csl_edma.obj (.text:_EDMA_link)
                  00002ae0    00000020                 : csl_irq.obj (.text:_IRQ_enable)
                  00002b00    00000020                 : csl_irq.obj (.text:_IRQ_globalDisable)
                  00002b20    00000020                 : csl_irq.obj (.text:_IRQ_globalEnable)
                  00002b40    00000020                 : csl_irq.obj (.text:_IRQ_nmiEnable)
                  00002b60    00000020                 : csl_irq.obj (.text:_IRQ_setVecs)
                  00002b80    00000020                 : csl_mcbsp.obj (.text:_MCBSP_read)
                  00002ba0    00000020                 : csl_mcbsp.obj (.text:_MCBSP_rrdy)
                  00002bc0    00000020     rts6400.lib : exit.obj (.text:_abort)
                  00002be0    00000020     csl6416.lib : csl_irq.obj (.text)
                  00002c00    00000020     vecs.obj (.text)

.bss       0    00002c20    00000020     UNINITIALIZED
                  00002c20    00000020     main.obj (.bss)

.far       0    00002c80    00001a94     UNINITIALIZED
                  00002c80    00001880     main.obj (.far)
                  00004500    00000100     csl6416.lib : csl_irq.obj (.far)
                  00004600    00000058                 : csl_edma.obj (.far)
                  00004658    00000054                 : csl_mcbsp.obj (.far)
                  000046ac    00000004     --HOLE--
                  000046b0    00000030                 : csl_timer.obj (.far)
                  000046e0    00000028                 : csl.obj (.far)
                  00004708    0000000c     rts6400.lib : exit.obj (.far)

.stack     0    00004718    00000800     UNINITIALIZED
                  00004718    00000008     rts6400.lib : boot.obj (.stack)
                  00004720    000007f8     --HOLE--

.cinit     0    00004f18    000003b4     
                  00004f18    0000012c     csl6416.lib : csl_irq.obj (.cinit)
                  00005044    00000004     --HOLE-- [fill = 0]
                  00005048    000000b0     main.obj (.cinit)
                  000050f8    00000080     csl6416.lib : csl_edma.obj (.cinit)
                  00005178    0000007c                 : csl_mcbsp.obj (.cinit)
                  000051f4    00000004     --HOLE-- [fill = 0]
                  000051f8    0000005c                 : csl_timer.obj (.cinit)
                  00005254    00000004     --HOLE-- [fill = 0]
                  00005258    0000003c                 : csl.obj (.cinit)
                  00005294    00000004     --HOLE-- [fill = 0]
                  00005298    0000002c     rts6400.lib : exit.obj (.cinit)
                  000052c4    00000004     --HOLE-- [fill = 0]
                  000052c8    00000004     (.pad.cinit) [fill = 0]


GLOBAL SYMBOLS: SORTED ALPHABETICALLY BY Name 

address    name
--------   ----
00002c20   $bss
00002c20   .bss
00000400   .data
00000400   .text
00002bc0   C$$EXIT
00002c28   _Buffflag
00002aa0   _CSL6416_LIB_
000008a0   _EDMA0_int
00000e60   _EDMA_allocTable
00002960   _EDMA_clearChannel
00002720   _EDMA_clearPram
00001f00   _EDMA_config
000022c0   _EDMA_disableChannel
00002360   _EDMA_enableChannel
000029a0   _EDMA_intClear
00002400   _EDMA_intDisable
000024a0   _EDMA_intEnable
00002ac0   _EDMA_link
00000c80   _EDMA_open
000028a0   _EDMA_qdmaConfig
00001b80   _EDMA_reset
000029e0   _IRQ_disable
00002ae0   _IRQ_enable
00002b00   _IRQ_globalDisable
00002b20   _IRQ_globalEnable
00001300   _IRQ_map
00002b40   _IRQ_nmiEnable
00002a20   _IRQ_reset
00002b60   _IRQ_setVecs
00001fc0   _MCBSP_config
00002080   _MCBSP_open
00002b80   _MCBSP_read
000014e0   _MCBSP_reset
00002ba0   _MCBSP_rrdy
00001c60   _MCBSP_start
00000a18   _Mcbsp0_RX_int
00002c2c   _My_Mcbsp0
00002c30   _My_Mcbsp1
00004498   _Ping_EDMA_config
000044b0   _Pong_EDMA_config
00001840   _TIMER_open
00001980   _TIMER_reset
000016a0   __CSL_init
000045f8   __IRQ_dispatchTable
00004530   __IRQ_eventTable
00002be0   __IRQ_hookFetchPacket
000027a0   __IRQ_init
000045b8   __IRQ_intTable
000046a0   __MCBSP_hDev0
000046a4   __MCBSP_hDev1
000046a8   __MCBSP_hDev2
00004f18   __STACK_END
00000800   __STACK_SIZE
000046b0   __TIMER_deviceTable
000046dc   __TIMER_hBios
000046d4   __TIMER_hDev0
000046d8   __TIMER_hDev1
00000001   __TI_args_main
00002820   ___TI_cpp_init
00004710   ___TI_enable_exit_profile_output
ffffffff   ___TI_pprof_out_hndl
ffffffff   ___TI_prof_data_size
ffffffff   ___TI_prof_data_start
ffffffff   ___binit__
00002c20   ___bss__
ffffffff   ___c_args__
00004f18   ___cinit__
00000400   ___data__
00000400   ___edata__
00002c40   ___end__
00002c20   ___etext__
ffffffff   ___pinit__
00000400   ___text__
00002a60   __args_main
00001d40   __auto_init
00004708   __cleanup_ptr
0000470c   __dtors_ptr
00004718   __stack
00002bc0   _abort
00002900   _c_int00
00004480   _cfgEdma
00002540   _copy_in
00002140   _exit
00002c34   _hEdma
00002c38   _hEdmaPing
00002c3c   _hEdmaPong
00000448   _main
00001e20   _memcpy
00001a80   _memset
00003c80   _outbuff
00002c80   _ping
00003480   _pong
00004618   _tccAllocTable
00001020   _vector1
00001140   _vector10
00001160   _vector11
00001180   _vector12
000011c0   _vector14
000011e0   _vector15
00001200   _vector16
00001220   _vector17
00001240   _vector18
00001260   _vector19
00001040   _vector2
00001280   _vector20
000012a0   _vector21
000012c0   _vector22
000012e0   _vector23
00001060   _vector3
00001080   _vector4
000010a0   _vector5
000010c0   _vector6
000010e0   _vector7
00001120   _vector9
00001000   _vectors
ffffffff   binit
00004f18   cinit
00000400   edata
00002c40   end
00002c20   etext
ffffffff   pinit


GLOBAL SYMBOLS: SORTED BY Symbol Address 

address    name
--------   ----
00000001   __TI_args_main
00000400   .data
00000400   .text
00000400   ___data__
00000400   ___edata__
00000400   ___text__
00000400   edata
00000448   _main
00000800   __STACK_SIZE
000008a0   _EDMA0_int
00000a18   _Mcbsp0_RX_int
00000c80   _EDMA_open
00000e60   _EDMA_allocTable
00001000   _vectors
00001020   _vector1
00001040   _vector2
00001060   _vector3
00001080   _vector4
000010a0   _vector5
000010c0   _vector6
000010e0   _vector7
00001120   _vector9
00001140   _vector10
00001160   _vector11
00001180   _vector12
000011c0   _vector14
000011e0   _vector15
00001200   _vector16
00001220   _vector17
00001240   _vector18
00001260   _vector19
00001280   _vector20
000012a0   _vector21
000012c0   _vector22
000012e0   _vector23
00001300   _IRQ_map
000014e0   _MCBSP_reset
000016a0   __CSL_init
00001840   _TIMER_open
00001980   _TIMER_reset
00001a80   _memset
00001b80   _EDMA_reset
00001c60   _MCBSP_start
00001d40   __auto_init
00001e20   _memcpy
00001f00   _EDMA_config
00001fc0   _MCBSP_config
00002080   _MCBSP_open
00002140   _exit
000022c0   _EDMA_disableChannel
00002360   _EDMA_enableChannel
00002400   _EDMA_intDisable
000024a0   _EDMA_intEnable
00002540   _copy_in
00002720   _EDMA_clearPram
000027a0   __IRQ_init
00002820   ___TI_cpp_init
000028a0   _EDMA_qdmaConfig
00002900   _c_int00
00002960   _EDMA_clearChannel
000029a0   _EDMA_intClear
000029e0   _IRQ_disable
00002a20   _IRQ_reset
00002a60   __args_main
00002aa0   _CSL6416_LIB_
00002ac0   _EDMA_link
00002ae0   _IRQ_enable
00002b00   _IRQ_globalDisable
00002b20   _IRQ_globalEnable
00002b40   _IRQ_nmiEnable
00002b60   _IRQ_setVecs
00002b80   _MCBSP_read
00002ba0   _MCBSP_rrdy
00002bc0   C$$EXIT
00002bc0   _abort
00002be0   __IRQ_hookFetchPacket
00002c20   $bss
00002c20   .bss
00002c20   ___bss__
00002c20   ___etext__
00002c20   etext
00002c28   _Buffflag
00002c2c   _My_Mcbsp0
00002c30   _My_Mcbsp1
00002c34   _hEdma
00002c38   _hEdmaPing
00002c3c   _hEdmaPong
00002c40   ___end__
00002c40   end
00002c80   _ping
00003480   _pong
00003c80   _outbuff
00004480   _cfgEdma
00004498   _Ping_EDMA_config
000044b0   _Pong_EDMA_config
00004530   __IRQ_eventTable
000045b8   __IRQ_intTable
000045f8   __IRQ_dispatchTable
00004618   _tccAllocTable
000046a0   __MCBSP_hDev0
000046a4   __MCBSP_hDev1
000046a8   __MCBSP_hDev2
000046b0   __TIMER_deviceTable
000046d4   __TIMER_hDev0
000046d8   __TIMER_hDev1
000046dc   __TIMER_hBios
00004708   __cleanup_ptr
0000470c   __dtors_ptr
00004710   ___TI_enable_exit_profile_output
00004718   __stack
00004f18   __STACK_END
00004f18   ___cinit__
00004f18   cinit
ffffffff   ___TI_pprof_out_hndl
ffffffff   ___TI_prof_data_size
ffffffff   ___TI_prof_data_start
ffffffff   ___binit__
ffffffff   ___c_args__
ffffffff   ___pinit__
ffffffff   binit
ffffffff   pinit

[121 symbols]
