******************************************************************************
              TMS320C55x Linker PC v4.4.1                      
******************************************************************************
>> Linked Sun Nov 26 01:10:34 2017

OUTPUT FILE NAME:   <USBL.out>
ENTRY POINT SYMBOL: "_c_int00"  address: 00026524


MEMORY CONFIGURATION

         name            origin    length      used     unused   attr    fill
                        (bytes)   (bytes)    (bytes)   (bytes)
----------------------  --------  ---------  --------  --------  ----  --------
  MMR                   00000000   000000c0  00000000  000000c0  RWIX
  SPRAM                 000000c0   00000140  00000000  00000140  RWIX
  VECS                  00000e00   00000200  00000200  00000000  RWIX
  DARAM0                00001000   00001000  00000890  00000770  RWIX
  DARAM1                00002000   00002000  00001060  00000fa0  RWIX
  DARAM2                00004000   00002000  00001060  00000fa0  RWIX
  DARAM4                00006000   00002000  00002000  00000000  RWIX
  DARAM5                00008000   00004000  00004000  00000000  RWIX
  DARAM6                0000c000   00004000  00004000  00000000  RWIX
  SARAM1                00010000   00004000  00004000  00000000  RWIX
  SARAM2                00014000   00002000  00002000  00000000  RWIX
  SARAM3                00016000   00004000  00002af8  00001508  RWIX
  SARAM10               0001a000   00006000  00004800  00001800  RWIX
  SARAM11               00020000   00010000  000092a7  00006d59  RWIX
  SARAM13               00030000   00010000  00009c58  000063a8  RWIX
  CE0                   00040000   003c0000  00000000  003c0000  RWIX
  CE1                   00400000   00400000  00000000  00400000  RWIX
  CE2                   00800000   00400000  00000000  00400000  RWIX
  CE3                   00c00000   003f8000  00000000  003f8000  RWIX
  PDROM                 00ff8000   00007f00  00000000  00007f00  RWIX


SECTION ALLOCATION MAP
(Addresses surrounded by []'s are displayed for convenience only!)

output                                                          attributes/
section   page  orgn(bytes) orgn(words) len(bytes) len(words)   input sections
--------  ----  ----------- ----------- ---------- ----------   --------------
.vectors     0     00000e00  [ 00000700 ] 00000100          *   
                   00000e00  [ 00000700 ] 00000100          *   vectors.obj (.vectors)

vectors      0     00000f00  [ 00000780 ] 00000100          *   
                   00000f00  [ 00000780 ] 00000100          *   rts55x.lib : vectors.obj (vectors)

.cinit       0   [ 00001000 ]  00000800          *   00000178   
                 [ 00001000 ]  00000800          *   00000081   csl5509ax.lib : csl_dmadat.obj (.cinit)
                 [ 00001102 ]  00000881          *   00000061   main.obj (.cinit)
                 [ 000011c4 ]  000008e2          *   00000042   csl5509ax.lib : csl_mmcdat.obj (.cinit)
                 [ 00001248 ]  00000924          *   00000025                 : csl_csldat.obj (.cinit)
                 [ 00001292 ]  00000949          *   0000000f                 : csl_timdat.obj (.cinit)
                 [ 000012b0 ]  00000958          *   0000000b   rts55x.lib : cos.obj (.cinit)
                 [ 000012c6 ]  00000963          *   0000000a              : _lock.obj (.cinit)
                 [ 000012da ]  0000096d          *   0000000a              : exit.obj (.cinit)
                 [ 000012ee ]  00000977          *   00000001   --HOLE-- [fill = 0]

.stack       0   [ 000012f0 ]  00000978          *   00000100   UNINITIALIZED
                 [ 000012f0 ]  00000978          *   00000100   --HOLE--

.sysstack 
*            0   [ 000014f0 ]  00000a78          *   00000100   UNINITIALIZED
                 [ 000014f0 ]  00000a78          *   00000100   --HOLE--

.csldata     0   [ 000016f0 ]  00000b78          *   000000d0   UNINITIALIZED
                 [ 000016f0 ]  00000b78          *   0000007e   csl5509ax.lib : csl_dmadat.obj (.csldata:DMA_data)
                 [ 000017ec ]  00000bf6          *   00000024                 : csl_mmcdat.obj (.csldata:MMC_data)
                 [ 00001834 ]  00000c1a          *   00000022                 : csl_csldat.obj (.csldata:SYS_data)
                 [ 00001878 ]  00000c3c          *   0000000c                 : csl_timdat.obj (.csldata:TIMER_data)

receive1     0   [ 00002000 ]  00001000          *   00000830   UNINITIALIZED
                 [ 00002000 ]  00001000          *   00000830   main.obj (receive1)

receive2     0   [ 00004000 ]  00002000          *   00000830   UNINITIALIZED
                 [ 00004000 ]  00002000          *   00000830   main.obj (receive2)

NFFT         0   [ 00006000 ]  00003000          *   00001000   UNINITIALIZED
                 [ 00006000 ]  00003000          *   00001000   main.obj (NFFT)

FFT          0   [ 00008000 ]  00004000          *   00002000   UNINITIALIZED
                 [ 00008000 ]  00004000          *   00002000   main.obj (FFT)

.ref         0   [ 0000c000 ]  00006000          *   00002000   UNINITIALIZED
                 [ 0000c000 ]  00006000          *   00002000   main.obj (.ref)

xcorr        0   [ 00010000 ]  00008000          *   00002000   UNINITIALIZED
                 [ 00010000 ]  00008000          *   00002000   main.obj (xcorr)

xcorrout     0   [ 00014000 ]  0000a000          *   00001000   UNINITIALIZED
                 [ 00014000 ]  0000a000          *   00001000   main.obj (xcorrout)

envelope     0   [ 00016000 ]  0000b000          *   0000157c   UNINITIALIZED
                 [ 00016000 ]  0000b000          *   0000157c   main.obj (envelope)

revsave      0   [ 0001a000 ]  0000d000          *   00002400   UNINITIALIZED
                 [ 0001a000 ]  0000d000          *   00002400   main.obj (revsave)

.text        0     00020000  [ 00010000 ] 00006693          *   
                   00020000  [ 00010000 ] 000036ea          *   main.obj (.text)
                   000236ea  [ 00011b75 ] 00000434          *   main.obj (.text:retain)
                   00023b1e  [ 00011d8f ] 000003cc          *   rts55x.lib : divd.obj (.text)
                   00023eea  [ 00011f75 ] 0000025a          *              : addd.obj (.text)
                   00024144  [ 000120a2 ] 00000218          *              : cos.obj (.text)
                   0002435c  [ 000121ae ] 000001ee          *   cfft_scale.obj (.text)
                   0002454a  [ 000122a5 ] 000001ee          *   cifft_scale.obj (.text)
                   00024738  [ 0001239c ] 000001ea          *   rts55x.lib : cmpd.obj (.text)
                   00024922  [ 00012491 ] 000001c7          *   csl5509ax.lib : dma_reset.obj (.text:DMA_reset)
                   00024ae9  [ 00012574+] 000001c3          *                 : mmc_sendop.obj (.text:MMC_sendOpCond)
                   00024cac  [ 00012656 ] 00000174          *                 : mmc_disp0.obj (.text:MMC_dispatch0)
                   00024e20  [ 00012710 ] 0000016b          *                 : mmc_disp1.obj (.text:MMC_dispatch1)
                   00024f8b  [ 000127c5+] 00000167          *   cfft_noscale.obj (.text)
                   000250f2  [ 00012879 ] 00000163          *   cifft_noscale.obj (.text)
                   00025255  [ 0001292a+] 0000014c          *   rts55x.lib : mpyd.obj (.text)
                   000253a1  [ 000129d0+] 0000013c          *   csl5509ax.lib : sd_setwidth.obj (.text:SD_setWidth)
                   000254dd  [ 00012a6e+] 00000116          *                 : tim_rstt.obj (.text:TIMER_reset)
                   000255f3  [ 00012af9+] 00000101          *                 : dma_cfg.obj (.text:DMA_config)
                   000256f4  [ 00012b7a ] 000000e1          *                 : sd_getcid.obj (.text:SD_getCardID)
                   000257d5  [ 00012bea+] 000000de          *                 : mmc_read.obj (.text:MMC_read)
                   000258b3  [ 00012c59+] 000000d6          *   cbrev.obj (.text)
                   00025989  [ 00012cc4+] 000000ce          *   csl5509ax.lib : dma_open.obj (.text:DMA_open)
                   00025a57  [ 00012d2b+] 000000c1          *                 : mmc_write.obj (.text:MMC_write)
                   00025b18  [ 00012d8c ] 000000bf          *   rts55x.lib : modf.obj (.text)
                   00025bd7  [ 00012deb+] 000000b5          *   csl5509ax.lib : mmc_open.obj (.text:MMC_open)
                   00025c8c  [ 00012e46 ] 000000a2          *                 : mmc_setNat.obj (.text:MMC_setupNative)
                   00025d2e  [ 00012e97 ] 000000a1          *   rts55x.lib : divul.obj (.text)
                   00025dcf  [ 00012ee7+] 0000008b          *   fir2.obj (.text)
                   00025e5a  [ 00012f2d ] 00000082          *   csl5509ax.lib : sd_allcid.obj (.text:SD_sendALLCID)
                   00025edc  [ 00012f6e ] 00000080          *                 : sd_sendrca.obj (.text:SD_sendRca)
                   00025f5c  [ 00012fae ] 00000077          *   rts55x.lib : fixdul.obj (.text)
                   00025fd3  [ 00012fe9+] 00000076          *              : frcmpyd.obj (.text)
                   00026049  [ 00013024+] 00000073          *              : frcmpyd_div.obj (.text)
                   000260bc  [ 0001305e ] 0000006f          *              : fixdli.obj (.text)
                   0002612b  [ 00013095+] 00000067          *              : fltlid.obj (.text)
                   00026192  [ 000130c9 ] 00000061          *   csl5509ax.lib : mmc_selcard.obj (.text:MMC_selectCard)
                   000261f3  [ 000130f9+] 00000060          *                 : mmc_rspdne.obj (.text:MMC_responseDone)
                   00026253  [ 00013129+] 0000005f          *   rts55x.lib : round.obj (.text)
                   000262b2  [ 00013159 ] 0000005b          *              : fltuld.obj (.text)
                   0002630d  [ 00013186+] 0000004d          *              : autoinit.obj (.text)
                   0002635a  [ 000131ad ] 0000004b          *              : args_main.obj (.text)
                   000263a5  [ 000131d2+] 00000048          *   csl5509ax.lib : mmc_getstat.obj (.text:MMC_getStatus)
                   000263ed  [ 000131f6+] 00000048          *   rts55x.lib : divli.obj (.text)
                   00026435  [ 0001321a+] 00000041          *              : trunc.obj (.text)
                   00026476  [ 0001323b ] 0000003e          *              : exit.obj (.text)
                   000264b4  [ 0001325a ] 0000003c          *   csl5509ax.lib : mmc_xgoidle.obj (.text:MMC_sendGoIdle)
                   000264f0  [ 00013278 ] 00000034          *                 : mmc_clrrsp.obj (.text:MMC_clearResponse)
                   00026524  [ 00013292 ] 00000034          *   rts55x.lib : boot.obj (.text)
                   00026558  [ 000132ac ] 00000032          *   maxvec.obj (.text)
                   0002658a  [ 000132c5 ] 0000002a          *   rts55x.lib : fixdi.obj (.text)
                   000265b4  [ 000132da ] 0000001b          *              : fixdu.obj (.text)
                   000265cf  [ 000132e7+] 00000014          *              : subd.obj (.text)
                   000265e3  [ 000132f1+] 00000013          *              : lmpy.obj (.text)
                   000265f6  [ 000132fb ] 00000012          *   csl5509ax.lib : mmc_waitfor.obj (.text:MMC_waitForFlag)
                   00026608  [ 00013304 ] 00000012          *   rts55x.lib : _lock.obj (.text)
                   0002661a  [ 0001330d ] 00000010          *              : negd.obj (.text)
                   0002662a  [ 00013315 ] 0000000f          *   csl5509ax.lib : irq_gdisab.obj (.text:IRQ_globalDisable)
                   00026639  [ 0001331c+] 0000000f          *                 : irq_genab.obj (.text:IRQ_globalEnable)
                   00026648  [ 00013324 ] 0000000e          *   rts55x.lib : fltud.obj (.text)
                   00026656  [ 0001332b ] 0000000d          *   csl5509ax.lib : _csl_init.obj (.text:_CSL_init)
                   00026663  [ 00013331+] 0000000c          *                 : csl.obj (.text:CSL_init)
                   0002666f  [ 00013337+] 0000000c          *                 : irq_grest.obj (.text:IRQ_globalRestore)
                   0002667b  [ 0001333d+] 0000000c          *   rts55x.lib : fltid.obj (.text)
                   00026687  [ 00013343+] 00000007          *              : exit.obj (.text:CIO_breakpoint)
                   0002668e  [ 00013347 ] 00000002          *   csl5509ax.lib : csl.obj (.text)
                   00026690  [ 00013348 ] 00000002          *   rts55x.lib : vectors.obj (.text)
                   00026692  [ 00013349 ] 00000001          *   --HOLE-- [fill = 20]

.data        0   [ 00026694 ]  0001334a          *   00001062   
                 [ 00026694 ]  0001334a          *   00001000   twid4096.obj (.data:twiddle)
                 [ 00028694 ]  0001434a          *   00000041   h_LPF1.obj (.data)
                 [ 00028716 ]  0001438b          *   00000021   h_LPF2.obj (.data)

.bss         0   [ 00028758 ]  000143ac          *   00000540   UNINITIALIZED
                 [ 00028758 ]  000143ac          *   00000508   main.obj (.bss)
                 [ 00029168 ]  000148b4          *   00000018   csl5509ax.lib : csl_mmcdat.obj (.bss)
                 [ 00029198 ]  000148cc          *   00000008   rts55x.lib : cos.obj (.bss)
                 [ 000291a8 ]  000148d4          *   00000004   cfft_noscale.obj (.bss)
                 [ 000291b0 ]  000148d8          *   00000004   cfft_scale.obj (.bss)
                 [ 000291b8 ]  000148dc          *   00000004   cifft_noscale.obj (.bss)
                 [ 000291c0 ]  000148e0          *   00000004   cifft_scale.obj (.bss)
                 [ 000291c8 ]  000148e4          *   00000004   rts55x.lib : _lock.obj (.bss)
                 [ 000291d0 ]  000148e8          *   00000004              : exit.obj (.bss)

.const       0   [ 000291d8 ]  000148ec          *   00000068   
                 [ 000291d8 ]  000148ec          *   0000002a   main.obj (.const)
                 [ 0002922c ]  00014916          *   00000016   rts55x.lib : cos.obj (.const)
                 [ 00029258 ]  0001492c          *   00000008              : divd.obj (.const:_initial_approx$1)
                 [ 00029268 ]  00014934          *   00000008              : round.obj (.const)
                 [ 00029278 ]  0001493c          *   00000006              : modf.obj (.const)
                 [ 00029284 ]  00014942          *   00000005   main.obj (.const:_ask_rs485)
                 [ 0002928e ]  00014947          *   00000004   main.obj (.const:_init_rs485)
                 [ 00029296 ]  0001494b          *   00000001   --HOLE-- [fill = 0]
                 [ 00029298 ]  0001494c          *   00000004   rts55x.lib : trunc.obj (.const)
                 [ 000292a0 ]  00014950          *   00000002              : fltlid.obj (.const)
                 [ 000292a4 ]  00014952          *   00000002              : fltuld.obj (.const)

send         0   [ 00030000 ]  00018000          *   00004e2c   UNINITIALIZED
                 [ 00030000 ]  00018000          *   00004e2c   main.obj (send)


GLOBAL SYMBOLS: SORTED ALPHABETICALLY BY Name 

abs. value/
byte addr   word addr   name
---------   ---------   ----
00000002                $TI_capability$C5500$CallingConvention
00000002                $TI_capability$C5500$MemoryModel
00000001                $TI_capability_requires_rev2
            000143ac    .bss
            0001334a    .data
00020000                .text
00026688                C$$EXIT
000265e3                I$$LMPY
            00014820    _ADC_in
0002668e                _CSL5509A_LIB_
            00000b78    _CSL_DmaData
            00000bf6    _CSL_MmcData
            00000c1a    _CSL_SysData
            00000c3c    _CSL_TimerData
00026663                _CSL_init
000255f3                _DMA_config
            000143ba    _DMA_count
00021bdc                _DMA_init
00025989                _DMA_open
00024922                _DMA_reset
            0001449f    _DMAdone
            000144a2    _DMAnum
            0001448e    _DS18B20_flag
000227af                _FFTprepare
000236c2                _FFTprepare2
            00014808    _FLAGSENDOVER
            00014805    _FLAG_OK
            00014807    _FLAG_RS232_REVOK
            00014464    _FLAG_yl
            00014463    _FLAG_yl_init
            00014806    _Flag_answer
            00014804    _Flag_timer
00021e1a                _I2C_Read
000200e7                _I2C_Write
            0001486c    _I2Cconfig
            00014876    _I2Cinit
0002662a                _IRQ_globalDisable
00026639                _IRQ_globalEnable
0002666f                _IRQ_globalRestore
            000148a8    _Init
00021bcf                _InitADC
00020619                _Init_DS18B20
00022200                _MMC_Init
000264f0                _MMC_clearResponse
00024cac                _MMC_dispatch0
00024e20                _MMC_dispatch1
000263a5                _MMC_getStatus
00025bd7                _MMC_open
000257d5                _MMC_read
000261f3                _MMC_responseDone
00026192                _MMC_selectCard
000264b4                _MMC_sendGoIdle
00024ae9                _MMC_sendOpCond
00025c8c                _MMC_setupNative
000265f6                _MMC_waitForFlag
00025a57                _MMC_write
            000143c4    _Max_pos_float
00021b9d                _McBSP_init
            000143b0    _NOISE_TH_HD
            000143af    _NOISE_TH_NEW
            000143ac    _NOISE_TH_huadong
            00014466    _PC_DATA
            00014445    _PC_init
            00014868    _PLLconfig
            000143bb    _Pos_flag
00022134                _Producelfm
00022067                _Produceref
            00014812    _RS485_DATA
0002080f                _Read
0002369a                _ReadSectorNumber_Usable
00000f00                _Reset
000223b4                _Respondermod
            00003000    _Rev
            00001000    _Rev1
            00002000    _Rev2
            00004000    _Rev_FFT
            0000b000    _Rev_envelope
            0000d000    _Rev_save
            0000e000    _Rev_save_filter_out
            00008000    _Rev_xcorr
            0000a000    _Rev_xcorrout
            000144a6    _Revdst1AddrHi
            000144a7    _Revdst1AddrLo
            000144a8    _Revdst2AddrHi
            000144a9    _Revdst2AddrLo
00022766                _Revprepare
            000144a4    _RevsrcAddrHi
            000144a5    _RevsrcAddrLo
            000143d8    _SDRAM_lfmhead
00023680                _SD_ReadData
000209f7                _SD_WriteData
000256f4                _SD_getCardID
            00014702    _SD_read
00025e5a                _SD_sendAllCID
00025edc                _SD_sendRca
000253a1                _SD_setWidth
            00014803    _SD_status
            00014802    _SD_test
            00014602    _SD_write
            000143c2    _SNR_HD_out
0002365a                _SaveSectorCounter
            00014502    _SecCounter
            00014500    _SectorCounter
            00014472    _Send_PC_DATA
            00014890    _Send_config
            0001800c    _Send_sig
0002041c                _Senddata0
00021b4b                _System_initial
000254dd                _TIMER_reset
            000143b2    _Time_Delay
            000143b6    _Tr_time
00020728                _Write
            00006000    _X_ref
00026656                __CSL_init
            00000a78    __STACK_END
00000200                __STACK_SIZE
00000200                __SYSSTACK_SIZE
00000001                __TI_args_main
ffffffff                ___binit__
            000143ac    ___bss__
ffffffff                ___c_args__
            00000800    ___cinit__
            0001334a    ___data__
            000143ac    ___edata__
            000148ec    ___end__
00026693                ___etext__
ffffffff                ___pinit__
00020000                ___text__
00023eea                __addd
0002635a                __args_main
            000148e8    __cleanup_ptr
000248ca                __cmpd
00023b1e                __divd
000263ed                __divli
00025d2e                __divul
            000148ea    __dtors_ptr
00024896                __eqld
0002658a                __fixdi
000260bc                __fixdli
000265b4                __fixdu
00025f5c                __fixdul
0002667b                __fltid
0002612b                __fltlid
00026648                __fltud
000262b2                __fltuld
00025fd3                __frcmpyd
00026049                __frcmpyd_div
0002484c                __geqd
00024801                __gtrd
000247b4                __leqd
            000148e4    __lock
0002476c                __lssd
00025255                __mpyd
000265e3                __mpyli
0002661a                __negd
00024738                __neqd
00026618                __nop
00026253                __nround
00026610                __register_lock
00026608                __register_unlock
            00000978    __stack
000265cf                __subd
            00000a78    __sysstack
00026435                __trunc
            000148e6    __unlock
            000143d0    _a
00026687                _abort
            00014942    _ask_rs485
00022ca6                _asksignal
0002630d                _auto_init
            000143d2    _b
            000143bf    _block2
            00014461    _buff
00026524                _c_int00
            000144be    _card
            000144c0    _cardalloc
            000144ea    _cardid
            000144ff    _cardtype
000258b3                _cbrev
00024f8b                _cfft_NOSCALE
0002435c                _cfft_SCALE
            000144e8    _cid
000250f2                _cifft_NOSCALE
0002454a                _cifft_SCALE
            000143cf    _code
00024144                _cos
            000144fc    _count
            00018000    _count_final_jiance
            000143db    _count_timer
00023658                _delay
            00014862    _depth
00022837                _detect
000227c6                _detect_prepare
00022e8c                _detect_signal
00023ac7                _dma0_Isr
00022808                _dot
00023629                _dot1
            000143bc    _endpos
            000143c0    _endpos_float
00026476                _exit
            000143d6    _f_code
            00014462    _f_send_uart
00025dcf                _fir2
000222f4                _get_noise
0002266e                _get_parameter
000204dd                _get_pressure
0002091a                _get_temperature
00020499                _get_voltage
            000144b4    _hDmaSend0
            000144b6    _hDmaSend1
            0001434a    _h_LPF1
            000143dd    _h_LPF1_db
            0001438b    _h_LPF2
            00014420    _h_LPF2_db
            00014947    _init_rs485
00023a9c                _int0_Isr
000238c8                _int1_Isr
000237f1                _int2_Isr
            000148b4    _isr_init
            00014867    _jiance_counter
0002306d                _main
00021b1e                _max_zh
00026558                _maxvec
00021af5                _mean_zh
            000144b8    _mhTimer0
            000144ba    _mhTimer1
            000144bc    _mmc1
00025b18                _modf
            0001487e    _myConfig
            000144b2    _myhDma
0002379d                _myhDma_Isr
00023780                _no_isr
            00014861    _noise_10ms
            000143ad    _noise_maxbuffer
            00014443    _oflag_LPF1
            00014444    _oflag_LPF2
00021a18                _pressure_init
000219cf                _qujunzhi1
00021986                _qujunzhi2
00021969                _qumo2
            000144fe    _rca
0002187c                _read_serial
000217be                _receive_752_init
            00014465    _release_flag
            0001480a    _resend_delay
            0001480c    _resend_delay1
            000143b4    _responder_Delay
            000143dc    _responder_flag
            000143b8    _responder_period
            000144fd    _retVal
000216c9                _send_serial
            000144ac    _senddst0AddrHi
            000144ad    _senddst0AddrLo
            000144b0    _senddst1AddrHi
            000144b1    _senddst1AddrLo
            000144aa    _sendsrc0AddrHi
            000144ab    _sendsrc0AddrLo
            000144ae    _sendsrc1AddrHi
            000144af    _sendsrc1AddrLo
            0001448f    _serial
            00014497    _serial_x
            000143bd    _sum_mean_save
000215eb                _system_config
000211f8                _take_action1
00020e4d                _take_action2
00020a55                _take_action3
            00014809    _temp_ADC
            0000f000    _temp_dainei_temp
            0000f100    _temp_dainei_temp_fft
            0000f300    _temp_dainei_temp_fft_abs
            0001481e    _temp_yl_data
            000144a0    _temperature
            000143da    _templfm
            000143c6    _testpinlv_flag
            000143c8    _testpinlv_ind
            000143c7    _testpinlv_max
            000148a2    _timCfg0
            000148a5    _timCfg1
0002371e                _timer0_Isr
            0001480e    _timer0_cnt
000236ea                _timer1_Isr
            00014810    _timer1_cnt
            00014866    _tongbu_flag
            00014864    _transponder_mode
            00014865    _transponder_mode1
000202e7                _uart_config
00020000                _variable_init
            00014860    _voltage_AD
            000143be    _width_save
            000143c9    _x1
            000143ca    _x2
            000143cb    _x3
            000143d4    _x_max
            000143cc    _y1
            000143cd    _y2
            000143ce    _y3
ffffffff                binit
            00000800    cinit
            000143ac    edata
            000148ec    end
00026693                etext
ffffffff                pinit
            0001334a    twiddle


GLOBAL SYMBOLS: SORTED BY Symbol Address 

abs. value/
byte addr   word addr   name
---------   ---------   ----
00000001                $TI_capability_requires_rev2
00000001                __TI_args_main
00000002                $TI_capability$C5500$CallingConvention
00000002                $TI_capability$C5500$MemoryModel
00000200                __STACK_SIZE
00000200                __SYSSTACK_SIZE
00000f00                _Reset
            00000800    ___cinit__
            00000800    cinit
            00000978    __stack
            00000a78    __STACK_END
            00000a78    __sysstack
            00000b78    _CSL_DmaData
            00000bf6    _CSL_MmcData
            00000c1a    _CSL_SysData
            00000c3c    _CSL_TimerData
            00001000    _Rev1
            00002000    _Rev2
            00003000    _Rev
            00004000    _Rev_FFT
            00006000    _X_ref
            00008000    _Rev_xcorr
            0000a000    _Rev_xcorrout
            0000b000    _Rev_envelope
            0000d000    _Rev_save
            0000e000    _Rev_save_filter_out
            0000f000    _temp_dainei_temp
            0000f100    _temp_dainei_temp_fft
            0000f300    _temp_dainei_temp_fft_abs
00020000                .text
00020000                ___text__
00020000                _variable_init
000200e7                _I2C_Write
000202e7                _uart_config
0002041c                _Senddata0
00020499                _get_voltage
000204dd                _get_pressure
00020619                _Init_DS18B20
00020728                _Write
0002080f                _Read
0002091a                _get_temperature
000209f7                _SD_WriteData
00020a55                _take_action3
00020e4d                _take_action2
000211f8                _take_action1
000215eb                _system_config
000216c9                _send_serial
000217be                _receive_752_init
0002187c                _read_serial
00021969                _qumo2
00021986                _qujunzhi2
000219cf                _qujunzhi1
00021a18                _pressure_init
00021af5                _mean_zh
00021b1e                _max_zh
00021b4b                _System_initial
00021b9d                _McBSP_init
00021bcf                _InitADC
00021bdc                _DMA_init
00021e1a                _I2C_Read
00022067                _Produceref
00022134                _Producelfm
00022200                _MMC_Init
000222f4                _get_noise
000223b4                _Respondermod
0002266e                _get_parameter
00022766                _Revprepare
000227af                _FFTprepare
000227c6                _detect_prepare
00022808                _dot
00022837                _detect
00022ca6                _asksignal
00022e8c                _detect_signal
0002306d                _main
00023629                _dot1
00023658                _delay
0002365a                _SaveSectorCounter
00023680                _SD_ReadData
0002369a                _ReadSectorNumber_Usable
000236c2                _FFTprepare2
000236ea                _timer1_Isr
0002371e                _timer0_Isr
00023780                _no_isr
0002379d                _myhDma_Isr
000237f1                _int2_Isr
000238c8                _int1_Isr
00023a9c                _int0_Isr
00023ac7                _dma0_Isr
00023b1e                __divd
00023eea                __addd
00024144                _cos
0002435c                _cfft_SCALE
0002454a                _cifft_SCALE
00024738                __neqd
0002476c                __lssd
000247b4                __leqd
00024801                __gtrd
0002484c                __geqd
00024896                __eqld
000248ca                __cmpd
00024922                _DMA_reset
00024ae9                _MMC_sendOpCond
00024cac                _MMC_dispatch0
00024e20                _MMC_dispatch1
00024f8b                _cfft_NOSCALE
000250f2                _cifft_NOSCALE
00025255                __mpyd
000253a1                _SD_setWidth
000254dd                _TIMER_reset
000255f3                _DMA_config
000256f4                _SD_getCardID
000257d5                _MMC_read
000258b3                _cbrev
00025989                _DMA_open
00025a57                _MMC_write
00025b18                _modf
00025bd7                _MMC_open
00025c8c                _MMC_setupNative
00025d2e                __divul
00025dcf                _fir2
00025e5a                _SD_sendAllCID
00025edc                _SD_sendRca
00025f5c                __fixdul
00025fd3                __frcmpyd
00026049                __frcmpyd_div
000260bc                __fixdli
0002612b                __fltlid
00026192                _MMC_selectCard
000261f3                _MMC_responseDone
00026253                __nround
000262b2                __fltuld
0002630d                _auto_init
0002635a                __args_main
000263a5                _MMC_getStatus
000263ed                __divli
00026435                __trunc
00026476                _exit
000264b4                _MMC_sendGoIdle
000264f0                _MMC_clearResponse
00026524                _c_int00
00026558                _maxvec
0002658a                __fixdi
000265b4                __fixdu
000265cf                __subd
000265e3                I$$LMPY
000265e3                __mpyli
000265f6                _MMC_waitForFlag
00026608                __register_unlock
00026610                __register_lock
00026618                __nop
0002661a                __negd
0002662a                _IRQ_globalDisable
00026639                _IRQ_globalEnable
00026648                __fltud
00026656                __CSL_init
00026663                _CSL_init
0002666f                _IRQ_globalRestore
0002667b                __fltid
00026687                _abort
00026688                C$$EXIT
0002668e                _CSL5509A_LIB_
00026693                ___etext__
00026693                etext
            0001334a    .data
            0001334a    ___data__
            0001334a    twiddle
            0001434a    _h_LPF1
            0001438b    _h_LPF2
            000143ac    .bss
            000143ac    _NOISE_TH_huadong
            000143ac    ___bss__
            000143ac    ___edata__
            000143ac    edata
            000143ad    _noise_maxbuffer
            000143af    _NOISE_TH_NEW
            000143b0    _NOISE_TH_HD
            000143b2    _Time_Delay
            000143b4    _responder_Delay
            000143b6    _Tr_time
            000143b8    _responder_period
            000143ba    _DMA_count
            000143bb    _Pos_flag
            000143bc    _endpos
            000143bd    _sum_mean_save
            000143be    _width_save
            000143bf    _block2
            000143c0    _endpos_float
            000143c2    _SNR_HD_out
            000143c4    _Max_pos_float
            000143c6    _testpinlv_flag
            000143c7    _testpinlv_max
            000143c8    _testpinlv_ind
            000143c9    _x1
            000143ca    _x2
            000143cb    _x3
            000143cc    _y1
            000143cd    _y2
            000143ce    _y3
            000143cf    _code
            000143d0    _a
            000143d2    _b
            000143d4    _x_max
            000143d6    _f_code
            000143d8    _SDRAM_lfmhead
            000143da    _templfm
            000143db    _count_timer
            000143dc    _responder_flag
            000143dd    _h_LPF1_db
            00014420    _h_LPF2_db
            00014443    _oflag_LPF1
            00014444    _oflag_LPF2
            00014445    _PC_init
            00014461    _buff
            00014462    _f_send_uart
            00014463    _FLAG_yl_init
            00014464    _FLAG_yl
            00014465    _release_flag
            00014466    _PC_DATA
            00014472    _Send_PC_DATA
            0001448e    _DS18B20_flag
            0001448f    _serial
            00014497    _serial_x
            0001449f    _DMAdone
            000144a0    _temperature
            000144a2    _DMAnum
            000144a4    _RevsrcAddrHi
            000144a5    _RevsrcAddrLo
            000144a6    _Revdst1AddrHi
            000144a7    _Revdst1AddrLo
            000144a8    _Revdst2AddrHi
            000144a9    _Revdst2AddrLo
            000144aa    _sendsrc0AddrHi
            000144ab    _sendsrc0AddrLo
            000144ac    _senddst0AddrHi
            000144ad    _senddst0AddrLo
            000144ae    _sendsrc1AddrHi
            000144af    _sendsrc1AddrLo
            000144b0    _senddst1AddrHi
            000144b1    _senddst1AddrLo
            000144b2    _myhDma
            000144b4    _hDmaSend0
            000144b6    _hDmaSend1
            000144b8    _mhTimer0
            000144ba    _mhTimer1
            000144bc    _mmc1
            000144be    _card
            000144c0    _cardalloc
            000144e8    _cid
            000144ea    _cardid
            000144fc    _count
            000144fd    _retVal
            000144fe    _rca
            000144ff    _cardtype
            00014500    _SectorCounter
            00014502    _SecCounter
            00014602    _SD_write
            00014702    _SD_read
            00014802    _SD_test
            00014803    _SD_status
            00014804    _Flag_timer
            00014805    _FLAG_OK
            00014806    _Flag_answer
            00014807    _FLAG_RS232_REVOK
            00014808    _FLAGSENDOVER
            00014809    _temp_ADC
            0001480a    _resend_delay
            0001480c    _resend_delay1
            0001480e    _timer0_cnt
            00014810    _timer1_cnt
            00014812    _RS485_DATA
            0001481e    _temp_yl_data
            00014820    _ADC_in
            00014860    _voltage_AD
            00014861    _noise_10ms
            00014862    _depth
            00014864    _transponder_mode
            00014865    _transponder_mode1
            00014866    _tongbu_flag
            00014867    _jiance_counter
            00014868    _PLLconfig
            0001486c    _I2Cconfig
            00014876    _I2Cinit
            0001487e    _myConfig
            00014890    _Send_config
            000148a2    _timCfg0
            000148a5    _timCfg1
            000148a8    _Init
            000148b4    _isr_init
            000148e4    __lock
            000148e6    __unlock
            000148e8    __cleanup_ptr
            000148ea    __dtors_ptr
            000148ec    ___end__
            000148ec    end
            00014942    _ask_rs485
            00014947    _init_rs485
            00018000    _count_final_jiance
            0001800c    _Send_sig
ffffffff                ___binit__
ffffffff                ___c_args__
ffffffff                ___pinit__
ffffffff                binit
ffffffff                pinit

[303 symbols]
