******************************************************************************
              TMS320C55x Linker PC v4.4.1                      
******************************************************************************
>> Linked Fri Jun 26 15:48:37 2015

OUTPUT FILE NAME:   <USBL.out>
ENTRY POINT SYMBOL: "_c_int00"  address: 00026596


MEMORY CONFIGURATION

         name            origin    length      used     unused   attr    fill
                        (bytes)   (bytes)    (bytes)   (bytes)
----------------------  --------  ---------  --------  --------  ----  --------
  MMR                   00000000   000000c0  00000000  000000c0  RWIX
  SPRAM                 000000c0   00000140  00000100  00000040  RWIX
  VECS                  00000e00   00000200  00000100  00000100  RWIX
  DARAM0                00001000   00001000  00000832  000007ce  RWIX
  DARAM1                00002000   00002000  00000ce0  00001320  RWIX
  DARAM2                00004000   00002000  00000ce0  00001320  RWIX
  DARAM3                00006000   00001000  00001000  00000000  RWIX
  DARAM4                00007000   00001000  00001000  00000000  RWIX
  DARAM5                00008000   00002000  00002000  00000000  RWIX
  DARAM6                0000a000   00002000  00002000  00000000  RWIX
  DARAM7                0000c000   00002000  00002000  00000000  RWIX
  DARAM8                0000e000   00001000  00001000  00000000  RWIX
  DARAM9                0000f000   00002000  00002000  00000000  RWIX
  SARAM1                00011000   00001000  00001000  00000000  RWIX
  SARAM2                00012000   00001000  00001000  00000000  RWIX
  SARAM3                00013000   00001000  00001000  00000000  RWIX
  SARAM4                00014000   00001000  00001000  00000000  RWIX
  SARAM5                00015000   00001000  00001000  00000000  RWIX
  SARAM6                00016000   00001000  00001000  00000000  RWIX
  SARAM7                00017000   00009000  00002800  00006800  RWIX
  SARAM8                00020000   00008000  00007694  0000096c  RWIX
  SARAM9                00028000   00008000  00004000  00004000  RWIX
  SARAM10               00030000   00010000  00004e20  0000b1e0  RWIX
  CE0                   00040000   003c0000  00000000  003c0000  RWIX
  CE1                   00400000   00400000  00000000  00400000  RWIX
  CE2                   00800000   00400000  00000000  00400000  RWIX
  CE3                   00c00000   003f8000  00000000  003f8000  RWIX
  PDROM                 00ff8000   00007f00  00000000  00007f00  RWIX


SECTION ALLOCATION MAP
(Addresses surrounded by []'s are displayed for convenience only!)

output                                                          attributes/
section   page  orgn(bytes) orgn(words) len(bytes) len(words)   input sections
--------  ----  ----------- ----------- ---------- ----------   --------------
vectors      0     000000c0  [ 00000060 ] 00000100          *   
                   000000c0  [ 00000060 ] 00000100          *   rts55x.lib : vectors.obj (vectors)

.vectors     0     00000e00  [ 00000700 ] 00000100          *   
                   00000e00  [ 00000700 ] 00000100          *   vectors.obj (.vectors)

.cinit       0   [ 00001000 ]  00000800          *   0000016d   
                 [ 00001000 ]  00000800          *   0000007a   main.obj (.cinit)
                 [ 000010f4 ]  0000087a          *   0000005d   csl5509x.lib : csl_dmadat.obj (.cinit)
                 [ 000011ae ]  000008d7          *   00000042                : csl_mmcdat.obj (.cinit)
                 [ 00001232 ]  00000919          *   00000025                : csl_csldat.obj (.cinit)
                 [ 0000127c ]  0000093e          *   0000000f                : csl_timdat.obj (.cinit)
                 [ 0000129a ]  0000094d          *   0000000b   rts55x.lib : sin.obj (.cinit)
                 [ 000012b0 ]  00000958          *   0000000a              : _lock.obj (.cinit)
                 [ 000012c4 ]  00000962          *   0000000a              : exit.obj (.cinit)
                 [ 000012d8 ]  0000096c          *   00000001   --HOLE-- [fill = 0]

.stack       0   [ 000012dc ]  0000096e          *   00000100   UNINITIALIZED
                 [ 000012dc ]  0000096e          *   00000100   --HOLE--

.sysstack 
*            0   [ 000014dc ]  00000a6e          *   00000100   UNINITIALIZED
                 [ 000014dc ]  00000a6e          *   00000100   --HOLE--

.csldata     0   [ 000016dc ]  00000b6e          *   000000ac   UNINITIALIZED
                 [ 000016dc ]  00000b6e          *   0000005a   csl5509x.lib : csl_dmadat.obj (.csldata:DMA_data)
                 [ 00001790 ]  00000bc8          *   00000024                : csl_mmcdat.obj (.csldata:MMC_data)
                 [ 000017d8 ]  00000bec          *   00000022                : csl_csldat.obj (.csldata:SYS_data)
                 [ 0000181c ]  00000c0e          *   0000000c                : csl_timdat.obj (.csldata:TIMER_data)

receive1     0   [ 00002000 ]  00001000          *   00000670   UNINITIALIZED
                 [ 00002000 ]  00001000          *   00000670   main.obj (receive1)

receive2     0   [ 00004000 ]  00002000          *   00000670   UNINITIALIZED
                 [ 00004000 ]  00002000          *   00000670   main.obj (receive2)

.twiddle     0   [ 00006000 ]  00003000          *   00000800   
                 [ 00006000 ]  00003000          *   00000800   twid2048.obj (.twiddle)

NFFT         0   [ 00007000 ]  00003800          *   00000800   UNINITIALIZED
                 [ 00007000 ]  00003800          *   00000800   main.obj (NFFT)

FFT          0   [ 00008000 ]  00004000          *   00001000   UNINITIALIZED
                 [ 00008000 ]  00004000          *   00001000   main.obj (FFT)

.ref         0   [ 0000a000 ]  00005000          *   00001000   UNINITIALIZED
                 [ 0000a000 ]  00005000          *   00001000   main.obj (.ref)

xcorr        0   [ 0000c000 ]  00006000          *   00001000   UNINITIALIZED
                 [ 0000c000 ]  00006000          *   00001000   main.obj (xcorr)

xcorrout     0   [ 0000e000 ]  00007000          *   00000800   UNINITIALIZED
                 [ 0000e000 ]  00007000          *   00000800   main.obj (xcorrout)

envelope     0   [ 0000f000 ]  00007800          *   00001000   UNINITIALIZED
                 [ 0000f000 ]  00007800          *   00001000   main.obj (envelope)

bp1          0   [ 00011000 ]  00008800          *   00000800   UNINITIALIZED
                 [ 00011000 ]  00008800          *   00000800   main.obj (bp1)

bp2          0   [ 00012000 ]  00009000          *   00000800   UNINITIALIZED
                 [ 00012000 ]  00009000          *   00000800   main.obj (bp2)

bp1abs       0   [ 00013000 ]  00009800          *   00000800   UNINITIALIZED
                 [ 00013000 ]  00009800          *   00000800   main.obj (bp1abs)

bp2abs       0   [ 00014000 ]  0000a000          *   00000800   UNINITIALIZED
                 [ 00014000 ]  0000a000          *   00000800   main.obj (bp2abs)

bp1envelope 
*            0   [ 00015000 ]  0000a800          *   00000800   UNINITIALIZED
                 [ 00015000 ]  0000a800          *   00000800   main.obj (bp1envelope)

bp2envelope 
*            0   [ 00016000 ]  0000b000          *   00000800   UNINITIALIZED
                 [ 00016000 ]  0000b000          *   00000800   main.obj (bp2envelope)

revsave      0   [ 00017000 ]  0000b800          *   00001400   UNINITIALIZED
                 [ 00017000 ]  0000b800          *   00001400   main.obj (revsave)

.text        0     00020000  [ 00010000 ] 000066e8          *   
                   00020000  [ 00010000 ] 00003afa          *   main.obj (.text)
                   00023afa  [ 00011d7d ] 000004d8          *   main.obj (.text:retain)
                   00023fd2  [ 00011fe9 ] 000003cc          *   rts55x.lib : divd.obj (.text)
                   0002439e  [ 000121cf ] 0000025a          *              : addd.obj (.text)
                   000245f8  [ 000122fc ] 000001f2          *              : sin.obj (.text)
                   000247ea  [ 000123f5 ] 000001ea          *              : cmpd.obj (.text)
                   000249d4  [ 000124ea ] 000001c3          *   csl5509x.lib : mmc_sendop.obj (.text:MMC_sendOpCond)
                   00024b97  [ 000125cb+] 000001a3          *                : dma_reset.obj (.text:DMA_reset)
                   00024d3a  [ 0001269d ] 00000174          *                : mmc_disp0.obj (.text:MMC_dispatch0)
                   00024eae  [ 00012757 ] 0000016b          *                : mmc_disp1.obj (.text:MMC_dispatch1)
                   00025019  [ 0001280c+] 00000167          *   cfft_noscale.obj (.text)
                   00025180  [ 000128c0 ] 00000163          *   cifft_noscale.obj (.text)
                   000252e3  [ 00012971+] 0000014c          *   rts55x.lib : mpyd.obj (.text)
                   0002542f  [ 00012a17+] 0000013c          *   csl5509x.lib : sd_setwidth.obj (.text:SD_setWidth)
                   0002556b  [ 00012ab5+] 00000116          *                : tim_rstt.obj (.text:TIMER_reset)
                   00025681  [ 00012b40+] 000000e1          *                : sd_getcid.obj (.text:SD_getCardID)
                   00025762  [ 00012bb1 ] 000000de          *                : mmc_read.obj (.text:MMC_read)
                   00025840  [ 00012c20 ] 000000de          *   cbrev.obj (.text:cbrev)
                   0002591e  [ 00012c8f ] 000000dd          *   csl5509x.lib : dma_cfg.obj (.text:DMA_config)
                   000259fb  [ 00012cfd+] 000000ce          *                : dma_open.obj (.text:DMA_open)
                   00025ac9  [ 00012d64+] 000000c1          *                : mmc_write.obj (.text:MMC_write)
                   00025b8a  [ 00012dc5 ] 000000bf          *   rts55x.lib : modf.obj (.text)
                   00025c49  [ 00012e24+] 000000b5          *   csl5509x.lib : mmc_open.obj (.text:MMC_open)
                   00025cfe  [ 00012e7f ] 000000a2          *                : mmc_setNat.obj (.text:MMC_setupNative)
                   00025da0  [ 00012ed0 ] 000000a1          *   rts55x.lib : divul.obj (.text)
                   00025e41  [ 00012f20+] 0000008b          *   fir2.obj (.text)
                   00025ecc  [ 00012f66 ] 00000082          *   csl5509x.lib : sd_allcid.obj (.text:SD_sendALLCID)
                   00025f4e  [ 00012fa7 ] 00000080          *                : sd_sendrca.obj (.text:SD_sendRca)
                   00025fce  [ 00012fe7 ] 00000077          *   rts55x.lib : fixdul.obj (.text)
                   00026045  [ 00013022+] 00000076          *              : frcmpyd.obj (.text)
                   000260bb  [ 0001305d+] 00000073          *              : frcmpyd_div.obj (.text)
                   0002612e  [ 00013097 ] 0000006f          *              : fixdli.obj (.text)
                   0002619d  [ 000130ce+] 00000067          *              : fltlid.obj (.text)
                   00026204  [ 00013102 ] 00000061          *   csl5509x.lib : mmc_selcard.obj (.text:MMC_selectCard)
                   00026265  [ 00013132+] 00000060          *                : mmc_rspdne.obj (.text:MMC_responseDone)
                   000262c5  [ 00013162+] 0000005f          *   rts55x.lib : round.obj (.text)
                   00026324  [ 00013192 ] 0000005b          *              : fltuld.obj (.text)
                   0002637f  [ 000131bf+] 0000004d          *              : autoinit.obj (.text)
                   000263cc  [ 000131e6 ] 0000004b          *              : args_main.obj (.text)
                   00026417  [ 0001320b+] 00000048          *   csl5509x.lib : mmc_getstat.obj (.text:MMC_getStatus)
                   0002645f  [ 0001322f+] 00000048          *   rts55x.lib : divli.obj (.text)
                   000264a7  [ 00013253+] 00000041          *              : trunc.obj (.text)
                   000264e8  [ 00013274 ] 0000003e          *              : exit.obj (.text)
                   00026526  [ 00013293 ] 0000003c          *   csl5509x.lib : mmc_xgoidle.obj (.text:MMC_sendGoIdle)
                   00026562  [ 000132b1 ] 00000034          *                : mmc_clrrsp.obj (.text:MMC_clearResponse)
                   00026596  [ 000132cb ] 00000034          *   rts55x.lib : boot.obj (.text)
                   000265ca  [ 000132e5 ] 00000032          *   maxvec.obj (.text)
                   000265fc  [ 000132fe ] 0000002a          *   rts55x.lib : fixdi.obj (.text)
                   00026626  [ 00013313 ] 0000001b          *              : fixdu.obj (.text)
                   00026641  [ 00013320+] 00000014          *              : subd.obj (.text)
                   00026655  [ 0001332a+] 00000013          *              : lmpy.obj (.text)
                   00026668  [ 00013334 ] 00000012          *   csl5509x.lib : mmc_waitfor.obj (.text:MMC_waitForFlag)
                   0002667a  [ 0001333d ] 00000012          *   rts55x.lib : _lock.obj (.text)
                   0002668c  [ 00013346 ] 00000010          *              : negd.obj (.text)
                   0002669c  [ 0001334e ] 0000000f          *   csl5509x.lib : irq_gdisab.obj (.text:IRQ_globalDisable)
                   000266ab  [ 00013355+] 0000000d          *                : _csl_init.obj (.text:_CSL_init)
                   000266b8  [ 0001335c ] 0000000c          *                : csl.obj (.text:CSL_init)
                   000266c4  [ 00013362 ] 0000000c          *                : irq_grest.obj (.text:IRQ_globalRestore)
                   000266d0  [ 00013368 ] 0000000c          *   rts55x.lib : fltid.obj (.text)
                   000266dc  [ 0001336e ] 00000007          *              : exit.obj (.text:CIO_breakpoint)
                   000266e3  [ 00013371+] 00000002          *   csl5509x.lib : csl.obj (.text)
                   000266e5  [ 00013372+] 00000002          *   rts55x.lib : vectors.obj (.text)
                   000266e7  [ 00013373 ] 00000001          *   --HOLE-- [fill = 20]

.bss         0   [ 000266e8 ]  00013374          *   00000524   UNINITIALIZED
                 [ 000266e8 ]  00013374          *   000004f4   main.obj (.bss)
                 [ 000270d0 ]  00013868          *   00000018   csl5509x.lib : csl_mmcdat.obj (.bss)
                 [ 00027100 ]  00013880          *   00000008   rts55x.lib : sin.obj (.bss)
                 [ 00027110 ]  00013888          *   00000004   cfft_noscale.obj (.bss)
                 [ 00027118 ]  0001388c          *   00000004   cifft_noscale.obj (.bss)
                 [ 00027120 ]  00013890          *   00000004   rts55x.lib : _lock.obj (.bss)
                 [ 00027128 ]  00013894          *   00000004              : exit.obj (.bss)

.const       0   [ 00027130 ]  00013898          *   00000270   
                 [ 00027130 ]  00013898          *   00000101   main.obj (.const:_filter1)
                 [ 00027332 ]  00013999          *   00000101   main.obj (.const:_filter2)
                 [ 00027534 ]  00013a9a          *   00000032   main.obj (.const)
                 [ 00027598 ]  00013acc          *   00000014   rts55x.lib : sin.obj (.const)
                 [ 000275c0 ]  00013ae0          *   00000008              : divd.obj (.const:_initial_approx$1)
                 [ 000275d0 ]  00013ae8          *   00000008              : round.obj (.const)
                 [ 000275e0 ]  00013af0          *   00000006              : modf.obj (.const)
                 [ 000275ec ]  00013af6          *   00000005   main.obj (.const:_ask_rs485)
                 [ 000275f6 ]  00013afb          *   00000004   main.obj (.const:_init_rs485)
                 [ 000275fe ]  00013aff          *   00000001   --HOLE-- [fill = 0]
                 [ 00027600 ]  00013b00          *   00000004   rts55x.lib : trunc.obj (.const)
                 [ 00027608 ]  00013b04          *   00000002              : fltlid.obj (.const)
                 [ 0002760c ]  00013b06          *   00000002              : fltuld.obj (.const)

.data        0   [ 00027610 ]  00013b08          *   00000042   
                 [ 00027610 ]  00013b08          *   00000021   h_LPF1.obj (.data)
                 [ 00027652 ]  00013b29          *   00000021   h_LPF2.obj (.data)

filter       0   [ 00028000 ]  00014000          *   00002000   UNINITIALIZED
                 [ 00028000 ]  00014000          *   00002000   main.obj (filter)

send         0   [ 00030000 ]  00018000          *   00002710   UNINITIALIZED
                 [ 00030000 ]  00018000          *   00002710   main.obj (send)


GLOBAL SYMBOLS: SORTED ALPHABETICALLY BY Name 

abs. value/
byte addr   word addr   name
---------   ---------   ----
00000002                $TI_capability$C5500$CallingConvention
00000002                $TI_capability$C5500$MemoryModel
00000001                $TI_capability_requires_rev2
            00013374    .bss
            00013b08    .data
00020000                .text
000266dd                C$$EXIT
00026655                I$$LMPY
            000137ee    _ADC_in
000266e3                _CSL5509_LIB_
            00000b6e    _CSL_DmaData
            00000bc8    _CSL_MmcData
            00000bec    _CSL_SysData
            00000c0e    _CSL_TimerData
000266b8                _CSL_init
0002591e                _DMA_config
            00013380    _DMA_count
00021a2f                _DMA_init
000259fb                _DMA_open
00024b97                _DMA_reset
            0001346f    _DMAdone
            00013472    _DMAnum
            0001345e    _DS18B20_flag
0002276f                _FFTprepare
00022f57                _FFTprepare2
00022ed7                _FFTprepare_FSK
            000137d8    _FLAGSENDOVER
            000137d5    _FLAG_OK
            000137d7    _FLAG_RS232_REVOK
            00013434    _FLAG_yl
            00013433    _FLAG_yl_init
00022f80                _FSKdetect
            000137d6    _Flag_answer
            000137d4    _Flag_timer
0002669c                _IRQ_globalDisable
000266c4                _IRQ_globalRestore
            0001385c    _Init
00021a22                _InitADC
000203ff                _Init_DS18B20
0002200a                _MMC_Init
00026562                _MMC_clearResponse
00024d3a                _MMC_dispatch0
00024eae                _MMC_dispatch1
00026417                _MMC_getStatus
00025c49                _MMC_open
00025762                _MMC_read
00026265                _MMC_responseDone
00026204                _MMC_selectCard
00026526                _MMC_sendGoIdle
000249d4                _MMC_sendOpCond
00025cfe                _MMC_setupNative
00026668                _MMC_waitForFlag
00025ac9                _MMC_write
000219f0                _McBSP_init
            00013378    _NOISE_TH_HD
            00013377    _NOISE_TH_NEW
            00013374    _NOISE_TH_huadong
            00013436    _PC_DATA
            00013415    _PC_init
            00013381    _Pos_flag
00021e18                _Producefilter
00021ebe                _Producelfm
00021c70                _Produceref
            000133b1    _RAMSES_code
            000133a1    _RAMSES_code1
            000133b9    _RAMSES_freq
            000133c1    _RAMSES_time
            000133a9    _RAMSES_time1
            000137e0    _RS485_DATA
000205fb                _Read
00023ad9                _ReadSectorNumber_Usable
000000c0                _Reset
000221a9                _Respondermod
            00003800    _Rev
            00001000    _Rev1
            00002000    _Rev2
            00004000    _Rev_FFT
            00008800    _Rev_bp1
            00009800    _Rev_bp1_abs
            0000a800    _Rev_bp1_envelope
            00009000    _Rev_bp2
            0000a000    _Rev_bp2_abs
            0000b000    _Rev_bp2_envelope
            00007800    _Rev_envelope
            0000b800    _Rev_save
            0000c000    _Rev_save_filter_out
            00006000    _Rev_xcorr
            00007000    _Rev_xcorrout
            00013476    _Revdst1AddrHi
            00013477    _Revdst1AddrLo
            00013478    _Revdst2AddrHi
            00013479    _Revdst2AddrLo
00022726                _Revprepare
            00013474    _RevsrcAddrHi
            00013475    _RevsrcAddrLo
            0001339e    _SDRAM_lfmhead
00023abf                _SD_ReadData
000207e6                _SD_WriteData
00025681                _SD_getCardID
            000136d2    _SD_read
00025ecc                _SD_sendAllCID
00025f4e                _SD_sendRca
0002542f                _SD_setWidth
            000137d3    _SD_status
            000137d2    _SD_test
            000135d2    _SD_write
            00013388    _SNR_HD_out
00023a99                _SaveSectorCounter
            000134d2    _SecCounter
            000134d0    _SectorCounter
            00013442    _Send_PC_DATA
            00018000    _Send_sig
000201f2                _Senddata0
000223b3                _Syntimermod
00021992                _System_initial
0002556b                _TIMER_reset
            0001337a    _Time_Delay
00020514                _Write
            00005000    _X_ref
000266ab                __CSL_init
            00000a6e    __STACK_END
00000200                __STACK_SIZE
00000200                __SYSSTACK_SIZE
00000001                __TI_args_main
ffffffff                ___binit__
            00013374    ___bss__
ffffffff                ___c_args__
            00000800    ___cinit__
            00013b08    ___data__
            00013b4a    ___edata__
            00013898    ___end__
000266e8                ___etext__
ffffffff                ___pinit__
00020000                ___text__
0002439e                __addd
000263cc                __args_main
            00013894    __cleanup_ptr
0002497c                __cmpd
00023fd2                __divd
0002645f                __divli
00025da0                __divul
            00013896    __dtors_ptr
00024948                __eqld
000265fc                __fixdi
0002612e                __fixdli
00026626                __fixdu
00025fce                __fixdul
000266d0                __fltid
0002619d                __fltlid
00026324                __fltuld
00026045                __frcmpyd
000260bb                __frcmpyd_div
000248fe                __geqd
000248b3                __gtrd
00024866                __leqd
            00013890    __lock
0002481e                __lssd
000252e3                __mpyd
00026655                __mpyli
0002668c                __negd
000247ea                __neqd
0002668a                __nop
000262c5                __nround
00026682                __register_lock
0002667a                __register_unlock
            0000096e    __stack
00026641                __subd
            00000a6e    __sysstack
000264a7                __trunc
            00013892    __unlock
            00013396    _a
000266dc                _abort
            00013af6    _ask_rs485
00022c51                _asksignal
0002637f                _auto_init
            00013398    _b
            0001338a    _block2
            00013431    _buff
00026596                _c_int00
            0001348e    _card
            00013490    _cardalloc
            000134ba    _cardid
            000134cf    _cardtype
00025840                _cbrev
00025019                _cfft_NOSCALE
            000134b8    _cid
00025180                _cifft_NOSCALE
            00013395    _code
            000134cc    _count
            0001338c    _count_final_jiance
            000133c9    _count_timer
            00013830    _depth
000227f5                _detect
00022784                _detect_prepare
00022eee                _detect_prepare_FSK
0002331a                _detect_signal
00023f7b                _dma0_Isr
000227c6                _dot
00022f28                _dot1
            00013382    _endpos
            00013386    _endpos_float
            00013385    _endpos_xcorr
000264e8                _exit
            0001339c    _f_code
            00013432    _f_send_uart
            00013898    _filter1
            00013999    _filter2
00025e41                _fir2
000220fe                _get_noise
000222bb                _get_parameter
000202b3                _get_pressure
00020709                _get_temperature
0002026f                _get_voltage
            00013484    _hDmaSend0
            00013486    _hDmaSend1
            00014000    _h_BPF1
            00015000    _h_BPF2
            00013b08    _h_LPF1
            000133cb    _h_LPF1_db
            00013b29    _h_LPF2
            000133ee    _h_LPF2_db
            00013afb    _init_rs485
00023e19                _int0_Isr
00023ce0                _int1_Isr
00023c01                _int2_Isr
            00013868    _isr_init
            00013834    _jiance_counter
000234c4                _main
00021961                _max_zh
000265ca                _maxvec
00021936                _mean_zh
            00013488    _mhTimer0
            0001348a    _mhTimer1
            0001348c    _mmc1
00025b8a                _modf
            00013836    _myConfig
            00013846    _myconfigdma0
            00013482    _myhDma
00023bad                _myhDma_Isr
00023b90                _no_isr
            0001382f    _noise_10ms
            00013375    _noise_maxbuffer
            00013413    _oflag_BPF1
            00013414    _oflag_BPF2
            00013411    _oflag_LPF1
            00013412    _oflag_LPF2
00021840                _pressure_init
000217f7                _qujunzhi1
000217ae                _qujunzhi2
00021791                _qumo2
            000134ce    _rca
000216a0                _read_serial
000215e2                _receive_752_init
            00013435    _release_flag
            000137da    _resend_delay
            0001337c    _responder_Delay
            000133ca    _responder_flag
            0001337e    _responder_period
            000134cd    _retVal
000214ed                _send_serial
            0001347c    _senddst0AddrHi
            0001347d    _senddst0AddrLo
            00013480    _senddst1AddrHi
            00013481    _senddst1AddrLo
            0001347a    _sendsrc0AddrHi
            0001347b    _sendsrc0AddrLo
            0001347e    _sendsrc1AddrHi
            0001347f    _sendsrc1AddrLo
            0001345f    _serial
            00013467    _serial_x
000245f8                _sin
            00013383    _sum_mean_save
0002140f                _system_config
00020fe7                _take_action1
00020c3c                _take_action2
00020844                _take_action3
            000137d9    _temp_ADC
            0000c800    _temp_dainei_temp
            0000c900    _temp_dainei_temp_fft
            0000cb00    _temp_dainei_temp_fft_abs
            000137ec    _temp_yl_data
            00013470    _temperature
            000133a0    _templfm
            0001338b    _testpinlv_flag
            0001338e    _testpinlv_ind
            0001338d    _testpinlv_max
            00013856    _timCfg0
            00013859    _timCfg1
00023b2e                _timer0_Isr
            000137dc    _timer0_cnt
00023afa                _timer1_Isr
            000137de    _timer1_cnt
            00013833    _tongbu_flag
            00013832    _transponder_mode
000200cf                _uart_config
00020000                _variable_init
            0001382e    _voltage_AD
            00013384    _width_save
            0001338f    _x1
            00013390    _x2
            00013391    _x3
            0001339a    _x_max
            00013392    _y1
            00013393    _y2
            00013394    _y3
ffffffff                binit
            00000800    cinit
            00013b4a    edata
            00013898    end
000266e8                etext
ffffffff                pinit
            00003000    twiddle


GLOBAL SYMBOLS: SORTED BY Symbol Address 

abs. value/
byte addr   word addr   name
---------   ---------   ----
00000001                $TI_capability_requires_rev2
00000001                __TI_args_main
00000002                $TI_capability$C5500$CallingConvention
00000002                $TI_capability$C5500$MemoryModel
000000c0                _Reset
00000200                __STACK_SIZE
00000200                __SYSSTACK_SIZE
            00000800    ___cinit__
            00000800    cinit
            0000096e    __stack
            00000a6e    __STACK_END
            00000a6e    __sysstack
            00000b6e    _CSL_DmaData
            00000bc8    _CSL_MmcData
            00000bec    _CSL_SysData
            00000c0e    _CSL_TimerData
            00001000    _Rev1
            00002000    _Rev2
            00003000    twiddle
            00003800    _Rev
            00004000    _Rev_FFT
            00005000    _X_ref
            00006000    _Rev_xcorr
            00007000    _Rev_xcorrout
            00007800    _Rev_envelope
            00008800    _Rev_bp1
            00009000    _Rev_bp2
            00009800    _Rev_bp1_abs
            0000a000    _Rev_bp2_abs
            0000a800    _Rev_bp1_envelope
            0000b000    _Rev_bp2_envelope
            0000b800    _Rev_save
            0000c000    _Rev_save_filter_out
            0000c800    _temp_dainei_temp
            0000c900    _temp_dainei_temp_fft
            0000cb00    _temp_dainei_temp_fft_abs
00020000                .text
00020000                ___text__
00020000                _variable_init
000200cf                _uart_config
000201f2                _Senddata0
0002026f                _get_voltage
000202b3                _get_pressure
000203ff                _Init_DS18B20
00020514                _Write
000205fb                _Read
00020709                _get_temperature
000207e6                _SD_WriteData
00020844                _take_action3
00020c3c                _take_action2
00020fe7                _take_action1
0002140f                _system_config
000214ed                _send_serial
000215e2                _receive_752_init
000216a0                _read_serial
00021791                _qumo2
000217ae                _qujunzhi2
000217f7                _qujunzhi1
00021840                _pressure_init
00021936                _mean_zh
00021961                _max_zh
00021992                _System_initial
000219f0                _McBSP_init
00021a22                _InitADC
00021a2f                _DMA_init
00021c70                _Produceref
00021e18                _Producefilter
00021ebe                _Producelfm
0002200a                _MMC_Init
000220fe                _get_noise
000221a9                _Respondermod
000222bb                _get_parameter
000223b3                _Syntimermod
00022726                _Revprepare
0002276f                _FFTprepare
00022784                _detect_prepare
000227c6                _dot
000227f5                _detect
00022c51                _asksignal
00022ed7                _FFTprepare_FSK
00022eee                _detect_prepare_FSK
00022f28                _dot1
00022f57                _FFTprepare2
00022f80                _FSKdetect
0002331a                _detect_signal
000234c4                _main
00023a99                _SaveSectorCounter
00023abf                _SD_ReadData
00023ad9                _ReadSectorNumber_Usable
00023afa                _timer1_Isr
00023b2e                _timer0_Isr
00023b90                _no_isr
00023bad                _myhDma_Isr
00023c01                _int2_Isr
00023ce0                _int1_Isr
00023e19                _int0_Isr
00023f7b                _dma0_Isr
00023fd2                __divd
0002439e                __addd
000245f8                _sin
000247ea                __neqd
0002481e                __lssd
00024866                __leqd
000248b3                __gtrd
000248fe                __geqd
00024948                __eqld
0002497c                __cmpd
000249d4                _MMC_sendOpCond
00024b97                _DMA_reset
00024d3a                _MMC_dispatch0
00024eae                _MMC_dispatch1
00025019                _cfft_NOSCALE
00025180                _cifft_NOSCALE
000252e3                __mpyd
0002542f                _SD_setWidth
0002556b                _TIMER_reset
00025681                _SD_getCardID
00025762                _MMC_read
00025840                _cbrev
0002591e                _DMA_config
000259fb                _DMA_open
00025ac9                _MMC_write
00025b8a                _modf
00025c49                _MMC_open
00025cfe                _MMC_setupNative
00025da0                __divul
00025e41                _fir2
00025ecc                _SD_sendAllCID
00025f4e                _SD_sendRca
00025fce                __fixdul
00026045                __frcmpyd
000260bb                __frcmpyd_div
0002612e                __fixdli
0002619d                __fltlid
00026204                _MMC_selectCard
00026265                _MMC_responseDone
000262c5                __nround
00026324                __fltuld
0002637f                _auto_init
000263cc                __args_main
00026417                _MMC_getStatus
0002645f                __divli
000264a7                __trunc
000264e8                _exit
00026526                _MMC_sendGoIdle
00026562                _MMC_clearResponse
00026596                _c_int00
000265ca                _maxvec
000265fc                __fixdi
00026626                __fixdu
00026641                __subd
00026655                I$$LMPY
00026655                __mpyli
00026668                _MMC_waitForFlag
0002667a                __register_unlock
00026682                __register_lock
0002668a                __nop
0002668c                __negd
0002669c                _IRQ_globalDisable
000266ab                __CSL_init
000266b8                _CSL_init
000266c4                _IRQ_globalRestore
000266d0                __fltid
000266dc                _abort
000266dd                C$$EXIT
000266e3                _CSL5509_LIB_
            00013374    .bss
            00013374    _NOISE_TH_huadong
            00013374    ___bss__
000266e8                ___etext__
000266e8                etext
            00013375    _noise_maxbuffer
            00013377    _NOISE_TH_NEW
            00013378    _NOISE_TH_HD
            0001337a    _Time_Delay
            0001337c    _responder_Delay
            0001337e    _responder_period
            00013380    _DMA_count
            00013381    _Pos_flag
            00013382    _endpos
            00013383    _sum_mean_save
            00013384    _width_save
            00013385    _endpos_xcorr
            00013386    _endpos_float
            00013388    _SNR_HD_out
            0001338a    _block2
            0001338b    _testpinlv_flag
            0001338c    _count_final_jiance
            0001338d    _testpinlv_max
            0001338e    _testpinlv_ind
            0001338f    _x1
            00013390    _x2
            00013391    _x3
            00013392    _y1
            00013393    _y2
            00013394    _y3
            00013395    _code
            00013396    _a
            00013398    _b
            0001339a    _x_max
            0001339c    _f_code
            0001339e    _SDRAM_lfmhead
            000133a0    _templfm
            000133a1    _RAMSES_code1
            000133a9    _RAMSES_time1
            000133b1    _RAMSES_code
            000133b9    _RAMSES_freq
            000133c1    _RAMSES_time
            000133c9    _count_timer
            000133ca    _responder_flag
            000133cb    _h_LPF1_db
            000133ee    _h_LPF2_db
            00013411    _oflag_LPF1
            00013412    _oflag_LPF2
            00013413    _oflag_BPF1
            00013414    _oflag_BPF2
            00013415    _PC_init
            00013431    _buff
            00013432    _f_send_uart
            00013433    _FLAG_yl_init
            00013434    _FLAG_yl
            00013435    _release_flag
            00013436    _PC_DATA
            00013442    _Send_PC_DATA
            0001345e    _DS18B20_flag
            0001345f    _serial
            00013467    _serial_x
            0001346f    _DMAdone
            00013470    _temperature
            00013472    _DMAnum
            00013474    _RevsrcAddrHi
            00013475    _RevsrcAddrLo
            00013476    _Revdst1AddrHi
            00013477    _Revdst1AddrLo
            00013478    _Revdst2AddrHi
            00013479    _Revdst2AddrLo
            0001347a    _sendsrc0AddrHi
            0001347b    _sendsrc0AddrLo
            0001347c    _senddst0AddrHi
            0001347d    _senddst0AddrLo
            0001347e    _sendsrc1AddrHi
            0001347f    _sendsrc1AddrLo
            00013480    _senddst1AddrHi
            00013481    _senddst1AddrLo
            00013482    _myhDma
            00013484    _hDmaSend0
            00013486    _hDmaSend1
            00013488    _mhTimer0
            0001348a    _mhTimer1
            0001348c    _mmc1
            0001348e    _card
            00013490    _cardalloc
            000134b8    _cid
            000134ba    _cardid
            000134cc    _count
            000134cd    _retVal
            000134ce    _rca
            000134cf    _cardtype
            000134d0    _SectorCounter
            000134d2    _SecCounter
            000135d2    _SD_write
            000136d2    _SD_read
            000137d2    _SD_test
            000137d3    _SD_status
            000137d4    _Flag_timer
            000137d5    _FLAG_OK
            000137d6    _Flag_answer
            000137d7    _FLAG_RS232_REVOK
            000137d8    _FLAGSENDOVER
            000137d9    _temp_ADC
            000137da    _resend_delay
            000137dc    _timer0_cnt
            000137de    _timer1_cnt
            000137e0    _RS485_DATA
            000137ec    _temp_yl_data
            000137ee    _ADC_in
            0001382e    _voltage_AD
            0001382f    _noise_10ms
            00013830    _depth
            00013832    _transponder_mode
            00013833    _tongbu_flag
            00013834    _jiance_counter
            00013836    _myConfig
            00013846    _myconfigdma0
            00013856    _timCfg0
            00013859    _timCfg1
            0001385c    _Init
            00013868    _isr_init
            00013890    __lock
            00013892    __unlock
            00013894    __cleanup_ptr
            00013896    __dtors_ptr
            00013898    ___end__
            00013898    _filter1
            00013898    end
            00013999    _filter2
            00013af6    _ask_rs485
            00013afb    _init_rs485
            00013b08    .data
            00013b08    ___data__
            00013b08    _h_LPF1
            00013b29    _h_LPF2
            00013b4a    ___edata__
            00013b4a    edata
            00014000    _h_BPF1
            00015000    _h_BPF2
            00018000    _Send_sig
ffffffff                ___binit__
ffffffff                ___c_args__
ffffffff                ___pinit__
ffffffff                binit
ffffffff                pinit

[312 symbols]
