******************************************************************************
              TMS320C55x Linker PC v4.4.1                      
******************************************************************************
>> Linked Fri Oct 28 17:28:29 2016

OUTPUT FILE NAME:   <USBL.out>
ENTRY POINT SYMBOL: "_c_int00"  address: 00026110


MEMORY CONFIGURATION

         name            origin    length      used     unused   attr    fill
                        (bytes)   (bytes)    (bytes)   (bytes)
----------------------  --------  ---------  --------  --------  ----  --------
  MMR                   00000000   000000c0  00000000  000000c0  RWIX
  SPRAM                 000000c0   00000140  00000100  00000040  RWIX
  VECS                  00000e00   00000200  00000100  00000100  RWIX
  DARAM0                00001000   00001000  0000084a  000007b6  RWIX
  DARAM1                00002000   00002000  00000830  000017d0  RWIX
  DARAM2                00004000   00002000  00000830  000017d0  RWIX
  DARAM3                00006000   00001000  00001000  00000000  RWIX
  DARAM4                00007000   00001000  00001000  00000000  RWIX
  DARAM5                00008000   00002000  00002000  00000000  RWIX
  DARAM6                0000a000   00002000  00002000  00000000  RWIX
  DARAM7                0000c000   00002000  00002000  00000000  RWIX
  DARAM8                0000e000   00001000  00001000  00000000  RWIX
  DARAM9                0000f000   00001000  00001000  00000000  RWIX
  SARAM1                00010000   00001000  00001000  00000000  RWIX
  SARAM2                00011000   00001000  00001000  00000000  RWIX
  SARAM3                00012000   00001000  00001000  00000000  RWIX
  SARAM4                00013000   00001000  00001000  00000000  RWIX
  SARAM5                00014000   00001000  00001000  00000000  RWIX
  SARAM6                00015000   00001000  00001000  00000000  RWIX
  SARAM7                00016000   0000a000  00001800  00008800  RWIX
  SARAM8                00020000   00008000  000071ca  00000e36  RWIX
  SARAM9                00028000   00008000  00004000  00004000  RWIX
  SARAM10               00030000   00010000  00009c40  000063c0  RWIX
  CE0                   00040000   003c0000  00000000  003c0000  RWIX
  CE1                   00400000   00400000  00000000  00400000  RWIX
  CE2                   00800000   00400000  00000000  00400000  RWIX
  CE3                   00c00000   003f8000  00000000  003f8000  RWIX
  PDROM                 00ff8000   00007f00  00000000  00007f00  RWIX


SECTION ALLOCATION MAP
(Addresses surrounded by []'s are displayed for convenience only!)

output                                                          attributes/
section   page  orgn(bytes) orgn(words) len(bytes) len(words)   input sections
--------  ----  ----------- ----------- ---------- ----------   --------------
vectors      0     000000c0  [ 00000060 ] 00000100          *   
                   000000c0  [ 00000060 ] 00000100          *   rts55x.lib : vectors.obj (vectors)

.vectors     0     00000e00  [ 00000700 ] 00000100          *   
                   00000e00  [ 00000700 ] 00000100          *   vectors.obj (.vectors)

.cinit       0   [ 00001000 ]  00000800          *   00000155   
                 [ 00001000 ]  00000800          *   00000081   csl5509ax.lib : csl_dmadat.obj (.cinit)
                 [ 00001102 ]  00000881          *   00000042                 : csl_mmcdat.obj (.cinit)
                 [ 00001186 ]  000008c3          *   0000003e   main.obj (.cinit)
                 [ 00001202 ]  00000901          *   00000025   csl5509ax.lib : csl_csldat.obj (.cinit)
                 [ 0000124c ]  00000926          *   0000000f                 : csl_timdat.obj (.cinit)
                 [ 0000126a ]  00000935          *   0000000b   rts55x.lib : cos.obj (.cinit)
                 [ 00001280 ]  00000940          *   0000000a              : _lock.obj (.cinit)
                 [ 00001294 ]  0000094a          *   0000000a              : exit.obj (.cinit)
                 [ 000012a8 ]  00000954          *   00000001   --HOLE-- [fill = 0]

.stack       0   [ 000012ac ]  00000956          *   00000100   UNINITIALIZED
                 [ 000012ac ]  00000956          *   00000100   --HOLE--

.sysstack 
*            0   [ 000014ac ]  00000a56          *   00000100   UNINITIALIZED
                 [ 000014ac ]  00000a56          *   00000100   --HOLE--

.csldata     0   [ 000016ac ]  00000b56          *   000000d0   UNINITIALIZED
                 [ 000016ac ]  00000b56          *   0000007e   csl5509ax.lib : csl_dmadat.obj (.csldata:DMA_data)
                 [ 000017a8 ]  00000bd4          *   00000024                 : csl_mmcdat.obj (.csldata:MMC_data)
                 [ 000017f0 ]  00000bf8          *   00000022                 : csl_csldat.obj (.csldata:SYS_data)
                 [ 00001834 ]  00000c1a          *   0000000c                 : csl_timdat.obj (.csldata:TIMER_data)

receive1     0   [ 00002000 ]  00001000          *   00000418   UNINITIALIZED
                 [ 00002000 ]  00001000          *   00000418   main.obj (receive1)

receive2     0   [ 00004000 ]  00002000          *   00000418   UNINITIALIZED
                 [ 00004000 ]  00002000          *   00000418   main.obj (receive2)

.twiddle     0   [ 00006000 ]  00003000          *   00000800   
                 [ 00006000 ]  00003000          *   00000800   twid2048.obj (.twiddle)

NFFT         0   [ 00007000 ]  00003800          *   00000800   UNINITIALIZED
                 [ 00007000 ]  00003800          *   00000800   main.obj (NFFT)

FFT          0   [ 00008000 ]  00004000          *   00001000   UNINITIALIZED
                 [ 00008000 ]  00004000          *   00001000   main.obj (FFT)

.ref         0   [ 0000a000 ]  00005000          *   00001000   UNINITIALIZED
                 [ 0000a000 ]  00005000          *   00001000   main.obj (.ref)

xcorr        0   [ 0000c000 ]  00006000          *   00001000   UNINITIALIZED
                 [ 0000c000 ]  00006000          *   00001000   main.obj (xcorr)

xcorrout     0   [ 0000e000 ]  00007000          *   00000800   UNINITIALIZED
                 [ 0000e000 ]  00007000          *   00000800   main.obj (xcorrout)

envelope     0   [ 0000f000 ]  00007800          *   00000800   UNINITIALIZED
                 [ 0000f000 ]  00007800          *   00000800   main.obj (envelope)

bp1          0   [ 00010000 ]  00008000          *   00000800   UNINITIALIZED
                 [ 00010000 ]  00008000          *   00000800   main.obj (bp1)

bp2          0   [ 00011000 ]  00008800          *   00000800   UNINITIALIZED
                 [ 00011000 ]  00008800          *   00000800   main.obj (bp2)

bp1abs       0   [ 00012000 ]  00009000          *   00000800   UNINITIALIZED
                 [ 00012000 ]  00009000          *   00000800   main.obj (bp1abs)

bp2abs       0   [ 00013000 ]  00009800          *   00000800   UNINITIALIZED
                 [ 00013000 ]  00009800          *   00000800   main.obj (bp2abs)

bp1envelope 
*            0   [ 00014000 ]  0000a000          *   00000800   UNINITIALIZED
                 [ 00014000 ]  0000a000          *   00000800   main.obj (bp1envelope)

bp2envelope 
*            0   [ 00015000 ]  0000a800          *   00000800   UNINITIALIZED
                 [ 00015000 ]  0000a800          *   00000800   main.obj (bp2envelope)

revsave      0   [ 00016000 ]  0000b000          *   00000c00   UNINITIALIZED
                 [ 00016000 ]  0000b000          *   00000c00   main.obj (revsave)

.text        0     00020000  [ 00010000 ] 00006262          *   
                   00020000  [ 00010000 ] 000035e7          *   main.obj (.text)
                   000235e7  [ 00011af3+] 000004f7          *   main.obj (.text:retain)
                   00023ade  [ 00011d6f ] 000003cc          *   rts55x.lib : divd.obj (.text)
                   00023eaa  [ 00011f55 ] 0000025a          *              : addd.obj (.text)
                   00024104  [ 00012082 ] 00000218          *              : cos.obj (.text)
                   0002431c  [ 0001218e ] 000001ea          *              : cmpd.obj (.text)
                   00024506  [ 00012283 ] 000001c7          *   csl5509ax.lib : dma_reset.obj (.text:DMA_reset)
                   000246cd  [ 00012366+] 000001c3          *                 : mmc_sendop.obj (.text:MMC_sendOpCond)
                   00024890  [ 00012448 ] 00000174          *                 : mmc_disp0.obj (.text:MMC_dispatch0)
                   00024a04  [ 00012502 ] 0000016b          *                 : mmc_disp1.obj (.text:MMC_dispatch1)
                   00024b6f  [ 000125b7+] 00000167          *   cfft_noscale.obj (.text)
                   00024cd6  [ 0001266b ] 00000163          *   cifft_noscale.obj (.text)
                   00024e39  [ 0001271c+] 0000014c          *   rts55x.lib : mpyd.obj (.text)
                   00024f85  [ 000127c2+] 0000013c          *   csl5509ax.lib : sd_setwidth.obj (.text:SD_setWidth)
                   000250c1  [ 00012860+] 00000116          *                 : tim_rstt.obj (.text:TIMER_reset)
                   000251d7  [ 000128eb+] 00000101          *                 : dma_cfg.obj (.text:DMA_config)
                   000252d8  [ 0001296c ] 000000e1          *                 : sd_getcid.obj (.text:SD_getCardID)
                   000253b9  [ 000129dc+] 000000de          *                 : mmc_read.obj (.text:MMC_read)
                   00025497  [ 00012a4b+] 000000de          *   cbrev.obj (.text:cbrev)
                   00025575  [ 00012aba+] 000000ce          *   csl5509ax.lib : dma_open.obj (.text:DMA_open)
                   00025643  [ 00012b21+] 000000c1          *                 : mmc_write.obj (.text:MMC_write)
                   00025704  [ 00012b82 ] 000000bf          *   rts55x.lib : modf.obj (.text)
                   000257c3  [ 00012be1+] 000000b5          *   csl5509ax.lib : mmc_open.obj (.text:MMC_open)
                   00025878  [ 00012c3c ] 000000a2          *                 : mmc_setNat.obj (.text:MMC_setupNative)
                   0002591a  [ 00012c8d ] 000000a1          *   rts55x.lib : divul.obj (.text)
                   000259bb  [ 00012cdd+] 0000008b          *   fir2.obj (.text)
                   00025a46  [ 00012d23 ] 00000082          *   csl5509ax.lib : sd_allcid.obj (.text:SD_sendALLCID)
                   00025ac8  [ 00012d64 ] 00000080          *                 : sd_sendrca.obj (.text:SD_sendRca)
                   00025b48  [ 00012da4 ] 00000077          *   rts55x.lib : fixdul.obj (.text)
                   00025bbf  [ 00012ddf+] 00000076          *              : frcmpyd.obj (.text)
                   00025c35  [ 00012e1a+] 00000073          *              : frcmpyd_div.obj (.text)
                   00025ca8  [ 00012e54 ] 0000006f          *              : fixdli.obj (.text)
                   00025d17  [ 00012e8b+] 00000067          *              : fltlid.obj (.text)
                   00025d7e  [ 00012ebf ] 00000061          *   csl5509ax.lib : mmc_selcard.obj (.text:MMC_selectCard)
                   00025ddf  [ 00012eef+] 00000060          *                 : mmc_rspdne.obj (.text:MMC_responseDone)
                   00025e3f  [ 00012f1f+] 0000005f          *   rts55x.lib : round.obj (.text)
                   00025e9e  [ 00012f4f ] 0000005b          *              : fltuld.obj (.text)
                   00025ef9  [ 00012f7c+] 0000004d          *              : autoinit.obj (.text)
                   00025f46  [ 00012fa3 ] 0000004b          *              : args_main.obj (.text)
                   00025f91  [ 00012fc8+] 00000048          *   csl5509ax.lib : mmc_getstat.obj (.text:MMC_getStatus)
                   00025fd9  [ 00012fec+] 00000048          *   rts55x.lib : divli.obj (.text)
                   00026021  [ 00013010+] 00000041          *              : trunc.obj (.text)
                   00026062  [ 00013031 ] 0000003e          *              : exit.obj (.text)
                   000260a0  [ 00013050 ] 0000003c          *   csl5509ax.lib : mmc_xgoidle.obj (.text:MMC_sendGoIdle)
                   000260dc  [ 0001306e ] 00000034          *                 : mmc_clrrsp.obj (.text:MMC_clearResponse)
                   00026110  [ 00013088 ] 00000034          *   rts55x.lib : boot.obj (.text)
                   00026144  [ 000130a2 ] 00000032          *   maxvec.obj (.text)
                   00026176  [ 000130bb ] 0000002a          *   rts55x.lib : fixdi.obj (.text)
                   000261a0  [ 000130d0 ] 0000001b          *              : fixdu.obj (.text)
                   000261bb  [ 000130dd+] 00000014          *              : subd.obj (.text)
                   000261cf  [ 000130e7+] 00000013          *              : lmpy.obj (.text)
                   000261e2  [ 000130f1 ] 00000012          *   csl5509ax.lib : mmc_waitfor.obj (.text:MMC_waitForFlag)
                   000261f4  [ 000130fa ] 00000012          *   rts55x.lib : _lock.obj (.text)
                   00026206  [ 00013103 ] 00000010          *              : negd.obj (.text)
                   00026216  [ 0001310b ] 0000000f          *   csl5509ax.lib : irq_gdisab.obj (.text:IRQ_globalDisable)
                   00026225  [ 00013112+] 0000000d          *                 : _csl_init.obj (.text:_CSL_init)
                   00026232  [ 00013119 ] 0000000c          *                 : csl.obj (.text:CSL_init)
                   0002623e  [ 0001311f ] 0000000c          *                 : irq_grest.obj (.text:IRQ_globalRestore)
                   0002624a  [ 00013125 ] 0000000c          *   rts55x.lib : fltid.obj (.text)
                   00026256  [ 0001312b ] 00000007          *              : exit.obj (.text:CIO_breakpoint)
                   0002625d  [ 0001312e+] 00000002          *   csl5509ax.lib : csl.obj (.text)
                   0002625f  [ 0001312f+] 00000002          *   rts55x.lib : vectors.obj (.text)
                   00026261  [ 00013130 ] 00000001          *   --HOLE-- [fill = 20]

.bss         0   [ 00026264 ]  00013132          *   000004fc   UNINITIALIZED
                 [ 00026264 ]  00013132          *   000004cc   main.obj (.bss)
                 [ 00026bfc ]  000135fe          *   00000018   csl5509ax.lib : csl_mmcdat.obj (.bss)
                 [ 00026c2c ]  00013616          *   00000008   rts55x.lib : cos.obj (.bss)
                 [ 00026c3c ]  0001361e          *   00000004   cfft_noscale.obj (.bss)
                 [ 00026c44 ]  00013622          *   00000004   cifft_noscale.obj (.bss)
                 [ 00026c4c ]  00013626          *   00000004   rts55x.lib : _lock.obj (.bss)
                 [ 00026c54 ]  0001362a          *   00000004              : exit.obj (.bss)

.const       0   [ 00026c5c ]  0001362e          *   00000276   
                 [ 00026c5c ]  0001362e          *   00000101   main.obj (.const:_filter1)
                 [ 00026e5e ]  0001372f          *   00000101   main.obj (.const:_filter2)
                 [ 00027060 ]  00013830          *   00000036   main.obj (.const)
                 [ 000270cc ]  00013866          *   00000016   rts55x.lib : cos.obj (.const)
                 [ 000270f8 ]  0001387c          *   00000008              : divd.obj (.const:_initial_approx$1)
                 [ 00027108 ]  00013884          *   00000008              : round.obj (.const)
                 [ 00027118 ]  0001388c          *   00000006              : modf.obj (.const)
                 [ 00027124 ]  00013892          *   00000005   main.obj (.const:_ask_rs485)
                 [ 0002712e ]  00013897          *   00000004   main.obj (.const:_init_rs485)
                 [ 00027136 ]  0001389b          *   00000001   --HOLE-- [fill = 0]
                 [ 00027138 ]  0001389c          *   00000004   rts55x.lib : trunc.obj (.const)
                 [ 00027140 ]  000138a0          *   00000002              : fltlid.obj (.const)
                 [ 00027144 ]  000138a2          *   00000002              : fltuld.obj (.const)

.data        0   [ 00027148 ]  000138a4          *   00000042   
                 [ 00027148 ]  000138a4          *   00000021   h_LPF1.obj (.data)
                 [ 0002718a ]  000138c5          *   00000021   h_LPF2.obj (.data)

filter       0   [ 00028000 ]  00014000          *   00002000   UNINITIALIZED
                 [ 00028000 ]  00014000          *   00002000   main.obj (filter)

send         0   [ 00030000 ]  00018000          *   00004e20   UNINITIALIZED
                 [ 00030000 ]  00018000          *   00004e20   main.obj (send)


GLOBAL SYMBOLS: SORTED ALPHABETICALLY BY Name 

abs. value/
byte addr   word addr   name
---------   ---------   ----
00000002                $TI_capability$C5500$CallingConvention
00000002                $TI_capability$C5500$MemoryModel
00000001                $TI_capability_requires_rev2
            00013132    .bss
            000138a4    .data
00020000                .text
00026257                C$$EXIT
000261cf                I$$LMPY
            00013580    _ADC_in
0002625d                _CSL5509A_LIB_
            00000b56    _CSL_DmaData
            00000bd4    _CSL_MmcData
            00000bf8    _CSL_SysData
            00000c1a    _CSL_TimerData
00026232                _CSL_init
000251d7                _DMA_config
00021b3c                _DMA_init
00025575                _DMA_open
00024506                _DMA_reset
            00013201    _DMAdone
            00013204    _DMAnum
            000131f0    _DS18B20_flag
000221c4                _FFTprepare
000227c4                _FFTprepare2
00022733                _FFTprepare_FSK
            0001356a    _FLAGSENDOVER
            00013567    _FLAG_OK
            00013569    _FLAG_RS232_REVOK
            000131c6    _FLAG_yl
            000131c5    _FLAG_yl_init
000227ed                _FSKdetect
            00013568    _Flag_answer
            00013566    _Flag_timer
00026216                _IRQ_globalDisable
0002623e                _IRQ_globalRestore
            000135f2    _Init
00021b2f                _InitADC
000203f3                _Init_DS18B20
00021d7d                _MMC_Init
000260dc                _MMC_clearResponse
00024890                _MMC_dispatch0
00024a04                _MMC_dispatch1
00025f91                _MMC_getStatus
000257c3                _MMC_open
000253b9                _MMC_read
00025ddf                _MMC_responseDone
00025d7e                _MMC_selectCard
000260a0                _MMC_sendGoIdle
000246cd                _MMC_sendOpCond
00025878                _MMC_setupNative
000261e2                _MMC_waitForFlag
00025643                _MMC_write
00021afd                _McBSP_init
            00013134    _NOISE_TH_HD
            00013132    _NOISE_TH_NEW
            000131c8    _PC_DATA
            000131a7    _PC_init
            00013133    _Pos_flag
0002199d                _Producefilter
00021a43                _Producelfm
000218c5                _Produceref
            00013572    _RS485_DATA
000205f5                _Read
000235bf                _ReadSectorNumber_Usable
000000c0                _Reset
00021f16                _Respondermod
            00003800    _Rev
            00001000    _Rev1
            00002000    _Rev2
            00004000    _Rev_FFT
            00008000    _Rev_bp1
            00009000    _Rev_bp1_abs
            0000a000    _Rev_bp1_envelope
            00008800    _Rev_bp2
            00009800    _Rev_bp2_abs
            0000a800    _Rev_bp2_envelope
            00007800    _Rev_envelope
            0000b000    _Rev_save
            00006000    _Rev_xcorr
            00007000    _Rev_xcorrout
            00013208    _Revdst1AddrHi
            00013209    _Revdst1AddrLo
            0001320a    _Revdst2AddrHi
            0001320b    _Revdst2AddrLo
0002217b                _Revprepare
            00013206    _RevsrcAddrHi
            00013207    _RevsrcAddrLo
            00013158    _SDRAM_lfmhead
000235a5                _SD_ReadData
000207e1                _SD_WriteData
000252d8                _SD_getCardID
            00013464    _SD_read
00025a46                _SD_sendAllCID
00025ac8                _SD_sendRca
00024f85                _SD_setWidth
            00013565    _SD_status
            00013564    _SD_test
            00013364    _SD_write
            00013142    _SNR_HD_out
0002357f                _SaveSectorCounter
            00013264    _SecCounter
            00013262    _SectorCounter
            000131d4    _Send_PC_DATA
            00018000    _Send_sig
000201e6                _Senddata0
00023244                _Syntimermod
00021867                _System_initial
000250c1                _TIMER_reset
            00013136    _Time_Delay
0002050a                _Write
            00005000    _X_ref
00026225                __CSL_init
            00000a56    __STACK_END
00000200                __STACK_SIZE
00000200                __SYSSTACK_SIZE
00000001                __TI_args_main
ffffffff                ___binit__
            00013132    ___bss__
ffffffff                ___c_args__
            00000800    ___cinit__
            000138a4    ___data__
            000138e6    ___edata__
            0001362e    ___end__
00026262                ___etext__
ffffffff                ___pinit__
00020000                ___text__
00023eaa                __addd
00025f46                __args_main
            0001362a    __cleanup_ptr
000244ae                __cmpd
00023ade                __divd
00025fd9                __divli
0002591a                __divul
            0001362c    __dtors_ptr
0002447a                __eqld
00026176                __fixdi
00025ca8                __fixdli
000261a0                __fixdu
00025b48                __fixdul
0002624a                __fltid
00025d17                __fltlid
00025e9e                __fltuld
00025bbf                __frcmpyd
00025c35                __frcmpyd_div
00024430                __geqd
000243e5                __gtrd
00024398                __leqd
            00013626    __lock
00024350                __lssd
00024e39                __mpyd
000261cf                __mpyli
00026206                __negd
0002431c                __neqd
00026204                __nop
00025e3f                __nround
000261fc                __register_lock
000261f4                __register_unlock
            00000956    __stack
000261bb                __subd
            00000a56    __sysstack
00026021                __trunc
            00013628    __unlock
            00013150    _a
00026256                _abort
            00013892    _ask_rs485
00022600                _asksignal
00025ef9                _auto_init
            00013152    _b
            00013144    _block2
            000131c3    _buff
00026110                _c_int00
            00013220    _card
            00013222    _cardalloc
            0001324c    _cardid
            00013261    _cardtype
00025497                _cbrev
00024b6f                _cfft_NOSCALE
            0001324a    _cid
00024cd6                _cifft_NOSCALE
            0001314f    _code
00024104                _cos
            0001325e    _count
            00013146    _count_final_jiance
            0001315b    _count_timer
            000135c2    _depth
00022258                _detect
000221db                _detect_prepare
0002274a                _detect_prepare_FSK
00022bad                _detect_signal
00023a87                _dma0_Isr
00022229                _dot
00022795                _dot1
            0001313c    _endpos
            00013140    _endpos_float
            0001313f    _endpos_xcorr
00026062                _exit
            00013156    _f_code
            000131c4    _f_send_uart
            0001362e    _filter1
            0001372f    _filter2
000259bb                _fir2
00021e6b                _get_noise
00022043                _get_parameter
000202a7                _get_pressure
00020704                _get_temperature
00020263                _get_voltage
            00013216    _hDmaSend0
            00013218    _hDmaSend1
            00014000    _h_BPF1
            00015000    _h_BPF2
            000138a4    _h_LPF1
            0001315d    _h_LPF1_db
            000138c5    _h_LPF2
            00013180    _h_LPF2_db
            00013897    _init_rs485
00023925                _int0_Isr
000237cd                _int1_Isr
000236ee                _int2_Isr
            000135fe    _isr_init
            000135c7    _jiance_counter
00022d3d                _main
00026144                _maxvec
            0001321a    _mhTimer0
            0001321c    _mhTimer1
            0001321e    _mmc1
00025704                _modf
            000135c8    _myConfig
            000135da    _myconfigdma0
            00013214    _myhDma
0002369a                _myhDma_Isr
0002367d                _no_isr
            000135c1    _noise_10ms
            000131a5    _oflag_BPF1
            000131a6    _oflag_BPF2
            000131a3    _oflag_LPF1
            000131a4    _oflag_LPF2
00021771                _pressure_init
00021728                _qujunzhi1
000216df                _qujunzhi2
000216c2                _qumo2
            00013260    _rca
000215ce                _read_serial
00021510                _receive_752_init
            000131c7    _release_flag
            0001356c    _resend_delay
            00013138    _responder_Delay
            0001315c    _responder_flag
            0001313a    _responder_period
            0001325f    _retVal
00021417                _send_serial
            0001320e    _senddst0AddrHi
            0001320f    _senddst0AddrLo
            00013212    _senddst1AddrHi
            00013213    _senddst1AddrLo
            0001320c    _sendsrc0AddrHi
            0001320d    _sendsrc0AddrLo
            00013210    _sendsrc1AddrHi
            00013211    _sendsrc1AddrLo
            000131f1    _serial
            000131f9    _serial_x
            0001313d    _sum_mean_save
0002133f                _system_config
00020f2b                _take_action1
00020c33                _take_action2
0002083b                _take_action3
            0001356b    _temp_ADC
            0000b800    _temp_dainei_temp
            0000b900    _temp_dainei_temp_fft
            0000bb00    _temp_dainei_temp_fft_abs
            0001357e    _temp_yl_data
            00013202    _temperature
            0001315a    _templfm
            00013145    _testpinlv_flag
            00013148    _testpinlv_ind
            00013147    _testpinlv_max
            000135ec    _timCfg0
            000135ef    _timCfg1
0002361b                _timer0_Isr
            0001356e    _timer0_cnt
000235e7                _timer1_Isr
            00013570    _timer1_cnt
            000135c6    _tongbu_flag
            000135c4    _transponder_mode
            000135c5    _transponder_mode1
000200c3                _uart_config
00020000                _variable_init
            000135c0    _voltage_AD
            0001313e    _width_save
            00013149    _x1
            0001314a    _x2
            0001314b    _x3
            00013154    _x_max
            0001314c    _y1
            0001314d    _y2
            0001314e    _y3
ffffffff                binit
            00000800    cinit
            000138e6    edata
            0001362e    end
00026262                etext
ffffffff                pinit
            00003000    twiddle


GLOBAL SYMBOLS: SORTED BY Symbol Address 

abs. value/
byte addr   word addr   name
---------   ---------   ----
00000001                $TI_capability_requires_rev2
00000001                __TI_args_main
00000002                $TI_capability$C5500$CallingConvention
00000002                $TI_capability$C5500$MemoryModel
000000c0                _Reset
00000200                __STACK_SIZE
00000200                __SYSSTACK_SIZE
            00000800    ___cinit__
            00000800    cinit
            00000956    __stack
            00000a56    __STACK_END
            00000a56    __sysstack
            00000b56    _CSL_DmaData
            00000bd4    _CSL_MmcData
            00000bf8    _CSL_SysData
            00000c1a    _CSL_TimerData
            00001000    _Rev1
            00002000    _Rev2
            00003000    twiddle
            00003800    _Rev
            00004000    _Rev_FFT
            00005000    _X_ref
            00006000    _Rev_xcorr
            00007000    _Rev_xcorrout
            00007800    _Rev_envelope
            00008000    _Rev_bp1
            00008800    _Rev_bp2
            00009000    _Rev_bp1_abs
            00009800    _Rev_bp2_abs
            0000a000    _Rev_bp1_envelope
            0000a800    _Rev_bp2_envelope
            0000b000    _Rev_save
            0000b800    _temp_dainei_temp
            0000b900    _temp_dainei_temp_fft
            0000bb00    _temp_dainei_temp_fft_abs
00020000                .text
00020000                ___text__
00020000                _variable_init
000200c3                _uart_config
000201e6                _Senddata0
00020263                _get_voltage
000202a7                _get_pressure
000203f3                _Init_DS18B20
0002050a                _Write
000205f5                _Read
00020704                _get_temperature
000207e1                _SD_WriteData
0002083b                _take_action3
00020c33                _take_action2
00020f2b                _take_action1
0002133f                _system_config
00021417                _send_serial
00021510                _receive_752_init
000215ce                _read_serial
000216c2                _qumo2
000216df                _qujunzhi2
00021728                _qujunzhi1
00021771                _pressure_init
00021867                _System_initial
000218c5                _Produceref
0002199d                _Producefilter
00021a43                _Producelfm
00021afd                _McBSP_init
00021b2f                _InitADC
00021b3c                _DMA_init
00021d7d                _MMC_Init
00021e6b                _get_noise
00021f16                _Respondermod
00022043                _get_parameter
0002217b                _Revprepare
000221c4                _FFTprepare
000221db                _detect_prepare
00022229                _dot
00022258                _detect
00022600                _asksignal
00022733                _FFTprepare_FSK
0002274a                _detect_prepare_FSK
00022795                _dot1
000227c4                _FFTprepare2
000227ed                _FSKdetect
00022bad                _detect_signal
00022d3d                _main
00023244                _Syntimermod
0002357f                _SaveSectorCounter
000235a5                _SD_ReadData
000235bf                _ReadSectorNumber_Usable
000235e7                _timer1_Isr
0002361b                _timer0_Isr
0002367d                _no_isr
0002369a                _myhDma_Isr
000236ee                _int2_Isr
000237cd                _int1_Isr
00023925                _int0_Isr
00023a87                _dma0_Isr
00023ade                __divd
00023eaa                __addd
00024104                _cos
0002431c                __neqd
00024350                __lssd
00024398                __leqd
000243e5                __gtrd
00024430                __geqd
0002447a                __eqld
000244ae                __cmpd
00024506                _DMA_reset
000246cd                _MMC_sendOpCond
00024890                _MMC_dispatch0
00024a04                _MMC_dispatch1
00024b6f                _cfft_NOSCALE
00024cd6                _cifft_NOSCALE
00024e39                __mpyd
00024f85                _SD_setWidth
000250c1                _TIMER_reset
000251d7                _DMA_config
000252d8                _SD_getCardID
000253b9                _MMC_read
00025497                _cbrev
00025575                _DMA_open
00025643                _MMC_write
00025704                _modf
000257c3                _MMC_open
00025878                _MMC_setupNative
0002591a                __divul
000259bb                _fir2
00025a46                _SD_sendAllCID
00025ac8                _SD_sendRca
00025b48                __fixdul
00025bbf                __frcmpyd
00025c35                __frcmpyd_div
00025ca8                __fixdli
00025d17                __fltlid
00025d7e                _MMC_selectCard
00025ddf                _MMC_responseDone
00025e3f                __nround
00025e9e                __fltuld
00025ef9                _auto_init
00025f46                __args_main
00025f91                _MMC_getStatus
00025fd9                __divli
00026021                __trunc
00026062                _exit
000260a0                _MMC_sendGoIdle
000260dc                _MMC_clearResponse
00026110                _c_int00
00026144                _maxvec
00026176                __fixdi
000261a0                __fixdu
000261bb                __subd
000261cf                I$$LMPY
000261cf                __mpyli
000261e2                _MMC_waitForFlag
000261f4                __register_unlock
000261fc                __register_lock
00026204                __nop
00026206                __negd
00026216                _IRQ_globalDisable
00026225                __CSL_init
00026232                _CSL_init
0002623e                _IRQ_globalRestore
0002624a                __fltid
00026256                _abort
00026257                C$$EXIT
0002625d                _CSL5509A_LIB_
00026262                ___etext__
00026262                etext
            00013132    .bss
            00013132    _NOISE_TH_NEW
            00013132    ___bss__
            00013133    _Pos_flag
            00013134    _NOISE_TH_HD
            00013136    _Time_Delay
            00013138    _responder_Delay
            0001313a    _responder_period
            0001313c    _endpos
            0001313d    _sum_mean_save
            0001313e    _width_save
            0001313f    _endpos_xcorr
            00013140    _endpos_float
            00013142    _SNR_HD_out
            00013144    _block2
            00013145    _testpinlv_flag
            00013146    _count_final_jiance
            00013147    _testpinlv_max
            00013148    _testpinlv_ind
            00013149    _x1
            0001314a    _x2
            0001314b    _x3
            0001314c    _y1
            0001314d    _y2
            0001314e    _y3
            0001314f    _code
            00013150    _a
            00013152    _b
            00013154    _x_max
            00013156    _f_code
            00013158    _SDRAM_lfmhead
            0001315a    _templfm
            0001315b    _count_timer
            0001315c    _responder_flag
            0001315d    _h_LPF1_db
            00013180    _h_LPF2_db
            000131a3    _oflag_LPF1
            000131a4    _oflag_LPF2
            000131a5    _oflag_BPF1
            000131a6    _oflag_BPF2
            000131a7    _PC_init
            000131c3    _buff
            000131c4    _f_send_uart
            000131c5    _FLAG_yl_init
            000131c6    _FLAG_yl
            000131c7    _release_flag
            000131c8    _PC_DATA
            000131d4    _Send_PC_DATA
            000131f0    _DS18B20_flag
            000131f1    _serial
            000131f9    _serial_x
            00013201    _DMAdone
            00013202    _temperature
            00013204    _DMAnum
            00013206    _RevsrcAddrHi
            00013207    _RevsrcAddrLo
            00013208    _Revdst1AddrHi
            00013209    _Revdst1AddrLo
            0001320a    _Revdst2AddrHi
            0001320b    _Revdst2AddrLo
            0001320c    _sendsrc0AddrHi
            0001320d    _sendsrc0AddrLo
            0001320e    _senddst0AddrHi
            0001320f    _senddst0AddrLo
            00013210    _sendsrc1AddrHi
            00013211    _sendsrc1AddrLo
            00013212    _senddst1AddrHi
            00013213    _senddst1AddrLo
            00013214    _myhDma
            00013216    _hDmaSend0
            00013218    _hDmaSend1
            0001321a    _mhTimer0
            0001321c    _mhTimer1
            0001321e    _mmc1
            00013220    _card
            00013222    _cardalloc
            0001324a    _cid
            0001324c    _cardid
            0001325e    _count
            0001325f    _retVal
            00013260    _rca
            00013261    _cardtype
            00013262    _SectorCounter
            00013264    _SecCounter
            00013364    _SD_write
            00013464    _SD_read
            00013564    _SD_test
            00013565    _SD_status
            00013566    _Flag_timer
            00013567    _FLAG_OK
            00013568    _Flag_answer
            00013569    _FLAG_RS232_REVOK
            0001356a    _FLAGSENDOVER
            0001356b    _temp_ADC
            0001356c    _resend_delay
            0001356e    _timer0_cnt
            00013570    _timer1_cnt
            00013572    _RS485_DATA
            0001357e    _temp_yl_data
            00013580    _ADC_in
            000135c0    _voltage_AD
            000135c1    _noise_10ms
            000135c2    _depth
            000135c4    _transponder_mode
            000135c5    _transponder_mode1
            000135c6    _tongbu_flag
            000135c7    _jiance_counter
            000135c8    _myConfig
            000135da    _myconfigdma0
            000135ec    _timCfg0
            000135ef    _timCfg1
            000135f2    _Init
            000135fe    _isr_init
            00013626    __lock
            00013628    __unlock
            0001362a    __cleanup_ptr
            0001362c    __dtors_ptr
            0001362e    ___end__
            0001362e    _filter1
            0001362e    end
            0001372f    _filter2
            00013892    _ask_rs485
            00013897    _init_rs485
            000138a4    .data
            000138a4    ___data__
            000138a4    _h_LPF1
            000138c5    _h_LPF2
            000138e6    ___edata__
            000138e6    edata
            00014000    _h_BPF1
            00015000    _h_BPF2
            00018000    _Send_sig
ffffffff                ___binit__
ffffffff                ___c_args__
ffffffff                ___pinit__
ffffffff                binit
ffffffff                pinit

[302 symbols]
