******************************************************************************
              TMS320C55x Linker PC v4.4.1                      
******************************************************************************
>> Linked Thu Mar 30 13:42:46 2017

OUTPUT FILE NAME:   <USBL.out>
ENTRY POINT SYMBOL: "_c_int00"  address: 00026084


MEMORY CONFIGURATION

         name            origin    length      used     unused   attr    fill
                        (bytes)   (bytes)    (bytes)   (bytes)
----------------------  --------  ---------  --------  --------  ----  --------
  MMR                   00000000   000000c0  00000000  000000c0  RWIX
  SPRAM                 000000c0   00000140  00000100  00000040  RWIX
  VECS                  00000e00   00000200  00000100  00000100  RWIX
  DARAM0                00001000   00001000  000007f2  0000080e  RWIX
  DARAM1                00002000   00002000  00001060  00000fa0  RWIX
  DARAM2                00004000   00002000  00001060  00000fa0  RWIX
  DARAM4                00006000   00002000  00002000  00000000  RWIX
  DARAM5                00008000   00004000  00004000  00000000  RWIX
  DARAM6                0000c000   00004000  00004000  00000000  RWIX
  SARAM1                00010000   00004000  00004000  00000000  RWIX
  SARAM2                00014000   00002000  00002000  00000000  RWIX
  SARAM3                00016000   00004000  00002af8  00001508  RWIX
  SARAM10               0001a000   00006000  00004800  00001800  RWIX
  SARAM11               00020000   00010000  00008dda  00007226  RWIX
  SARAM13               00030000   00010000  00009c58  000063a8  RWIX
  CE0                   00040000   003c0000  00000000  003c0000  RWIX
  CE1                   00400000   00400000  00000000  00400000  RWIX
  CE2                   00800000   00400000  00000000  00400000  RWIX
  CE3                   00c00000   003f8000  00000000  003f8000  RWIX
  PDROM                 00ff8000   00007f00  00000000  00007f00  RWIX


SECTION ALLOCATION MAP
(Addresses surrounded by []'s are displayed for convenience only!)

output                                                          attributes/
section   page  orgn(bytes) orgn(words) len(bytes) len(words)   input sections
--------  ----  ----------- ----------- ---------- ----------   --------------
vectors      0     000000c0  [ 00000060 ] 00000100          *   
                   000000c0  [ 00000060 ] 00000100          *   rts55x.lib : vectors.obj (vectors)

.vectors     0     00000e00  [ 00000700 ] 00000100          *   
                   00000e00  [ 00000700 ] 00000100          *   vectors.obj (.vectors)

.cinit       0   [ 00001000 ]  00000800          *   0000014d   
                 [ 00001000 ]  00000800          *   0000005d   csl5509x.lib : csl_dmadat.obj (.cinit)
                 [ 000010ba ]  0000085d          *   0000005a   main.obj (.cinit)
                 [ 0000116e ]  000008b7          *   00000042   csl5509x.lib : csl_mmcdat.obj (.cinit)
                 [ 000011f2 ]  000008f9          *   00000025                : csl_csldat.obj (.cinit)
                 [ 0000123c ]  0000091e          *   0000000f                : csl_timdat.obj (.cinit)
                 [ 0000125a ]  0000092d          *   0000000b   rts55x.lib : cos.obj (.cinit)
                 [ 00001270 ]  00000938          *   0000000a              : _lock.obj (.cinit)
                 [ 00001284 ]  00000942          *   0000000a              : exit.obj (.cinit)
                 [ 00001298 ]  0000094c          *   00000001   --HOLE-- [fill = 0]

.stack       0   [ 0000129c ]  0000094e          *   00000100   UNINITIALIZED
                 [ 0000129c ]  0000094e          *   00000100   --HOLE--

.sysstack 
*            0   [ 0000149c ]  00000a4e          *   00000100   UNINITIALIZED
                 [ 0000149c ]  00000a4e          *   00000100   --HOLE--

.csldata     0   [ 0000169c ]  00000b4e          *   000000ac   UNINITIALIZED
                 [ 0000169c ]  00000b4e          *   0000005a   csl5509x.lib : csl_dmadat.obj (.csldata:DMA_data)
                 [ 00001750 ]  00000ba8          *   00000024                : csl_mmcdat.obj (.csldata:MMC_data)
                 [ 00001798 ]  00000bcc          *   00000022                : csl_csldat.obj (.csldata:SYS_data)
                 [ 000017dc ]  00000bee          *   0000000c                : csl_timdat.obj (.csldata:TIMER_data)

receive1     0   [ 00002000 ]  00001000          *   00000830   UNINITIALIZED
                 [ 00002000 ]  00001000          *   00000830   main.obj (receive1)

receive2     0   [ 00004000 ]  00002000          *   00000830   UNINITIALIZED
                 [ 00004000 ]  00002000          *   00000830   main.obj (receive2)

NFFT         0   [ 00006000 ]  00003000          *   00001000   UNINITIALIZED
                 [ 00006000 ]  00003000          *   00001000   main.obj (NFFT)

FFT          0   [ 00008000 ]  00004000          *   00002000   UNINITIALIZED
                 [ 00008000 ]  00004000          *   00002000   main.obj (FFT)

.ref         0   [ 0000c000 ]  00006000          *   00002000   UNINITIALIZED
                 [ 0000c000 ]  00006000          *   00002000   main.obj (.ref)

xcorr        0   [ 00010000 ]  00008000          *   00002000   UNINITIALIZED
                 [ 00010000 ]  00008000          *   00002000   main.obj (xcorr)

xcorrout     0   [ 00014000 ]  0000a000          *   00001000   UNINITIALIZED
                 [ 00014000 ]  0000a000          *   00001000   main.obj (xcorrout)

envelope     0   [ 00016000 ]  0000b000          *   0000157c   UNINITIALIZED
                 [ 00016000 ]  0000b000          *   0000157c   main.obj (envelope)

revsave      0   [ 0001a000 ]  0000d000          *   00002400   UNINITIALIZED
                 [ 0001a000 ]  0000d000          *   00002400   main.obj (revsave)

.text        0     00020000  [ 00010000 ] 000061d6          *   
                   00020000  [ 00010000 ] 00003335          *   main.obj (.text)
                   00023335  [ 0001199a+] 000003cc          *   rts55x.lib : divd.obj (.text)
                   00023701  [ 00011b80+] 00000391          *   main.obj (.text:retain)
                   00023a92  [ 00011d49 ] 0000025a          *   rts55x.lib : addd.obj (.text)
                   00023cec  [ 00011e76 ] 00000218          *              : cos.obj (.text)
                   00023f04  [ 00011f82 ] 000001ee          *   cfft_scale.obj (.text)
                   000240f2  [ 00012079 ] 000001ee          *   cifft_scale.obj (.text)
                   000242e0  [ 00012170 ] 000001ea          *   rts55x.lib : cmpd.obj (.text)
                   000244ca  [ 00012265 ] 000001c3          *   csl5509x.lib : mmc_sendop.obj (.text:MMC_sendOpCond)
                   0002468d  [ 00012346+] 000001a3          *                : dma_reset.obj (.text:DMA_reset)
                   00024830  [ 00012418 ] 00000174          *                : mmc_disp0.obj (.text:MMC_dispatch0)
                   000249a4  [ 000124d2 ] 0000016b          *                : mmc_disp1.obj (.text:MMC_dispatch1)
                   00024b0f  [ 00012587+] 00000167          *   cfft_noscale.obj (.text)
                   00024c76  [ 0001263b ] 00000163          *   cifft_noscale.obj (.text)
                   00024dd9  [ 000126ec+] 0000014c          *   rts55x.lib : mpyd.obj (.text)
                   00024f25  [ 00012792+] 0000013c          *   csl5509x.lib : sd_setwidth.obj (.text:SD_setWidth)
                   00025061  [ 00012830+] 00000116          *                : tim_rstt.obj (.text:TIMER_reset)
                   00025177  [ 000128bb+] 000000e1          *                : sd_getcid.obj (.text:SD_getCardID)
                   00025258  [ 0001292c ] 000000de          *                : mmc_read.obj (.text:MMC_read)
                   00025336  [ 0001299b ] 000000dd          *                : dma_cfg.obj (.text:DMA_config)
                   00025413  [ 00012a09+] 000000d6          *   cbrev.obj (.text)
                   000254e9  [ 00012a74+] 000000ce          *   csl5509x.lib : dma_open.obj (.text:DMA_open)
                   000255b7  [ 00012adb+] 000000c1          *                : mmc_write.obj (.text:MMC_write)
                   00025678  [ 00012b3c ] 000000bf          *   rts55x.lib : modf.obj (.text)
                   00025737  [ 00012b9b+] 000000b5          *   csl5509x.lib : mmc_open.obj (.text:MMC_open)
                   000257ec  [ 00012bf6 ] 000000a2          *                : mmc_setNat.obj (.text:MMC_setupNative)
                   0002588e  [ 00012c47 ] 000000a1          *   rts55x.lib : divul.obj (.text)
                   0002592f  [ 00012c97+] 0000008b          *   fir2.obj (.text)
                   000259ba  [ 00012cdd ] 00000082          *   csl5509x.lib : sd_allcid.obj (.text:SD_sendALLCID)
                   00025a3c  [ 00012d1e ] 00000080          *                : sd_sendrca.obj (.text:SD_sendRca)
                   00025abc  [ 00012d5e ] 00000077          *   rts55x.lib : fixdul.obj (.text)
                   00025b33  [ 00012d99+] 00000076          *              : frcmpyd.obj (.text)
                   00025ba9  [ 00012dd4+] 00000073          *              : frcmpyd_div.obj (.text)
                   00025c1c  [ 00012e0e ] 0000006f          *              : fixdli.obj (.text)
                   00025c8b  [ 00012e45+] 00000067          *              : fltlid.obj (.text)
                   00025cf2  [ 00012e79 ] 00000061          *   csl5509x.lib : mmc_selcard.obj (.text:MMC_selectCard)
                   00025d53  [ 00012ea9+] 00000060          *                : mmc_rspdne.obj (.text:MMC_responseDone)
                   00025db3  [ 00012ed9+] 0000005f          *   rts55x.lib : round.obj (.text)
                   00025e12  [ 00012f09 ] 0000005b          *              : fltuld.obj (.text)
                   00025e6d  [ 00012f36+] 0000004d          *              : autoinit.obj (.text)
                   00025eba  [ 00012f5d ] 0000004b          *              : args_main.obj (.text)
                   00025f05  [ 00012f82+] 00000048          *   csl5509x.lib : mmc_getstat.obj (.text:MMC_getStatus)
                   00025f4d  [ 00012fa6+] 00000048          *   rts55x.lib : divli.obj (.text)
                   00025f95  [ 00012fca+] 00000041          *              : trunc.obj (.text)
                   00025fd6  [ 00012feb ] 0000003e          *              : exit.obj (.text)
                   00026014  [ 0001300a ] 0000003c          *   csl5509x.lib : mmc_xgoidle.obj (.text:MMC_sendGoIdle)
                   00026050  [ 00013028 ] 00000034          *                : mmc_clrrsp.obj (.text:MMC_clearResponse)
                   00026084  [ 00013042 ] 00000034          *   rts55x.lib : boot.obj (.text)
                   000260b8  [ 0001305c ] 00000032          *   maxvec.obj (.text)
                   000260ea  [ 00013075 ] 0000002a          *   rts55x.lib : fixdi.obj (.text)
                   00026114  [ 0001308a ] 0000001b          *              : fixdu.obj (.text)
                   0002612f  [ 00013097+] 00000014          *              : subd.obj (.text)
                   00026143  [ 000130a1+] 00000013          *              : lmpy.obj (.text)
                   00026156  [ 000130ab ] 00000012          *   csl5509x.lib : mmc_waitfor.obj (.text:MMC_waitForFlag)
                   00026168  [ 000130b4 ] 00000012          *   rts55x.lib : _lock.obj (.text)
                   0002617a  [ 000130bd ] 00000010          *              : negd.obj (.text)
                   0002618a  [ 000130c5 ] 0000000f          *   csl5509x.lib : irq_gdisab.obj (.text:IRQ_globalDisable)
                   00026199  [ 000130cc+] 0000000d          *                : _csl_init.obj (.text:_CSL_init)
                   000261a6  [ 000130d3 ] 0000000c          *                : csl.obj (.text:CSL_init)
                   000261b2  [ 000130d9 ] 0000000c          *                : irq_grest.obj (.text:IRQ_globalRestore)
                   000261be  [ 000130df ] 0000000c          *   rts55x.lib : fltid.obj (.text)
                   000261ca  [ 000130e5 ] 00000007          *              : exit.obj (.text:CIO_breakpoint)
                   000261d1  [ 000130e8+] 00000002          *   csl5509x.lib : csl.obj (.text)
                   000261d3  [ 000130e9+] 00000002          *   rts55x.lib : vectors.obj (.text)
                   000261d5  [ 000130ea ] 00000001          *   --HOLE-- [fill = 20]

.data        0   [ 000261d6 ]  000130eb          *   00001062   
                 [ 000261d6 ]  000130eb          *   00001000   twid4096.obj (.data:twiddle)
                 [ 000281d6 ]  000140eb          *   00000041   h_LPF1.obj (.data)
                 [ 00028258 ]  0001412c          *   00000021   h_LPF2.obj (.data)

.bss         0   [ 0002829c ]  0001414e          *   00000538   UNINITIALIZED
                 [ 0002829c ]  0001414e          *   000004ff   main.obj (.bss)
                 [ 00028c9a ]  0001464d          *   00000001   --HOLE--
                 [ 00028c9c ]  0001464e          *   00000018   csl5509x.lib : csl_mmcdat.obj (.bss)
                 [ 00028ccc ]  00014666          *   00000008   rts55x.lib : cos.obj (.bss)
                 [ 00028cdc ]  0001466e          *   00000004   cfft_noscale.obj (.bss)
                 [ 00028ce4 ]  00014672          *   00000004   cfft_scale.obj (.bss)
                 [ 00028cec ]  00014676          *   00000004   cifft_noscale.obj (.bss)
                 [ 00028cf4 ]  0001467a          *   00000004   cifft_scale.obj (.bss)
                 [ 00028cfc ]  0001467e          *   00000004   rts55x.lib : _lock.obj (.bss)
                 [ 00028d04 ]  00014682          *   00000004              : exit.obj (.bss)

.const       0   [ 00028d0c ]  00014686          *   00000068   
                 [ 00028d0c ]  00014686          *   0000002a   main.obj (.const)
                 [ 00028d60 ]  000146b0          *   00000016   rts55x.lib : cos.obj (.const)
                 [ 00028d8c ]  000146c6          *   00000008              : divd.obj (.const:_initial_approx$1)
                 [ 00028d9c ]  000146ce          *   00000008              : round.obj (.const)
                 [ 00028dac ]  000146d6          *   00000006              : modf.obj (.const)
                 [ 00028db8 ]  000146dc          *   00000005   main.obj (.const:_ask_rs485)
                 [ 00028dc2 ]  000146e1          *   00000004   main.obj (.const:_init_rs485)
                 [ 00028dca ]  000146e5          *   00000001   --HOLE-- [fill = 0]
                 [ 00028dcc ]  000146e6          *   00000004   rts55x.lib : trunc.obj (.const)
                 [ 00028dd4 ]  000146ea          *   00000002              : fltlid.obj (.const)
                 [ 00028dd8 ]  000146ec          *   00000002              : fltuld.obj (.const)

send         0   [ 00030000 ]  00018000          *   00004e2c   UNINITIALIZED
                 [ 00030000 ]  00018000          *   00004e2c   main.obj (send)


GLOBAL SYMBOLS: SORTED ALPHABETICALLY BY Name 

abs. value/
byte addr   word addr   name
---------   ---------   ----
00000002                $TI_capability$C5500$CallingConvention
00000002                $TI_capability$C5500$MemoryModel
00000001                $TI_capability_requires_rev2
            0001414e    .bss
            000130eb    .data
00020000                .text
000261cb                C$$EXIT
00026143                I$$LMPY
            000145c2    _ADC_in
000261d1                _CSL5509_LIB_
            00000b4e    _CSL_DmaData
            00000ba8    _CSL_MmcData
            00000bcc    _CSL_SysData
            00000bee    _CSL_TimerData
000261a6                _CSL_init
00025336                _DMA_config
            0001415c    _DMA_count
000219c4                _DMA_init
000254e9                _DMA_open
0002468d                _DMA_reset
            00014241    _DMAdone
            00014244    _DMAnum
            00014230    _DS18B20_flag
00022335                _FFTprepare
0002330d                _FFTprepare2
            000145aa    _FLAGSENDOVER
            000145a7    _FLAG_OK
            000145a9    _FLAG_RS232_REVOK
            00014206    _FLAG_yl
            00014205    _FLAG_yl_init
            000145a8    _Flag_answer
            000145a6    _Flag_timer
00023282                _I2C_Read
00023211                _I2C_Write
            0001463c    _I2Cconfig
            00014646    _I2Cinit
0002618a                _IRQ_globalDisable
000261b2                _IRQ_globalRestore
            00014630    _Init
000219b7                _InitADC
00020401                _Init_DS18B20
00021d9b                _MMC_Init
00026050                _MMC_clearResponse
00024830                _MMC_dispatch0
000249a4                _MMC_dispatch1
00025f05                _MMC_getStatus
00025737                _MMC_open
00025258                _MMC_read
00025d53                _MMC_responseDone
00025cf2                _MMC_selectCard
00026014                _MMC_sendGoIdle
000244ca                _MMC_sendOpCond
000257ec                _MMC_setupNative
00026156                _MMC_waitForFlag
000255b7                _MMC_write
            00014166    _Max_pos_float
00021985                _McBSP_init
            00014152    _NOISE_TH_HD
            00014151    _NOISE_TH_NEW
            0001414e    _NOISE_TH_huadong
            00014208    _PC_DATA
            000141e7    _PC_init
            0001415d    _Pos_flag
00021ccf                _Producelfm
00021c02                _Produceref
            000145b4    _RS485_DATA
000205f7                _Read
000231e9                _ReadSectorNumber_Usable
000000c0                _Reset
00021f54                _Respondermod
            00003000    _Rev
            00001000    _Rev1
            00002000    _Rev2
            00004000    _Rev_FFT
            0000b000    _Rev_envelope
            0000d000    _Rev_save
            0000e000    _Rev_save_filter_out
            00008000    _Rev_xcorr
            0000a000    _Rev_xcorrout
            00014248    _Revdst1AddrHi
            00014249    _Revdst1AddrLo
            0001424a    _Revdst2AddrHi
            0001424b    _Revdst2AddrLo
000222ec                _Revprepare
            00014246    _RevsrcAddrHi
            00014247    _RevsrcAddrLo
            0001417a    _SDRAM_lfmhead
00021e8f                _SD_ReadData
000207df                _SD_WriteData
00025177                _SD_getCardID
            000144a4    _SD_read
000259ba                _SD_sendAllCID
00025a3c                _SD_sendRca
00024f25                _SD_setWidth
            000145a5    _SD_status
            000145a4    _SD_test
            000143a4    _SD_write
            00014164    _SNR_HD_out
000231c3                _SaveSectorCounter
            000142a4    _SecCounter
            000142a2    _SectorCounter
            00014214    _Send_PC_DATA
            0001461a    _Send_config
            0001800c    _Send_sig
00020204                _Senddata0
00021933                _System_initial
00025061                _TIMER_reset
            00014154    _Time_Delay
            00014158    _Tr_time
00020510                _Write
            00006000    _X_ref
00026199                __CSL_init
            00000a4e    __STACK_END
00000200                __STACK_SIZE
00000200                __SYSSTACK_SIZE
00000001                __TI_args_main
ffffffff                ___binit__
            0001414e    ___bss__
ffffffff                ___c_args__
            00000800    ___cinit__
            000130eb    ___data__
            0001414d    ___edata__
            00014686    ___end__
000261d6                ___etext__
ffffffff                ___pinit__
00020000                ___text__
00023a92                __addd
00025eba                __args_main
            00014682    __cleanup_ptr
00024472                __cmpd
00023335                __divd
00025f4d                __divli
0002588e                __divul
            00014684    __dtors_ptr
0002443e                __eqld
000260ea                __fixdi
00025c1c                __fixdli
00026114                __fixdu
00025abc                __fixdul
000261be                __fltid
00025c8b                __fltlid
00025e12                __fltuld
00025b33                __frcmpyd
00025ba9                __frcmpyd_div
000243f4                __geqd
000243a9                __gtrd
0002435c                __leqd
            0001467e    __lock
00024314                __lssd
00024dd9                __mpyd
00026143                __mpyli
0002617a                __negd
000242e0                __neqd
00026178                __nop
00025db3                __nround
00026170                __register_lock
00026168                __register_unlock
            0000094e    __stack
0002612f                __subd
            00000a4e    __sysstack
00025f95                __trunc
            00014680    __unlock
            00014172    _a
000261ca                _abort
            000146dc    _ask_rs485
0002282c                _asksignal
00025e6d                _auto_init
            00014174    _b
            00014161    _block2
            00014203    _buff
00026084                _c_int00
            00014260    _card
            00014262    _cardalloc
            0001428c    _cardid
            000142a1    _cardtype
00025413                _cbrev
00024b0f                _cfft_NOSCALE
00023f04                _cfft_SCALE
            0001428a    _cid
00024c76                _cifft_NOSCALE
000240f2                _cifft_SCALE
            00014171    _code
00023cec                _cos
            0001429e    _count
            00018000    _count_final_jiance
            0001417d    _count_timer
000231c1                _delay
            00014604    _depth
000223bd                _detect
0002234c                _detect_prepare
00022a12                _detect_signal
00023a3b                _dma0_Isr
0002238e                _dot
00023192                _dot1
            0001415e    _endpos
            00014162    _endpos_float
00025fd6                _exit
            00014178    _f_code
            00014204    _f_send_uart
0002592f                _fir2
00021ea9                _get_noise
000221f4                _get_parameter
000202c5                _get_pressure
00020702                _get_temperature
00020281                _get_voltage
            00014256    _hDmaSend0
            00014258    _hDmaSend1
            000140eb    _h_LPF1
            0001417f    _h_LPF1_db
            0001412c    _h_LPF2
            000141c2    _h_LPF2_db
            000146e1    _init_rs485
00023a10                _int0_Isr
000238df                _int1_Isr
00023808                _int2_Isr
            0001464e    _isr_init
            00014609    _jiance_counter
00022bdb                _main
00021906                _max_zh
000260b8                _maxvec
000218dd                _mean_zh
            0001425a    _mhTimer0
            0001425c    _mhTimer1
            0001425e    _mmc1
00025678                _modf
            0001460a    _myConfig
            00014254    _myhDma
000237b4                _myhDma_Isr
00023797                _no_isr
            00014603    _noise_10ms
            0001414f    _noise_maxbuffer
            000141e5    _oflag_LPF1
            000141e6    _oflag_LPF2
00021800                _pressure_init
000217b7                _qujunzhi1
0002176e                _qujunzhi2
00021751                _qumo2
            000142a0    _rca
00021664                _read_serial
000215a6                _receive_752_init
            00014207    _release_flag
            000145ac    _resend_delay
            000145ae    _resend_delay1
            00014156    _responder_Delay
            0001417e    _responder_flag
            0001415a    _responder_period
            0001429f    _retVal
000214b1                _send_serial
            0001424e    _senddst0AddrHi
            0001424f    _senddst0AddrLo
            00014252    _senddst1AddrHi
            00014253    _senddst1AddrLo
            0001424c    _sendsrc0AddrHi
            0001424d    _sendsrc0AddrLo
            00014250    _sendsrc1AddrHi
            00014251    _sendsrc1AddrLo
            00014231    _serial
            00014239    _serial_x
            0001415f    _sum_mean_save
000213d3                _system_config
00020fe0                _take_action1
00020c35                _take_action2
0002083d                _take_action3
            000145ab    _temp_ADC
            0000f000    _temp_dainei_temp
            0000f100    _temp_dainei_temp_fft
            0000f300    _temp_dainei_temp_fft_abs
            000145c0    _temp_yl_data
            00014242    _temperature
            0001417c    _templfm
            00014168    _testpinlv_flag
            0001416a    _testpinlv_ind
            00014169    _testpinlv_max
            0001462a    _timCfg0
            0001462d    _timCfg1
00023735                _timer0_Isr
            000145b0    _timer0_cnt
00023701                _timer1_Isr
            000145b2    _timer1_cnt
            00014608    _tongbu_flag
            00014606    _transponder_mode
            00014607    _transponder_mode1
000200e1                _uart_config
00020000                _variable_init
            00014602    _voltage_AD
            00014160    _width_save
            0001416b    _x1
            0001416c    _x2
            0001416d    _x3
            00014176    _x_max
            0001416e    _y1
            0001416f    _y2
            00014170    _y3
ffffffff                binit
            00000800    cinit
            0001414d    edata
            00014686    end
000261d6                etext
ffffffff                pinit
            000130eb    twiddle


GLOBAL SYMBOLS: SORTED BY Symbol Address 

abs. value/
byte addr   word addr   name
---------   ---------   ----
00000001                $TI_capability_requires_rev2
00000001                __TI_args_main
00000002                $TI_capability$C5500$CallingConvention
00000002                $TI_capability$C5500$MemoryModel
000000c0                _Reset
00000200                __STACK_SIZE
00000200                __SYSSTACK_SIZE
            00000800    ___cinit__
            00000800    cinit
            0000094e    __stack
            00000a4e    __STACK_END
            00000a4e    __sysstack
            00000b4e    _CSL_DmaData
            00000ba8    _CSL_MmcData
            00000bcc    _CSL_SysData
            00000bee    _CSL_TimerData
            00001000    _Rev1
            00002000    _Rev2
            00003000    _Rev
            00004000    _Rev_FFT
            00006000    _X_ref
            00008000    _Rev_xcorr
            0000a000    _Rev_xcorrout
            0000b000    _Rev_envelope
            0000d000    _Rev_save
            0000e000    _Rev_save_filter_out
            0000f000    _temp_dainei_temp
            0000f100    _temp_dainei_temp_fft
            0000f300    _temp_dainei_temp_fft_abs
00020000                .text
00020000                ___text__
00020000                _variable_init
000200e1                _uart_config
00020204                _Senddata0
00020281                _get_voltage
000202c5                _get_pressure
00020401                _Init_DS18B20
00020510                _Write
000205f7                _Read
00020702                _get_temperature
000207df                _SD_WriteData
0002083d                _take_action3
00020c35                _take_action2
00020fe0                _take_action1
000213d3                _system_config
000214b1                _send_serial
000215a6                _receive_752_init
00021664                _read_serial
00021751                _qumo2
0002176e                _qujunzhi2
000217b7                _qujunzhi1
00021800                _pressure_init
000218dd                _mean_zh
00021906                _max_zh
00021933                _System_initial
00021985                _McBSP_init
000219b7                _InitADC
000219c4                _DMA_init
00021c02                _Produceref
00021ccf                _Producelfm
00021d9b                _MMC_Init
00021e8f                _SD_ReadData
00021ea9                _get_noise
00021f54                _Respondermod
000221f4                _get_parameter
000222ec                _Revprepare
00022335                _FFTprepare
0002234c                _detect_prepare
0002238e                _dot
000223bd                _detect
0002282c                _asksignal
00022a12                _detect_signal
00022bdb                _main
00023192                _dot1
000231c1                _delay
000231c3                _SaveSectorCounter
000231e9                _ReadSectorNumber_Usable
00023211                _I2C_Write
00023282                _I2C_Read
0002330d                _FFTprepare2
00023335                __divd
00023701                _timer1_Isr
00023735                _timer0_Isr
00023797                _no_isr
000237b4                _myhDma_Isr
00023808                _int2_Isr
000238df                _int1_Isr
00023a10                _int0_Isr
00023a3b                _dma0_Isr
00023a92                __addd
00023cec                _cos
00023f04                _cfft_SCALE
000240f2                _cifft_SCALE
000242e0                __neqd
00024314                __lssd
0002435c                __leqd
000243a9                __gtrd
000243f4                __geqd
0002443e                __eqld
00024472                __cmpd
000244ca                _MMC_sendOpCond
0002468d                _DMA_reset
00024830                _MMC_dispatch0
000249a4                _MMC_dispatch1
00024b0f                _cfft_NOSCALE
00024c76                _cifft_NOSCALE
00024dd9                __mpyd
00024f25                _SD_setWidth
00025061                _TIMER_reset
00025177                _SD_getCardID
00025258                _MMC_read
00025336                _DMA_config
00025413                _cbrev
000254e9                _DMA_open
000255b7                _MMC_write
00025678                _modf
00025737                _MMC_open
000257ec                _MMC_setupNative
0002588e                __divul
0002592f                _fir2
000259ba                _SD_sendAllCID
00025a3c                _SD_sendRca
00025abc                __fixdul
00025b33                __frcmpyd
00025ba9                __frcmpyd_div
00025c1c                __fixdli
00025c8b                __fltlid
00025cf2                _MMC_selectCard
00025d53                _MMC_responseDone
00025db3                __nround
00025e12                __fltuld
00025e6d                _auto_init
00025eba                __args_main
00025f05                _MMC_getStatus
00025f4d                __divli
00025f95                __trunc
00025fd6                _exit
00026014                _MMC_sendGoIdle
00026050                _MMC_clearResponse
00026084                _c_int00
000260b8                _maxvec
000260ea                __fixdi
00026114                __fixdu
0002612f                __subd
00026143                I$$LMPY
00026143                __mpyli
00026156                _MMC_waitForFlag
00026168                __register_unlock
00026170                __register_lock
00026178                __nop
0002617a                __negd
0002618a                _IRQ_globalDisable
00026199                __CSL_init
000261a6                _CSL_init
000261b2                _IRQ_globalRestore
000261be                __fltid
000261ca                _abort
000261cb                C$$EXIT
000261d1                _CSL5509_LIB_
            000130eb    .data
            000130eb    ___data__
000261d6                ___etext__
000261d6                etext
            000130eb    twiddle
            000140eb    _h_LPF1
            0001412c    _h_LPF2
            0001414d    ___edata__
            0001414d    edata
            0001414e    .bss
            0001414e    _NOISE_TH_huadong
            0001414e    ___bss__
            0001414f    _noise_maxbuffer
            00014151    _NOISE_TH_NEW
            00014152    _NOISE_TH_HD
            00014154    _Time_Delay
            00014156    _responder_Delay
            00014158    _Tr_time
            0001415a    _responder_period
            0001415c    _DMA_count
            0001415d    _Pos_flag
            0001415e    _endpos
            0001415f    _sum_mean_save
            00014160    _width_save
            00014161    _block2
            00014162    _endpos_float
            00014164    _SNR_HD_out
            00014166    _Max_pos_float
            00014168    _testpinlv_flag
            00014169    _testpinlv_max
            0001416a    _testpinlv_ind
            0001416b    _x1
            0001416c    _x2
            0001416d    _x3
            0001416e    _y1
            0001416f    _y2
            00014170    _y3
            00014171    _code
            00014172    _a
            00014174    _b
            00014176    _x_max
            00014178    _f_code
            0001417a    _SDRAM_lfmhead
            0001417c    _templfm
            0001417d    _count_timer
            0001417e    _responder_flag
            0001417f    _h_LPF1_db
            000141c2    _h_LPF2_db
            000141e5    _oflag_LPF1
            000141e6    _oflag_LPF2
            000141e7    _PC_init
            00014203    _buff
            00014204    _f_send_uart
            00014205    _FLAG_yl_init
            00014206    _FLAG_yl
            00014207    _release_flag
            00014208    _PC_DATA
            00014214    _Send_PC_DATA
            00014230    _DS18B20_flag
            00014231    _serial
            00014239    _serial_x
            00014241    _DMAdone
            00014242    _temperature
            00014244    _DMAnum
            00014246    _RevsrcAddrHi
            00014247    _RevsrcAddrLo
            00014248    _Revdst1AddrHi
            00014249    _Revdst1AddrLo
            0001424a    _Revdst2AddrHi
            0001424b    _Revdst2AddrLo
            0001424c    _sendsrc0AddrHi
            0001424d    _sendsrc0AddrLo
            0001424e    _senddst0AddrHi
            0001424f    _senddst0AddrLo
            00014250    _sendsrc1AddrHi
            00014251    _sendsrc1AddrLo
            00014252    _senddst1AddrHi
            00014253    _senddst1AddrLo
            00014254    _myhDma
            00014256    _hDmaSend0
            00014258    _hDmaSend1
            0001425a    _mhTimer0
            0001425c    _mhTimer1
            0001425e    _mmc1
            00014260    _card
            00014262    _cardalloc
            0001428a    _cid
            0001428c    _cardid
            0001429e    _count
            0001429f    _retVal
            000142a0    _rca
            000142a1    _cardtype
            000142a2    _SectorCounter
            000142a4    _SecCounter
            000143a4    _SD_write
            000144a4    _SD_read
            000145a4    _SD_test
            000145a5    _SD_status
            000145a6    _Flag_timer
            000145a7    _FLAG_OK
            000145a8    _Flag_answer
            000145a9    _FLAG_RS232_REVOK
            000145aa    _FLAGSENDOVER
            000145ab    _temp_ADC
            000145ac    _resend_delay
            000145ae    _resend_delay1
            000145b0    _timer0_cnt
            000145b2    _timer1_cnt
            000145b4    _RS485_DATA
            000145c0    _temp_yl_data
            000145c2    _ADC_in
            00014602    _voltage_AD
            00014603    _noise_10ms
            00014604    _depth
            00014606    _transponder_mode
            00014607    _transponder_mode1
            00014608    _tongbu_flag
            00014609    _jiance_counter
            0001460a    _myConfig
            0001461a    _Send_config
            0001462a    _timCfg0
            0001462d    _timCfg1
            00014630    _Init
            0001463c    _I2Cconfig
            00014646    _I2Cinit
            0001464e    _isr_init
            0001467e    __lock
            00014680    __unlock
            00014682    __cleanup_ptr
            00014684    __dtors_ptr
            00014686    ___end__
            00014686    end
            000146dc    _ask_rs485
            000146e1    _init_rs485
            00018000    _count_final_jiance
            0001800c    _Send_sig
ffffffff                ___binit__
ffffffff                ___c_args__
ffffffff                ___pinit__
ffffffff                binit
ffffffff                pinit

[300 symbols]
