******************************************************************************
              TMS320C55x Linker PC v4.4.1                      
******************************************************************************
>> Linked Wed May 27 16:43:35 2015

OUTPUT FILE NAME:   <emif.out>
ENTRY POINT SYMBOL: "_c_int00"  address: 00004303


MEMORY CONFIGURATION

         name            origin    length      used     unused   attr    fill
                        (bytes)   (bytes)    (bytes)   (bytes)
----------------------  --------  ---------  --------  --------  ----  --------
PAGE 0:
  PROG0                 00004000   00008000  00000502  00007afe  RW X
  P_VECT                0000ff80   00000080  00000000  00000080  R IX

PAGE 1:
  DATA0                 0000c000   00004000  00001408  00002bf8  RW  


SECTION ALLOCATION MAP
(Addresses surrounded by []'s are displayed for convenience only!)

output                                                          attributes/
section   page  orgn(bytes) orgn(words) len(bytes) len(words)   input sections
--------  ----  ----------- ----------- ---------- ----------   --------------
.text        0     00004000  [ 00002000 ] 0000036e          *   
                   00004000  [ 00002000 ] 0000022d          *   main.obj (.text)
                   0000422d  [ 00002116+] 0000004d          *   rts55x.lib : autoinit.obj (.text)
                   0000427a  [ 0000213d ] 0000004b          *              : args_main.obj (.text)
                   000042c5  [ 00002162+] 0000003e          *              : exit.obj (.text)
                   00004303  [ 00002181+] 00000034          *              : boot.obj (.text)
                   00004337  [ 0000219b+] 00000012          *              : _lock.obj (.text)
                   00004349  [ 000021a4+] 0000000d          *   csl5509x.lib : _csl_init.obj (.text:_CSL_init)
                   00004356  [ 000021ab ] 0000000c          *                : csl.obj (.text:CSL_init)
                   00004362  [ 000021b1 ] 00000007          *   rts55x.lib : exit.obj (.text:CIO_breakpoint)
                   00004369  [ 000021b4+] 00000002          *   csl5509x.lib : csl.obj (.text)
                   0000436b  [ 000021b5+] 00000002          *   rts55x.lib : vectors.obj (.text)
                   0000436d  [ 000021b6 ] 00000001          *   --HOLE-- [fill = 20]

.cinit       0   [ 0000436e ]  000021b7          *   0000004a   
                 [ 0000436e ]  000021b7          *   00000025   csl5509x.lib : csl_csldat.obj (.cinit)
                 [ 000043b8 ]  000021dc          *   00000010   main.obj (.cinit)
                 [ 000043d8 ]  000021ec          *   0000000a   rts55x.lib : _lock.obj (.cinit)
                 [ 000043ec ]  000021f6          *   0000000a              : exit.obj (.cinit)
                 [ 00004400 ]  00002200          *   00000001   --HOLE-- [fill = 0]

vectors      0     00004408  [ 00002204 ] 00000100          *   
                   00004408  [ 00002204 ] 00000100          *   rts55x.lib : vectors.obj (vectors)

.bss         1   [ 0000c000 ]  00006000          *   000007e2   UNINITIALIZED
                 [ 0000c000 ]  00006000          *   000007da   main.obj (.bss)
                 [ 0000cfb4 ]  000067da          *   00000004   rts55x.lib : _lock.obj (.bss)
                 [ 0000cfbc ]  000067de          *   00000004              : exit.obj (.bss)

.stack       1   [ 0000cfc4 ]  000067e2          *   00000100   UNINITIALIZED
                 [ 0000cfc4 ]  000067e2          *   00000100   --HOLE--

.sysstack 
*            1   [ 0000d1c4 ]  000068e2          *   00000100   UNINITIALIZED
                 [ 0000d1c4 ]  000068e2          *   00000100   --HOLE--

.csldata     1   [ 0000d3c4 ]  000069e2          *   00000022   UNINITIALIZED
                 [ 0000d3c4 ]  000069e2          *   00000022   csl5509x.lib : csl_csldat.obj (.csldata:SYS_data)


GLOBAL SYMBOLS: SORTED ALPHABETICALLY BY Name 

abs. value/
byte addr   word addr   name
---------   ---------   ----
00000002                $TI_capability$C5500$CallingConvention
00000002                $TI_capability$C5500$MemoryModel
00000001                $TI_capability_requires_rev2
            00006000    .bss
00004000                .text
00004363                C$$EXIT
00004010                _CLK_init
00004369                _CSL5509_LIB_
            000069e2    _CSL_SysData
00004356                _CSL_init
0000402b                _EMIF_init
00004408                _Reset
00004349                __CSL_init
            000068e2    __STACK_END
00000200                __STACK_SIZE
00000200                __SYSSTACK_SIZE
00000001                __TI_args_main
ffffffff                ___binit__
            00006000    ___bss__
ffffffff                ___c_args__
            000021b7    ___cinit__
            000067e2    ___end__
0000436e                ___etext__
ffffffff                ___pinit__
00004000                ___text__
0000427a                __args_main
            000067de    __cleanup_ptr
            000067e0    __dtors_ptr
            000067da    __lock
00004347                __nop
0000433f                __register_lock
00004337                __register_unlock
            000067e2    __stack
            000068e2    __sysstack
            000067dc    __unlock
00004362                _abort
0000422d                _auto_init
00004303                _c_int00
            00006005    _databuffer1
            000063ed    _databuffer2
            000067d8    _deminaddr
000042c5                _exit
            00006001    _i
00004117                _main
            00006004    _n
            000067d6    _souraddr
            00006000    _x
            00006002    _y
ffffffff                binit
            000021b7    cinit
            000067e2    end
0000436e                etext
ffffffff                pinit


GLOBAL SYMBOLS: SORTED BY Symbol Address 

abs. value/
byte addr   word addr   name
---------   ---------   ----
00000001                $TI_capability_requires_rev2
00000001                __TI_args_main
00000002                $TI_capability$C5500$CallingConvention
00000002                $TI_capability$C5500$MemoryModel
00000200                __STACK_SIZE
00000200                __SYSSTACK_SIZE
00004000                .text
00004000                ___text__
00004010                _CLK_init
0000402b                _EMIF_init
00004117                _main
0000422d                _auto_init
0000427a                __args_main
000042c5                _exit
00004303                _c_int00
00004337                __register_unlock
0000433f                __register_lock
00004347                __nop
00004349                __CSL_init
00004356                _CSL_init
00004362                _abort
00004363                C$$EXIT
00004369                _CSL5509_LIB_
            000021b7    ___cinit__
0000436e                ___etext__
            000021b7    cinit
0000436e                etext
00004408                _Reset
            00006000    .bss
            00006000    ___bss__
            00006000    _x
            00006001    _i
            00006002    _y
            00006004    _n
            00006005    _databuffer1
            000063ed    _databuffer2
            000067d6    _souraddr
            000067d8    _deminaddr
            000067da    __lock
            000067dc    __unlock
            000067de    __cleanup_ptr
            000067e0    __dtors_ptr
            000067e2    ___end__
            000067e2    __stack
            000067e2    end
            000068e2    __STACK_END
            000068e2    __sysstack
            000069e2    _CSL_SysData
ffffffff                ___binit__
ffffffff                ___c_args__
ffffffff                ___pinit__
ffffffff                binit
ffffffff                pinit

[53 symbols]
