******************************************************************************
         TMS320C55x COFF Linker PC v3.3.2                      
******************************************************************************
>> Linked Mon Aug 18 11:13:07 2014

OUTPUT FILE NAME:   <./Debug/sdram.out>
ENTRY POINT SYMBOL: "_c_int00"  address: 00000000


MEMORY CONFIGURATION

         name            origin    length      used     unused   attr    fill
                        (bytes)   (bytes)    (bytes)   (bytes)
----------------------  --------  ---------  --------  --------  ----  --------
PAGE 0:
  PROG0                 00004000   00008000  000000f7  00007f09  RW X
  P_VECT                0000ff80   00000080  00000000  00000080  R IX

PAGE 1:
  DATA0                 0000c000   00004000  0000080a  000037f6  RW  


SECTION ALLOCATION MAP
(Addresses surrounded by []'s are displayed for convenience only!)

output                                                          attributes/
section   page  orgn(bytes) orgn(words) len(bytes) len(words)   input sections
--------  ----  ----------- ----------- ---------- ----------   --------------
.data        0   [ 00000000 ]  00000000          *   00000000   UNINITIALIZED

.text        0     00004000  [ 00002000 ] 000000ad          *   
                   00004000  [ 00002000 ] 000000ac          *   main.obj (.text)
                   000040ac  [ 00002056 ] 00000001          *   --HOLE-- [fill = 20]

.cinit       0   [ 000040ae ]  00002057          *   00000025   
                 [ 000040ae ]  00002057          *   00000024   main.obj (.cinit)
                 [ 000040f6 ]  0000207b          *   00000001   --HOLE-- [fill = 0]

.vectors     0   [ 0000ff80 ]  00007fc0          *   00000000   UNINITIALIZED

.csldata     1   [ 0000c000 ]  00006000          *   00000000   UNINITIALIZED

.stack       1   [ 0000c000 ]  00006000          *   00000000   UNINITIALIZED

.sysstack 
*            1   [ 0000c000 ]  00006000          *   00000000   UNINITIALIZED

.cio         1   [ 0000c000 ]  00006000          *   00000000   UNINITIALIZED

.const       1   [ 0000c000 ]  00006000          *   00000000   UNINITIALIZED

.sysmem      1   [ 0000c000 ]  00006000          *   00000000   UNINITIALIZED

.bss         1   [ 0000c000 ]  00006000          *   00000405   UNINITIALIZED
                 [ 0000c000 ]  00006000          *   00000405   main.obj (.bss)


GLOBAL SYMBOLS: SORTED ALPHABETICALLY BY Name 

abs. value/
byte addr   word addr   name
---------   ---------   ----
00000001                $TI_capability$C5500$MemoryModel
00000001                $TI_capability_requires_rev2
            00006000    .bss
            00000000    .data
00004000                .text
   *** UNDEFINED ***    _CSL5509_LIB_
   *** UNDEFINED ***    _EMIF_config
   *** UNDEFINED ***    _PLL_config
   *** UNDEFINED ***    __CSL_init
ffffffff                ___binit__
            00006000    ___bss__
ffffffff                ___c_args__
            00002057    ___cinit__
            00000000    ___data__
            00000000    ___edata__
            00006405    ___end__
000040ad                ___etext__
ffffffff                ___pinit__
00004000                ___text__
            00006001    _b
   *** UNDEFINED ***    _c_int00
            00006005    _databuffer
            00006004    _datacount
            000063ee    _deminaddr
            000063f3    _emiffig
00004010                _main
            000063ef    _myConfig
            000063ed    _souraddr
            00006000    _x
            00006002    _y
ffffffff                binit
            00002057    cinit
            00000000    edata
            00006405    end
000040ad                etext
ffffffff                pinit


GLOBAL SYMBOLS: SORTED BY Symbol Address 

abs. value/
byte addr   word addr   name
---------   ---------   ----
            00000000    edata
            00000000    ___data__
            00000000    ___edata__
            00000000    .data
00000001                $TI_capability_requires_rev2
00000001                $TI_capability$C5500$MemoryModel
00004000                .text
00004000                ___text__
00004010                _main
000040ad                etext
000040ad                ___etext__
            00002057    ___cinit__
            00002057    cinit
            00006000    .bss
            00006000    ___bss__
            00006000    _x
            00006001    _b
            00006002    _y
            00006004    _datacount
            00006005    _databuffer
            000063ed    _souraddr
            000063ee    _deminaddr
            000063ef    _myConfig
            000063f3    _emiffig
            00006405    end
            00006405    ___end__
ffffffff                pinit
ffffffff                binit
   *** UNDEFINED ***    _PLL_config
   *** UNDEFINED ***    __CSL_init
   *** UNDEFINED ***    _CSL5509_LIB_
   *** UNDEFINED ***    _EMIF_config
ffffffff                ___pinit__
   *** UNDEFINED ***    _c_int00
ffffffff                ___binit__
ffffffff                ___c_args__

[36 symbols]
