******************************************************************************
                  MSP430 Linker PC v4.2.1                      
******************************************************************************
>> Linked Thu May 26 18:59:26 2016

OUTPUT FILE NAME:   <LCD12864.out>
ENTRY POINT SYMBOL: "_c_int00"  address: 00007900


MEMORY CONFIGURATION

         name            origin    length      used     unused   attr    fill
----------------------  --------  ---------  --------  --------  ----  --------
  SFR                   00000000   00000010  00000000  00000010  RWIX
  PERIPHERALS_8BIT      00000010   000000f0  00000000  000000f0  RWIX
  PERIPHERALS_16BIT     00000100   00000100  00000000  00000100  RWIX
  INFOB                 00001000   00000080  00000000  00000080  RWIX
  INFOA                 00001080   00000080  00000000  00000080  RWIX
  RAM                   00001100   00002800  000001de  00002622  RWIX
  FLASH                 00004000   0000bfe0  00003b00  000084e0  RWIX
  INT00                 0000ffe0   00000002  00000002  00000000  RWIX
  INT01                 0000ffe2   00000002  00000002  00000000  RWIX
  INT02                 0000ffe4   00000002  00000002  00000000  RWIX
  INT03                 0000ffe6   00000002  00000002  00000000  RWIX
  INT04                 0000ffe8   00000002  00000002  00000000  RWIX
  INT05                 0000ffea   00000002  00000002  00000000  RWIX
  INT06                 0000ffec   00000002  00000002  00000000  RWIX
  INT07                 0000ffee   00000002  00000002  00000000  RWIX
  INT08                 0000fff0   00000002  00000002  00000000  RWIX
  INT09                 0000fff2   00000002  00000002  00000000  RWIX
  INT10                 0000fff4   00000002  00000002  00000000  RWIX
  INT11                 0000fff6   00000002  00000002  00000000  RWIX
  INT12                 0000fff8   00000002  00000002  00000000  RWIX
  INT13                 0000fffa   00000002  00000002  00000000  RWIX
  INT14                 0000fffc   00000002  00000002  00000000  RWIX
  RESET                 0000fffe   00000002  00000002  00000000  RWIX


SECTION ALLOCATION MAP

 output                                  attributes/
section   page    origin      length       input sections
--------  ----  ----------  ----------   ----------------
.init_array 
*          0    00004000    00000000     UNINITIALIZED

.data      0    00001100    00000172     UNINITIALIZED
                  00001100    00000080     rts430_eabi.lib : xvalues.obj (.data)
                  00001180    00000068                     : xfvalues.obj (.data)
                  000011e8    00000058                     : signal.obj (.data:sigtable)
                  00001240    0000000d     main.obj (.data:tab1)
                  0000124d    00000001     --HOLE--
                  0000124e    0000000b     main.obj (.data:tab2)
                  00001259    00000001     --HOLE--
                  0000125a    0000000b     main.obj (.data:tab3)
                  00001265    00000001     --HOLE--
                  00001266    00000006     rts430_eabi.lib : feraiseexcept.obj (.data)
                  0000126c    00000004                     : _lock.obj (.data)
                  00001270    00000002                     : errno.obj (.data)

.TI.persistent 
*          0    00001100    00000000     UNINITIALIZED

.bss       0    00001272    0000001c     UNINITIALIZED
                  00001272    00000002     (.common:ac1)
                  00001274    00000002     (.common:ac2)
                  00001276    00000002     (.common:ac3)
                  00001278    00000002     (.common:ac4)
                  0000127a    00000002     (.common:ac5)
                  0000127c    00000002     (.common:ac6)
                  0000127e    00000002     (.common:b1)
                  00001280    00000002     (.common:b2)
                  00001282    00000002     (.common:mb)
                  00001284    00000002     (.common:mc)
                  00001286    00000002     (.common:md)
                  00001288    00000001     (.common:bai)
                  00001289    00000001     (.common:ge)
                  0000128a    00000001     (.common:qian)
                  0000128b    00000001     (.common:shi)
                  0000128c    00000001     (.common:shiwan)
                  0000128d    00000001     (.common:wan)

.TI.noinit 
*          0    00001272    00000000     UNINITIALIZED

.stack     0    000038b0    00000050     UNINITIALIZED
                  000038b0    00000002     rts430_eabi.lib : boot.obj (.stack)
                  000038b2    0000004e     --HOLE--

.text      0    00004000    000039e2     
                  00004000    000006a4     rts430_eabi.lib : pow.obj (.text:pow)
                  000046a4    0000049e     BMP180.obj (.text:BMP180_Convert)
                  00004b42    0000045e     rts430_eabi.lib : frcdivd.obj (.text:__TI_frcdivd)
                  00004fa0    0000045a                     : xlog.obj (.text:_Log)
                  000053fa    0000039c                     : xexp.obj (.text:_Exp)
                  00005796    000002f8                     : frcmpyd.obj (.text:__TI_frcmpyd)
                  00005a8e    000002e8                     : addd.obj (.text:__mspabi_addd)
                  00005d76    0000026e                     : frcaddd.obj (.text:__TI_frcaddd)
                  00005fe4    00000256                     : mpyd.obj (.text:__mspabi_mpyd)
                  0000623a    00000238                     : divd.obj (.text:__mspabi_divd)
                  00006472    000001ae                     : xdscale.obj (.text:_Dscale)
                  00006620    00000138                     : cmpd.obj (.text:__mspabi_cmpd)
                  00006758    00000110                     : xdnorm.obj (.text:_Dnorm)
                  00006868    000000fc     BMP180.obj (.text:conversion)
                  00006964    000000cc     rts430_eabi.lib : xdint.obj (.text:_Dint)
                  00006a30    000000c0                     : renormd.obj (.text:__TI_renormd)
                  00006af0    000000b0                     : fltlid.obj (.text:__mspabi_fltlid)
                  00006ba0    000000aa     main.obj (.text:main)
                  00006c4a    000000a0     BMP180.obj (.text:BMP180_ReadPressure)
                  00006cea    0000009e     LCD12864.obj (.text:LCD12864_write_zi)
                  00006d88    00000090     LCD12864.obj (.text:LCD12864_read_byte)
                  00006e18    0000008a     BMP180.obj (.text:BMP180_ReadTemperature)
                  00006ea2    00000088     rts430_eabi.lib : fixdli.obj (.text:__mspabi_fixdli)
                  00006f2a    00000086     BMP180.obj (.text:Init_BMP180)
                  00006fb0    00000080     rts430_eabi.lib : cvtfd.obj (.text:__mspabi_cvtfd)
                  00007030    00000076                     : xdunscal.obj (.text:_Dunscale)
                  000070a6    0000006c     BMP180.obj (.text:BMP180_SendByte)
                  00007112    00000066     BMP180.obj (.text:BMP180_RecvByte)
                  00007178    0000005e     rts430_eabi.lib : copy_decompress_rle.obj (.text:__TI_decompress_rle_core)
                  000071d6    0000005e                     : autoinit.obj (.text:_auto_init)
                  00007234    0000005c                     : lsr32.obj (.text:l_lsr_const)
                  00007290    00000058                     : div32u.obj (.text)
                  000072e8    00000056     LCD12864.obj (.text:LCD12864_write)
                  0000733e    00000052     BMP180.obj (.text:BMP180_SendACK)
                  00007390    0000004e     BMP180.obj (.text:Single_Read)
                  000073de    0000004c     rts430_eabi.lib : lsr16.obj (.text)
                  0000742a    00000048     Inlt.obj (.text:IO_Init)
                  00007472    00000048     LCD12864.obj (.text:LCD12864_write_byte)
                  000074ba    00000042     Inlt.obj (.text:Init_CLK)
                  000074fc    00000040     BMP180.obj (.text:BMP180_RecvACK)
                  0000753c    00000040     rts430_eabi.lib : div32s.obj (.text)
                  0000757c    0000003e     BMP180.obj (.text:BMP180_AddressRead2Byte)
                  000075ba    0000003e     rts430_eabi.lib : asr32.obj (.text:l_asr_const)
                  000075f8    0000003e                     : lsl32.obj (.text:l_lsl_const)
                  00007636    0000003c     BMP180.obj (.text:Single_Write)
                  00007672    0000003a     LCD12864.obj (.text:LCD12864_init)
                  000076ac    00000036     rts430_eabi.lib : subd.obj (.text:__mspabi_subd)
                  000076e2    00000036                     : signal.obj (.text:signal)
                  00007718    00000032     BMP180.obj (.text:BMP180_Start)
                  0000774a    00000032     rts430_eabi.lib : xferaise.obj (.text:_Feraise)
                  0000777c    00000030                     : raise.obj (.text:raise)
                  000077ac    0000002e     BMP180.obj (.text:BMP180_Stop)
                  000077da    0000002e     rts430_eabi.lib : feraiseexcept.obj (.text:feraiseexcept)
                  00007808    0000002e                     : mult32_hw.obj (.text)
                  00007836    0000002c                     : asr16.obj (.text)
                  00007862    0000002c                     : lsl16.obj (.text)
                  0000788e    0000002a                     : negd.obj (.text:__mspabi_negd)
                  000078b8    00000028                     : fixdi.obj (.text:__mspabi_fixdi)
                  000078e0    00000020     LCD12864.obj (.text:LCD12864_busy)
                  00007900    0000001a     rts430_eabi.lib : boot.obj (.text:_c_int00_noexit)
                  0000791a    00000014                     : copy_zero_init.obj (.text:decompress:ZI:__TI_zero_init)
                  0000792e    00000014                     : mult16_hw.obj (.text)
                  00007942    00000012                     : copy_decompress_none.obj (.text:decompress:none:__TI_decompress_none)
                  00007954    00000012                     : lsr32.obj (.text:l_lsr)
                  00007966    00000012                     : memcpy.obj (.text:memcpy)
                  00007978    00000010                     : asr32.obj (.text:l_asr)
                  00007988    00000010                     : lsl32.obj (.text:l_lsl)
                  00007998    00000010                     : epilog.obj (.text)
                  000079a8    0000000e                     : log.obj (.text:log)
                  000079b6    0000000c                     : fltid.obj (.text:__mspabi_fltid)
                  000079c2    0000000a                     : fs_neg.obj (.text)
                  000079cc    00000006                     : isr_trap.obj (.text:__TI_ISR_TRAP)
                  000079d2    00000006                     : copy_decompress_rle.obj (.text:decompress:rle24:__TI_decompress_rle24)
                  000079d8    00000004                     : pre_init.obj (.text:_system_pre_init)
                  000079dc    00000004                     : exit.obj (.text:abort)
                  000079e0    00000002                     : _lock.obj (.text:_nop)

.const     0    000079e2    00000088     
                  000079e2    00000038     rts430_eabi.lib : xlog.obj (.const:p)
                  00007a1a    00000020                     : xdint.obj (.const:mask$1)
                  00007a3a    00000018                     : xexp.obj (.const:s)
                  00007a52    00000010                     : xexp.obj (.const:c)
                  00007a62    00000008                     : xdint.obj (.const:sub$2)

.cinit     0    00007a6a    00000096     
                  00007a6a    00000083     (.cinit..data.load) [load image, compression = rle]
                  00007aed    00000001     --HOLE-- [fill = 0]
                  00007aee    00000006     (__TI_handler_table)
                  00007af4    00000004     (.cinit..bss.load) [load image, compression = zero_init]
                  00007af8    00000008     (__TI_cinit_table)

DACDMA     0    0000ffe0    00000002     
                  0000ffe0    00000002     rts430_eabi.lib : int00.obj (.int00)

PORT2      0    0000ffe2    00000002     
                  0000ffe2    00000002     rts430_eabi.lib : int01.obj (.int01)

USART1TX   0    0000ffe4    00000002     
                  0000ffe4    00000002     rts430_eabi.lib : int02.obj (.int02)

USART1RX   0    0000ffe6    00000002     
                  0000ffe6    00000002     rts430_eabi.lib : int03.obj (.int03)

PORT1      0    0000ffe8    00000002     
                  0000ffe8    00000002     rts430_eabi.lib : int04.obj (.int04)

TIMERA1    0    0000ffea    00000002     
                  0000ffea    00000002     rts430_eabi.lib : int05.obj (.int05)

TIMERA0    0    0000ffec    00000002     
                  0000ffec    00000002     rts430_eabi.lib : int06.obj (.int06)

ADC12      0    0000ffee    00000002     
                  0000ffee    00000002     rts430_eabi.lib : int07.obj (.int07)

USART0TX   0    0000fff0    00000002     
                  0000fff0    00000002     rts430_eabi.lib : int08.obj (.int08)

USART0RX   0    0000fff2    00000002     
                  0000fff2    00000002     rts430_eabi.lib : int09.obj (.int09)

WDT        0    0000fff4    00000002     
                  0000fff4    00000002     rts430_eabi.lib : int10.obj (.int10)

COMPARATORA 
*          0    0000fff6    00000002     
                  0000fff6    00000002     rts430_eabi.lib : int11.obj (.int11)

TIMERB1    0    0000fff8    00000002     
                  0000fff8    00000002     rts430_eabi.lib : int12.obj (.int12)

TIMERB0    0    0000fffa    00000002     
                  0000fffa    00000002     rts430_eabi.lib : int13.obj (.int13)

NMI        0    0000fffc    00000002     
                  0000fffc    00000002     rts430_eabi.lib : int14.obj (.int14)

.reset     0    0000fffe    00000002     
                  0000fffe    00000002     rts430_eabi.lib : boot.obj (.reset)


LINKER GENERATED COPY TABLES

__TI_cinit_table @ 00007af8 records: 2, size/record: 4, table size: 8
	.data: load addr=00007a6a, load size=00000083 bytes, run addr=00001100, run size=00000172 bytes, compression=rle
	.bss: load addr=00007af4, load size=00000004 bytes, run addr=00001272, run size=0000001c bytes, compression=zero_init


LINKER GENERATED HANDLER TABLE

__TI_handler_table @ 00007aee records: 3, size/record: 2, table size: 6
	index: 0, handler: __TI_zero_init
	index: 1, handler: __TI_decompress_rle24
	index: 2, handler: __TI_decompress_none


GLOBAL SYMBOLS: SORTED ALPHABETICALLY BY Name 

address    name
--------   ----
000001a0   ADC12CTL0
000001a2   ADC12CTL1
000001a6   ADC12IE
000001a4   ADC12IFG
000001a8   ADC12IV
00000080   ADC12MCTL0
00000081   ADC12MCTL1
0000008a   ADC12MCTL10
0000008b   ADC12MCTL11
0000008c   ADC12MCTL12
0000008d   ADC12MCTL13
0000008e   ADC12MCTL14
0000008f   ADC12MCTL15
00000082   ADC12MCTL2
00000083   ADC12MCTL3
00000084   ADC12MCTL4
00000085   ADC12MCTL5
00000086   ADC12MCTL6
00000087   ADC12MCTL7
00000088   ADC12MCTL8
00000089   ADC12MCTL9
00000140   ADC12MEM0
00000142   ADC12MEM1
00000154   ADC12MEM10
00000156   ADC12MEM11
00000158   ADC12MEM12
0000015a   ADC12MEM13
0000015c   ADC12MEM14
0000015e   ADC12MEM15
00000144   ADC12MEM2
00000146   ADC12MEM3
00000148   ADC12MEM4
0000014a   ADC12MEM5
0000014c   ADC12MEM6
0000014e   ADC12MEM7
00000150   ADC12MEM8
00000152   ADC12MEM9
00000057   BCSCTL1
00000058   BCSCTL2
000046a4   BMP180_Convert
00006c4a   BMP180_ReadPressure
00006e18   BMP180_ReadTemperature
000074fc   BMP180_RecvACK
00007112   BMP180_RecvByte
0000733e   BMP180_SendACK
000070a6   BMP180_SendByte
00007718   BMP180_Start
000077ac   BMP180_Stop
000079dc   C$$EXIT
00000059   CACTL1
0000005a   CACTL2
0000005b   CAPD
000001c0   DAC12_0CTL
000001c8   DAC12_0DAT
000001c2   DAC12_1CTL
000001ca   DAC12_1DAT
00000056   DCOCTL
000001e0   DMA0CTL
000001e4   DMA0DA
000001e2   DMA0SA
000001e6   DMA0SZ
000001e8   DMA1CTL
000001ec   DMA1DA
000001ea   DMA1SA
000001ee   DMA1SZ
000001f0   DMA2CTL
000001f4   DMA2DA
000001f2   DMA2SA
000001f6   DMA2SZ
00000122   DMACTL0
00000124   DMACTL1
00000128   FCTL1
0000012a   FCTL2
0000012c   FCTL3
00000072   I2CDCTL
00000076   I2CDRB
00000076   I2CDRW
00000050   I2CIE
00000051   I2CIFG
0000011c   I2CIV
00000052   I2CNDAT
00000118   I2COA
00000073   I2CPSC
0000011a   I2CSA
00000074   I2CSCLH
00000075   I2CSCLL
00000071   I2CTCTL
00000000   IE1
00000001   IE2
00000002   IFG1
00000003   IFG2
0000742a   IO_Init
00006f2a   Init_BMP180
000074ba   Init_CLK
000078e0   LCD12864_busy
00007672   LCD12864_init
00006d88   LCD12864_read_byte
000072e8   LCD12864_write
00007472   LCD12864_write_byte
00006cea   LCD12864_write_zi
00000134   MAC
00000136   MACS
00000004   ME1
00000005   ME2
00000130   MPY
00000132   MPYS
00000138   OP2
00000022   P1DIR
00000025   P1IE
00000024   P1IES
00000023   P1IFG
00000020   P1IN
00000021   P1OUT
00000026   P1SEL
0000002a   P2DIR
0000002d   P2IE
0000002c   P2IES
0000002b   P2IFG
00000028   P2IN
00000029   P2OUT
0000002e   P2SEL
0000001a   P3DIR
00000018   P3IN
00000019   P3OUT
0000001b   P3SEL
0000001e   P4DIR
0000001c   P4IN
0000001d   P4OUT
0000001f   P4SEL
00000032   P5DIR
00000030   P5IN
00000031   P5OUT
00000033   P5SEL
00000036   P6DIR
00000034   P6IN
00000035   P6OUT
00000037   P6SEL
0000013c   RESHI
0000013a   RESLO
0000013e   SUMEXT
00000055   SVSCTL
00007390   Single_Read
00007636   Single_Write
00000172   TACCR0
00000174   TACCR1
00000176   TACCR2
00000162   TACCTL0
00000164   TACCTL1
00000166   TACCTL2
00000160   TACTL
0000012e   TAIV
00000170   TAR
00000192   TBCCR0
00000194   TBCCR1
00000196   TBCCR2
00000198   TBCCR3
0000019a   TBCCR4
0000019c   TBCCR5
0000019e   TBCCR6
00000182   TBCCTL0
00000184   TBCCTL1
00000186   TBCCTL2
00000188   TBCCTL3
0000018a   TBCCTL4
0000018c   TBCCTL5
0000018e   TBCCTL6
00000180   TBCTL
0000011e   TBIV
00000190   TBR
00000074   U0BR0
00000075   U0BR1
00000070   U0CTL
00000073   U0MCTL
00000072   U0RCTL
00000076   U0RXBUF
00000071   U0TCTL
00000077   U0TXBUF
0000007c   U1BR0
0000007d   U1BR1
00000078   U1CTL
0000007b   U1MCTL
0000007a   U1RCTL
0000007e   U1RXBUF
00000079   U1TCTL
0000007f   U1TXBUF
00000120   WDTCTL
00001100   _Denorm
00006964   _Dint
00006758   _Dnorm
00006472   _Dscale
00007030   _Dunscale
00001110   _Eps
00001270   _Errno
000053fa   _Exp
00001180   _FDenorm
00001190   _FEps
000011a0   _FInf
000011b0   _FNan
000011d0   _FRteps
000011c0   _FSnan
000011e0   _FXbig
000011e4   _FZero
00001266   _Fenv
0000774a   _Feraise
00001120   _Hugeval
00001130   _Inf
00004fa0   _Log
00001140   _Nan
00001160   _Rteps
00001150   _Snan
0000126a   _Tls_setup__Fenv
00001170   _Xbig
00001178   _Zero
00003900   __STACK_END
00000050   __STACK_SIZE
00007af8   __TI_CINIT_Base
00007b00   __TI_CINIT_Limit
00007aee   __TI_Handler_Table_Base
00007af4   __TI_Handler_Table_Limit
UNDEFED    __TI_INITARRAY_Base
UNDEFED    __TI_INITARRAY_Limit
000079cc   __TI_ISR_TRAP
00000001   __TI_args_main
00007942   __TI_decompress_none
000079d2   __TI_decompress_rle24
00000001   __TI_exit
00005d76   __TI_frcaddd
00004b42   __TI_frcdivd
00005796   __TI_frcmpyd
0000ffe0   __TI_int00
0000ffe2   __TI_int01
0000ffe4   __TI_int02
0000ffe6   __TI_int03
0000ffe8   __TI_int04
0000ffea   __TI_int05
0000ffec   __TI_int06
0000ffee   __TI_int07
0000fff0   __TI_int08
0000fff2   __TI_int09
0000fff4   __TI_int10
0000fff6   __TI_int11
0000fff8   __TI_int12
0000fffa   __TI_int13
0000fffc   __TI_int14
00006a30   __TI_renormd
0000791a   __TI_zero_init
ffffffff   __binit__
ffffffff   __c_args__
00005a8e   __mspabi_addd
00006620   __mspabi_cmpd
00006fb0   __mspabi_cvtfd
0000623a   __mspabi_divd
0000753c   __mspabi_divli
00007290   __mspabi_divul
000078b8   __mspabi_fixdi
00006ea2   __mspabi_fixdli
000079b6   __mspabi_fltid
00006af0   __mspabi_fltlid
000079a4   __mspabi_func_epilog_1
000079a2   __mspabi_func_epilog_2
000079a0   __mspabi_func_epilog_3
0000799e   __mspabi_func_epilog_4
0000799c   __mspabi_func_epilog_5
0000799a   __mspabi_func_epilog_6
00007998   __mspabi_func_epilog_7
00005fe4   __mspabi_mpyd
0000792e   __mspabi_mpyi_hw
00007808   __mspabi_mpyl_hw
0000788e   __mspabi_negd
000079c2   __mspabi_negf
0000753c   __mspabi_remli
00007290   __mspabi_remul
00007862   __mspabi_slli
0000788a   __mspabi_slli_1
00007878   __mspabi_slli_10
00007876   __mspabi_slli_11
00007874   __mspabi_slli_12
00007872   __mspabi_slli_13
00007870   __mspabi_slli_14
0000786e   __mspabi_slli_15
00007888   __mspabi_slli_2
00007886   __mspabi_slli_3
00007884   __mspabi_slli_4
00007882   __mspabi_slli_5
00007880   __mspabi_slli_6
0000787e   __mspabi_slli_7
0000787c   __mspabi_slli_8
0000787a   __mspabi_slli_9
00007988   __mspabi_slll
00007630   __mspabi_slll_1
0000760c   __mspabi_slll_10
00007608   __mspabi_slll_11
00007604   __mspabi_slll_12
00007600   __mspabi_slll_13
000075fc   __mspabi_slll_14
000075f8   __mspabi_slll_15
0000762c   __mspabi_slll_2
00007628   __mspabi_slll_3
00007624   __mspabi_slll_4
00007620   __mspabi_slll_5
0000761c   __mspabi_slll_6
00007618   __mspabi_slll_7
00007614   __mspabi_slll_8
00007610   __mspabi_slll_9
00007836   __mspabi_srai
0000785e   __mspabi_srai_1
0000784c   __mspabi_srai_10
0000784a   __mspabi_srai_11
00007848   __mspabi_srai_12
00007846   __mspabi_srai_13
00007844   __mspabi_srai_14
00007842   __mspabi_srai_15
0000785c   __mspabi_srai_2
0000785a   __mspabi_srai_3
00007858   __mspabi_srai_4
00007856   __mspabi_srai_5
00007854   __mspabi_srai_6
00007852   __mspabi_srai_7
00007850   __mspabi_srai_8
0000784e   __mspabi_srai_9
00007978   __mspabi_sral
000075f2   __mspabi_sral_1
000075ce   __mspabi_sral_10
000075ca   __mspabi_sral_11
000075c6   __mspabi_sral_12
000075c2   __mspabi_sral_13
000075be   __mspabi_sral_14
000075ba   __mspabi_sral_15
000075ee   __mspabi_sral_2
000075ea   __mspabi_sral_3
000075e6   __mspabi_sral_4
000075e2   __mspabi_sral_5
000075de   __mspabi_sral_6
000075da   __mspabi_sral_7
000075d6   __mspabi_sral_8
000075d2   __mspabi_sral_9
000073de   __mspabi_srli
00007424   __mspabi_srli_1
00007400   __mspabi_srli_10
000073fc   __mspabi_srli_11
000073f8   __mspabi_srli_12
000073f4   __mspabi_srli_13
000073f0   __mspabi_srli_14
000073ec   __mspabi_srli_15
00007420   __mspabi_srli_2
0000741c   __mspabi_srli_3
00007418   __mspabi_srli_4
00007414   __mspabi_srli_5
00007410   __mspabi_srli_6
0000740c   __mspabi_srli_7
00007408   __mspabi_srli_8
00007404   __mspabi_srli_9
00007954   __mspabi_srll
00007288   __mspabi_srll_1
00007252   __mspabi_srll_10
0000724c   __mspabi_srll_11
00007246   __mspabi_srll_12
00007240   __mspabi_srll_13
0000723a   __mspabi_srll_14
00007234   __mspabi_srll_15
00007282   __mspabi_srll_2
0000727c   __mspabi_srll_3
00007276   __mspabi_srll_4
00007270   __mspabi_srll_5
0000726a   __mspabi_srll_6
00007264   __mspabi_srll_7
0000725e   __mspabi_srll_8
00007258   __mspabi_srll_9
000076ac   __mspabi_subd
000071d6   _auto_init
00007900   _c_int00
00007900   _c_int00_noexit
0000126c   _lock
000079e0   _nop
0000fffe   _reset_vector
000038b0   _stack
000079d8   _system_pre_init
0000126e   _unlock
000079dc   abort
00001272   ac1
00001274   ac2
00001276   ac3
00001278   ac4
0000127a   ac5
0000127c   ac6
0000127e   b1
00001280   b2
00001288   bai
ffffffff   binit
00006868   conversion
000077da   feraiseexcept
00001289   ge
000079a8   log
00006ba0   main
00001282   mb
00001284   mc
00001286   md
00007966   memcpy
00004000   pow
0000128a   qian
0000777c   raise
0000128b   shi
0000128c   shiwan
000076e2   signal
00001240   tab1
0000124e   tab2
0000125a   tab3
0000128d   wan


GLOBAL SYMBOLS: SORTED BY Symbol Address 

address    name
--------   ----
00000000   IE1
00000001   IE2
00000001   __TI_args_main
00000001   __TI_exit
00000002   IFG1
00000003   IFG2
00000004   ME1
00000005   ME2
00000018   P3IN
00000019   P3OUT
0000001a   P3DIR
0000001b   P3SEL
0000001c   P4IN
0000001d   P4OUT
0000001e   P4DIR
0000001f   P4SEL
00000020   P1IN
00000021   P1OUT
00000022   P1DIR
00000023   P1IFG
00000024   P1IES
00000025   P1IE
00000026   P1SEL
00000028   P2IN
00000029   P2OUT
0000002a   P2DIR
0000002b   P2IFG
0000002c   P2IES
0000002d   P2IE
0000002e   P2SEL
00000030   P5IN
00000031   P5OUT
00000032   P5DIR
00000033   P5SEL
00000034   P6IN
00000035   P6OUT
00000036   P6DIR
00000037   P6SEL
00000050   I2CIE
00000050   __STACK_SIZE
00000051   I2CIFG
00000052   I2CNDAT
00000055   SVSCTL
00000056   DCOCTL
00000057   BCSCTL1
00000058   BCSCTL2
00000059   CACTL1
0000005a   CACTL2
0000005b   CAPD
00000070   U0CTL
00000071   I2CTCTL
00000071   U0TCTL
00000072   I2CDCTL
00000072   U0RCTL
00000073   I2CPSC
00000073   U0MCTL
00000074   I2CSCLH
00000074   U0BR0
00000075   I2CSCLL
00000075   U0BR1
00000076   I2CDRB
00000076   I2CDRW
00000076   U0RXBUF
00000077   U0TXBUF
00000078   U1CTL
00000079   U1TCTL
0000007a   U1RCTL
0000007b   U1MCTL
0000007c   U1BR0
0000007d   U1BR1
0000007e   U1RXBUF
0000007f   U1TXBUF
00000080   ADC12MCTL0
00000081   ADC12MCTL1
00000082   ADC12MCTL2
00000083   ADC12MCTL3
00000084   ADC12MCTL4
00000085   ADC12MCTL5
00000086   ADC12MCTL6
00000087   ADC12MCTL7
00000088   ADC12MCTL8
00000089   ADC12MCTL9
0000008a   ADC12MCTL10
0000008b   ADC12MCTL11
0000008c   ADC12MCTL12
0000008d   ADC12MCTL13
0000008e   ADC12MCTL14
0000008f   ADC12MCTL15
00000118   I2COA
0000011a   I2CSA
0000011c   I2CIV
0000011e   TBIV
00000120   WDTCTL
00000122   DMACTL0
00000124   DMACTL1
00000128   FCTL1
0000012a   FCTL2
0000012c   FCTL3
0000012e   TAIV
00000130   MPY
00000132   MPYS
00000134   MAC
00000136   MACS
00000138   OP2
0000013a   RESLO
0000013c   RESHI
0000013e   SUMEXT
00000140   ADC12MEM0
00000142   ADC12MEM1
00000144   ADC12MEM2
00000146   ADC12MEM3
00000148   ADC12MEM4
0000014a   ADC12MEM5
0000014c   ADC12MEM6
0000014e   ADC12MEM7
00000150   ADC12MEM8
00000152   ADC12MEM9
00000154   ADC12MEM10
00000156   ADC12MEM11
00000158   ADC12MEM12
0000015a   ADC12MEM13
0000015c   ADC12MEM14
0000015e   ADC12MEM15
00000160   TACTL
00000162   TACCTL0
00000164   TACCTL1
00000166   TACCTL2
00000170   TAR
00000172   TACCR0
00000174   TACCR1
00000176   TACCR2
00000180   TBCTL
00000182   TBCCTL0
00000184   TBCCTL1
00000186   TBCCTL2
00000188   TBCCTL3
0000018a   TBCCTL4
0000018c   TBCCTL5
0000018e   TBCCTL6
00000190   TBR
00000192   TBCCR0
00000194   TBCCR1
00000196   TBCCR2
00000198   TBCCR3
0000019a   TBCCR4
0000019c   TBCCR5
0000019e   TBCCR6
000001a0   ADC12CTL0
000001a2   ADC12CTL1
000001a4   ADC12IFG
000001a6   ADC12IE
000001a8   ADC12IV
000001c0   DAC12_0CTL
000001c2   DAC12_1CTL
000001c8   DAC12_0DAT
000001ca   DAC12_1DAT
000001e0   DMA0CTL
000001e2   DMA0SA
000001e4   DMA0DA
000001e6   DMA0SZ
000001e8   DMA1CTL
000001ea   DMA1SA
000001ec   DMA1DA
000001ee   DMA1SZ
000001f0   DMA2CTL
000001f2   DMA2SA
000001f4   DMA2DA
000001f6   DMA2SZ
00001100   _Denorm
00001110   _Eps
00001120   _Hugeval
00001130   _Inf
00001140   _Nan
00001150   _Snan
00001160   _Rteps
00001170   _Xbig
00001178   _Zero
00001180   _FDenorm
00001190   _FEps
000011a0   _FInf
000011b0   _FNan
000011c0   _FSnan
000011d0   _FRteps
000011e0   _FXbig
000011e4   _FZero
00001240   tab1
0000124e   tab2
0000125a   tab3
00001266   _Fenv
0000126a   _Tls_setup__Fenv
0000126c   _lock
0000126e   _unlock
00001270   _Errno
00001272   ac1
00001274   ac2
00001276   ac3
00001278   ac4
0000127a   ac5
0000127c   ac6
0000127e   b1
00001280   b2
00001282   mb
00001284   mc
00001286   md
00001288   bai
00001289   ge
0000128a   qian
0000128b   shi
0000128c   shiwan
0000128d   wan
000038b0   _stack
00003900   __STACK_END
00004000   pow
000046a4   BMP180_Convert
00004b42   __TI_frcdivd
00004fa0   _Log
000053fa   _Exp
00005796   __TI_frcmpyd
00005a8e   __mspabi_addd
00005d76   __TI_frcaddd
00005fe4   __mspabi_mpyd
0000623a   __mspabi_divd
00006472   _Dscale
00006620   __mspabi_cmpd
00006758   _Dnorm
00006868   conversion
00006964   _Dint
00006a30   __TI_renormd
00006af0   __mspabi_fltlid
00006ba0   main
00006c4a   BMP180_ReadPressure
00006cea   LCD12864_write_zi
00006d88   LCD12864_read_byte
00006e18   BMP180_ReadTemperature
00006ea2   __mspabi_fixdli
00006f2a   Init_BMP180
00006fb0   __mspabi_cvtfd
00007030   _Dunscale
000070a6   BMP180_SendByte
00007112   BMP180_RecvByte
000071d6   _auto_init
00007234   __mspabi_srll_15
0000723a   __mspabi_srll_14
00007240   __mspabi_srll_13
00007246   __mspabi_srll_12
0000724c   __mspabi_srll_11
00007252   __mspabi_srll_10
00007258   __mspabi_srll_9
0000725e   __mspabi_srll_8
00007264   __mspabi_srll_7
0000726a   __mspabi_srll_6
00007270   __mspabi_srll_5
00007276   __mspabi_srll_4
0000727c   __mspabi_srll_3
00007282   __mspabi_srll_2
00007288   __mspabi_srll_1
00007290   __mspabi_divul
00007290   __mspabi_remul
000072e8   LCD12864_write
0000733e   BMP180_SendACK
00007390   Single_Read
000073de   __mspabi_srli
000073ec   __mspabi_srli_15
000073f0   __mspabi_srli_14
000073f4   __mspabi_srli_13
000073f8   __mspabi_srli_12
000073fc   __mspabi_srli_11
00007400   __mspabi_srli_10
00007404   __mspabi_srli_9
00007408   __mspabi_srli_8
0000740c   __mspabi_srli_7
00007410   __mspabi_srli_6
00007414   __mspabi_srli_5
00007418   __mspabi_srli_4
0000741c   __mspabi_srli_3
00007420   __mspabi_srli_2
00007424   __mspabi_srli_1
0000742a   IO_Init
00007472   LCD12864_write_byte
000074ba   Init_CLK
000074fc   BMP180_RecvACK
0000753c   __mspabi_divli
0000753c   __mspabi_remli
000075ba   __mspabi_sral_15
000075be   __mspabi_sral_14
000075c2   __mspabi_sral_13
000075c6   __mspabi_sral_12
000075ca   __mspabi_sral_11
000075ce   __mspabi_sral_10
000075d2   __mspabi_sral_9
000075d6   __mspabi_sral_8
000075da   __mspabi_sral_7
000075de   __mspabi_sral_6
000075e2   __mspabi_sral_5
000075e6   __mspabi_sral_4
000075ea   __mspabi_sral_3
000075ee   __mspabi_sral_2
000075f2   __mspabi_sral_1
000075f8   __mspabi_slll_15
000075fc   __mspabi_slll_14
00007600   __mspabi_slll_13
00007604   __mspabi_slll_12
00007608   __mspabi_slll_11
0000760c   __mspabi_slll_10
00007610   __mspabi_slll_9
00007614   __mspabi_slll_8
00007618   __mspabi_slll_7
0000761c   __mspabi_slll_6
00007620   __mspabi_slll_5
00007624   __mspabi_slll_4
00007628   __mspabi_slll_3
0000762c   __mspabi_slll_2
00007630   __mspabi_slll_1
00007636   Single_Write
00007672   LCD12864_init
000076ac   __mspabi_subd
000076e2   signal
00007718   BMP180_Start
0000774a   _Feraise
0000777c   raise
000077ac   BMP180_Stop
000077da   feraiseexcept
00007808   __mspabi_mpyl_hw
00007836   __mspabi_srai
00007842   __mspabi_srai_15
00007844   __mspabi_srai_14
00007846   __mspabi_srai_13
00007848   __mspabi_srai_12
0000784a   __mspabi_srai_11
0000784c   __mspabi_srai_10
0000784e   __mspabi_srai_9
00007850   __mspabi_srai_8
00007852   __mspabi_srai_7
00007854   __mspabi_srai_6
00007856   __mspabi_srai_5
00007858   __mspabi_srai_4
0000785a   __mspabi_srai_3
0000785c   __mspabi_srai_2
0000785e   __mspabi_srai_1
00007862   __mspabi_slli
0000786e   __mspabi_slli_15
00007870   __mspabi_slli_14
00007872   __mspabi_slli_13
00007874   __mspabi_slli_12
00007876   __mspabi_slli_11
00007878   __mspabi_slli_10
0000787a   __mspabi_slli_9
0000787c   __mspabi_slli_8
0000787e   __mspabi_slli_7
00007880   __mspabi_slli_6
00007882   __mspabi_slli_5
00007884   __mspabi_slli_4
00007886   __mspabi_slli_3
00007888   __mspabi_slli_2
0000788a   __mspabi_slli_1
0000788e   __mspabi_negd
000078b8   __mspabi_fixdi
000078e0   LCD12864_busy
00007900   _c_int00
00007900   _c_int00_noexit
0000791a   __TI_zero_init
0000792e   __mspabi_mpyi_hw
00007942   __TI_decompress_none
00007954   __mspabi_srll
00007966   memcpy
00007978   __mspabi_sral
00007988   __mspabi_slll
00007998   __mspabi_func_epilog_7
0000799a   __mspabi_func_epilog_6
0000799c   __mspabi_func_epilog_5
0000799e   __mspabi_func_epilog_4
000079a0   __mspabi_func_epilog_3
000079a2   __mspabi_func_epilog_2
000079a4   __mspabi_func_epilog_1
000079a8   log
000079b6   __mspabi_fltid
000079c2   __mspabi_negf
000079cc   __TI_ISR_TRAP
000079d2   __TI_decompress_rle24
000079d8   _system_pre_init
000079dc   C$$EXIT
000079dc   abort
000079e0   _nop
00007aee   __TI_Handler_Table_Base
00007af4   __TI_Handler_Table_Limit
00007af8   __TI_CINIT_Base
00007b00   __TI_CINIT_Limit
0000ffe0   __TI_int00
0000ffe2   __TI_int01
0000ffe4   __TI_int02
0000ffe6   __TI_int03
0000ffe8   __TI_int04
0000ffea   __TI_int05
0000ffec   __TI_int06
0000ffee   __TI_int07
0000fff0   __TI_int08
0000fff2   __TI_int09
0000fff4   __TI_int10
0000fff6   __TI_int11
0000fff8   __TI_int12
0000fffa   __TI_int13
0000fffc   __TI_int14
0000fffe   _reset_vector
ffffffff   __binit__
ffffffff   __c_args__
ffffffff   binit
UNDEFED    __TI_INITARRAY_Base
UNDEFED    __TI_INITARRAY_Limit

[408 symbols]
