<?xml version="1.0"?>
<link_info>
   <banner>TMS320C55x Linker PC v4.4.1</banner>
   <copyright>Copyright (c) 1996-2012 Texas Instruments Incorporated</copyright>
   <link_time>0x556530b4</link_time>
   <output_file>USBL.out</output_file>
   <entry_point>
      <name>_c_int00</name>
      <address>0x50c1</address>
   </entry_point>
   <input_file_list>
      <input_file id="fl-2">
         <path>.\</path>
         <kind>object</kind>
         <file>vectors.obj</file>
         <name>vectors.obj</name>
      </input_file>
      <input_file id="fl-3">
         <path>.\</path>
         <kind>object</kind>
         <file>twid2048.obj</file>
         <name>twid2048.obj</name>
      </input_file>
      <input_file id="fl-4">
         <path>.\</path>
         <kind>object</kind>
         <file>maxvec.obj</file>
         <name>maxvec.obj</name>
      </input_file>
      <input_file id="fl-5">
         <path>.\</path>
         <kind>object</kind>
         <file>main.obj</file>
         <name>main.obj</name>
      </input_file>
      <input_file id="fl-6">
         <path>.\</path>
         <kind>object</kind>
         <file>h_LPF2.obj</file>
         <name>h_LPF2.obj</name>
      </input_file>
      <input_file id="fl-7">
         <path>.\</path>
         <kind>object</kind>
         <file>h_LPF1.obj</file>
         <name>h_LPF1.obj</name>
      </input_file>
      <input_file id="fl-8">
         <path>.\</path>
         <kind>object</kind>
         <file>fir2.obj</file>
         <name>fir2.obj</name>
      </input_file>
      <input_file id="fl-9">
         <path>.\</path>
         <kind>object</kind>
         <file>cifft_noscale.obj</file>
         <name>cifft_noscale.obj</name>
      </input_file>
      <input_file id="fl-a">
         <path>.\</path>
         <kind>object</kind>
         <file>cfft_noscale.obj</file>
         <name>cfft_noscale.obj</name>
      </input_file>
      <input_file id="fl-b">
         <path>.\</path>
         <kind>object</kind>
         <file>cbrev.obj</file>
         <name>cbrev.obj</name>
      </input_file>
      <input_file id="fl-10">
         <path>D:\Program Files\CCSv5\ccsv5\tools\compiler\c5500_4.4.1\lib\</path>
         <kind>archive</kind>
         <file>rts55x.lib</file>
         <name>addd.obj</name>
      </input_file>
      <input_file id="fl-11">
         <path>D:\Program Files\CCSv5\ccsv5\tools\compiler\c5500_4.4.1\lib\</path>
         <kind>archive</kind>
         <file>rts55x.lib</file>
         <name>boot.obj</name>
      </input_file>
      <input_file id="fl-12">
         <path>D:\Program Files\CCSv5\ccsv5\tools\compiler\c5500_4.4.1\lib\</path>
         <kind>archive</kind>
         <file>rts55x.lib</file>
         <name>cmpd.obj</name>
      </input_file>
      <input_file id="fl-13">
         <path>D:\Program Files\CCSv5\ccsv5\tools\compiler\c5500_4.4.1\lib\</path>
         <kind>archive</kind>
         <file>rts55x.lib</file>
         <name>cos.obj</name>
      </input_file>
      <input_file id="fl-14">
         <path>D:\Program Files\CCSv5\ccsv5\tools\compiler\c5500_4.4.1\lib\</path>
         <kind>archive</kind>
         <file>rts55x.lib</file>
         <name>divd.obj</name>
      </input_file>
      <input_file id="fl-15">
         <path>D:\Program Files\CCSv5\ccsv5\tools\compiler\c5500_4.4.1\lib\</path>
         <kind>archive</kind>
         <file>rts55x.lib</file>
         <name>divli.obj</name>
      </input_file>
      <input_file id="fl-16">
         <path>D:\Program Files\CCSv5\ccsv5\tools\compiler\c5500_4.4.1\lib\</path>
         <kind>archive</kind>
         <file>rts55x.lib</file>
         <name>divul.obj</name>
      </input_file>
      <input_file id="fl-17">
         <path>D:\Program Files\CCSv5\ccsv5\tools\compiler\c5500_4.4.1\lib\</path>
         <kind>archive</kind>
         <file>rts55x.lib</file>
         <name>exit.obj</name>
      </input_file>
      <input_file id="fl-18">
         <path>D:\Program Files\CCSv5\ccsv5\tools\compiler\c5500_4.4.1\lib\</path>
         <kind>archive</kind>
         <file>rts55x.lib</file>
         <name>fixdi.obj</name>
      </input_file>
      <input_file id="fl-19">
         <path>D:\Program Files\CCSv5\ccsv5\tools\compiler\c5500_4.4.1\lib\</path>
         <kind>archive</kind>
         <file>rts55x.lib</file>
         <name>fixdli.obj</name>
      </input_file>
      <input_file id="fl-1a">
         <path>D:\Program Files\CCSv5\ccsv5\tools\compiler\c5500_4.4.1\lib\</path>
         <kind>archive</kind>
         <file>rts55x.lib</file>
         <name>fixdu.obj</name>
      </input_file>
      <input_file id="fl-1b">
         <path>D:\Program Files\CCSv5\ccsv5\tools\compiler\c5500_4.4.1\lib\</path>
         <kind>archive</kind>
         <file>rts55x.lib</file>
         <name>fixdul.obj</name>
      </input_file>
      <input_file id="fl-1c">
         <path>D:\Program Files\CCSv5\ccsv5\tools\compiler\c5500_4.4.1\lib\</path>
         <kind>archive</kind>
         <file>rts55x.lib</file>
         <name>fltid.obj</name>
      </input_file>
      <input_file id="fl-1d">
         <path>D:\Program Files\CCSv5\ccsv5\tools\compiler\c5500_4.4.1\lib\</path>
         <kind>archive</kind>
         <file>rts55x.lib</file>
         <name>fltlid.obj</name>
      </input_file>
      <input_file id="fl-1e">
         <path>D:\Program Files\CCSv5\ccsv5\tools\compiler\c5500_4.4.1\lib\</path>
         <kind>archive</kind>
         <file>rts55x.lib</file>
         <name>fltuld.obj</name>
      </input_file>
      <input_file id="fl-1f">
         <path>D:\Program Files\CCSv5\ccsv5\tools\compiler\c5500_4.4.1\lib\</path>
         <kind>archive</kind>
         <file>rts55x.lib</file>
         <name>frcmpyd_div.obj</name>
      </input_file>
      <input_file id="fl-20">
         <path>D:\Program Files\CCSv5\ccsv5\tools\compiler\c5500_4.4.1\lib\</path>
         <kind>archive</kind>
         <file>rts55x.lib</file>
         <name>lmpy.obj</name>
      </input_file>
      <input_file id="fl-21">
         <path>D:\Program Files\CCSv5\ccsv5\tools\compiler\c5500_4.4.1\lib\</path>
         <kind>archive</kind>
         <file>rts55x.lib</file>
         <name>modf.obj</name>
      </input_file>
      <input_file id="fl-22">
         <path>D:\Program Files\CCSv5\ccsv5\tools\compiler\c5500_4.4.1\lib\</path>
         <kind>archive</kind>
         <file>rts55x.lib</file>
         <name>mpyd.obj</name>
      </input_file>
      <input_file id="fl-23">
         <path>D:\Program Files\CCSv5\ccsv5\tools\compiler\c5500_4.4.1\lib\</path>
         <kind>archive</kind>
         <file>rts55x.lib</file>
         <name>negd.obj</name>
      </input_file>
      <input_file id="fl-24">
         <path>D:\Program Files\CCSv5\ccsv5\tools\compiler\c5500_4.4.1\lib\</path>
         <kind>archive</kind>
         <file>rts55x.lib</file>
         <name>round.obj</name>
      </input_file>
      <input_file id="fl-25">
         <path>D:\Program Files\CCSv5\ccsv5\tools\compiler\c5500_4.4.1\lib\</path>
         <kind>archive</kind>
         <file>rts55x.lib</file>
         <name>subd.obj</name>
      </input_file>
      <input_file id="fl-26">
         <path>D:\Program Files\CCSv5\ccsv5\tools\compiler\c5500_4.4.1\lib\</path>
         <kind>archive</kind>
         <file>rts55x.lib</file>
         <name>trunc.obj</name>
      </input_file>
      <input_file id="fl-27">
         <path>D:\Program Files\CCSv5\ccsv5\tools\compiler\c5500_4.4.1\lib\</path>
         <kind>archive</kind>
         <file>rts55x.lib</file>
         <name>vectors.obj</name>
      </input_file>
      <input_file id="fl-28">
         <path>D:\Program Files\CCSv5\ccsv5\tools\compiler\c5500_4.4.1\lib\</path>
         <kind>archive</kind>
         <file>rts55x.lib</file>
         <name>_lock.obj</name>
      </input_file>
      <input_file id="fl-29">
         <path>D:\Program Files\CCSv5\ccsv5\tools\compiler\c5500_4.4.1\lib\</path>
         <kind>archive</kind>
         <file>rts55x.lib</file>
         <name>args_main.obj</name>
      </input_file>
      <input_file id="fl-2a">
         <path>D:\Program Files\CCSv5\ccsv5\tools\compiler\c5500_4.4.1\lib\</path>
         <kind>archive</kind>
         <file>rts55x.lib</file>
         <name>autoinit.obj</name>
      </input_file>
      <input_file id="fl-2b">
         <path>D:\Program Files\CCSv5\ccsv5\tools\compiler\c5500_4.4.1\lib\</path>
         <kind>archive</kind>
         <file>rts55x.lib</file>
         <name>frcmpyd.obj</name>
      </input_file>
   </input_file_list>
   <object_component_list>
      <object_component id="oc-9">
         <name>.text</name>
         <load_address>0x100</load_address>
         <run_address>0x100</run_address>
         <size>0x3578</size>
         <input_file_ref idref="fl-5"/>
      </object_component>
      <object_component id="oc-1e">
         <name>.text:retain</name>
         <load_address>0x3678</load_address>
         <run_address>0x3678</run_address>
         <size>0x4f3</size>
         <input_file_ref idref="fl-5"/>
      </object_component>
      <object_component id="oc-49">
         <name>.text</name>
         <load_address>0x3b6b</load_address>
         <run_address>0x3b6b</run_address>
         <size>0x3cc</size>
         <input_file_ref idref="fl-14"/>
      </object_component>
      <object_component id="oc-36">
         <name>.text</name>
         <load_address>0x3f37</load_address>
         <run_address>0x3f37</run_address>
         <size>0x25a</size>
         <input_file_ref idref="fl-10"/>
      </object_component>
      <object_component id="oc-42">
         <name>.text</name>
         <load_address>0x4191</load_address>
         <run_address>0x4191</run_address>
         <size>0x218</size>
         <input_file_ref idref="fl-13"/>
      </object_component>
      <object_component id="oc-3e">
         <name>.text</name>
         <load_address>0x43a9</load_address>
         <run_address>0x43a9</run_address>
         <size>0x1ea</size>
         <input_file_ref idref="fl-12"/>
      </object_component>
      <object_component id="oc-2d">
         <name>.text</name>
         <load_address>0x4593</load_address>
         <run_address>0x4593</run_address>
         <size>0x167</size>
         <input_file_ref idref="fl-a"/>
      </object_component>
      <object_component id="oc-28">
         <name>.text</name>
         <load_address>0x46fa</load_address>
         <run_address>0x46fa</run_address>
         <size>0x163</size>
         <input_file_ref idref="fl-9"/>
      </object_component>
      <object_component id="oc-87">
         <name>.text</name>
         <load_address>0x485d</load_address>
         <run_address>0x485d</run_address>
         <size>0x14c</size>
         <input_file_ref idref="fl-22"/>
      </object_component>
      <object_component id="oc-32">
         <name>.text:cbrev</name>
         <load_address>0x49a9</load_address>
         <run_address>0x49a9</run_address>
         <size>0xde</size>
         <input_file_ref idref="fl-b"/>
      </object_component>
      <object_component id="oc-82">
         <name>.text</name>
         <load_address>0x4a87</load_address>
         <run_address>0x4a87</run_address>
         <size>0xbf</size>
         <input_file_ref idref="fl-21"/>
      </object_component>
      <object_component id="oc-51">
         <name>.text</name>
         <load_address>0x4b46</load_address>
         <run_address>0x4b46</run_address>
         <size>0xa1</size>
         <input_file_ref idref="fl-16"/>
      </object_component>
      <object_component id="oc-24">
         <name>.text</name>
         <load_address>0x4be7</load_address>
         <run_address>0x4be7</run_address>
         <size>0x8b</size>
         <input_file_ref idref="fl-8"/>
      </object_component>
      <object_component id="oc-68">
         <name>.text</name>
         <load_address>0x4c72</load_address>
         <run_address>0x4c72</run_address>
         <size>0x77</size>
         <input_file_ref idref="fl-1b"/>
      </object_component>
      <object_component id="oc-b0">
         <name>.text</name>
         <load_address>0x4ce9</load_address>
         <run_address>0x4ce9</run_address>
         <size>0x76</size>
         <input_file_ref idref="fl-2b"/>
      </object_component>
      <object_component id="oc-7a">
         <name>.text</name>
         <load_address>0x4d5f</load_address>
         <run_address>0x4d5f</run_address>
         <size>0x73</size>
         <input_file_ref idref="fl-1f"/>
      </object_component>
      <object_component id="oc-60">
         <name>.text</name>
         <load_address>0x4dd2</load_address>
         <run_address>0x4dd2</run_address>
         <size>0x6f</size>
         <input_file_ref idref="fl-19"/>
      </object_component>
      <object_component id="oc-70">
         <name>.text</name>
         <load_address>0x4e41</load_address>
         <run_address>0x4e41</run_address>
         <size>0x67</size>
         <input_file_ref idref="fl-1d"/>
      </object_component>
      <object_component id="oc-8f">
         <name>.text</name>
         <load_address>0x4ea8</load_address>
         <run_address>0x4ea8</run_address>
         <size>0x5f</size>
         <input_file_ref idref="fl-24"/>
      </object_component>
      <object_component id="oc-75">
         <name>.text</name>
         <load_address>0x4f07</load_address>
         <run_address>0x4f07</run_address>
         <size>0x5b</size>
         <input_file_ref idref="fl-1e"/>
      </object_component>
      <object_component id="oc-ac">
         <name>.text</name>
         <load_address>0x4f62</load_address>
         <run_address>0x4f62</run_address>
         <size>0x4d</size>
         <input_file_ref idref="fl-2a"/>
      </object_component>
      <object_component id="oc-a8">
         <name>.text</name>
         <load_address>0x4faf</load_address>
         <run_address>0x4faf</run_address>
         <size>0x4b</size>
         <input_file_ref idref="fl-29"/>
      </object_component>
      <object_component id="oc-4d">
         <name>.text</name>
         <load_address>0x4ffa</load_address>
         <run_address>0x4ffa</run_address>
         <size>0x48</size>
         <input_file_ref idref="fl-15"/>
      </object_component>
      <object_component id="oc-98">
         <name>.text</name>
         <load_address>0x5042</load_address>
         <run_address>0x5042</run_address>
         <size>0x41</size>
         <input_file_ref idref="fl-26"/>
      </object_component>
      <object_component id="oc-55">
         <name>.text</name>
         <load_address>0x5083</load_address>
         <run_address>0x5083</run_address>
         <size>0x3e</size>
         <input_file_ref idref="fl-17"/>
      </object_component>
      <object_component id="oc-2">
         <name>.text</name>
         <load_address>0x50c1</load_address>
         <run_address>0x50c1</run_address>
         <size>0x34</size>
         <input_file_ref idref="fl-11"/>
      </object_component>
      <object_component id="oc-5">
         <name>.text</name>
         <load_address>0x50f5</load_address>
         <run_address>0x50f5</run_address>
         <size>0x32</size>
         <input_file_ref idref="fl-4"/>
      </object_component>
      <object_component id="oc-5c">
         <name>.text</name>
         <load_address>0x5127</load_address>
         <run_address>0x5127</run_address>
         <size>0x2a</size>
         <input_file_ref idref="fl-18"/>
      </object_component>
      <object_component id="oc-64">
         <name>.text</name>
         <load_address>0x5151</load_address>
         <run_address>0x5151</run_address>
         <size>0x1b</size>
         <input_file_ref idref="fl-1a"/>
      </object_component>
      <object_component id="oc-94">
         <name>.text</name>
         <load_address>0x516c</load_address>
         <run_address>0x516c</run_address>
         <size>0x14</size>
         <input_file_ref idref="fl-25"/>
      </object_component>
      <object_component id="oc-7e">
         <name>.text</name>
         <load_address>0x5180</load_address>
         <run_address>0x5180</run_address>
         <size>0x13</size>
         <input_file_ref idref="fl-20"/>
      </object_component>
      <object_component id="oc-a2">
         <name>.text</name>
         <load_address>0x5193</load_address>
         <run_address>0x5193</run_address>
         <size>0x12</size>
         <input_file_ref idref="fl-28"/>
      </object_component>
      <object_component id="oc-8b">
         <name>.text</name>
         <load_address>0x51a5</load_address>
         <run_address>0x51a5</run_address>
         <size>0x10</size>
         <input_file_ref idref="fl-23"/>
      </object_component>
      <object_component id="oc-6c">
         <name>.text</name>
         <load_address>0x51b5</load_address>
         <run_address>0x51b5</run_address>
         <size>0xc</size>
         <input_file_ref idref="fl-1c"/>
      </object_component>
      <object_component id="oc-59">
         <name>.text:CIO_breakpoint</name>
         <load_address>0x51c1</load_address>
         <run_address>0x51c1</run_address>
         <size>0x7</size>
         <input_file_ref idref="fl-17"/>
      </object_component>
      <object_component id="oc-9d">
         <name>.text</name>
         <load_address>0x51c8</load_address>
         <run_address>0x51c8</run_address>
         <size>0x2</size>
         <input_file_ref idref="fl-27"/>
      </object_component>
      <object_component id="oc-23">
         <name>.data</name>
         <load_address>0x109c0</load_address>
         <run_address>0x109c0</run_address>
         <size>0x42</size>
         <input_file_ref idref="fl-7"/>
      </object_component>
      <object_component id="oc-22">
         <name>.data</name>
         <load_address>0x10a02</load_address>
         <run_address>0x10a02</run_address>
         <size>0x42</size>
         <input_file_ref idref="fl-6"/>
      </object_component>
      <object_component id="oc-a">
         <name>.bss</name>
         <uninitialized>true</uninitialized>
         <run_address>0x10000</run_address>
         <size>0x990</size>
         <input_file_ref idref="fl-5"/>
      </object_component>
      <object_component id="oc-29">
         <name>.bss</name>
         <uninitialized>true</uninitialized>
         <run_address>0x109a8</run_address>
         <size>0x8</size>
         <input_file_ref idref="fl-9"/>
      </object_component>
      <object_component id="oc-2e">
         <name>.bss</name>
         <uninitialized>true</uninitialized>
         <run_address>0x109a0</run_address>
         <size>0x8</size>
         <input_file_ref idref="fl-a"/>
      </object_component>
      <object_component id="oc-43">
         <name>.bss</name>
         <uninitialized>true</uninitialized>
         <run_address>0x10990</run_address>
         <size>0x10</size>
         <input_file_ref idref="fl-13"/>
      </object_component>
      <object_component id="oc-56">
         <name>.bss</name>
         <uninitialized>true</uninitialized>
         <run_address>0x109b8</run_address>
         <size>0x8</size>
         <input_file_ref idref="fl-17"/>
      </object_component>
      <object_component id="oc-a3">
         <name>.bss</name>
         <uninitialized>true</uninitialized>
         <run_address>0x109b0</run_address>
         <size>0x8</size>
         <input_file_ref idref="fl-28"/>
      </object_component>
      <object_component id="oc-9e">
         <name>vectors</name>
         <load_address>0xffff00</load_address>
         <run_address>0xffff00</run_address>
         <size>0x100</size>
         <input_file_ref idref="fl-27"/>
      </object_component>
      <object_component id="oc-c">
         <name>.cinit</name>
         <load_address>0x51cc</load_address>
         <run_address>0x51cc</run_address>
         <size>0x7c</size>
         <input_file_ref idref="fl-5"/>
      </object_component>
      <object_component id="oc-45">
         <name>.cinit</name>
         <load_address>0x5248</load_address>
         <run_address>0x5248</run_address>
         <size>0x16</size>
         <input_file_ref idref="fl-13"/>
      </object_component>
      <object_component id="oc-a5">
         <name>.cinit</name>
         <load_address>0x525e</load_address>
         <run_address>0x525e</run_address>
         <size>0x14</size>
         <input_file_ref idref="fl-28"/>
      </object_component>
      <object_component id="oc-58">
         <name>.cinit</name>
         <load_address>0x5272</load_address>
         <run_address>0x5272</run_address>
         <size>0x14</size>
         <input_file_ref idref="fl-17"/>
      </object_component>
      <object_component id="oc-3">
         <name>.vectors</name>
         <load_address>0xfec8</load_address>
         <run_address>0xfec8</run_address>
         <size>0x100</size>
         <input_file_ref idref="fl-2"/>
      </object_component>
      <object_component id="oc-4">
         <name>.twiddle</name>
         <load_address>0xeec8</load_address>
         <run_address>0xeec8</run_address>
         <size>0x1000</size>
         <input_file_ref idref="fl-3"/>
      </object_component>
      <object_component id="oc-6">
         <name>.debug_info</name>
         <load_address>0x0</load_address>
         <run_address>0x0</run_address>
         <size>0xc0</size>
         <input_file_ref idref="fl-4"/>
      </object_component>
      <object_component id="oc-b">
         <name>.debug_info</name>
         <load_address>0xc0</load_address>
         <run_address>0xc0</run_address>
         <size>0xaf67</size>
         <input_file_ref idref="fl-5"/>
      </object_component>
      <object_component id="oc-25">
         <name>.debug_info</name>
         <load_address>0xb027</load_address>
         <run_address>0xb027</run_address>
         <size>0xbd</size>
         <input_file_ref idref="fl-8"/>
      </object_component>
      <object_component id="oc-2a">
         <name>.debug_info</name>
         <load_address>0xb0e4</load_address>
         <run_address>0xb0e4</run_address>
         <size>0xcf</size>
         <input_file_ref idref="fl-9"/>
      </object_component>
      <object_component id="oc-2f">
         <name>.debug_info</name>
         <load_address>0xb1b3</load_address>
         <run_address>0xb1b3</run_address>
         <size>0xcd</size>
         <input_file_ref idref="fl-a"/>
      </object_component>
      <object_component id="oc-33">
         <name>.debug_info</name>
         <load_address>0xb280</load_address>
         <run_address>0xb280</run_address>
         <size>0xbf</size>
         <input_file_ref idref="fl-b"/>
      </object_component>
      <object_component id="oc-37">
         <name>.debug_info</name>
         <load_address>0xb33f</load_address>
         <run_address>0xb33f</run_address>
         <size>0x5ab</size>
         <input_file_ref idref="fl-10"/>
      </object_component>
      <object_component id="oc-3b">
         <name>.debug_info</name>
         <load_address>0xb8ea</load_address>
         <run_address>0xb8ea</run_address>
         <size>0xe8</size>
         <input_file_ref idref="fl-11"/>
      </object_component>
      <object_component id="oc-3f">
         <name>.debug_info</name>
         <load_address>0xb9d2</load_address>
         <run_address>0xb9d2</run_address>
         <size>0x81f</size>
         <input_file_ref idref="fl-12"/>
      </object_component>
      <object_component id="oc-44">
         <name>.debug_info</name>
         <load_address>0xc1f1</load_address>
         <run_address>0xc1f1</run_address>
         <size>0x716</size>
         <input_file_ref idref="fl-13"/>
      </object_component>
      <object_component id="oc-4a">
         <name>.debug_info</name>
         <load_address>0xc907</load_address>
         <run_address>0xc907</run_address>
         <size>0x7e8</size>
         <input_file_ref idref="fl-14"/>
      </object_component>
      <object_component id="oc-4e">
         <name>.debug_info</name>
         <load_address>0xd0ef</load_address>
         <run_address>0xd0ef</run_address>
         <size>0x4f2</size>
         <input_file_ref idref="fl-15"/>
      </object_component>
      <object_component id="oc-52">
         <name>.debug_info</name>
         <load_address>0xd5e1</load_address>
         <run_address>0xd5e1</run_address>
         <size>0x534</size>
         <input_file_ref idref="fl-16"/>
      </object_component>
      <object_component id="oc-57">
         <name>.debug_info</name>
         <load_address>0xdb15</load_address>
         <run_address>0xdb15</run_address>
         <size>0x5fb</size>
         <input_file_ref idref="fl-17"/>
      </object_component>
      <object_component id="oc-5d">
         <name>.debug_info</name>
         <load_address>0xe110</load_address>
         <run_address>0xe110</run_address>
         <size>0x4cf</size>
         <input_file_ref idref="fl-18"/>
      </object_component>
      <object_component id="oc-61">
         <name>.debug_info</name>
         <load_address>0xe5df</load_address>
         <run_address>0xe5df</run_address>
         <size>0x534</size>
         <input_file_ref idref="fl-19"/>
      </object_component>
      <object_component id="oc-65">
         <name>.debug_info</name>
         <load_address>0xeb13</load_address>
         <run_address>0xeb13</run_address>
         <size>0x4cf</size>
         <input_file_ref idref="fl-1a"/>
      </object_component>
      <object_component id="oc-69">
         <name>.debug_info</name>
         <load_address>0xefe2</load_address>
         <run_address>0xefe2</run_address>
         <size>0x534</size>
         <input_file_ref idref="fl-1b"/>
      </object_component>
      <object_component id="oc-6d">
         <name>.debug_info</name>
         <load_address>0xf516</load_address>
         <run_address>0xf516</run_address>
         <size>0x4cf</size>
         <input_file_ref idref="fl-1c"/>
      </object_component>
      <object_component id="oc-71">
         <name>.debug_info</name>
         <load_address>0xf9e5</load_address>
         <run_address>0xf9e5</run_address>
         <size>0x549</size>
         <input_file_ref idref="fl-1d"/>
      </object_component>
      <object_component id="oc-76">
         <name>.debug_info</name>
         <load_address>0xff2e</load_address>
         <run_address>0xff2e</run_address>
         <size>0x549</size>
         <input_file_ref idref="fl-1e"/>
      </object_component>
      <object_component id="oc-7b">
         <name>.debug_info</name>
         <load_address>0x10477</load_address>
         <run_address>0x10477</run_address>
         <size>0x53e</size>
         <input_file_ref idref="fl-1f"/>
      </object_component>
      <object_component id="oc-7f">
         <name>.debug_info</name>
         <load_address>0x109b5</load_address>
         <run_address>0x109b5</run_address>
         <size>0xbd</size>
         <input_file_ref idref="fl-20"/>
      </object_component>
      <object_component id="oc-83">
         <name>.debug_info</name>
         <load_address>0x10a72</load_address>
         <run_address>0x10a72</run_address>
         <size>0x50c</size>
         <input_file_ref idref="fl-21"/>
      </object_component>
      <object_component id="oc-88">
         <name>.debug_info</name>
         <load_address>0x10f7e</load_address>
         <run_address>0x10f7e</run_address>
         <size>0x55b</size>
         <input_file_ref idref="fl-22"/>
      </object_component>
      <object_component id="oc-8c">
         <name>.debug_info</name>
         <load_address>0x114d9</load_address>
         <run_address>0x114d9</run_address>
         <size>0x4b7</size>
         <input_file_ref idref="fl-23"/>
      </object_component>
      <object_component id="oc-90">
         <name>.debug_info</name>
         <load_address>0x11990</load_address>
         <run_address>0x11990</run_address>
         <size>0x52e</size>
         <input_file_ref idref="fl-24"/>
      </object_component>
      <object_component id="oc-95">
         <name>.debug_info</name>
         <load_address>0x11ebe</load_address>
         <run_address>0x11ebe</run_address>
         <size>0x4de</size>
         <input_file_ref idref="fl-25"/>
      </object_component>
      <object_component id="oc-99">
         <name>.debug_info</name>
         <load_address>0x1239c</load_address>
         <run_address>0x1239c</run_address>
         <size>0x521</size>
         <input_file_ref idref="fl-26"/>
      </object_component>
      <object_component id="oc-9f">
         <name>.debug_info</name>
         <load_address>0x128bd</load_address>
         <run_address>0x128bd</run_address>
         <size>0xbc</size>
         <input_file_ref idref="fl-27"/>
      </object_component>
      <object_component id="oc-a4">
         <name>.debug_info</name>
         <load_address>0x12979</load_address>
         <run_address>0x12979</run_address>
         <size>0x5bc</size>
         <input_file_ref idref="fl-28"/>
      </object_component>
      <object_component id="oc-a9">
         <name>.debug_info</name>
         <load_address>0x12f35</load_address>
         <run_address>0x12f35</run_address>
         <size>0x586</size>
         <input_file_ref idref="fl-29"/>
      </object_component>
      <object_component id="oc-ad">
         <name>.debug_info</name>
         <load_address>0x134bb</load_address>
         <run_address>0x134bb</run_address>
         <size>0xcd</size>
         <input_file_ref idref="fl-2a"/>
      </object_component>
      <object_component id="oc-b1">
         <name>.debug_info</name>
         <load_address>0x13588</load_address>
         <run_address>0x13588</run_address>
         <size>0x4d2</size>
         <input_file_ref idref="fl-2b"/>
      </object_component>
      <object_component id="oc-fc">
         <name>.debug_info</name>
         <load_address>0x13a5a</load_address>
         <run_address>0x13a5a</run_address>
         <size>0x6e</size>
      </object_component>
      <object_component id="oc-7">
         <name>.debug_line</name>
         <load_address>0x0</load_address>
         <run_address>0x0</run_address>
         <size>0x48</size>
         <input_file_ref idref="fl-4"/>
      </object_component>
      <object_component id="oc-20">
         <name>.debug_line</name>
         <load_address>0x48</load_address>
         <run_address>0x48</run_address>
         <size>0xb14</size>
         <input_file_ref idref="fl-5"/>
      </object_component>
      <object_component id="oc-26">
         <name>.debug_line</name>
         <load_address>0xb5c</load_address>
         <run_address>0xb5c</run_address>
         <size>0x5f</size>
         <input_file_ref idref="fl-8"/>
      </object_component>
      <object_component id="oc-2b">
         <name>.debug_line</name>
         <load_address>0xbbb</load_address>
         <run_address>0xbbb</run_address>
         <size>0xd1</size>
         <input_file_ref idref="fl-9"/>
      </object_component>
      <object_component id="oc-30">
         <name>.debug_line</name>
         <load_address>0xc8c</load_address>
         <run_address>0xc8c</run_address>
         <size>0xd1</size>
         <input_file_ref idref="fl-a"/>
      </object_component>
      <object_component id="oc-34">
         <name>.debug_line</name>
         <load_address>0xd5d</load_address>
         <run_address>0xd5d</run_address>
         <size>0x8e</size>
         <input_file_ref idref="fl-b"/>
      </object_component>
      <object_component id="oc-38">
         <name>.debug_line</name>
         <load_address>0xdeb</load_address>
         <run_address>0xdeb</run_address>
         <size>0x5c</size>
         <input_file_ref idref="fl-10"/>
      </object_component>
      <object_component id="oc-3c">
         <name>.debug_line</name>
         <load_address>0xe47</load_address>
         <run_address>0xe47</run_address>
         <size>0x54</size>
         <input_file_ref idref="fl-11"/>
      </object_component>
      <object_component id="oc-40">
         <name>.debug_line</name>
         <load_address>0xe9b</load_address>
         <run_address>0xe9b</run_address>
         <size>0xad</size>
         <input_file_ref idref="fl-12"/>
      </object_component>
      <object_component id="oc-47">
         <name>.debug_line</name>
         <load_address>0xf48</load_address>
         <run_address>0xf48</run_address>
         <size>0x54</size>
         <input_file_ref idref="fl-13"/>
      </object_component>
      <object_component id="oc-4b">
         <name>.debug_line</name>
         <load_address>0xf9c</load_address>
         <run_address>0xf9c</run_address>
         <size>0x5b</size>
         <input_file_ref idref="fl-14"/>
      </object_component>
      <object_component id="oc-4f">
         <name>.debug_line</name>
         <load_address>0xff7</load_address>
         <run_address>0xff7</run_address>
         <size>0x3c</size>
         <input_file_ref idref="fl-15"/>
      </object_component>
      <object_component id="oc-53">
         <name>.debug_line</name>
         <load_address>0x1033</load_address>
         <run_address>0x1033</run_address>
         <size>0x44</size>
         <input_file_ref idref="fl-16"/>
      </object_component>
      <object_component id="oc-5a">
         <name>.debug_line</name>
         <load_address>0x1077</load_address>
         <run_address>0x1077</run_address>
         <size>0x51</size>
         <input_file_ref idref="fl-17"/>
      </object_component>
      <object_component id="oc-5e">
         <name>.debug_line</name>
         <load_address>0x10c8</load_address>
         <run_address>0x10c8</run_address>
         <size>0x3d</size>
         <input_file_ref idref="fl-18"/>
      </object_component>
      <object_component id="oc-62">
         <name>.debug_line</name>
         <load_address>0x1105</load_address>
         <run_address>0x1105</run_address>
         <size>0x3d</size>
         <input_file_ref idref="fl-19"/>
      </object_component>
      <object_component id="oc-66">
         <name>.debug_line</name>
         <load_address>0x1142</load_address>
         <run_address>0x1142</run_address>
         <size>0x3d</size>
         <input_file_ref idref="fl-1a"/>
      </object_component>
      <object_component id="oc-6a">
         <name>.debug_line</name>
         <load_address>0x117f</load_address>
         <run_address>0x117f</run_address>
         <size>0x3d</size>
         <input_file_ref idref="fl-1b"/>
      </object_component>
      <object_component id="oc-6e">
         <name>.debug_line</name>
         <load_address>0x11bc</load_address>
         <run_address>0x11bc</run_address>
         <size>0x3d</size>
         <input_file_ref idref="fl-1c"/>
      </object_component>
      <object_component id="oc-73">
         <name>.debug_line</name>
         <load_address>0x11f9</load_address>
         <run_address>0x11f9</run_address>
         <size>0x44</size>
         <input_file_ref idref="fl-1d"/>
      </object_component>
      <object_component id="oc-78">
         <name>.debug_line</name>
         <load_address>0x123d</load_address>
         <run_address>0x123d</run_address>
         <size>0x44</size>
         <input_file_ref idref="fl-1e"/>
      </object_component>
      <object_component id="oc-7c">
         <name>.debug_line</name>
         <load_address>0x1281</load_address>
         <run_address>0x1281</run_address>
         <size>0x40</size>
         <input_file_ref idref="fl-1f"/>
      </object_component>
      <object_component id="oc-80">
         <name>.debug_line</name>
         <load_address>0x12c1</load_address>
         <run_address>0x12c1</run_address>
         <size>0x3c</size>
         <input_file_ref idref="fl-20"/>
      </object_component>
      <object_component id="oc-85">
         <name>.debug_line</name>
         <load_address>0x12fd</load_address>
         <run_address>0x12fd</run_address>
         <size>0x3c</size>
         <input_file_ref idref="fl-21"/>
      </object_component>
      <object_component id="oc-89">
         <name>.debug_line</name>
         <load_address>0x1339</load_address>
         <run_address>0x1339</run_address>
         <size>0x3c</size>
         <input_file_ref idref="fl-22"/>
      </object_component>
      <object_component id="oc-8d">
         <name>.debug_line</name>
         <load_address>0x1375</load_address>
         <run_address>0x1375</run_address>
         <size>0x37</size>
         <input_file_ref idref="fl-23"/>
      </object_component>
      <object_component id="oc-92">
         <name>.debug_line</name>
         <load_address>0x13ac</load_address>
         <run_address>0x13ac</run_address>
         <size>0x3a</size>
         <input_file_ref idref="fl-24"/>
      </object_component>
      <object_component id="oc-96">
         <name>.debug_line</name>
         <load_address>0x13e6</load_address>
         <run_address>0x13e6</run_address>
         <size>0x37</size>
         <input_file_ref idref="fl-25"/>
      </object_component>
      <object_component id="oc-9b">
         <name>.debug_line</name>
         <load_address>0x141d</load_address>
         <run_address>0x141d</run_address>
         <size>0x38</size>
         <input_file_ref idref="fl-26"/>
      </object_component>
      <object_component id="oc-a0">
         <name>.debug_line</name>
         <load_address>0x1455</load_address>
         <run_address>0x1455</run_address>
         <size>0x37</size>
         <input_file_ref idref="fl-27"/>
      </object_component>
      <object_component id="oc-a6">
         <name>.debug_line</name>
         <load_address>0x148c</load_address>
         <run_address>0x148c</run_address>
         <size>0x57</size>
         <input_file_ref idref="fl-28"/>
      </object_component>
      <object_component id="oc-aa">
         <name>.debug_line</name>
         <load_address>0x14e3</load_address>
         <run_address>0x14e3</run_address>
         <size>0x41</size>
         <input_file_ref idref="fl-29"/>
      </object_component>
      <object_component id="oc-ae">
         <name>.debug_line</name>
         <load_address>0x1524</load_address>
         <run_address>0x1524</run_address>
         <size>0x55</size>
         <input_file_ref idref="fl-2a"/>
      </object_component>
      <object_component id="oc-b2">
         <name>.debug_line</name>
         <load_address>0x1579</load_address>
         <run_address>0x1579</run_address>
         <size>0x3a</size>
         <input_file_ref idref="fl-2b"/>
      </object_component>
      <object_component id="oc-8">
         <name>.debug_abbrev</name>
         <load_address>0x0</load_address>
         <run_address>0x0</run_address>
         <size>0x2f</size>
         <input_file_ref idref="fl-4"/>
      </object_component>
      <object_component id="oc-21">
         <name>.debug_abbrev</name>
         <load_address>0x2f</load_address>
         <run_address>0x2f</run_address>
         <size>0x282</size>
         <input_file_ref idref="fl-5"/>
      </object_component>
      <object_component id="oc-27">
         <name>.debug_abbrev</name>
         <load_address>0x2b1</load_address>
         <run_address>0x2b1</run_address>
         <size>0x2f</size>
         <input_file_ref idref="fl-8"/>
      </object_component>
      <object_component id="oc-2c">
         <name>.debug_abbrev</name>
         <load_address>0x2e0</load_address>
         <run_address>0x2e0</run_address>
         <size>0x2f</size>
         <input_file_ref idref="fl-9"/>
      </object_component>
      <object_component id="oc-31">
         <name>.debug_abbrev</name>
         <load_address>0x30f</load_address>
         <run_address>0x30f</run_address>
         <size>0x2f</size>
         <input_file_ref idref="fl-a"/>
      </object_component>
      <object_component id="oc-35">
         <name>.debug_abbrev</name>
         <load_address>0x33e</load_address>
         <run_address>0x33e</run_address>
         <size>0x2f</size>
         <input_file_ref idref="fl-b"/>
      </object_component>
      <object_component id="oc-39">
         <name>.debug_abbrev</name>
         <load_address>0x36d</load_address>
         <run_address>0x36d</run_address>
         <size>0xd4</size>
         <input_file_ref idref="fl-10"/>
      </object_component>
      <object_component id="oc-3d">
         <name>.debug_abbrev</name>
         <load_address>0x441</load_address>
         <run_address>0x441</run_address>
         <size>0x3a</size>
         <input_file_ref idref="fl-11"/>
      </object_component>
      <object_component id="oc-41">
         <name>.debug_abbrev</name>
         <load_address>0x47b</load_address>
         <run_address>0x47b</run_address>
         <size>0xb7</size>
         <input_file_ref idref="fl-12"/>
      </object_component>
      <object_component id="oc-48">
         <name>.debug_abbrev</name>
         <load_address>0x532</load_address>
         <run_address>0x532</run_address>
         <size>0xcc</size>
         <input_file_ref idref="fl-13"/>
      </object_component>
      <object_component id="oc-4c">
         <name>.debug_abbrev</name>
         <load_address>0x5fe</load_address>
         <run_address>0x5fe</run_address>
         <size>0x112</size>
         <input_file_ref idref="fl-14"/>
      </object_component>
      <object_component id="oc-50">
         <name>.debug_abbrev</name>
         <load_address>0x710</load_address>
         <run_address>0x710</run_address>
         <size>0xa6</size>
         <input_file_ref idref="fl-15"/>
      </object_component>
      <object_component id="oc-54">
         <name>.debug_abbrev</name>
         <load_address>0x7b6</load_address>
         <run_address>0x7b6</run_address>
         <size>0xb5</size>
         <input_file_ref idref="fl-16"/>
      </object_component>
      <object_component id="oc-5b">
         <name>.debug_abbrev</name>
         <load_address>0x86b</load_address>
         <run_address>0x86b</run_address>
         <size>0xf7</size>
         <input_file_ref idref="fl-17"/>
      </object_component>
      <object_component id="oc-5f">
         <name>.debug_abbrev</name>
         <load_address>0x962</load_address>
         <run_address>0x962</run_address>
         <size>0x8f</size>
         <input_file_ref idref="fl-18"/>
      </object_component>
      <object_component id="oc-63">
         <name>.debug_abbrev</name>
         <load_address>0x9f1</load_address>
         <run_address>0x9f1</run_address>
         <size>0xb7</size>
         <input_file_ref idref="fl-19"/>
      </object_component>
      <object_component id="oc-67">
         <name>.debug_abbrev</name>
         <load_address>0xaa8</load_address>
         <run_address>0xaa8</run_address>
         <size>0x8f</size>
         <input_file_ref idref="fl-1a"/>
      </object_component>
      <object_component id="oc-6b">
         <name>.debug_abbrev</name>
         <load_address>0xb37</load_address>
         <run_address>0xb37</run_address>
         <size>0xb7</size>
         <input_file_ref idref="fl-1b"/>
      </object_component>
      <object_component id="oc-6f">
         <name>.debug_abbrev</name>
         <load_address>0xbee</load_address>
         <run_address>0xbee</run_address>
         <size>0x8f</size>
         <input_file_ref idref="fl-1c"/>
      </object_component>
      <object_component id="oc-74">
         <name>.debug_abbrev</name>
         <load_address>0xc7d</load_address>
         <run_address>0xc7d</run_address>
         <size>0xc2</size>
         <input_file_ref idref="fl-1d"/>
      </object_component>
      <object_component id="oc-79">
         <name>.debug_abbrev</name>
         <load_address>0xd3f</load_address>
         <run_address>0xd3f</run_address>
         <size>0xc2</size>
         <input_file_ref idref="fl-1e"/>
      </object_component>
      <object_component id="oc-7d">
         <name>.debug_abbrev</name>
         <load_address>0xe01</load_address>
         <run_address>0xe01</run_address>
         <size>0x9a</size>
         <input_file_ref idref="fl-1f"/>
      </object_component>
      <object_component id="oc-81">
         <name>.debug_abbrev</name>
         <load_address>0xe9b</load_address>
         <run_address>0xe9b</run_address>
         <size>0x38</size>
         <input_file_ref idref="fl-20"/>
      </object_component>
      <object_component id="oc-86">
         <name>.debug_abbrev</name>
         <load_address>0xed3</load_address>
         <run_address>0xed3</run_address>
         <size>0x98</size>
         <input_file_ref idref="fl-21"/>
      </object_component>
      <object_component id="oc-8a">
         <name>.debug_abbrev</name>
         <load_address>0xf6b</load_address>
         <run_address>0xf6b</run_address>
         <size>0xdc</size>
         <input_file_ref idref="fl-22"/>
      </object_component>
      <object_component id="oc-8e">
         <name>.debug_abbrev</name>
         <load_address>0x1047</load_address>
         <run_address>0x1047</run_address>
         <size>0x81</size>
         <input_file_ref idref="fl-23"/>
      </object_component>
      <object_component id="oc-93">
         <name>.debug_abbrev</name>
         <load_address>0x10c8</load_address>
         <run_address>0x10c8</run_address>
         <size>0xaf</size>
         <input_file_ref idref="fl-24"/>
      </object_component>
      <object_component id="oc-97">
         <name>.debug_abbrev</name>
         <load_address>0x1177</load_address>
         <run_address>0x1177</run_address>
         <size>0x8f</size>
         <input_file_ref idref="fl-25"/>
      </object_component>
      <object_component id="oc-9c">
         <name>.debug_abbrev</name>
         <load_address>0x1206</load_address>
         <run_address>0x1206</run_address>
         <size>0xaf</size>
         <input_file_ref idref="fl-26"/>
      </object_component>
      <object_component id="oc-a1">
         <name>.debug_abbrev</name>
         <load_address>0x12b5</load_address>
         <run_address>0x12b5</run_address>
         <size>0x26</size>
         <input_file_ref idref="fl-27"/>
      </object_component>
      <object_component id="oc-a7">
         <name>.debug_abbrev</name>
         <load_address>0x12db</load_address>
         <run_address>0x12db</run_address>
         <size>0x9f</size>
         <input_file_ref idref="fl-28"/>
      </object_component>
      <object_component id="oc-ab">
         <name>.debug_abbrev</name>
         <load_address>0x137a</load_address>
         <run_address>0x137a</run_address>
         <size>0xec</size>
         <input_file_ref idref="fl-29"/>
      </object_component>
      <object_component id="oc-af">
         <name>.debug_abbrev</name>
         <load_address>0x1466</load_address>
         <run_address>0x1466</run_address>
         <size>0x44</size>
         <input_file_ref idref="fl-2a"/>
      </object_component>
      <object_component id="oc-b3">
         <name>.debug_abbrev</name>
         <load_address>0x14aa</load_address>
         <run_address>0x14aa</run_address>
         <size>0x81</size>
         <input_file_ref idref="fl-2b"/>
      </object_component>
      <object_component id="oc-fd">
         <name>.debug_abbrev</name>
         <load_address>0x152b</load_address>
         <run_address>0x152b</run_address>
         <size>0xd</size>
      </object_component>
      <object_component id="oc-d">
         <name>send</name>
         <uninitialized>true</uninitialized>
         <run_address>0x5288</run_address>
         <size>0x9c40</size>
         <input_file_ref idref="fl-5"/>
      </object_component>
      <object_component id="oc-e">
         <name>.ref</name>
         <uninitialized>true</uninitialized>
         <run_address>0x14a44</run_address>
         <size>0x2000</size>
         <input_file_ref idref="fl-5"/>
      </object_component>
      <object_component id="oc-f">
         <name>filter</name>
         <uninitialized>true</uninitialized>
         <run_address>0x10a44</run_address>
         <size>0x4000</size>
         <input_file_ref idref="fl-5"/>
      </object_component>
      <object_component id="oc-10">
         <name>receive1</name>
         <uninitialized>true</uninitialized>
         <run_address>0x1f244</run_address>
         <size>0x830</size>
         <input_file_ref idref="fl-5"/>
      </object_component>
      <object_component id="oc-11">
         <name>receive2</name>
         <uninitialized>true</uninitialized>
         <run_address>0x0</run_address>
         <size>0x830</size>
         <input_file_ref idref="fl-5"/>
      </object_component>
      <object_component id="oc-12">
         <name>NFFT</name>
         <uninitialized>true</uninitialized>
         <run_address>0x1c244</run_address>
         <size>0x1000</size>
         <input_file_ref idref="fl-5"/>
      </object_component>
      <object_component id="oc-13">
         <name>FFT</name>
         <uninitialized>true</uninitialized>
         <run_address>0x16a44</run_address>
         <size>0x2000</size>
         <input_file_ref idref="fl-5"/>
      </object_component>
      <object_component id="oc-14">
         <name>xcorr</name>
         <uninitialized>true</uninitialized>
         <run_address>0x18a44</run_address>
         <size>0x2000</size>
         <input_file_ref idref="fl-5"/>
      </object_component>
      <object_component id="oc-15">
         <name>xcorrout</name>
         <uninitialized>true</uninitialized>
         <run_address>0x0</run_address>
         <size>0x1000</size>
         <input_file_ref idref="fl-5"/>
      </object_component>
      <object_component id="oc-16">
         <name>envelope</name>
         <uninitialized>true</uninitialized>
         <run_address>0x0</run_address>
         <size>0x1000</size>
         <input_file_ref idref="fl-5"/>
      </object_component>
      <object_component id="oc-17">
         <name>bp1</name>
         <uninitialized>true</uninitialized>
         <run_address>0x1d244</run_address>
         <size>0x1000</size>
         <input_file_ref idref="fl-5"/>
      </object_component>
      <object_component id="oc-18">
         <name>bp2</name>
         <uninitialized>true</uninitialized>
         <run_address>0x0</run_address>
         <size>0x1000</size>
         <input_file_ref idref="fl-5"/>
      </object_component>
      <object_component id="oc-19">
         <name>bp1abs</name>
         <uninitialized>true</uninitialized>
         <run_address>0x1e244</run_address>
         <size>0x1000</size>
         <input_file_ref idref="fl-5"/>
      </object_component>
      <object_component id="oc-1a">
         <name>bp2abs</name>
         <uninitialized>true</uninitialized>
         <run_address>0x0</run_address>
         <size>0x1000</size>
         <input_file_ref idref="fl-5"/>
      </object_component>
      <object_component id="oc-1b">
         <name>bp1envelope</name>
         <uninitialized>true</uninitialized>
         <run_address>0x0</run_address>
         <size>0x1000</size>
         <input_file_ref idref="fl-5"/>
      </object_component>
      <object_component id="oc-1c">
         <name>bp2envelope</name>
         <uninitialized>true</uninitialized>
         <run_address>0x0</run_address>
         <size>0x1000</size>
         <input_file_ref idref="fl-5"/>
      </object_component>
      <object_component id="oc-1d">
         <name>revsave</name>
         <uninitialized>true</uninitialized>
         <run_address>0x1aa44</run_address>
         <size>0x1800</size>
         <input_file_ref idref="fl-5"/>
      </object_component>
      <object_component id="oc-b7">
         <name>.const:_filter1</name>
         <load_address>0x1fa74</load_address>
         <run_address>0x1fa74</run_address>
         <size>0x202</size>
         <input_file_ref idref="fl-5"/>
      </object_component>
      <object_component id="oc-b8">
         <name>.const:_filter2</name>
         <load_address>0x1fc76</load_address>
         <run_address>0x1fc76</run_address>
         <size>0x202</size>
         <input_file_ref idref="fl-5"/>
      </object_component>
      <object_component id="oc-1f">
         <name>.const</name>
         <load_address>0x1fe78</load_address>
         <run_address>0x1fe78</run_address>
         <size>0x70</size>
         <input_file_ref idref="fl-5"/>
      </object_component>
      <object_component id="oc-46">
         <name>.const</name>
         <load_address>0x1fee8</load_address>
         <run_address>0x1fee8</run_address>
         <size>0x2c</size>
         <input_file_ref idref="fl-13"/>
      </object_component>
      <object_component id="oc-b9">
         <name>.const:_initial_approx$1</name>
         <load_address>0x1ff14</load_address>
         <run_address>0x1ff14</run_address>
         <size>0x10</size>
         <input_file_ref idref="fl-14"/>
      </object_component>
      <object_component id="oc-91">
         <name>.const</name>
         <load_address>0x1ff24</load_address>
         <run_address>0x1ff24</run_address>
         <size>0x10</size>
         <input_file_ref idref="fl-24"/>
      </object_component>
      <object_component id="oc-84">
         <name>.const</name>
         <load_address>0x1ff34</load_address>
         <run_address>0x1ff34</run_address>
         <size>0xc</size>
         <input_file_ref idref="fl-21"/>
      </object_component>
      <object_component id="oc-b5">
         <name>.const:_ask_rs485</name>
         <load_address>0x1ff40</load_address>
         <run_address>0x1ff40</run_address>
         <size>0xa</size>
         <input_file_ref idref="fl-5"/>
      </object_component>
      <object_component id="oc-b6">
         <name>.const:_init_rs485</name>
         <load_address>0x1ff4a</load_address>
         <run_address>0x1ff4a</run_address>
         <size>0x8</size>
         <input_file_ref idref="fl-5"/>
      </object_component>
      <object_component id="oc-9a">
         <name>.const</name>
         <load_address>0x1ff54</load_address>
         <run_address>0x1ff54</run_address>
         <size>0x8</size>
         <input_file_ref idref="fl-26"/>
      </object_component>
      <object_component id="oc-72">
         <name>.const</name>
         <load_address>0x1ff5c</load_address>
         <run_address>0x1ff5c</run_address>
         <size>0x4</size>
         <input_file_ref idref="fl-1d"/>
      </object_component>
      <object_component id="oc-77">
         <name>.const</name>
         <load_address>0x1ff60</load_address>
         <run_address>0x1ff60</run_address>
         <size>0x4</size>
         <input_file_ref idref="fl-1e"/>
      </object_component>
      <object_component id="oc-3a">
         <name>.stack</name>
         <uninitialized>true</uninitialized>
         <run_address>0x0</run_address>
         <size>0x0</size>
         <input_file_ref idref="fl-11"/>
      </object_component>
      <object_component id="oc-f9">
         <name>.stack</name>
         <uninitialized>true</uninitialized>
         <run_address>0x0</run_address>
         <size>0x0</size>
      </object_component>
      <object_component id="oc-b4">
         <name>.sysstack</name>
         <uninitialized>true</uninitialized>
         <run_address>0x0</run_address>
         <size>0x0</size>
         <input_file_ref idref="fl-11"/>
      </object_component>
      <object_component id="oc-fa">
         <name>.sysstack</name>
         <uninitialized>true</uninitialized>
         <run_address>0x0</run_address>
         <size>0x0</size>
      </object_component>
   </object_component_list>
   <logical_group_list>
      <logical_group id="lg-ba">
         <name>.text</name>
         <load_address>0x100</load_address>
         <run_address>0x100</run_address>
         <size>0x50cb</size>
         <contents>
            <object_component_ref idref="oc-9"/>
            <object_component_ref idref="oc-1e"/>
            <object_component_ref idref="oc-49"/>
            <object_component_ref idref="oc-36"/>
            <object_component_ref idref="oc-42"/>
            <object_component_ref idref="oc-3e"/>
            <object_component_ref idref="oc-2d"/>
            <object_component_ref idref="oc-28"/>
            <object_component_ref idref="oc-87"/>
            <object_component_ref idref="oc-32"/>
            <object_component_ref idref="oc-82"/>
            <object_component_ref idref="oc-51"/>
            <object_component_ref idref="oc-24"/>
            <object_component_ref idref="oc-68"/>
            <object_component_ref idref="oc-b0"/>
            <object_component_ref idref="oc-7a"/>
            <object_component_ref idref="oc-60"/>
            <object_component_ref idref="oc-70"/>
            <object_component_ref idref="oc-8f"/>
            <object_component_ref idref="oc-75"/>
            <object_component_ref idref="oc-ac"/>
            <object_component_ref idref="oc-a8"/>
            <object_component_ref idref="oc-4d"/>
            <object_component_ref idref="oc-98"/>
            <object_component_ref idref="oc-55"/>
            <object_component_ref idref="oc-2"/>
            <object_component_ref idref="oc-5"/>
            <object_component_ref idref="oc-5c"/>
            <object_component_ref idref="oc-64"/>
            <object_component_ref idref="oc-94"/>
            <object_component_ref idref="oc-7e"/>
            <object_component_ref idref="oc-a2"/>
            <object_component_ref idref="oc-8b"/>
            <object_component_ref idref="oc-6c"/>
            <object_component_ref idref="oc-59"/>
            <object_component_ref idref="oc-9d"/>
         </contents>
      </logical_group>
      <logical_group id="lg-bb">
         <name>.data</name>
         <load_address>0x109c0</load_address>
         <run_address>0x109c0</run_address>
         <size>0x84</size>
         <contents>
            <object_component_ref idref="oc-23"/>
            <object_component_ref idref="oc-22"/>
         </contents>
      </logical_group>
      <logical_group id="lg-bc">
         <name>.bss</name>
         <run_address>0x10000</run_address>
         <size>0x9c0</size>
         <contents>
            <object_component_ref idref="oc-a"/>
            <object_component_ref idref="oc-29"/>
            <object_component_ref idref="oc-2e"/>
            <object_component_ref idref="oc-43"/>
            <object_component_ref idref="oc-56"/>
            <object_component_ref idref="oc-a3"/>
         </contents>
      </logical_group>
      <logical_group id="lg-bd">
         <name>vectors</name>
         <load_address>0xffff00</load_address>
         <run_address>0xffff00</run_address>
         <size>0x100</size>
         <contents>
            <object_component_ref idref="oc-9e"/>
         </contents>
      </logical_group>
      <logical_group id="lg-be">
         <name>.cinit</name>
         <load_address>0x51cc</load_address>
         <run_address>0x51cc</run_address>
         <size>0xbc</size>
         <contents>
            <object_component_ref idref="oc-c"/>
            <object_component_ref idref="oc-45"/>
            <object_component_ref idref="oc-a5"/>
            <object_component_ref idref="oc-58"/>
         </contents>
      </logical_group>
      <logical_group id="lg-bf">
         <name>.pinit</name>
         <run_address>0x0</run_address>
         <size>0x0</size>
         <contents>
         </contents>
      </logical_group>
      <logical_group id="lg-c6">
         <name>.vectors</name>
         <load_address>0xfec8</load_address>
         <run_address>0xfec8</run_address>
         <size>0x100</size>
         <contents>
            <object_component_ref idref="oc-3"/>
         </contents>
      </logical_group>
      <logical_group id="lg-c8">
         <name>.twiddle</name>
         <load_address>0xeec8</load_address>
         <run_address>0xeec8</run_address>
         <size>0x1000</size>
         <contents>
            <object_component_ref idref="oc-4"/>
         </contents>
      </logical_group>
      <logical_group id="lg-ca">
         <name>.debug_info</name>
         <load_address>0x0</load_address>
         <run_address>0x0</run_address>
         <size>0x13ac8</size>
         <contents>
            <object_component_ref idref="oc-6"/>
            <object_component_ref idref="oc-b"/>
            <object_component_ref idref="oc-25"/>
            <object_component_ref idref="oc-2a"/>
            <object_component_ref idref="oc-2f"/>
            <object_component_ref idref="oc-33"/>
            <object_component_ref idref="oc-37"/>
            <object_component_ref idref="oc-3b"/>
            <object_component_ref idref="oc-3f"/>
            <object_component_ref idref="oc-44"/>
            <object_component_ref idref="oc-4a"/>
            <object_component_ref idref="oc-4e"/>
            <object_component_ref idref="oc-52"/>
            <object_component_ref idref="oc-57"/>
            <object_component_ref idref="oc-5d"/>
            <object_component_ref idref="oc-61"/>
            <object_component_ref idref="oc-65"/>
            <object_component_ref idref="oc-69"/>
            <object_component_ref idref="oc-6d"/>
            <object_component_ref idref="oc-71"/>
            <object_component_ref idref="oc-76"/>
            <object_component_ref idref="oc-7b"/>
            <object_component_ref idref="oc-7f"/>
            <object_component_ref idref="oc-83"/>
            <object_component_ref idref="oc-88"/>
            <object_component_ref idref="oc-8c"/>
            <object_component_ref idref="oc-90"/>
            <object_component_ref idref="oc-95"/>
            <object_component_ref idref="oc-99"/>
            <object_component_ref idref="oc-9f"/>
            <object_component_ref idref="oc-a4"/>
            <object_component_ref idref="oc-a9"/>
            <object_component_ref idref="oc-ad"/>
            <object_component_ref idref="oc-b1"/>
            <object_component_ref idref="oc-fc"/>
         </contents>
      </logical_group>
      <logical_group id="lg-cc">
         <name>.debug_line</name>
         <load_address>0x0</load_address>
         <run_address>0x0</run_address>
         <size>0x15b3</size>
         <contents>
            <object_component_ref idref="oc-7"/>
            <object_component_ref idref="oc-20"/>
            <object_component_ref idref="oc-26"/>
            <object_component_ref idref="oc-2b"/>
            <object_component_ref idref="oc-30"/>
            <object_component_ref idref="oc-34"/>
            <object_component_ref idref="oc-38"/>
            <object_component_ref idref="oc-3c"/>
            <object_component_ref idref="oc-40"/>
            <object_component_ref idref="oc-47"/>
            <object_component_ref idref="oc-4b"/>
            <object_component_ref idref="oc-4f"/>
            <object_component_ref idref="oc-53"/>
            <object_component_ref idref="oc-5a"/>
            <object_component_ref idref="oc-5e"/>
            <object_component_ref idref="oc-62"/>
            <object_component_ref idref="oc-66"/>
            <object_component_ref idref="oc-6a"/>
            <object_component_ref idref="oc-6e"/>
            <object_component_ref idref="oc-73"/>
            <object_component_ref idref="oc-78"/>
            <object_component_ref idref="oc-7c"/>
            <object_component_ref idref="oc-80"/>
            <object_component_ref idref="oc-85"/>
            <object_component_ref idref="oc-89"/>
            <object_component_ref idref="oc-8d"/>
            <object_component_ref idref="oc-92"/>
            <object_component_ref idref="oc-96"/>
            <object_component_ref idref="oc-9b"/>
            <object_component_ref idref="oc-a0"/>
            <object_component_ref idref="oc-a6"/>
            <object_component_ref idref="oc-aa"/>
            <object_component_ref idref="oc-ae"/>
            <object_component_ref idref="oc-b2"/>
         </contents>
      </logical_group>
      <logical_group id="lg-ce">
         <name>.debug_abbrev</name>
         <load_address>0x0</load_address>
         <run_address>0x0</run_address>
         <size>0x1538</size>
         <contents>
            <object_component_ref idref="oc-8"/>
            <object_component_ref idref="oc-21"/>
            <object_component_ref idref="oc-27"/>
            <object_component_ref idref="oc-2c"/>
            <object_component_ref idref="oc-31"/>
            <object_component_ref idref="oc-35"/>
            <object_component_ref idref="oc-39"/>
            <object_component_ref idref="oc-3d"/>
            <object_component_ref idref="oc-41"/>
            <object_component_ref idref="oc-48"/>
            <object_component_ref idref="oc-4c"/>
            <object_component_ref idref="oc-50"/>
            <object_component_ref idref="oc-54"/>
            <object_component_ref idref="oc-5b"/>
            <object_component_ref idref="oc-5f"/>
            <object_component_ref idref="oc-63"/>
            <object_component_ref idref="oc-67"/>
            <object_component_ref idref="oc-6b"/>
            <object_component_ref idref="oc-6f"/>
            <object_component_ref idref="oc-74"/>
            <object_component_ref idref="oc-79"/>
            <object_component_ref idref="oc-7d"/>
            <object_component_ref idref="oc-81"/>
            <object_component_ref idref="oc-86"/>
            <object_component_ref idref="oc-8a"/>
            <object_component_ref idref="oc-8e"/>
            <object_component_ref idref="oc-93"/>
            <object_component_ref idref="oc-97"/>
            <object_component_ref idref="oc-9c"/>
            <object_component_ref idref="oc-a1"/>
            <object_component_ref idref="oc-a7"/>
            <object_component_ref idref="oc-ab"/>
            <object_component_ref idref="oc-af"/>
            <object_component_ref idref="oc-b3"/>
            <object_component_ref idref="oc-fd"/>
         </contents>
      </logical_group>
      <logical_group id="lg-d0">
         <name>send</name>
         <run_address>0x5288</run_address>
         <size>0x9c40</size>
         <contents>
            <object_component_ref idref="oc-d"/>
         </contents>
      </logical_group>
      <logical_group id="lg-d2">
         <name>.ref</name>
         <run_address>0x14a44</run_address>
         <size>0x2000</size>
         <contents>
            <object_component_ref idref="oc-e"/>
         </contents>
      </logical_group>
      <logical_group id="lg-d4">
         <name>filter</name>
         <run_address>0x10a44</run_address>
         <size>0x4000</size>
         <contents>
            <object_component_ref idref="oc-f"/>
         </contents>
      </logical_group>
      <logical_group id="lg-d6">
         <name>receive1</name>
         <run_address>0x1f244</run_address>
         <size>0x830</size>
         <contents>
            <object_component_ref idref="oc-10"/>
         </contents>
      </logical_group>
      <logical_group id="lg-d8">
         <name>receive2</name>
         <run_address>0x0</run_address>
         <size>0x830</size>
         <contents>
            <object_component_ref idref="oc-11"/>
         </contents>
      </logical_group>
      <logical_group id="lg-da">
         <name>NFFT</name>
         <run_address>0x1c244</run_address>
         <size>0x1000</size>
         <contents>
            <object_component_ref idref="oc-12"/>
         </contents>
      </logical_group>
      <logical_group id="lg-dc">
         <name>FFT</name>
         <run_address>0x16a44</run_address>
         <size>0x2000</size>
         <contents>
            <object_component_ref idref="oc-13"/>
         </contents>
      </logical_group>
      <logical_group id="lg-de">
         <name>xcorr</name>
         <run_address>0x18a44</run_address>
         <size>0x2000</size>
         <contents>
            <object_component_ref idref="oc-14"/>
         </contents>
      </logical_group>
      <logical_group id="lg-e0">
         <name>xcorrout</name>
         <run_address>0x0</run_address>
         <size>0x1000</size>
         <contents>
            <object_component_ref idref="oc-15"/>
         </contents>
      </logical_group>
      <logical_group id="lg-e2">
         <name>envelope</name>
         <run_address>0x0</run_address>
         <size>0x1000</size>
         <contents>
            <object_component_ref idref="oc-16"/>
         </contents>
      </logical_group>
      <logical_group id="lg-e4">
         <name>bp1</name>
         <run_address>0x1d244</run_address>
         <size>0x1000</size>
         <contents>
            <object_component_ref idref="oc-17"/>
         </contents>
      </logical_group>
      <logical_group id="lg-e6">
         <name>bp2</name>
         <run_address>0x0</run_address>
         <size>0x1000</size>
         <contents>
            <object_component_ref idref="oc-18"/>
         </contents>
      </logical_group>
      <logical_group id="lg-e8">
         <name>bp1abs</name>
         <run_address>0x1e244</run_address>
         <size>0x1000</size>
         <contents>
            <object_component_ref idref="oc-19"/>
         </contents>
      </logical_group>
      <logical_group id="lg-ea">
         <name>bp2abs</name>
         <run_address>0x0</run_address>
         <size>0x1000</size>
         <contents>
            <object_component_ref idref="oc-1a"/>
         </contents>
      </logical_group>
      <logical_group id="lg-ec">
         <name>bp1envelope</name>
         <run_address>0x0</run_address>
         <size>0x1000</size>
         <contents>
            <object_component_ref idref="oc-1b"/>
         </contents>
      </logical_group>
      <logical_group id="lg-ee">
         <name>bp2envelope</name>
         <run_address>0x0</run_address>
         <size>0x1000</size>
         <contents>
            <object_component_ref idref="oc-1c"/>
         </contents>
      </logical_group>
      <logical_group id="lg-f0">
         <name>revsave</name>
         <run_address>0x1aa44</run_address>
         <size>0x1800</size>
         <contents>
            <object_component_ref idref="oc-1d"/>
         </contents>
      </logical_group>
      <logical_group id="lg-f2">
         <name>.const</name>
         <load_address>0x1fa74</load_address>
         <run_address>0x1fa74</run_address>
         <size>0x4f0</size>
         <contents>
            <object_component_ref idref="oc-b7"/>
            <object_component_ref idref="oc-b8"/>
            <object_component_ref idref="oc-1f"/>
            <object_component_ref idref="oc-46"/>
            <object_component_ref idref="oc-b9"/>
            <object_component_ref idref="oc-91"/>
            <object_component_ref idref="oc-84"/>
            <object_component_ref idref="oc-b5"/>
            <object_component_ref idref="oc-b6"/>
            <object_component_ref idref="oc-9a"/>
            <object_component_ref idref="oc-72"/>
            <object_component_ref idref="oc-77"/>
         </contents>
      </logical_group>
      <logical_group id="lg-f4">
         <name>.stack</name>
         <run_address>0x0</run_address>
         <size>0x200</size>
         <contents>
            <object_component_ref idref="oc-3a"/>
            <object_component_ref idref="oc-f9"/>
         </contents>
      </logical_group>
      <logical_group id="lg-f6">
         <name>.sysstack</name>
         <run_address>0x0</run_address>
         <size>0x200</size>
         <contents>
            <object_component_ref idref="oc-b4"/>
            <object_component_ref idref="oc-fa"/>
         </contents>
      </logical_group>
   </logical_group_list>
   <placement_map>
      <memory_area>
         <name>RAM</name>
         <page_id>0x0</page_id>
         <origin>0x100</origin>
         <length>0xfeff</length>
         <used_space>0xfec7</used_space>
         <unused_space>0x38</unused_space>
         <attributes>RIX</attributes>
         <usage_details>
            <allocated_space>
               <start_address>0x100</start_address>
               <size>0x50cb</size>
               <logical_group_ref idref="lg-ba"/>
            </allocated_space>
            <available_space>
               <start_address>0x51cb</start_address>
               <size>0x1</size>
            </available_space>
            <allocated_space>
               <start_address>0x51cc</start_address>
               <size>0xbc</size>
               <logical_group_ref idref="lg-be"/>
            </allocated_space>
            <allocated_space>
               <start_address>0x5288</start_address>
               <size>0x9c40</size>
               <logical_group_ref idref="lg-d0"/>
            </allocated_space>
            <allocated_space>
               <start_address>0xeec8</start_address>
               <size>0x1000</size>
               <logical_group_ref idref="lg-c8"/>
            </allocated_space>
            <allocated_space>
               <start_address>0xfec8</start_address>
               <size>0x100</size>
               <logical_group_ref idref="lg-c6"/>
            </allocated_space>
            <available_space>
               <start_address>0xffc8</start_address>
               <size>0x37</size>
            </available_space>
         </usage_details>
      </memory_area>
      <memory_area>
         <name>ROM</name>
         <page_id>0x0</page_id>
         <origin>0x10000</origin>
         <length>0xffff</length>
         <used_space>0xff64</used_space>
         <unused_space>0x9b</unused_space>
         <attributes>RWIX</attributes>
         <usage_details>
            <allocated_space>
               <start_address>0x10000</start_address>
               <size>0x9c0</size>
               <logical_group_ref idref="lg-bc"/>
            </allocated_space>
            <allocated_space>
               <start_address>0x109c0</start_address>
               <size>0x84</size>
               <logical_group_ref idref="lg-bb"/>
            </allocated_space>
            <allocated_space>
               <start_address>0x10a44</start_address>
               <size>0x4000</size>
               <logical_group_ref idref="lg-d4"/>
            </allocated_space>
            <allocated_space>
               <start_address>0x14a44</start_address>
               <size>0x2000</size>
               <logical_group_ref idref="lg-d2"/>
            </allocated_space>
            <allocated_space>
               <start_address>0x16a44</start_address>
               <size>0x2000</size>
               <logical_group_ref idref="lg-dc"/>
            </allocated_space>
            <allocated_space>
               <start_address>0x18a44</start_address>
               <size>0x2000</size>
               <logical_group_ref idref="lg-de"/>
            </allocated_space>
            <allocated_space>
               <start_address>0x1aa44</start_address>
               <size>0x1800</size>
               <logical_group_ref idref="lg-f0"/>
            </allocated_space>
            <allocated_space>
               <start_address>0x1c244</start_address>
               <size>0x1000</size>
               <logical_group_ref idref="lg-da"/>
            </allocated_space>
            <allocated_space>
               <start_address>0x1d244</start_address>
               <size>0x1000</size>
               <logical_group_ref idref="lg-e4"/>
            </allocated_space>
            <allocated_space>
               <start_address>0x1e244</start_address>
               <size>0x1000</size>
               <logical_group_ref idref="lg-e8"/>
            </allocated_space>
            <allocated_space>
               <start_address>0x1f244</start_address>
               <size>0x830</size>
               <logical_group_ref idref="lg-d6"/>
            </allocated_space>
            <allocated_space>
               <start_address>0x1fa74</start_address>
               <size>0x4f0</size>
               <logical_group_ref idref="lg-f2"/>
            </allocated_space>
            <available_space>
               <start_address>0x1ff64</start_address>
               <size>0x9b</size>
            </available_space>
         </usage_details>
      </memory_area>
      <memory_area>
         <name>VECS</name>
         <page_id>0x0</page_id>
         <origin>0xffff00</origin>
         <length>0x100</length>
         <used_space>0x100</used_space>
         <unused_space>0x0</unused_space>
         <attributes>RIX</attributes>
         <usage_details>
            <allocated_space>
               <start_address>0xffff00</start_address>
               <size>0x100</size>
               <logical_group_ref idref="lg-bd"/>
            </allocated_space>
         </usage_details>
      </memory_area>
   </placement_map>
   <symbol_table>
      <symbol id="sm-0">
         <name>$TI_capability$C5500$CallingConvention</name>
         <value>0x2</value>
      </symbol>
      <symbol id="sm-1">
         <name>$TI_capability$C5500$MemoryModel</name>
         <value>0x2</value>
      </symbol>
      <symbol id="sm-2">
         <name>$TI_capability_requires_rev2</name>
         <value>0x1</value>
      </symbol>
      <symbol id="sm-3">
         <name>cinit</name>
         <value>0x51cc</value>
      </symbol>
      <symbol id="sm-4">
         <name>___cinit__</name>
         <value>0x51cc</value>
      </symbol>
      <symbol id="sm-5">
         <name>pinit</name>
         <value>0xffffffff</value>
      </symbol>
      <symbol id="sm-6">
         <name>___pinit__</name>
         <value>0xffffffff</value>
      </symbol>
      <symbol id="sm-7">
         <name>binit</name>
         <value>0xffffffff</value>
      </symbol>
      <symbol id="sm-8">
         <name>___binit__</name>
         <value>0xffffffff</value>
      </symbol>
      <symbol id="sm-9">
         <name>__STACK_SIZE</name>
         <value>0x200</value>
      </symbol>
      <symbol id="sm-a">
         <name>__STACK_END</name>
         <value>0x200</value>
      </symbol>
      <symbol id="sm-b">
         <name>___c_args__</name>
         <value>0xffffffff</value>
      </symbol>
      <symbol id="sm-c">
         <name>__SYSSTACK_SIZE</name>
         <value>0x200</value>
      </symbol>
      <symbol id="sm-d">
         <name>.text</name>
         <value>0x100</value>
      </symbol>
      <symbol id="sm-e">
         <name>___text__</name>
         <value>0x100</value>
      </symbol>
      <symbol id="sm-f">
         <name>etext</name>
         <value>0x51cb</value>
      </symbol>
      <symbol id="sm-10">
         <name>___etext__</name>
         <value>0x51cb</value>
      </symbol>
      <symbol id="sm-11">
         <name>.data</name>
         <value>0x109c0</value>
      </symbol>
      <symbol id="sm-12">
         <name>___data__</name>
         <value>0x109c0</value>
      </symbol>
      <symbol id="sm-13">
         <name>edata</name>
         <value>0x10a44</value>
      </symbol>
      <symbol id="sm-14">
         <name>___edata__</name>
         <value>0x10a44</value>
      </symbol>
      <symbol id="sm-15">
         <name>.bss</name>
         <value>0x10000</value>
      </symbol>
      <symbol id="sm-16">
         <name>___bss__</name>
         <value>0x10000</value>
      </symbol>
      <symbol id="sm-17">
         <name>end</name>
         <value>0x109c0</value>
      </symbol>
      <symbol id="sm-18">
         <name>___end__</name>
         <value>0x109c0</value>
      </symbol>
      <symbol id="sm-5d">
         <name>twiddle</name>
         <value>0xeec8</value>
         <object_component_ref idref="oc-4"/>
      </symbol>
      <symbol id="sm-67">
         <name>_maxvec</name>
         <value>0x50f5</value>
         <object_component_ref idref="oc-5"/>
      </symbol>
      <symbol id="sm-f1">
         <name>_DMAdone</name>
         <value>0x1019e</value>
         <object_component_ref idref="oc-a"/>
      </symbol>
      <symbol id="sm-f2">
         <name>_serial_x</name>
         <value>0x1018e</value>
         <object_component_ref idref="oc-a"/>
      </symbol>
      <symbol id="sm-f3">
         <name>_serial</name>
         <value>0x1017e</value>
         <object_component_ref idref="oc-a"/>
      </symbol>
      <symbol id="sm-f4">
         <name>_SDRAM_lfmhead</name>
[...]
         <object_component_ref idref="oc-1d"/>
      </symbol>
      <symbol id="sm-170">
         <name>_SD_write</name>
         <value>0x10464</value>
         <object_component_ref idref="oc-a"/>
      </symbol>
      <symbol id="sm-171">
         <name>_NOISE_TH_NEW</name>
         <value>0x10000</value>
         <object_component_ref idref="oc-a"/>
      </symbol>
      <symbol id="sm-172">
         <name>_x_max</name>
         <value>0x10044</value>
         <object_component_ref idref="oc-a"/>
      </symbol>
      <symbol id="sm-173">
         <name>_SaveSectorCounter</name>
         <value>0x3617</value>
         <object_component_ref idref="oc-9"/>
      </symbol>
      <symbol id="sm-174">
         <name>_dma0_Isr</name>
         <value>0x3b14</value>
         <object_component_ref idref="oc-1e"/>
      </symbol>
      <symbol id="sm-175">
         <name>_temp_yl_data</name>
         <value>0x10898</value>
         <object_component_ref idref="oc-a"/>
      </symbol>
      <symbol id="sm-176">
         <name>_qujunzhi2</name>
         <value>0x17d8</value>
         <object_component_ref idref="oc-9"/>
      </symbol>
      <symbol id="sm-177">
         <name>_temp_dainei_temp</name>
         <value>0x1ba44</value>
         <object_component_ref idref="oc-1d"/>
      </symbol>
      <symbol id="sm-178">
         <name>_qujunzhi1</name>
         <value>0x1821</value>
         <object_component_ref idref="oc-9"/>
      </symbol>
      <symbol id="sm-179">
         <name>_PC_DATA</name>
         <value>0x1012c</value>
         <object_component_ref idref="oc-a"/>
      </symbol>
      <symbol id="sm-17a">
         <name>_release_flag</name>
         <value>0x1012a</value>
         <object_component_ref idref="oc-a"/>
      </symbol>
      <symbol id="sm-17b">
         <name>_Revprepare</name>
         <value>0x2238</value>
         <object_component_ref idref="oc-9"/>
      </symbol>
      <symbol id="sm-17c">
         <name>_hDmaSend1</name>
         <value>0x101cc</value>
         <object_component_ref idref="oc-a"/>
      </symbol>
      <symbol id="sm-17d">
         <name>_hDmaSend0</name>
         <value>0x101c8</value>
         <object_component_ref idref="oc-a"/>
      </symbol>
      <symbol id="sm-17e">
         <name>_responder_flag</name>
         <value>0x10054</value>
         <object_component_ref idref="oc-a"/>
      </symbol>
      <symbol id="sm-17f">
         <name>_myconfigdma0</name>
         <value>0x1094c</value>
         <object_component_ref idref="oc-a"/>
      </symbol>
      <symbol id="sm-180">
         <name>_Rev_bp1</name>
         <value>0x1d244</value>
         <object_component_ref idref="oc-17"/>
      </symbol>
      <symbol id="sm-181">
         <name>_Rev_bp2</name>
         <value>0x0</value>
         <object_component_ref idref="oc-18"/>
      </symbol>
      <symbol id="sm-182">
         <name>_mhTimer1</name>
         <value>0x101d4</value>
         <object_component_ref idref="oc-a"/>
      </symbol>
      <symbol id="sm-183">
         <name>_mhTimer0</name>
         <value>0x101d0</value>
         <object_component_ref idref="oc-a"/>
      </symbol>
      <symbol id="sm-184">
         <name>_temperature</name>
         <value>0x101a0</value>
         <object_component_ref idref="oc-a"/>
      </symbol>
      <symbol id="sm-185">
         <name>_h_LPF1_db</name>
         <value>0x10056</value>
         <object_component_ref idref="oc-a"/>
      </symbol>
      <symbol id="sm-186">
         <name>_take_action1</name>
         <value>0x1025</value>
         <object_component_ref idref="oc-9"/>
      </symbol>
      <symbol id="sm-187">
         <name>_take_action3</name>
         <value>0x935</value>
         <object_component_ref idref="oc-9"/>
      </symbol>
      <symbol id="sm-188">
         <name>_take_action2</name>
         <value>0xd2d</value>
         <object_component_ref idref="oc-9"/>
      </symbol>
      <symbol id="sm-189">
         <name>_FFTprepare_FSK</name>
         <value>0x27e5</value>
         <object_component_ref idref="oc-9"/>
      </symbol>
      <symbol id="sm-18a">
         <name>_f_send_uart</name>
         <value>0x10124</value>
         <object_component_ref idref="oc-a"/>
      </symbol>
      <symbol id="sm-18b">
         <name>_Time_Delay</name>
         <value>0x10008</value>
         <object_component_ref idref="oc-a"/>
      </symbol>
      <symbol id="sm-18c">
         <name>_SD_ReadData</name>
         <value>0x363d</value>
         <object_component_ref idref="oc-9"/>
      </symbol>
      <symbol id="sm-18d">
         <name>_responder_Delay</name>
         <value>0x1000c</value>
         <object_component_ref idref="oc-a"/>
      </symbol>
      <symbol id="sm-18e">
         <name>_Rev_bp2_envelope</name>
         <value>0x0</value>
         <object_component_ref idref="oc-1c"/>
      </symbol>
      <symbol id="sm-18f">
         <name>_SD_read</name>
         <value>0x10664</value>
         <object_component_ref idref="oc-a"/>
      </symbol>
      <symbol id="sm-190">
         <name>_cardid</name>
         <value>0x10234</value>
         <object_component_ref idref="oc-a"/>
      </symbol>
      <symbol id="sm-191">
         <name>_Rev_bp2_abs</name>
         <value>0x0</value>
         <object_component_ref idref="oc-1a"/>
      </symbol>
      <symbol id="sm-192">
         <name>_FSKdetect</name>
         <value>0x289e</value>
         <object_component_ref idref="oc-9"/>
      </symbol>
      <symbol id="sm-193">
         <name>_get_voltage</name>
         <value>0x363</value>
         <object_component_ref idref="oc-9"/>
      </symbol>
      <symbol id="sm-194">
         <name>_int1_Isr</name>
         <value>0x385e</value>
         <object_component_ref idref="oc-1e"/>
      </symbol>
      <symbol id="sm-195">
         <name>_qumo2</name>
         <value>0x17bb</value>
         <object_component_ref idref="oc-9"/>
      </symbol>
      <symbol id="sm-196">
         <name>_get_pressure</name>
         <value>0x3a7</value>
         <object_component_ref idref="oc-9"/>
      </symbol>
      <symbol id="sm-197">
         <name>_Rev_save</name>
         <value>0x1aa44</value>
         <object_component_ref idref="oc-1d"/>
      </symbol>
      <symbol id="sm-198">
         <name>_no_isr</name>
         <value>0x370e</value>
         <object_component_ref idref="oc-1e"/>
      </symbol>
      <symbol id="sm-199">
         <name>_noise_10ms</name>
         <value>0x1091e</value>
         <object_component_ref idref="oc-a"/>
      </symbol>
      <symbol id="sm-19a">
         <name>_FLAG_OK</name>
         <value>0x1086a</value>
         <object_component_ref idref="oc-a"/>
      </symbol>
      <symbol id="sm-19b">
         <name>_templfm</name>
         <value>0x10050</value>
         <object_component_ref idref="oc-a"/>
      </symbol>
      <symbol id="sm-19c">
         <name>_Init</name>
         <value>0x10978</value>
         <object_component_ref idref="oc-a"/>
      </symbol>
      <symbol id="sm-19d">
         <name>_mmc1</name>
         <value>0x101d8</value>
         <object_component_ref idref="oc-a"/>
      </symbol>
      <symbol id="sm-19e">
         <name>_SectorCounter</name>
         <value>0x10260</value>
         <object_component_ref idref="oc-a"/>
      </symbol>
      <symbol id="sm-19f">
         <name>_endpos_float</name>
         <value>0x1001c</value>
         <object_component_ref idref="oc-a"/>
      </symbol>
      <symbol id="sm-1a0">
         <name>_Rev_bp1_abs</name>
         <value>0x1e244</value>
         <object_component_ref idref="oc-19"/>
      </symbol>
      <symbol id="sm-1a1">
         <name>_b</name>
         <value>0x10040</value>
         <object_component_ref idref="oc-a"/>
      </symbol>
      <symbol id="sm-1a2">
         <name>_a</name>
         <value>0x1003c</value>
         <object_component_ref idref="oc-a"/>
      </symbol>
      <symbol id="sm-1a3">
         <name>_count</name>
         <value>0x10258</value>
         <object_component_ref idref="oc-a"/>
      </symbol>
      <symbol id="sm-1a4">
         <name>_tongbu_flag</name>
         <value>0x10928</value>
         <object_component_ref idref="oc-a"/>
      </symbol>
      <symbol id="sm-1a5">
         <name>_send_serial</name>
         <value>0x1511</value>
         <object_component_ref idref="oc-9"/>
      </symbol>
      <symbol id="sm-1a6">
         <name>_int0_Isr</name>
         <value>0x39b6</value>
         <object_component_ref idref="oc-1e"/>
      </symbol>
      <symbol id="sm-1a7">
         <name>_Write</name>
         <value>0x604</value>
         <object_component_ref idref="oc-9"/>
      </symbol>
      <symbol id="sm-1a8">
         <name>_count_timer</name>
         <value>0x10052</value>
         <object_component_ref idref="oc-a"/>
      </symbol>
      <symbol id="sm-1a9">
         <name>_sum_mean_save</name>
         <value>0x10016</value>
         <object_component_ref idref="oc-a"/>
      </symbol>
      <symbol id="sm-1aa">
         <name>_variable_init</name>
         <value>0x100</value>
         <object_component_ref idref="oc-9"/>
      </symbol>
      <symbol id="sm-1ab">
         <name>_Producefilter</name>
         <value>0x1a67</value>
         <object_component_ref idref="oc-9"/>
      </symbol>
      <symbol id="sm-1ac">
         <name>_Read</name>
         <value>0x6ef</value>
         <object_component_ref idref="oc-9"/>
      </symbol>
      <symbol id="sm-1ad">
         <name>_Flag_answer</name>
         <value>0x1086c</value>
         <object_component_ref idref="oc-a"/>
      </symbol>
      <symbol id="sm-1ae">
         <name>_responder_period</name>
         <value>0x10010</value>
         <object_component_ref idref="oc-a"/>
      </symbol>
      <symbol id="sm-1af">
         <name>_Rev_bp1_envelope</name>
         <value>0x0</value>
         <object_component_ref idref="oc-1b"/>
      </symbol>
      <symbol id="sm-1b0">
         <name>_detect</name>
         <value>0x2315</value>
         <object_component_ref idref="oc-9"/>
      </symbol>
      <symbol id="sm-1b1">
         <name>_MMC_open</name>
         <value>0x0</value>
      </symbol>
      <symbol id="sm-1b2">
         <name>_MMC_write</name>
         <value>0x0</value>
      </symbol>
      <symbol id="sm-1b3">
         <name>_MMC_read</name>
         <value>0x0</value>
      </symbol>
      <symbol id="sm-1b4">
         <name>__CSL_init</name>
         <value>0x0</value>
      </symbol>
      <symbol id="sm-1b5">
         <name>_MMC_sendOpCond</name>
         <value>0x0</value>
      </symbol>
      <symbol id="sm-1b6">
         <name>_DMA_config</name>
         <value>0x0</value>
      </symbol>
      <symbol id="sm-1b7">
         <name>_MMC_selectCard</name>
         <value>0x0</value>
      </symbol>
      <symbol id="sm-1b8">
         <name>_MMC_sendGoIdle</name>
         <value>0x0</value>
      </symbol>
      <symbol id="sm-1b9">
         <name>_SD_sendAllCID</name>
         <value>0x0</value>
      </symbol>
      <symbol id="sm-1ba">
         <name>_CSL_TimerData</name>
         <value>0x0</value>
      </symbol>
      <symbol id="sm-1bb">
         <name>_MMC_setupNative</name>
         <value>0x0</value>
      </symbol>
      <symbol id="sm-1bc">
         <name>_TIMER_reset</name>
         <value>0x0</value>
      </symbol>
      <symbol id="sm-1bd">
         <name>_SD_sendRca</name>
         <value>0x0</value>
      </symbol>
      <symbol id="sm-1be">
         <name>_IRQ_globalRestore</name>
         <value>0x0</value>
      </symbol>
      <symbol id="sm-1bf">
         <name>_IRQ_globalDisable</name>
         <value>0x0</value>
      </symbol>
      <symbol id="sm-1c0">
         <name>_DMA_open</name>
         <value>0x0</value>
      </symbol>
      <symbol id="sm-1c1">
         <name>_CSL_SysData</name>
         <value>0x0</value>
      </symbol>
      <symbol id="sm-1c2">
         <name>_CSL5509_LIB_</name>
         <value>0x0</value>
      </symbol>
      <symbol id="sm-1c3">
         <name>_SD_setWidth</name>
         <value>0x0</value>
      </symbol>
      <symbol id="sm-1c7">
         <name>_h_LPF2</name>
         <value>0x10a02</value>
         <object_component_ref idref="oc-22"/>
      </symbol>
      <symbol id="sm-1cb">
         <name>_h_LPF1</name>
         <value>0x109c0</value>
         <object_component_ref idref="oc-23"/>
      </symbol>
      <symbol id="sm-1d5">
         <name>_fir2</name>
         <value>0x4be7</value>
         <object_component_ref idref="oc-24"/>
      </symbol>
      <symbol id="sm-1e5">
         <name>_cifft_NOSCALE</name>
         <value>0x46fa</value>
         <object_component_ref idref="oc-28"/>
      </symbol>
      <symbol id="sm-1f5">
         <name>_cfft_NOSCALE</name>
         <value>0x4593</value>
         <object_component_ref idref="oc-2d"/>
      </symbol>
      <symbol id="sm-205">
         <name>_cbrev</name>
         <value>0x49a9</value>
         <object_component_ref idref="oc-32"/>
      </symbol>
      <symbol id="sm-20f">
         <name>__addd</name>
         <value>0x3f37</value>
         <object_component_ref idref="oc-36"/>
      </symbol>
      <symbol id="sm-21b">
         <name>__sysstack</name>
         <value>0x0</value>
         <object_component_ref idref="oc-b4"/>
      </symbol>
      <symbol id="sm-21c">
         <name>_c_int00</name>
         <value>0x50c1</value>
         <object_component_ref idref="oc-2"/>
      </symbol>
      <symbol id="sm-21d">
         <name>__stack</name>
         <value>0x0</value>
         <object_component_ref idref="oc-3a"/>
      </symbol>
      <symbol id="sm-227">
         <name>__eqld</name>
         <value>0x4507</value>
         <object_component_ref idref="oc-3e"/>
      </symbol>
      <symbol id="sm-228">
         <name>__cmpd</name>
         <value>0x453b</value>
         <object_component_ref idref="oc-3e"/>
      </symbol>
      <symbol id="sm-229">
         <name>__neqd</name>
         <value>0x43a9</value>
         <object_component_ref idref="oc-3e"/>
      </symbol>
      <symbol id="sm-22a">
         <name>__gtrd</name>
         <value>0x4472</value>
         <object_component_ref idref="oc-3e"/>
      </symbol>
      <symbol id="sm-22b">
         <name>__geqd</name>
         <value>0x44bd</value>
         <object_component_ref idref="oc-3e"/>
      </symbol>
      <symbol id="sm-22c">
         <name>__leqd</name>
         <value>0x4425</value>
         <object_component_ref idref="oc-3e"/>
      </symbol>
      <symbol id="sm-22d">
         <name>__lssd</name>
         <value>0x43dd</value>
         <object_component_ref idref="oc-3e"/>
      </symbol>
      <symbol id="sm-23e">
         <name>_cos</name>
         <value>0x4191</value>
         <object_component_ref idref="oc-42"/>
      </symbol>
      <symbol id="sm-24a">
         <name>__divd</name>
         <value>0x3b6b</value>
         <object_component_ref idref="oc-49"/>
      </symbol>
      <symbol id="sm-254">
         <name>__divli</name>
         <value>0x4ffa</value>
         <object_component_ref idref="oc-4d"/>
      </symbol>
      <symbol id="sm-25f">
         <name>__divul</name>
         <value>0x4b46</value>
         <object_component_ref idref="oc-51"/>
      </symbol>
      <symbol id="sm-26f">
         <name>C$$EXIT</name>
         <value>0x51c2</value>
         <object_component_ref idref="oc-59"/>
      </symbol>
      <symbol id="sm-270">
         <name>_exit</name>
         <value>0x5083</value>
         <object_component_ref idref="oc-55"/>
      </symbol>
      <symbol id="sm-271">
         <name>_abort</name>
         <value>0x51c1</value>
         <object_component_ref idref="oc-59"/>
      </symbol>
      <symbol id="sm-272">
         <name>__cleanup_ptr</name>
         <value>0x109b8</value>
         <object_component_ref idref="oc-56"/>
      </symbol>
      <symbol id="sm-273">
         <name>__dtors_ptr</name>
         <value>0x109bc</value>
         <object_component_ref idref="oc-56"/>
      </symbol>
      <symbol id="sm-27d">
         <name>__fixdi</name>
         <value>0x5127</value>
         <object_component_ref idref="oc-5c"/>
      </symbol>
      <symbol id="sm-287">
         <name>__fixdli</name>
         <value>0x4dd2</value>
         <object_component_ref idref="oc-60"/>
      </symbol>
      <symbol id="sm-291">
         <name>__fixdu</name>
         <value>0x5151</value>
         <object_component_ref idref="oc-64"/>
      </symbol>
      <symbol id="sm-29b">
         <name>__fixdul</name>
         <value>0x4c72</value>
         <object_component_ref idref="oc-68"/>
      </symbol>
      <symbol id="sm-2a5">
         <name>__fltid</name>
         <value>0x51b5</value>
         <object_component_ref idref="oc-6c"/>
      </symbol>
      <symbol id="sm-2b1">
         <name>__fltlid</name>
         <value>0x4e41</value>
         <object_component_ref idref="oc-70"/>
      </symbol>
      <symbol id="sm-2bd">
         <name>__fltuld</name>
         <value>0x4f07</value>
         <object_component_ref idref="oc-75"/>
      </symbol>
      <symbol id="sm-2c7">
         <name>__frcmpyd_div</name>
         <value>0x4d5f</value>
         <object_component_ref idref="oc-7a"/>
      </symbol>
      <symbol id="sm-2cf">
         <name>__mpyli</name>
         <value>0x5180</value>
         <object_component_ref idref="oc-7e"/>
      </symbol>
      <symbol id="sm-2d0">
         <name>I$$LMPY</name>
         <value>0x5180</value>
         <object_component_ref idref="oc-7e"/>
      </symbol>
      <symbol id="sm-2dc">
         <name>_modf</name>
         <value>0x4a87</value>
         <object_component_ref idref="oc-82"/>
      </symbol>
      <symbol id="sm-2e6">
         <name>__mpyd</name>
         <value>0x485d</value>
         <object_component_ref idref="oc-87"/>
      </symbol>
      <symbol id="sm-2f0">
         <name>__negd</name>
         <value>0x51a5</value>
         <object_component_ref idref="oc-8b"/>
      </symbol>
      <symbol id="sm-2fc">
         <name>__nround</name>
         <value>0x4ea8</value>
         <object_component_ref idref="oc-8f"/>
      </symbol>
      <symbol id="sm-306">
         <name>__subd</name>
         <value>0x516c</value>
         <object_component_ref idref="oc-94"/>
      </symbol>
      <symbol id="sm-312">
         <name>__trunc</name>
         <value>0x5042</value>
         <object_component_ref idref="oc-98"/>
      </symbol>
      <symbol id="sm-31c">
         <name>_Reset</name>
         <value>0xffff00</value>
         <object_component_ref idref="oc-9e"/>
      </symbol>
      <symbol id="sm-32a">
         <name>__unlock</name>
         <value>0x109b4</value>
         <object_component_ref idref="oc-a3"/>
      </symbol>
      <symbol id="sm-32b">
         <name>__lock</name>
         <value>0x109b0</value>
         <object_component_ref idref="oc-a3"/>
      </symbol>
      <symbol id="sm-32c">
         <name>__register_lock</name>
         <value>0x519b</value>
         <object_component_ref idref="oc-a2"/>
      </symbol>
      <symbol id="sm-32d">
         <name>__nop</name>
         <value>0x51a3</value>
         <object_component_ref idref="oc-a2"/>
      </symbol>
      <symbol id="sm-32e">
         <name>__register_unlock</name>
         <value>0x5193</value>
         <object_component_ref idref="oc-a2"/>
      </symbol>
      <symbol id="sm-338">
         <name>__args_main</name>
         <value>0x4faf</value>
         <object_component_ref idref="oc-a8"/>
      </symbol>
      <symbol id="sm-339">
         <name>__TI_args_main</name>
         <value>0x1</value>
      </symbol>
      <symbol id="sm-341">
         <name>_auto_init</name>
         <value>0x4f62</value>
         <object_component_ref idref="oc-ac"/>
      </symbol>
      <symbol id="sm-34b">
         <name>__frcmpyd</name>
         <value>0x4ce9</value>
         <object_component_ref idref="oc-b0"/>
      </symbol>
   </symbol_table>
</link_info>
