******************************************************************************
              TMS320C55x Linker PC v4.4.1                      
******************************************************************************
>> Linked Thu May 05 18:47:49 2016

OUTPUT FILE NAME:   <USBL.out>
ENTRY POINT SYMBOL: "_c_int00"  address: 0002658b


MEMORY CONFIGURATION

         name            origin    length      used     unused   attr    fill
                        (bytes)   (bytes)    (bytes)   (bytes)
----------------------  --------  ---------  --------  --------  ----  --------
  MMR                   00000000   000000c0  00000000  000000c0  RWIX
  SPRAM                 000000c0   00000140  00000100  00000040  RWIX
  VECS                  00000e00   00000200  00000100  00000100  RWIX
  DARAM0                00001000   00001000  00000848  000007b8  RWIX
  DARAM1                00002000   00002000  00000ce0  00001320  RWIX
  DARAM2                00004000   00002000  00000ce0  00001320  RWIX
  DARAM3                00006000   00001000  00001000  00000000  RWIX
  DARAM4                00007000   00001000  00001000  00000000  RWIX
  DARAM5                00008000   00002000  00002000  00000000  RWIX
  DARAM6                0000a000   00002000  00002000  00000000  RWIX
  DARAM7                0000c000   00002000  00002000  00000000  RWIX
  DARAM8                0000e000   00001000  00001000  00000000  RWIX
  DARAM9                0000f000   00002000  00002000  00000000  RWIX
  SARAM1                00011000   00001000  00001000  00000000  RWIX
  SARAM2                00012000   00001000  00001000  00000000  RWIX
  SARAM3                00013000   00001000  00001000  00000000  RWIX
  SARAM4                00014000   00001000  00001000  00000000  RWIX
  SARAM5                00015000   00001000  00001000  00000000  RWIX
  SARAM6                00016000   00001000  00001000  00000000  RWIX
  SARAM7                00017000   00009000  00002800  00006800  RWIX
  SARAM8                00020000   00008000  00007691  0000096f  RWIX
  SARAM9                00028000   00008000  00004000  00004000  RWIX
  SARAM10               00030000   00010000  00004e38  0000b1c8  RWIX
  CE0                   00040000   003c0000  00000000  003c0000  RWIX
  CE1                   00400000   00400000  00000000  00400000  RWIX
  CE2                   00800000   00400000  00000000  00400000  RWIX
  CE3                   00c00000   003f8000  00000000  003f8000  RWIX
  PDROM                 00ff8000   00007f00  00000000  00007f00  RWIX


SECTION ALLOCATION MAP
(Addresses surrounded by []'s are displayed for convenience only!)

output                                                          attributes/
section   page  orgn(bytes) orgn(words) len(bytes) len(words)   input sections
--------  ----  ----------- ----------- ---------- ----------   --------------
vectors      0     000000c0  [ 00000060 ] 00000100          *   
                   000000c0  [ 00000060 ] 00000100          *   rts55x.lib : vectors.obj (vectors)

.vectors     0     00000e00  [ 00000700 ] 00000100          *   
                   00000e00  [ 00000700 ] 00000100          *   vectors.obj (.vectors)

.cinit       0   [ 00001000 ]  00000800          *   00000178   
                 [ 00001000 ]  00000800          *   00000085   main.obj (.cinit)
                 [ 0000110a ]  00000885          *   0000005d   csl5509x.lib : csl_dmadat.obj (.cinit)
                 [ 000011c4 ]  000008e2          *   00000042                : csl_mmcdat.obj (.cinit)
                 [ 00001248 ]  00000924          *   00000025                : csl_csldat.obj (.cinit)
                 [ 00001292 ]  00000949          *   0000000f                : csl_timdat.obj (.cinit)
                 [ 000012b0 ]  00000958          *   0000000b   rts55x.lib : sin.obj (.cinit)
                 [ 000012c6 ]  00000963          *   0000000a              : _lock.obj (.cinit)
                 [ 000012da ]  0000096d          *   0000000a              : exit.obj (.cinit)
                 [ 000012ee ]  00000977          *   00000001   --HOLE-- [fill = 0]

.stack       0   [ 000012f0 ]  00000978          *   00000100   UNINITIALIZED
                 [ 000012f0 ]  00000978          *   00000100   --HOLE--

.sysstack 
*            0   [ 000014f0 ]  00000a78          *   00000100   UNINITIALIZED
                 [ 000014f0 ]  00000a78          *   00000100   --HOLE--

.csldata     0   [ 000016f0 ]  00000b78          *   000000ac   UNINITIALIZED
                 [ 000016f0 ]  00000b78          *   0000005a   csl5509x.lib : csl_dmadat.obj (.csldata:DMA_data)
                 [ 000017a4 ]  00000bd2          *   00000024                : csl_mmcdat.obj (.csldata:MMC_data)
                 [ 000017ec ]  00000bf6          *   00000022                : csl_csldat.obj (.csldata:SYS_data)
                 [ 00001830 ]  00000c18          *   0000000c                : csl_timdat.obj (.csldata:TIMER_data)

receive1     0   [ 00002000 ]  00001000          *   00000670   UNINITIALIZED
                 [ 00002000 ]  00001000          *   00000670   main.obj (receive1)

receive2     0   [ 00004000 ]  00002000          *   00000670   UNINITIALIZED
                 [ 00004000 ]  00002000          *   00000670   main.obj (receive2)

.twiddle     0   [ 00006000 ]  00003000          *   00000800   
                 [ 00006000 ]  00003000          *   00000800   twid2048.obj (.twiddle)

NFFT         0   [ 00007000 ]  00003800          *   00000800   UNINITIALIZED
                 [ 00007000 ]  00003800          *   00000800   main.obj (NFFT)

FFT          0   [ 00008000 ]  00004000          *   00001000   UNINITIALIZED
                 [ 00008000 ]  00004000          *   00001000   main.obj (FFT)

.ref         0   [ 0000a000 ]  00005000          *   00001000   UNINITIALIZED
                 [ 0000a000 ]  00005000          *   00001000   main.obj (.ref)

xcorr        0   [ 0000c000 ]  00006000          *   00001000   UNINITIALIZED
                 [ 0000c000 ]  00006000          *   00001000   main.obj (xcorr)

xcorrout     0   [ 0000e000 ]  00007000          *   00000800   UNINITIALIZED
                 [ 0000e000 ]  00007000          *   00000800   main.obj (xcorrout)

envelope     0   [ 0000f000 ]  00007800          *   00001000   UNINITIALIZED
                 [ 0000f000 ]  00007800          *   00001000   main.obj (envelope)

bp1          0   [ 00011000 ]  00008800          *   00000800   UNINITIALIZED
                 [ 00011000 ]  00008800          *   00000800   main.obj (bp1)

bp2          0   [ 00012000 ]  00009000          *   00000800   UNINITIALIZED
                 [ 00012000 ]  00009000          *   00000800   main.obj (bp2)

bp1abs       0   [ 00013000 ]  00009800          *   00000800   UNINITIALIZED
                 [ 00013000 ]  00009800          *   00000800   main.obj (bp1abs)

bp2abs       0   [ 00014000 ]  0000a000          *   00000800   UNINITIALIZED
                 [ 00014000 ]  0000a000          *   00000800   main.obj (bp2abs)

bp1envelope 
*            0   [ 00015000 ]  0000a800          *   00000800   UNINITIALIZED
                 [ 00015000 ]  0000a800          *   00000800   main.obj (bp1envelope)

bp2envelope 
*            0   [ 00016000 ]  0000b000          *   00000800   UNINITIALIZED
                 [ 00016000 ]  0000b000          *   00000800   main.obj (bp2envelope)

revsave      0   [ 00017000 ]  0000b800          *   00001400   UNINITIALIZED
                 [ 00017000 ]  0000b800          *   00001400   main.obj (revsave)

.text        0     00020000  [ 00010000 ] 000066dd          *   
                   00020000  [ 00010000 ] 00003aef          *   main.obj (.text)
                   00023aef  [ 00011d77+] 000004d8          *   main.obj (.text:retain)
                   00023fc7  [ 00011fe3+] 000003cc          *   rts55x.lib : divd.obj (.text)
                   00024393  [ 000121c9+] 0000025a          *              : addd.obj (.text)
                   000245ed  [ 000122f6+] 000001f2          *              : sin.obj (.text)
                   000247df  [ 000123ef+] 000001ea          *              : cmpd.obj (.text)
                   000249c9  [ 000124e4+] 000001c3          *   csl5509x.lib : mmc_sendop.obj (.text:MMC_sendOpCond)
                   00024b8c  [ 000125c6 ] 000001a3          *                : dma_reset.obj (.text:DMA_reset)
                   00024d2f  [ 00012697+] 00000174          *                : mmc_disp0.obj (.text:MMC_dispatch0)
                   00024ea3  [ 00012751+] 0000016b          *                : mmc_disp1.obj (.text:MMC_dispatch1)
                   0002500e  [ 00012807 ] 00000167          *   cfft_noscale.obj (.text)
                   00025175  [ 000128ba+] 00000163          *   cifft_noscale.obj (.text)
                   000252d8  [ 0001296c ] 0000014c          *   rts55x.lib : mpyd.obj (.text)
                   00025424  [ 00012a12 ] 0000013c          *   csl5509x.lib : sd_setwidth.obj (.text:SD_setWidth)
                   00025560  [ 00012ab0 ] 00000116          *                : tim_rstt.obj (.text:TIMER_reset)
                   00025676  [ 00012b3b ] 000000e1          *                : sd_getcid.obj (.text:SD_getCardID)
                   00025757  [ 00012bab+] 000000de          *                : mmc_read.obj (.text:MMC_read)
                   00025835  [ 00012c1a+] 000000de          *   cbrev.obj (.text:cbrev)
                   00025913  [ 00012c89+] 000000dd          *   csl5509x.lib : dma_cfg.obj (.text:DMA_config)
                   000259f0  [ 00012cf8 ] 000000ce          *                : dma_open.obj (.text:DMA_open)
                   00025abe  [ 00012d5f ] 000000c1          *                : mmc_write.obj (.text:MMC_write)
                   00025b7f  [ 00012dbf+] 000000bf          *   rts55x.lib : modf.obj (.text)
                   00025c3e  [ 00012e1f ] 000000b5          *   csl5509x.lib : mmc_open.obj (.text:MMC_open)
                   00025cf3  [ 00012e79+] 000000a2          *                : mmc_setNat.obj (.text:MMC_setupNative)
                   00025d95  [ 00012eca+] 000000a1          *   rts55x.lib : divul.obj (.text)
                   00025e36  [ 00012f1b ] 0000008b          *   fir2.obj (.text)
                   00025ec1  [ 00012f60+] 00000082          *   csl5509x.lib : sd_allcid.obj (.text:SD_sendALLCID)
                   00025f43  [ 00012fa1+] 00000080          *                : sd_sendrca.obj (.text:SD_sendRca)
                   00025fc3  [ 00012fe1+] 00000077          *   rts55x.lib : fixdul.obj (.text)
                   0002603a  [ 0001301d ] 00000076          *              : frcmpyd.obj (.text)
                   000260b0  [ 00013058 ] 00000073          *              : frcmpyd_div.obj (.text)
                   00026123  [ 00013091+] 0000006f          *              : fixdli.obj (.text)
                   00026192  [ 000130c9 ] 00000067          *              : fltlid.obj (.text)
                   000261f9  [ 000130fc+] 00000061          *   csl5509x.lib : mmc_selcard.obj (.text:MMC_selectCard)
                   0002625a  [ 0001312d ] 00000060          *                : mmc_rspdne.obj (.text:MMC_responseDone)
                   000262ba  [ 0001315d ] 0000005f          *   rts55x.lib : round.obj (.text)
                   00026319  [ 0001318c+] 0000005b          *              : fltuld.obj (.text)
                   00026374  [ 000131ba ] 0000004d          *              : autoinit.obj (.text)
                   000263c1  [ 000131e0+] 0000004b          *              : args_main.obj (.text)
                   0002640c  [ 00013206 ] 00000048          *   csl5509x.lib : mmc_getstat.obj (.text:MMC_getStatus)
                   00026454  [ 0001322a ] 00000048          *   rts55x.lib : divli.obj (.text)
                   0002649c  [ 0001324e ] 00000041          *              : trunc.obj (.text)
                   000264dd  [ 0001326e+] 0000003e          *              : exit.obj (.text)
                   0002651b  [ 0001328d+] 0000003c          *   csl5509x.lib : mmc_xgoidle.obj (.text:MMC_sendGoIdle)
                   00026557  [ 000132ab+] 00000034          *                : mmc_clrrsp.obj (.text:MMC_clearResponse)
                   0002658b  [ 000132c5+] 00000034          *   rts55x.lib : boot.obj (.text)
                   000265bf  [ 000132df+] 00000032          *   maxvec.obj (.text)
                   000265f1  [ 000132f8+] 0000002a          *   rts55x.lib : fixdi.obj (.text)
                   0002661b  [ 0001330d+] 0000001b          *              : fixdu.obj (.text)
                   00026636  [ 0001331b ] 00000014          *              : subd.obj (.text)
                   0002664a  [ 00013325 ] 00000013          *              : lmpy.obj (.text)
                   0002665d  [ 0001332e+] 00000012          *   csl5509x.lib : mmc_waitfor.obj (.text:MMC_waitForFlag)
                   0002666f  [ 00013337+] 00000012          *   rts55x.lib : _lock.obj (.text)
                   00026681  [ 00013340+] 00000010          *              : negd.obj (.text)
                   00026691  [ 00013348+] 0000000f          *   csl5509x.lib : irq_gdisab.obj (.text:IRQ_globalDisable)
                   000266a0  [ 00013350 ] 0000000d          *                : _csl_init.obj (.text:_CSL_init)
                   000266ad  [ 00013356+] 0000000c          *                : csl.obj (.text:CSL_init)
                   000266b9  [ 0001335c+] 0000000c          *                : irq_grest.obj (.text:IRQ_globalRestore)
                   000266c5  [ 00013362+] 0000000c          *   rts55x.lib : fltid.obj (.text)
                   000266d1  [ 00013368+] 00000007          *              : exit.obj (.text:CIO_breakpoint)
                   000266d8  [ 0001336c ] 00000002          *   csl5509x.lib : csl.obj (.text)
                   000266da  [ 0001336d ] 00000002          *   rts55x.lib : vectors.obj (.text)
                   000266dc  [ 0001336e ] 00000001          *   --HOLE-- [fill = 20]

.bss         0   [ 000266e0 ]  00013370          *   0000052a   UNINITIALIZED
                 [ 000266e0 ]  00013370          *   000004fa   main.obj (.bss)
                 [ 000270d4 ]  0001386a          *   00000018   csl5509x.lib : csl_mmcdat.obj (.bss)
                 [ 00027104 ]  00013882          *   00000008   rts55x.lib : sin.obj (.bss)
                 [ 00027114 ]  0001388a          *   00000004   cfft_noscale.obj (.bss)
                 [ 0002711c ]  0001388e          *   00000004   cifft_noscale.obj (.bss)
                 [ 00027124 ]  00013892          *   00000004   rts55x.lib : _lock.obj (.bss)
                 [ 0002712c ]  00013896          *   00000004              : exit.obj (.bss)

.const       0   [ 00027134 ]  0001389a          *   0000026e   
                 [ 00027134 ]  0001389a          *   00000101   main.obj (.const:_filter1)
                 [ 00027336 ]  0001399b          *   00000101   main.obj (.const:_filter2)
                 [ 00027538 ]  00013a9c          *   00000030   main.obj (.const)
                 [ 00027598 ]  00013acc          *   00000014   rts55x.lib : sin.obj (.const)
                 [ 000275c0 ]  00013ae0          *   00000008              : divd.obj (.const:_initial_approx$1)
                 [ 000275d0 ]  00013ae8          *   00000008              : round.obj (.const)
                 [ 000275e0 ]  00013af0          *   00000006              : modf.obj (.const)
                 [ 000275ec ]  00013af6          *   00000005   main.obj (.const:_ask_rs485)
                 [ 000275f6 ]  00013afb          *   00000004   main.obj (.const:_init_rs485)
                 [ 000275fe ]  00013aff          *   00000001   --HOLE-- [fill = 0]
                 [ 00027600 ]  00013b00          *   00000004   rts55x.lib : trunc.obj (.const)
                 [ 00027608 ]  00013b04          *   00000002              : fltlid.obj (.const)
                 [ 0002760c ]  00013b06          *   00000002              : fltuld.obj (.const)

.data        0   [ 00027610 ]  00013b08          *   00000042   
                 [ 00027610 ]  00013b08          *   00000021   h_LPF1.obj (.data)
                 [ 00027652 ]  00013b29          *   00000021   h_LPF2.obj (.data)

filter       0   [ 00028000 ]  00014000          *   00002000   UNINITIALIZED
                 [ 00028000 ]  00014000          *   00002000   main.obj (filter)

send         0   [ 00030000 ]  00018000          *   0000271c   UNINITIALIZED
                 [ 00030000 ]  00018000          *   0000271c   main.obj (send)


GLOBAL SYMBOLS: SORTED ALPHABETICALLY BY Name 

abs. value/
byte addr   word addr   name
---------   ---------   ----
00000002                $TI_capability$C5500$CallingConvention
00000002                $TI_capability$C5500$MemoryModel
00000001                $TI_capability_requires_rev2
            00013370    .bss
            00013b08    .data
00020000                .text
000266d2                C$$EXIT
0002664a                I$$LMPY
            000137f1    _ADC_in
000266d8                _CSL5509_LIB_
            00000b78    _CSL_DmaData
            00000bd2    _CSL_MmcData
            00000bf6    _CSL_SysData
            00000c18    _CSL_TimerData
000266ad                _CSL_init
00025913                _DMA_config
            0001337c    _DMA_count
00021a2e                _DMA_init
000259f0                _DMA_open
00024b8c                _DMA_reset
            00013474    _DMAdone
            00013476    _DMAnum
            00013461    _DS18B20_flag
0002276e                _FFTprepare
00022f4c                _FFTprepare2
00022ecc                _FFTprepare_FSK
            000137db    _FLAGSENDOVER
            000137d8    _FLAG_OK
            000137da    _FLAG_RS232_REVOK
            00013437    _FLAG_yl
            00013436    _FLAG_yl_init
00022f75                _FSKdetect
            000137d9    _Flag_answer
            000137d7    _Flag_timer
00026691                _IRQ_globalDisable
000266b9                _IRQ_globalRestore
            0001385e    _Init
00021a21                _InitADC
00020404                _Init_DS18B20
00022009                _MMC_Init
00026557                _MMC_clearResponse
00024d2f                _MMC_dispatch0
00024ea3                _MMC_dispatch1
0002640c                _MMC_getStatus
00025c3e                _MMC_open
00025757                _MMC_read
0002625a                _MMC_responseDone
000261f9                _MMC_selectCard
0002651b                _MMC_sendGoIdle
000249c9                _MMC_sendOpCond
00025cf3                _MMC_setupNative
0002665d                _MMC_waitForFlag
00025abe                _MMC_write
000219ef                _McBSP_init
            00013374    _NOISE_TH_HD
            00013373    _NOISE_TH_NEW
            00013370    _NOISE_TH_huadong
            00013439    _PC_DATA
            00013418    _PC_init
            0001337d    _Pos_flag
00021e17                _Producefilter
00021ebd                _Producelfm
00021c6f                _Produceref
            000133b4    _RAMSES_code
            0001339c    _RAMSES_code1
            000133bc    _RAMSES_freq
            000133a4    _RAMSES_freq1
            000133c4    _RAMSES_time
            000133ac    _RAMSES_time1
            000137e2    _RS485_DATA
000205fa                _Read
00023ace                _ReadSectorNumber_Usable
000000c0                _Reset
000221a8                _Respondermod
            00003800    _Rev
            00001000    _Rev1
            00002000    _Rev2
            00004000    _Rev_FFT
            00008800    _Rev_bp1
            00009800    _Rev_bp1_abs
            0000a800    _Rev_bp1_envelope
            00009000    _Rev_bp2
            0000a000    _Rev_bp2_abs
            0000b000    _Rev_bp2_envelope
            00007800    _Rev_envelope
            0000b800    _Rev_save
            0000c000    _Rev_save_filter_out
            00006000    _Rev_xcorr
            00007000    _Rev_xcorrout
            00013479    _Revdst1AddrHi
            0001347a    _Revdst1AddrLo
            0001347b    _Revdst2AddrHi
            0001347c    _Revdst2AddrLo
00022725                _Revprepare
            00013475    _RevsrcAddrHi
            00013478    _RevsrcAddrLo
            0001339a    _SDRAM_lfmhead
00023ab4                _SD_ReadData
000207e5                _SD_WriteData
00025676                _SD_getCardID
            000136d6    _SD_read
00025ec1                _SD_sendAllCID
00025f43                _SD_sendRca
00025424                _SD_setWidth
            000137d6    _SD_status
            000134d3    _SD_test
            000135d6    _SD_write
            00013384    _SNR_HD_out
00023a8e                _SaveSectorCounter
            000134d6    _SecCounter
            000134d4    _SectorCounter
            00013445    _Send_PC_DATA
            0001800c    _Send_sig
000201f7                _Senddata0
000223b2                _Syntimermod
00021991                _System_initial
00025560                _TIMER_reset
            00013376    _Time_Delay
00020513                _Write
            00005000    _X_ref
000266a0                __CSL_init
            00000a78    __STACK_END
00000200                __STACK_SIZE
00000200                __SYSSTACK_SIZE
00000001                __TI_args_main
ffffffff                ___binit__
            00013370    ___bss__
ffffffff                ___c_args__
            00000800    ___cinit__
            00013b08    ___data__
            00013b4a    ___edata__
            0001389a    ___end__
000266dd                ___etext__
ffffffff                ___pinit__
00020000                ___text__
00024393                __addd
000263c1                __args_main
            00013896    __cleanup_ptr
00024971                __cmpd
00023fc7                __divd
00026454                __divli
00025d95                __divul
            00013898    __dtors_ptr
0002493d                __eqld
000265f1                __fixdi
00026123                __fixdli
0002661b                __fixdu
00025fc3                __fixdul
000266c5                __fltid
00026192                __fltlid
00026319                __fltuld
0002603a                __frcmpyd
000260b0                __frcmpyd_div
000248f3                __geqd
000248a8                __gtrd
0002485b                __leqd
            00013892    __lock
00024813                __lssd
000252d8                __mpyd
0002664a                __mpyli
00026681                __negd
000247df                __neqd
0002667f                __nop
000262ba                __nround
00026677                __register_lock
0002666f                __register_unlock
            00000978    __stack
00026636                __subd
            00000a78    __sysstack
0002649c                __trunc
            00013894    __unlock
            00013390    _a
000266d1                _abort
            00013af6    _ask_rs485
00022c50                _asksignal
00026374                _auto_init
            00013392    _b
            00013386    _block2
            00013434    _buff
0002658b                _c_int00
            00013492    _card
            00013494    _cardalloc
            000134be    _cardid
            000134d2    _cardtype
00025835                _cbrev
0002500e                _cfft_NOSCALE
            000134bc    _cid
00025175                _cifft_NOSCALE
            00013398    _code
            00013485    _count
            00018000    _count_final_jiance
            000133cc    _count_timer
            00013832    _depth
000227f4                _detect
00022783                _detect_prepare
00022ee3                _detect_prepare_FSK
0002330f                _detect_signal
00023f70                _dma0_Isr
000227c5                _dot
00022f1d                _dot1
            0001337e    _endpos
            00013382    _endpos_float
            00013381    _endpos_xcorr
000264dd                _exit
            00013396    _f_code
            00013435    _f_send_uart
            0001389a    _filter1
            0001399b    _filter2
00025e36                _fir2
000220fd                _get_noise
000222ba                _get_parameter
000202b8                _get_pressure
00020708                _get_temperature
00020274                _get_voltage
            00013488    _hDmaSend0
            0001348a    _hDmaSend1
            00014000    _h_BPF1
            00015000    _h_BPF2
            00013b08    _h_LPF1
            000133ce    _h_LPF1_db
            00013b29    _h_LPF2
            000133f1    _h_LPF2_db
            00013afb    _init_rs485
00023e0e                _int0_Isr
00023cd5                _int1_Isr
00023bf6                _int2_Isr
            0001386a    _isr_init
            00013837    _jiance_counter
000234b9                _main
00021960                _max_zh
000265bf                _maxvec
00021935                _mean_zh
            0001348c    _mhTimer0
            0001348e    _mhTimer1
            00013490    _mmc1
00025b7f                _modf
            00013838    _myConfig
            00013848    _myconfigdma0
            00013486    _myhDma
00023ba2                _myhDma_Isr
00023b85                _no_isr
            00013834    _noise_10ms
            00013371    _noise_maxbuffer
            00013416    _oflag_BPF1
            00013417    _oflag_BPF2
            00013414    _oflag_LPF1
            00013415    _oflag_LPF2
0002183f                _pressure_init
000217f6                _qujunzhi1
000217ad                _qujunzhi2
00021790                _qumo2
            000134d1    _rca
0002169f                _read_serial
000215e1                _receive_752_init
            00013438    _release_flag
            000137dc    _resend_delay
            00013378    _responder_Delay
            000133cd    _responder_flag
            0001337a    _responder_period
            000134d0    _retVal
000214ec                _send_serial
            0001347f    _senddst0AddrHi
            00013480    _senddst0AddrLo
            00013483    _senddst1AddrHi
            00013484    _senddst1AddrLo
            0001347d    _sendsrc0AddrHi
            0001347e    _sendsrc0AddrLo
            00013481    _sendsrc1AddrHi
            00013482    _sendsrc1AddrLo
            00013462    _serial
            0001346a    _serial_x
000245ed                _sin
            0001337f    _sum_mean_save
0002140e                _system_config
00020fe6                _take_action1
00020c3b                _take_action2
00020843                _take_action3
            000137f0    _temp_ADC
            0000c800    _temp_dainei_temp
            0000c900    _temp_dainei_temp_fft
            0000cb00    _temp_dainei_temp_fft_abs
            000137ee    _temp_yl_data
            00013472    _temperature
            00013399    _templfm
            00013387    _testpinlv_flag
            00013389    _testpinlv_ind
            00013388    _testpinlv_max
            00013858    _timCfg0
            0001385b    _timCfg1
00023b23                _timer0_Isr
            000137de    _timer0_cnt
00023aef                _timer1_Isr
            000137e0    _timer1_cnt
            00013836    _tongbu_flag
            00013835    _transponder_mode
000200d4                _uart_config
00020000                _variable_init
            00013831    _voltage_AD
            00013380    _width_save
            0001338a    _x1
            0001338b    _x2
            0001338c    _x3
            00013394    _x_max
            0001338d    _y1
            0001338e    _y2
            0001338f    _y3
ffffffff                binit
            00000800    cinit
            00013b4a    edata
            0001389a    end
000266dd                etext
ffffffff                pinit
            00003000    twiddle


GLOBAL SYMBOLS: SORTED BY Symbol Address 

abs. value/
byte addr   word addr   name
---------   ---------   ----
00000001                $TI_capability_requires_rev2
00000001                __TI_args_main
00000002                $TI_capability$C5500$CallingConvention
00000002                $TI_capability$C5500$MemoryModel
000000c0                _Reset
00000200                __STACK_SIZE
00000200                __SYSSTACK_SIZE
            00000800    ___cinit__
            00000800    cinit
            00000978    __stack
            00000a78    __STACK_END
            00000a78    __sysstack
            00000b78    _CSL_DmaData
            00000bd2    _CSL_MmcData
            00000bf6    _CSL_SysData
            00000c18    _CSL_TimerData
            00001000    _Rev1
            00002000    _Rev2
            00003000    twiddle
            00003800    _Rev
            00004000    _Rev_FFT
            00005000    _X_ref
            00006000    _Rev_xcorr
            00007000    _Rev_xcorrout
            00007800    _Rev_envelope
            00008800    _Rev_bp1
            00009000    _Rev_bp2
            00009800    _Rev_bp1_abs
            0000a000    _Rev_bp2_abs
            0000a800    _Rev_bp1_envelope
            0000b000    _Rev_bp2_envelope
            0000b800    _Rev_save
            0000c000    _Rev_save_filter_out
            0000c800    _temp_dainei_temp
            0000c900    _temp_dainei_temp_fft
            0000cb00    _temp_dainei_temp_fft_abs
00020000                .text
00020000                ___text__
00020000                _variable_init
000200d4                _uart_config
000201f7                _Senddata0
00020274                _get_voltage
000202b8                _get_pressure
00020404                _Init_DS18B20
00020513                _Write
000205fa                _Read
00020708                _get_temperature
000207e5                _SD_WriteData
00020843                _take_action3
00020c3b                _take_action2
00020fe6                _take_action1
0002140e                _system_config
000214ec                _send_serial
000215e1                _receive_752_init
0002169f                _read_serial
00021790                _qumo2
000217ad                _qujunzhi2
000217f6                _qujunzhi1
0002183f                _pressure_init
00021935                _mean_zh
00021960                _max_zh
00021991                _System_initial
000219ef                _McBSP_init
00021a21                _InitADC
00021a2e                _DMA_init
00021c6f                _Produceref
00021e17                _Producefilter
00021ebd                _Producelfm
00022009                _MMC_Init
000220fd                _get_noise
000221a8                _Respondermod
000222ba                _get_parameter
000223b2                _Syntimermod
00022725                _Revprepare
0002276e                _FFTprepare
00022783                _detect_prepare
000227c5                _dot
000227f4                _detect
00022c50                _asksignal
00022ecc                _FFTprepare_FSK
00022ee3                _detect_prepare_FSK
00022f1d                _dot1
00022f4c                _FFTprepare2
00022f75                _FSKdetect
0002330f                _detect_signal
000234b9                _main
00023a8e                _SaveSectorCounter
00023ab4                _SD_ReadData
00023ace                _ReadSectorNumber_Usable
00023aef                _timer1_Isr
00023b23                _timer0_Isr
00023b85                _no_isr
00023ba2                _myhDma_Isr
00023bf6                _int2_Isr
00023cd5                _int1_Isr
00023e0e                _int0_Isr
00023f70                _dma0_Isr
00023fc7                __divd
00024393                __addd
000245ed                _sin
000247df                __neqd
00024813                __lssd
0002485b                __leqd
000248a8                __gtrd
000248f3                __geqd
0002493d                __eqld
00024971                __cmpd
000249c9                _MMC_sendOpCond
00024b8c                _DMA_reset
00024d2f                _MMC_dispatch0
00024ea3                _MMC_dispatch1
0002500e                _cfft_NOSCALE
00025175                _cifft_NOSCALE
000252d8                __mpyd
00025424                _SD_setWidth
00025560                _TIMER_reset
00025676                _SD_getCardID
00025757                _MMC_read
00025835                _cbrev
00025913                _DMA_config
000259f0                _DMA_open
00025abe                _MMC_write
00025b7f                _modf
00025c3e                _MMC_open
00025cf3                _MMC_setupNative
00025d95                __divul
00025e36                _fir2
00025ec1                _SD_sendAllCID
00025f43                _SD_sendRca
00025fc3                __fixdul
0002603a                __frcmpyd
000260b0                __frcmpyd_div
00026123                __fixdli
00026192                __fltlid
000261f9                _MMC_selectCard
0002625a                _MMC_responseDone
000262ba                __nround
00026319                __fltuld
00026374                _auto_init
000263c1                __args_main
0002640c                _MMC_getStatus
00026454                __divli
0002649c                __trunc
000264dd                _exit
0002651b                _MMC_sendGoIdle
00026557                _MMC_clearResponse
0002658b                _c_int00
000265bf                _maxvec
000265f1                __fixdi
0002661b                __fixdu
00026636                __subd
0002664a                I$$LMPY
0002664a                __mpyli
0002665d                _MMC_waitForFlag
0002666f                __register_unlock
00026677                __register_lock
0002667f                __nop
00026681                __negd
00026691                _IRQ_globalDisable
000266a0                __CSL_init
000266ad                _CSL_init
000266b9                _IRQ_globalRestore
000266c5                __fltid
000266d1                _abort
000266d2                C$$EXIT
000266d8                _CSL5509_LIB_
000266dd                ___etext__
000266dd                etext
            00013370    .bss
            00013370    _NOISE_TH_huadong
            00013370    ___bss__
            00013371    _noise_maxbuffer
            00013373    _NOISE_TH_NEW
            00013374    _NOISE_TH_HD
            00013376    _Time_Delay
            00013378    _responder_Delay
            0001337a    _responder_period
            0001337c    _DMA_count
            0001337d    _Pos_flag
            0001337e    _endpos
            0001337f    _sum_mean_save
            00013380    _width_save
            00013381    _endpos_xcorr
            00013382    _endpos_float
            00013384    _SNR_HD_out
            00013386    _block2
            00013387    _testpinlv_flag
            00013388    _testpinlv_max
            00013389    _testpinlv_ind
            0001338a    _x1
            0001338b    _x2
            0001338c    _x3
            0001338d    _y1
            0001338e    _y2
            0001338f    _y3
            00013390    _a
            00013392    _b
            00013394    _x_max
            00013396    _f_code
            00013398    _code
            00013399    _templfm
            0001339a    _SDRAM_lfmhead
            0001339c    _RAMSES_code1
            000133a4    _RAMSES_freq1
            000133ac    _RAMSES_time1
            000133b4    _RAMSES_code
            000133bc    _RAMSES_freq
            000133c4    _RAMSES_time
            000133cc    _count_timer
            000133cd    _responder_flag
            000133ce    _h_LPF1_db
            000133f1    _h_LPF2_db
            00013414    _oflag_LPF1
            00013415    _oflag_LPF2
            00013416    _oflag_BPF1
            00013417    _oflag_BPF2
            00013418    _PC_init
            00013434    _buff
            00013435    _f_send_uart
            00013436    _FLAG_yl_init
            00013437    _FLAG_yl
            00013438    _release_flag
            00013439    _PC_DATA
            00013445    _Send_PC_DATA
            00013461    _DS18B20_flag
            00013462    _serial
            0001346a    _serial_x
            00013472    _temperature
            00013474    _DMAdone
            00013475    _RevsrcAddrHi
            00013476    _DMAnum
            00013478    _RevsrcAddrLo
            00013479    _Revdst1AddrHi
            0001347a    _Revdst1AddrLo
            0001347b    _Revdst2AddrHi
            0001347c    _Revdst2AddrLo
            0001347d    _sendsrc0AddrHi
            0001347e    _sendsrc0AddrLo
            0001347f    _senddst0AddrHi
            00013480    _senddst0AddrLo
            00013481    _sendsrc1AddrHi
            00013482    _sendsrc1AddrLo
            00013483    _senddst1AddrHi
            00013484    _senddst1AddrLo
            00013485    _count
            00013486    _myhDma
            00013488    _hDmaSend0
            0001348a    _hDmaSend1
            0001348c    _mhTimer0
            0001348e    _mhTimer1
            00013490    _mmc1
            00013492    _card
            00013494    _cardalloc
            000134bc    _cid
            000134be    _cardid
            000134d0    _retVal
            000134d1    _rca
            000134d2    _cardtype
            000134d3    _SD_test
            000134d4    _SectorCounter
            000134d6    _SecCounter
            000135d6    _SD_write
            000136d6    _SD_read
            000137d6    _SD_status
            000137d7    _Flag_timer
            000137d8    _FLAG_OK
            000137d9    _Flag_answer
            000137da    _FLAG_RS232_REVOK
            000137db    _FLAGSENDOVER
            000137dc    _resend_delay
            000137de    _timer0_cnt
            000137e0    _timer1_cnt
            000137e2    _RS485_DATA
            000137ee    _temp_yl_data
            000137f0    _temp_ADC
            000137f1    _ADC_in
            00013831    _voltage_AD
            00013832    _depth
            00013834    _noise_10ms
            00013835    _transponder_mode
            00013836    _tongbu_flag
            00013837    _jiance_counter
            00013838    _myConfig
            00013848    _myconfigdma0
            00013858    _timCfg0
            0001385b    _timCfg1
            0001385e    _Init
            0001386a    _isr_init
            00013892    __lock
            00013894    __unlock
            00013896    __cleanup_ptr
            00013898    __dtors_ptr
            0001389a    ___end__
            0001389a    _filter1
            0001389a    end
            0001399b    _filter2
            00013af6    _ask_rs485
            00013afb    _init_rs485
            00013b08    .data
            00013b08    ___data__
            00013b08    _h_LPF1
            00013b29    _h_LPF2
            00013b4a    ___edata__
            00013b4a    edata
            00014000    _h_BPF1
            00015000    _h_BPF2
            00018000    _count_final_jiance
            0001800c    _Send_sig
ffffffff                ___binit__
ffffffff                ___c_args__
ffffffff                ___pinit__
ffffffff                binit
ffffffff                pinit

[313 symbols]
