******************************************************************************
                  MSP430 Linker PC v4.2.1                      
******************************************************************************
>> Linked Mon Jan 18 21:15:59 2016

OUTPUT FILE NAME:   <UART_430.out>
ENTRY POINT SYMBOL: "_c_int00"  address: 00005020


MEMORY CONFIGURATION

         name            origin    length      used     unused   attr    fill
----------------------  --------  ---------  --------  --------  ----  --------
  SFR                   00000000   00000010  00000000  00000010  RWIX
  PERIPHERALS_8BIT      00000010   000000f0  00000000  000000f0  RWIX
  PERIPHERALS_16BIT     00000100   00000100  00000000  00000100  RWIX
  INFOB                 00001000   00000080  00000000  00000080  RWIX
  INFOA                 00001080   00000080  00000000  00000080  RWIX
  RAM                   00001100   00002800  00000099  00002767  RWIX
  FLASH                 00004000   0000bfe0  0000111e  0000aec2  RWIX
  INT00                 0000ffe0   00000002  00000002  00000000  RWIX
  INT01                 0000ffe2   00000002  00000002  00000000  RWIX
  INT02                 0000ffe4   00000002  00000002  00000000  RWIX
  INT03                 0000ffe6   00000002  00000002  00000000  RWIX
  INT04                 0000ffe8   00000002  00000002  00000000  RWIX
  INT05                 0000ffea   00000002  00000002  00000000  RWIX
  INT06                 0000ffec   00000002  00000002  00000000  RWIX
  INT07                 0000ffee   00000002  00000002  00000000  RWIX
  INT08                 0000fff0   00000002  00000002  00000000  RWIX
  INT09                 0000fff2   00000002  00000002  00000000  RWIX
  INT10                 0000fff4   00000002  00000002  00000000  RWIX
  INT11                 0000fff6   00000002  00000002  00000000  RWIX
  INT12                 0000fff8   00000002  00000002  00000000  RWIX
  INT13                 0000fffa   00000002  00000002  00000000  RWIX
  INT14                 0000fffc   00000002  00000002  00000000  RWIX
  RESET                 0000fffe   00000002  00000002  00000000  RWIX


SECTION ALLOCATION MAP

 output                                  attributes/
section   page    origin      length       input sections
--------  ----  ----------  ----------   ----------------
.init_array 
*          0    00004000    00000000     UNINITIALIZED

.data      0    00001100    00000027     UNINITIALIZED
                  00001100    00000008     Interrupt.obj (.data:dis3)
                  00001108    00000007     Interrupt.obj (.data:dis_v2)
                  0000110f    00000001     --HOLE--
                  00001110    00000006     Interrupt.obj (.data:dis2)
                  00001116    00000005     Interrupt.obj (.data)
                  0000111b    00000001     --HOLE--
                  0000111c    00000004     ADC12.obj (.data)
                  00001120    00000003     Interrupt.obj (.data:dis1)
                  00001123    00000001     --HOLE--
                  00001124    00000003     Interrupt.obj (.data:dis_v1)

.TI.persistent 
*          0    00001100    00000000     UNINITIALIZED

.bss       0    00001128    00000022     UNINITIALIZED
                  00001128    0000000a     (.common:RecBuf)
                  00001132    0000000a     (.common:TecBuf)
                  0000113c    00000004     (.common:TPT)
                  00001140    00000004     (.common:Voltage)
                  00001144    00000002     (.common:Num)
                  00001146    00000002     (.common:RDat)
                  00001148    00000002     (.common:SDat)

.TI.noinit 
*          0    00001128    00000000     UNINITIALIZED

.stack     0    000038b0    00000050     UNINITIALIZED
                  000038b0    00000002     rts430_eabi.lib : boot.obj (.stack)
                  000038b2    0000004e     --HOLE--

.text      0    00004000    000010e2     
                  00004000    000001e0     Interrupt.obj (.text:temperature_get)
                  000041e0    00000152     Interrupt.obj (.text:Voltage_get)
                  00004332    00000130     rts430_eabi.lib : fs_add.obj (.text)
                  00004462    00000110     DS18B20.obj (.text:get_temperature)
                  00004572    000000c2     rts430_eabi.lib : fs_mpy.obj (.text)
                  00004634    000000a0     DS18B20.obj (.text:Read)
                  000046d4    0000009a     ADC12.obj (.text:ADC12_ISR)
                  0000476e    0000009a     rts430_eabi.lib : fs_div.obj (.text)
                  00004808    00000098     LCD1602.obj (.text:LCD1602_display_zi)
                  000048a0    0000008e     Interrupt.obj (.text:UART1_RX)
                  0000492e    00000082     DS18B20.obj (.text:Write)
                  000049b0    0000007c     DS18B20.obj (.text:Init_DS18B20)
                  00004a2c    00000068     LCD1602.obj (.text:LCD1602_init)
                  00004a94    00000060     LCD1602.obj (.text:LCD1602_Write)
                  00004af4    0000005e     rts430_eabi.lib : copy_decompress_rle.obj (.text:__TI_decompress_rle_core)
                  00004b52    0000005e                     : autoinit.obj (.text:_auto_init)
                  00004bb0    0000005c                     : lsr32.obj (.text:l_lsr_const)
                  00004c0c    00000058                     : div32u.obj (.text)
                  00004c64    00000056     LCD1602.obj (.text:LCD1602_display_text)
                  00004cba    00000050     Other.obj (.text:Delay)
                  00004d0a    00000046     Inlt.obj (.text:IO_Init)
                  00004d50    00000046     rts430_eabi.lib : fs_tou.obj (.text)
                  00004d96    00000044     LCD1602.obj (.text:LCD1602_read_busy)
                  00004dda    00000042     Inlt.obj (.text:Init_CLK)
                  00004e1c    00000042     main.obj (.text:main)
                  00004e5e    00000040     LCD1602.obj (.text:LCD1602_display_byte)
                  00004e9e    00000040     Inlt.obj (.text:UART1_Init)
                  00004ede    0000003a     Interrupt.obj (.text:UART1_TX)
                  00004f18    00000036     rts430_eabi.lib : fs_itof.obj (.text)
                  00004f4e    00000034     Inlt.obj (.text:Init_ADC)
                  00004f82    00000032     rts430_eabi.lib : fs_ultof.obj (.text)
                  00004fb4    0000002e                     : mult32_hw.obj (.text)
                  00004fe2    00000024                     : fs_utof.obj (.text)
                  00005006    0000001a     ADC12.obj (.text:ADC12_Start)
                  00005020    0000001a     rts430_eabi.lib : boot.obj (.text:_c_int00_noexit)
                  0000503a    00000016                     : div16u.obj (.text)
                  00005050    00000014                     : copy_zero_init.obj (.text:decompress:ZI:__TI_zero_init)
                  00005064    00000014                     : memset.obj (.text:memset)
                  00005078    00000014                     : mult16_hw.obj (.text)
                  0000508c    00000012                     : copy_decompress_none.obj (.text:decompress:none:__TI_decompress_none)
                  0000509e    00000012                     : memcpy.obj (.text:memcpy)
                  000050b0    00000010                     : epilog.obj (.text)
                  000050c0    0000000e                     : strlen.obj (.text:strlen)
                  000050ce    00000006                     : isr_trap.obj (.text:__TI_ISR_TRAP)
                  000050d4    00000006                     : copy_decompress_rle.obj (.text:decompress:rle24:__TI_decompress_rle24)
                  000050da    00000004                     : pre_init.obj (.text:_system_pre_init)
                  000050de    00000004                     : exit.obj (.text:abort)

.cinit     0    000050e2    0000003c     
                  000050e2    00000029     (.cinit..data.load) [load image, compression = rle]
                  0000510b    00000001     --HOLE-- [fill = 0]
                  0000510c    00000006     (__TI_handler_table)
                  00005112    00000004     (.cinit..bss.load) [load image, compression = zero_init]
                  00005116    00000008     (__TI_cinit_table)

DACDMA     0    0000ffe0    00000002     
                  0000ffe0    00000002     rts430_eabi.lib : int00.obj (.int00)

PORT2      0    0000ffe2    00000002     
                  0000ffe2    00000002     rts430_eabi.lib : int01.obj (.int01)

USART1TX   0    0000ffe4    00000002     
                  0000ffe4    00000002     Interrupt.obj (.int02)

USART1RX   0    0000ffe6    00000002     
                  0000ffe6    00000002     Interrupt.obj (.int03)

PORT1      0    0000ffe8    00000002     
                  0000ffe8    00000002     rts430_eabi.lib : int04.obj (.int04)

TIMERA1    0    0000ffea    00000002     
                  0000ffea    00000002     rts430_eabi.lib : int05.obj (.int05)

TIMERA0    0    0000ffec    00000002     
                  0000ffec    00000002     rts430_eabi.lib : int06.obj (.int06)

ADC12      0    0000ffee    00000002     
                  0000ffee    00000002     ADC12.obj (.int07)

USART0TX   0    0000fff0    00000002     
                  0000fff0    00000002     rts430_eabi.lib : int08.obj (.int08)

USART0RX   0    0000fff2    00000002     
                  0000fff2    00000002     rts430_eabi.lib : int09.obj (.int09)

WDT        0    0000fff4    00000002     
                  0000fff4    00000002     rts430_eabi.lib : int10.obj (.int10)

COMPARATORA 
*          0    0000fff6    00000002     
                  0000fff6    00000002     rts430_eabi.lib : int11.obj (.int11)

TIMERB1    0    0000fff8    00000002     
                  0000fff8    00000002     rts430_eabi.lib : int12.obj (.int12)

TIMERB0    0    0000fffa    00000002     
                  0000fffa    00000002     rts430_eabi.lib : int13.obj (.int13)

NMI        0    0000fffc    00000002     
                  0000fffc    00000002     rts430_eabi.lib : int14.obj (.int14)

.reset     0    0000fffe    00000002     
                  0000fffe    00000002     rts430_eabi.lib : boot.obj (.reset)


LINKER GENERATED COPY TABLES

__TI_cinit_table @ 00005116 records: 2, size/record: 4, table size: 8
	.data: load addr=000050e2, load size=00000029 bytes, run addr=00001100, run size=00000027 bytes, compression=rle
	.bss: load addr=00005112, load size=00000004 bytes, run addr=00001128, run size=00000022 bytes, compression=zero_init


LINKER GENERATED HANDLER TABLE

__TI_handler_table @ 0000510c records: 3, size/record: 2, table size: 6
	index: 0, handler: __TI_zero_init
	index: 1, handler: __TI_decompress_rle24
	index: 2, handler: __TI_decompress_none


GLOBAL SYMBOLS: SORTED ALPHABETICALLY BY Name 

address    name
--------   ----
000001a0   ADC12CTL0
000001a2   ADC12CTL1
000001a6   ADC12IE
000001a4   ADC12IFG
000001a8   ADC12IV
00000080   ADC12MCTL0
00000081   ADC12MCTL1
0000008a   ADC12MCTL10
0000008b   ADC12MCTL11
0000008c   ADC12MCTL12
0000008d   ADC12MCTL13
0000008e   ADC12MCTL14
0000008f   ADC12MCTL15
00000082   ADC12MCTL2
00000083   ADC12MCTL3
00000084   ADC12MCTL4
00000085   ADC12MCTL5
00000086   ADC12MCTL6
00000087   ADC12MCTL7
00000088   ADC12MCTL8
00000089   ADC12MCTL9
00000140   ADC12MEM0
00000142   ADC12MEM1
00000154   ADC12MEM10
00000156   ADC12MEM11
00000158   ADC12MEM12
0000015a   ADC12MEM13
0000015c   ADC12MEM14
0000015e   ADC12MEM15
00000144   ADC12MEM2
00000146   ADC12MEM3
00000148   ADC12MEM4
0000014a   ADC12MEM5
0000014c   ADC12MEM6
0000014e   ADC12MEM7
00000150   ADC12MEM8
00000152   ADC12MEM9
000046d4   ADC12_ISR
00005006   ADC12_Start
00000057   BCSCTL1
00000058   BCSCTL2
000050de   C$$EXIT
00000059   CACTL1
0000005a   CACTL2
0000005b   CAPD
000001c0   DAC12_0CTL
000001c8   DAC12_0DAT
000001c2   DAC12_1CTL
000001ca   DAC12_1DAT
00000056   DCOCTL
000001e0   DMA0CTL
000001e4   DMA0DA
000001e2   DMA0SA
000001e6   DMA0SZ
000001e8   DMA1CTL
000001ec   DMA1DA
000001ea   DMA1SA
000001ee   DMA1SZ
000001f0   DMA2CTL
000001f4   DMA2DA
000001f2   DMA2SA
000001f6   DMA2SZ
00000122   DMACTL0
00000124   DMACTL1
00004cba   Delay
00000128   FCTL1
0000012a   FCTL2
0000012c   FCTL3
00001119   Flag_get
0000111a   Flag_speedset
00000072   I2CDCTL
00000076   I2CDRB
00000076   I2CDRW
00000050   I2CIE
00000051   I2CIFG
0000011c   I2CIV
00000052   I2CNDAT
00000118   I2COA
00000073   I2CPSC
0000011a   I2CSA
00000074   I2CSCLH
00000075   I2CSCLL
00000071   I2CTCTL
00000000   IE1
00000001   IE2
00000002   IFG1
00000003   IFG2
00004d0a   IO_Init
00004f4e   Init_ADC
00004dda   Init_CLK
000049b0   Init_DS18B20
00004a94   LCD1602_Write
00004e5e   LCD1602_display_byte
00004c64   LCD1602_display_text
00004808   LCD1602_display_zi
00004a2c   LCD1602_init
00004d96   LCD1602_read_busy
00000134   MAC
00000136   MACS
00000004   ME1
00000005   ME2
00000130   MPY
00000132   MPYS
00001144   Num
00000138   OP2
00000022   P1DIR
00000025   P1IE
00000024   P1IES
00000023   P1IFG
00000020   P1IN
00000021   P1OUT
00000026   P1SEL
0000002a   P2DIR
0000002d   P2IE
0000002c   P2IES
0000002b   P2IFG
00000028   P2IN
00000029   P2OUT
0000002e   P2SEL
0000001a   P3DIR
00000018   P3IN
00000019   P3OUT
0000001b   P3SEL
0000001e   P4DIR
0000001c   P4IN
0000001d   P4OUT
0000001f   P4SEL
00000032   P5DIR
00000030   P5IN
00000031   P5OUT
00000033   P5SEL
00000036   P6DIR
00000034   P6IN
00000035   P6OUT
00000037   P6SEL
00001146   RDat
0000013c   RESHI
0000013a   RESLO
00004634   Read
00001128   RecBuf
00001116   Rindex
00001148   SDat
0000013e   SUMEXT
00000055   SVSCTL
00001118   SendLen
00000172   TACCR0
00000174   TACCR1
00000176   TACCR2
00000162   TACCTL0
00000164   TACCTL1
00000166   TACCTL2
00000160   TACTL
0000012e   TAIV
00000170   TAR
00000192   TBCCR0
00000194   TBCCR1
00000196   TBCCR2
00000198   TBCCR3
0000019a   TBCCR4
0000019c   TBCCR5
0000019e   TBCCR6
00000182   TBCCTL0
00000184   TBCCTL1
00000186   TBCCTL2
00000188   TBCCTL3
0000018a   TBCCTL4
0000018c   TBCCTL5
0000018e   TBCCTL6
00000180   TBCTL
0000011e   TBIV
00000190   TBR
0000113c   TPT
00001132   TecBuf
00001117   Tindex
00000074   U0BR0
00000075   U0BR1
00000070   U0CTL
00000073   U0MCTL
00000072   U0RCTL
00000076   U0RXBUF
00000071   U0TCTL
00000077   U0TXBUF
0000007c   U1BR0
0000007d   U1BR1
00000078   U1CTL
0000007b   U1MCTL
0000007a   U1RCTL
0000007e   U1RXBUF
00000079   U1TCTL
0000007f   U1TXBUF
00004e9e   UART1_Init
000048a0   UART1_RX
00004ede   UART1_TX
00001140   Voltage
000041e0   Voltage_get
00000120   WDTCTL
0000492e   Write
00003900   __STACK_END
00000050   __STACK_SIZE
00005116   __TI_CINIT_Base
0000511e   __TI_CINIT_Limit
0000510c   __TI_Handler_Table_Base
00005112   __TI_Handler_Table_Limit
UNDEFED    __TI_INITARRAY_Base
UNDEFED    __TI_INITARRAY_Limit
000050ce   __TI_ISR_TRAP
00000001   __TI_args_main
0000508c   __TI_decompress_none
000050d4   __TI_decompress_rle24
00000001   __TI_exit
0000ffe0   __TI_int00
0000ffe2   __TI_int01
0000ffe4   __TI_int02
0000ffe6   __TI_int03
0000ffe8   __TI_int04
0000ffea   __TI_int05
0000ffec   __TI_int06
0000ffee   __TI_int07
0000fff0   __TI_int08
0000fff2   __TI_int09
0000fff4   __TI_int10
0000fff6   __TI_int11
0000fff8   __TI_int12
0000fffa   __TI_int13
0000fffc   __TI_int14
00005050   __TI_zero_init
ffffffff   __binit__
ffffffff   __c_args__
00004338   __mspabi_addf
0000476e   __mspabi_divf
0000503a   __mspabi_divu
00004c0c   __mspabi_divul
00004d50   __mspabi_fixfu
00004f18   __mspabi_fltif
00004fe2   __mspabi_fltuf
00004f82   __mspabi_fltulf
000050bc   __mspabi_func_epilog_1
000050ba   __mspabi_func_epilog_2
000050b8   __mspabi_func_epilog_3
000050b6   __mspabi_func_epilog_4
000050b4   __mspabi_func_epilog_5
000050b2   __mspabi_func_epilog_6
000050b0   __mspabi_func_epilog_7
00004572   __mspabi_mpyf
00005078   __mspabi_mpyi_hw
00004fb4   __mspabi_mpyl_hw
0000503a   __mspabi_remu
00004c0c   __mspabi_remul
00004c04   __mspabi_srll_1
00004bce   __mspabi_srll_10
00004bc8   __mspabi_srll_11
00004bc2   __mspabi_srll_12
00004bbc   __mspabi_srll_13
00004bb6   __mspabi_srll_14
00004bb0   __mspabi_srll_15
00004bfe   __mspabi_srll_2
00004bf8   __mspabi_srll_3
00004bf2   __mspabi_srll_4
00004bec   __mspabi_srll_5
00004be6   __mspabi_srll_6
00004be0   __mspabi_srll_7
00004bda   __mspabi_srll_8
00004bd4   __mspabi_srll_9
00004332   __mspabi_subf
00004b52   _auto_init
00005020   _c_int00
00005020   _c_int00_noexit
0000fffe   _reset_vector
000038b0   _stack
000050da   _system_pre_init
000050de   abort
ffffffff   binit
00001120   dis1
00001110   dis2
00001100   dis3
00001124   dis_v1
00001108   dis_v2
00004462   get_temperature
00004e1c   main
0000509e   memcpy
00005064   memset
000050c0   strlen
00004000   temperature_get


GLOBAL SYMBOLS: SORTED BY Symbol Address 

address    name
--------   ----
00000000   IE1
00000001   IE2
00000001   __TI_args_main
00000001   __TI_exit
00000002   IFG1
00000003   IFG2
00000004   ME1
00000005   ME2
00000018   P3IN
00000019   P3OUT
0000001a   P3DIR
0000001b   P3SEL
0000001c   P4IN
0000001d   P4OUT
0000001e   P4DIR
0000001f   P4SEL
00000020   P1IN
00000021   P1OUT
00000022   P1DIR
00000023   P1IFG
00000024   P1IES
00000025   P1IE
00000026   P1SEL
00000028   P2IN
00000029   P2OUT
0000002a   P2DIR
0000002b   P2IFG
0000002c   P2IES
0000002d   P2IE
0000002e   P2SEL
00000030   P5IN
00000031   P5OUT
00000032   P5DIR
00000033   P5SEL
00000034   P6IN
00000035   P6OUT
00000036   P6DIR
00000037   P6SEL
00000050   I2CIE
00000050   __STACK_SIZE
00000051   I2CIFG
00000052   I2CNDAT
00000055   SVSCTL
00000056   DCOCTL
00000057   BCSCTL1
00000058   BCSCTL2
00000059   CACTL1
0000005a   CACTL2
0000005b   CAPD
00000070   U0CTL
00000071   I2CTCTL
00000071   U0TCTL
00000072   I2CDCTL
00000072   U0RCTL
00000073   I2CPSC
00000073   U0MCTL
00000074   I2CSCLH
00000074   U0BR0
00000075   I2CSCLL
00000075   U0BR1
00000076   I2CDRB
00000076   I2CDRW
00000076   U0RXBUF
00000077   U0TXBUF
00000078   U1CTL
00000079   U1TCTL
0000007a   U1RCTL
0000007b   U1MCTL
0000007c   U1BR0
0000007d   U1BR1
0000007e   U1RXBUF
0000007f   U1TXBUF
00000080   ADC12MCTL0
00000081   ADC12MCTL1
00000082   ADC12MCTL2
00000083   ADC12MCTL3
00000084   ADC12MCTL4
00000085   ADC12MCTL5
00000086   ADC12MCTL6
00000087   ADC12MCTL7
00000088   ADC12MCTL8
00000089   ADC12MCTL9
0000008a   ADC12MCTL10
0000008b   ADC12MCTL11
0000008c   ADC12MCTL12
0000008d   ADC12MCTL13
0000008e   ADC12MCTL14
0000008f   ADC12MCTL15
00000118   I2COA
0000011a   I2CSA
0000011c   I2CIV
0000011e   TBIV
00000120   WDTCTL
00000122   DMACTL0
00000124   DMACTL1
00000128   FCTL1
0000012a   FCTL2
0000012c   FCTL3
0000012e   TAIV
00000130   MPY
00000132   MPYS
00000134   MAC
00000136   MACS
00000138   OP2
0000013a   RESLO
0000013c   RESHI
0000013e   SUMEXT
00000140   ADC12MEM0
00000142   ADC12MEM1
00000144   ADC12MEM2
00000146   ADC12MEM3
00000148   ADC12MEM4
0000014a   ADC12MEM5
0000014c   ADC12MEM6
0000014e   ADC12MEM7
00000150   ADC12MEM8
00000152   ADC12MEM9
00000154   ADC12MEM10
00000156   ADC12MEM11
00000158   ADC12MEM12
0000015a   ADC12MEM13
0000015c   ADC12MEM14
0000015e   ADC12MEM15
00000160   TACTL
00000162   TACCTL0
00000164   TACCTL1
00000166   TACCTL2
00000170   TAR
00000172   TACCR0
00000174   TACCR1
00000176   TACCR2
00000180   TBCTL
00000182   TBCCTL0
00000184   TBCCTL1
00000186   TBCCTL2
00000188   TBCCTL3
0000018a   TBCCTL4
0000018c   TBCCTL5
0000018e   TBCCTL6
00000190   TBR
00000192   TBCCR0
00000194   TBCCR1
00000196   TBCCR2
00000198   TBCCR3
0000019a   TBCCR4
0000019c   TBCCR5
0000019e   TBCCR6
000001a0   ADC12CTL0
000001a2   ADC12CTL1
000001a4   ADC12IFG
000001a6   ADC12IE
000001a8   ADC12IV
000001c0   DAC12_0CTL
000001c2   DAC12_1CTL
000001c8   DAC12_0DAT
000001ca   DAC12_1DAT
000001e0   DMA0CTL
000001e2   DMA0SA
000001e4   DMA0DA
000001e6   DMA0SZ
000001e8   DMA1CTL
000001ea   DMA1SA
000001ec   DMA1DA
000001ee   DMA1SZ
000001f0   DMA2CTL
000001f2   DMA2SA
000001f4   DMA2DA
000001f6   DMA2SZ
00001100   dis3
00001108   dis_v2
00001110   dis2
00001116   Rindex
00001117   Tindex
00001118   SendLen
00001119   Flag_get
0000111a   Flag_speedset
00001120   dis1
00001124   dis_v1
00001128   RecBuf
00001132   TecBuf
0000113c   TPT
00001140   Voltage
00001144   Num
00001146   RDat
00001148   SDat
000038b0   _stack
00003900   __STACK_END
00004000   temperature_get
000041e0   Voltage_get
00004332   __mspabi_subf
00004338   __mspabi_addf
00004462   get_temperature
00004572   __mspabi_mpyf
00004634   Read
000046d4   ADC12_ISR
0000476e   __mspabi_divf
00004808   LCD1602_display_zi
000048a0   UART1_RX
0000492e   Write
000049b0   Init_DS18B20
00004a2c   LCD1602_init
00004a94   LCD1602_Write
00004b52   _auto_init
00004bb0   __mspabi_srll_15
00004bb6   __mspabi_srll_14
00004bbc   __mspabi_srll_13
00004bc2   __mspabi_srll_12
00004bc8   __mspabi_srll_11
00004bce   __mspabi_srll_10
00004bd4   __mspabi_srll_9
00004bda   __mspabi_srll_8
00004be0   __mspabi_srll_7
00004be6   __mspabi_srll_6
00004bec   __mspabi_srll_5
00004bf2   __mspabi_srll_4
00004bf8   __mspabi_srll_3
00004bfe   __mspabi_srll_2
00004c04   __mspabi_srll_1
00004c0c   __mspabi_divul
00004c0c   __mspabi_remul
00004c64   LCD1602_display_text
00004cba   Delay
00004d0a   IO_Init
00004d50   __mspabi_fixfu
00004d96   LCD1602_read_busy
00004dda   Init_CLK
00004e1c   main
00004e5e   LCD1602_display_byte
00004e9e   UART1_Init
00004ede   UART1_TX
00004f18   __mspabi_fltif
00004f4e   Init_ADC
00004f82   __mspabi_fltulf
00004fb4   __mspabi_mpyl_hw
00004fe2   __mspabi_fltuf
00005006   ADC12_Start
00005020   _c_int00
00005020   _c_int00_noexit
0000503a   __mspabi_divu
0000503a   __mspabi_remu
00005050   __TI_zero_init
00005064   memset
00005078   __mspabi_mpyi_hw
0000508c   __TI_decompress_none
0000509e   memcpy
000050b0   __mspabi_func_epilog_7
000050b2   __mspabi_func_epilog_6
000050b4   __mspabi_func_epilog_5
000050b6   __mspabi_func_epilog_4
000050b8   __mspabi_func_epilog_3
000050ba   __mspabi_func_epilog_2
000050bc   __mspabi_func_epilog_1
000050c0   strlen
000050ce   __TI_ISR_TRAP
000050d4   __TI_decompress_rle24
000050da   _system_pre_init
000050de   C$$EXIT
000050de   abort
0000510c   __TI_Handler_Table_Base
00005112   __TI_Handler_Table_Limit
00005116   __TI_CINIT_Base
0000511e   __TI_CINIT_Limit
0000ffe0   __TI_int00
0000ffe2   __TI_int01
0000ffe4   __TI_int02
0000ffe6   __TI_int03
0000ffe8   __TI_int04
0000ffea   __TI_int05
0000ffec   __TI_int06
0000ffee   __TI_int07
0000fff0   __TI_int08
0000fff2   __TI_int09
0000fff4   __TI_int10
0000fff6   __TI_int11
0000fff8   __TI_int12
0000fffa   __TI_int13
0000fffc   __TI_int14
0000fffe   _reset_vector
ffffffff   __binit__
ffffffff   __c_args__
ffffffff   binit
UNDEFED    __TI_INITARRAY_Base
UNDEFED    __TI_INITARRAY_Limit

[283 symbols]
