******************************************************************************
              TMS320C55x Linker PC v4.4.1                      
******************************************************************************
>> Linked Fri Oct 28 19:40:43 2016

OUTPUT FILE NAME:   <USBL.out>
ENTRY POINT SYMBOL: "_c_int00"  address: 00025e88


MEMORY CONFIGURATION

         name            origin    length      used     unused   attr    fill
                        (bytes)   (bytes)    (bytes)   (bytes)
----------------------  --------  ---------  --------  --------  ----  --------
  MMR                   00000000   000000c0  00000000  000000c0  RWIX
  SPRAM                 000000c0   00000140  00000100  00000040  RWIX
  VECS                  00000e00   00000200  00000100  00000100  RWIX
  DARAM0                00001000   00001000  00000832  000007ce  RWIX
  DARAM1                00002000   00002000  00000ce0  00001320  RWIX
  DARAM2                00004000   00002000  00000ce0  00001320  RWIX
  DARAM3                00006000   00001000  00001000  00000000  RWIX
  DARAM4                00007000   00001000  00001000  00000000  RWIX
  DARAM5                00008000   00002000  00002000  00000000  RWIX
  DARAM6                0000a000   00002000  00002000  00000000  RWIX
  DARAM7                0000c000   00002000  00002000  00000000  RWIX
  DARAM8                0000e000   00001000  00001000  00000000  RWIX
  DARAM9                0000f000   00002000  00002000  00000000  RWIX
  SARAM1                00011000   00001000  00001000  00000000  RWIX
  SARAM2                00012000   00001000  00001000  00000000  RWIX
  SARAM3                00013000   00001000  00001000  00000000  RWIX
  SARAM4                00014000   00001000  00001000  00000000  RWIX
  SARAM5                00015000   00001000  00001000  00000000  RWIX
  SARAM6                00016000   00001000  00001000  00000000  RWIX
  SARAM7                00017000   00009000  00002800  00006800  RWIX
  SARAM8                00020000   00008000  00006f96  0000106a  RWIX
  SARAM9                00028000   00008000  00004000  00004000  RWIX
  SARAM10               00030000   00010000  00004e20  0000b1e0  RWIX
  CE0                   00040000   003c0000  00000000  003c0000  RWIX
  CE1                   00400000   00400000  00000000  00400000  RWIX
  CE2                   00800000   00400000  00000000  00400000  RWIX
  CE3                   00c00000   003f8000  00000000  003f8000  RWIX
  PDROM                 00ff8000   00007f00  00000000  00007f00  RWIX


SECTION ALLOCATION MAP
(Addresses surrounded by []'s are displayed for convenience only!)

output                                                          attributes/
section   page  orgn(bytes) orgn(words) len(bytes) len(words)   input sections
--------  ----  ----------- ----------- ---------- ----------   --------------
vectors      0     000000c0  [ 00000060 ] 00000100          *   
                   000000c0  [ 00000060 ] 00000100          *   rts55x.lib : vectors.obj (vectors)

.vectors     0     00000e00  [ 00000700 ] 00000100          *   
                   00000e00  [ 00000700 ] 00000100          *   vectors.obj (.vectors)

.cinit       0   [ 00001000 ]  00000800          *   0000016d   
                 [ 00001000 ]  00000800          *   0000007a   main.obj (.cinit)
                 [ 000010f4 ]  0000087a          *   0000005d   csl5509x.lib : csl_dmadat.obj (.cinit)
                 [ 000011ae ]  000008d7          *   00000042                : csl_mmcdat.obj (.cinit)
                 [ 00001232 ]  00000919          *   00000025                : csl_csldat.obj (.cinit)
                 [ 0000127c ]  0000093e          *   0000000f                : csl_timdat.obj (.cinit)
                 [ 0000129a ]  0000094d          *   0000000b   rts55x.lib : cos.obj (.cinit)
                 [ 000012b0 ]  00000958          *   0000000a              : _lock.obj (.cinit)
                 [ 000012c4 ]  00000962          *   0000000a              : exit.obj (.cinit)
                 [ 000012d8 ]  0000096c          *   00000001   --HOLE-- [fill = 0]

.stack       0   [ 000012dc ]  0000096e          *   00000100   UNINITIALIZED
                 [ 000012dc ]  0000096e          *   00000100   --HOLE--

.sysstack 
*            0   [ 000014dc ]  00000a6e          *   00000100   UNINITIALIZED
                 [ 000014dc ]  00000a6e          *   00000100   --HOLE--

.csldata     0   [ 000016dc ]  00000b6e          *   000000ac   UNINITIALIZED
                 [ 000016dc ]  00000b6e          *   0000005a   csl5509x.lib : csl_dmadat.obj (.csldata:DMA_data)
                 [ 00001790 ]  00000bc8          *   00000024                : csl_mmcdat.obj (.csldata:MMC_data)
                 [ 000017d8 ]  00000bec          *   00000022                : csl_csldat.obj (.csldata:SYS_data)
                 [ 0000181c ]  00000c0e          *   0000000c                : csl_timdat.obj (.csldata:TIMER_data)

receive1     0   [ 00002000 ]  00001000          *   00000670   UNINITIALIZED
                 [ 00002000 ]  00001000          *   00000670   main.obj (receive1)

receive2     0   [ 00004000 ]  00002000          *   00000670   UNINITIALIZED
                 [ 00004000 ]  00002000          *   00000670   main.obj (receive2)

.twiddle     0   [ 00006000 ]  00003000          *   00000800   
                 [ 00006000 ]  00003000          *   00000800   twid2048.obj (.twiddle)

NFFT         0   [ 00007000 ]  00003800          *   00000800   UNINITIALIZED
                 [ 00007000 ]  00003800          *   00000800   main.obj (NFFT)

FFT          0   [ 00008000 ]  00004000          *   00001000   UNINITIALIZED
                 [ 00008000 ]  00004000          *   00001000   main.obj (FFT)

.ref         0   [ 0000a000 ]  00005000          *   00001000   UNINITIALIZED
                 [ 0000a000 ]  00005000          *   00001000   main.obj (.ref)

xcorr        0   [ 0000c000 ]  00006000          *   00001000   UNINITIALIZED
                 [ 0000c000 ]  00006000          *   00001000   main.obj (xcorr)

xcorrout     0   [ 0000e000 ]  00007000          *   00000800   UNINITIALIZED
                 [ 0000e000 ]  00007000          *   00000800   main.obj (xcorrout)

envelope     0   [ 0000f000 ]  00007800          *   00001000   UNINITIALIZED
                 [ 0000f000 ]  00007800          *   00001000   main.obj (envelope)

bp1          0   [ 00011000 ]  00008800          *   00000800   UNINITIALIZED
                 [ 00011000 ]  00008800          *   00000800   main.obj (bp1)

bp2          0   [ 00012000 ]  00009000          *   00000800   UNINITIALIZED
                 [ 00012000 ]  00009000          *   00000800   main.obj (bp2)

bp1abs       0   [ 00013000 ]  00009800          *   00000800   UNINITIALIZED
                 [ 00013000 ]  00009800          *   00000800   main.obj (bp1abs)

bp2abs       0   [ 00014000 ]  0000a000          *   00000800   UNINITIALIZED
                 [ 00014000 ]  0000a000          *   00000800   main.obj (bp2abs)

bp1envelope 
*            0   [ 00015000 ]  0000a800          *   00000800   UNINITIALIZED
                 [ 00015000 ]  0000a800          *   00000800   main.obj (bp1envelope)

bp2envelope 
*            0   [ 00016000 ]  0000b000          *   00000800   UNINITIALIZED
                 [ 00016000 ]  0000b000          *   00000800   main.obj (bp2envelope)

revsave      0   [ 00017000 ]  0000b800          *   00001400   UNINITIALIZED
                 [ 00017000 ]  0000b800          *   00001400   main.obj (revsave)

.text        0     00020000  [ 00010000 ] 00005fda          *   
                   00020000  [ 00010000 ] 000033c6          *   main.obj (.text)
                   000233c6  [ 000119e3 ] 000004d8          *   main.obj (.text:retain)
                   0002389e  [ 00011c4f ] 000003cc          *   rts55x.lib : divd.obj (.text)
                   00023c6a  [ 00011e35 ] 0000025a          *              : addd.obj (.text)
                   00023ec4  [ 00011f62 ] 00000218          *              : cos.obj (.text)
                   000240dc  [ 0001206e ] 000001ea          *              : cmpd.obj (.text)
                   000242c6  [ 00012163 ] 000001c3          *   csl5509x.lib : mmc_sendop.obj (.text:MMC_sendOpCond)
                   00024489  [ 00012244+] 000001a3          *                : dma_reset.obj (.text:DMA_reset)
                   0002462c  [ 00012316 ] 00000174          *                : mmc_disp0.obj (.text:MMC_dispatch0)
                   000247a0  [ 000123d0 ] 0000016b          *                : mmc_disp1.obj (.text:MMC_dispatch1)
                   0002490b  [ 00012485+] 00000167          *   cfft_noscale.obj (.text)
                   00024a72  [ 00012539 ] 00000163          *   cifft_noscale.obj (.text)
                   00024bd5  [ 000125ea+] 0000014c          *   rts55x.lib : mpyd.obj (.text)
                   00024d21  [ 00012690+] 0000013c          *   csl5509x.lib : sd_setwidth.obj (.text:SD_setWidth)
                   00024e5d  [ 0001272e+] 00000116          *                : tim_rstt.obj (.text:TIMER_reset)
                   00024f73  [ 000127b9+] 000000e1          *                : sd_getcid.obj (.text:SD_getCardID)
                   00025054  [ 0001282a ] 000000de          *                : mmc_read.obj (.text:MMC_read)
                   00025132  [ 00012899 ] 000000de          *   cbrev.obj (.text:cbrev)
                   00025210  [ 00012908 ] 000000dd          *   csl5509x.lib : dma_cfg.obj (.text:DMA_config)
                   000252ed  [ 00012976+] 000000ce          *                : dma_open.obj (.text:DMA_open)
                   000253bb  [ 000129dd+] 000000c1          *                : mmc_write.obj (.text:MMC_write)
                   0002547c  [ 00012a3e ] 000000bf          *   rts55x.lib : modf.obj (.text)
                   0002553b  [ 00012a9d+] 000000b5          *   csl5509x.lib : mmc_open.obj (.text:MMC_open)
                   000255f0  [ 00012af8 ] 000000a2          *                : mmc_setNat.obj (.text:MMC_setupNative)
                   00025692  [ 00012b49 ] 000000a1          *   rts55x.lib : divul.obj (.text)
                   00025733  [ 00012b99+] 0000008b          *   fir2.obj (.text)
                   000257be  [ 00012bdf ] 00000082          *   csl5509x.lib : sd_allcid.obj (.text:SD_sendALLCID)
                   00025840  [ 00012c20 ] 00000080          *                : sd_sendrca.obj (.text:SD_sendRca)
                   000258c0  [ 00012c60 ] 00000077          *   rts55x.lib : fixdul.obj (.text)
                   00025937  [ 00012c9b+] 00000076          *              : frcmpyd.obj (.text)
                   000259ad  [ 00012cd6+] 00000073          *              : frcmpyd_div.obj (.text)
                   00025a20  [ 00012d10 ] 0000006f          *              : fixdli.obj (.text)
                   00025a8f  [ 00012d47+] 00000067          *              : fltlid.obj (.text)
                   00025af6  [ 00012d7b ] 00000061          *   csl5509x.lib : mmc_selcard.obj (.text:MMC_selectCard)
                   00025b57  [ 00012dab+] 00000060          *                : mmc_rspdne.obj (.text:MMC_responseDone)
                   00025bb7  [ 00012ddb+] 0000005f          *   rts55x.lib : round.obj (.text)
                   00025c16  [ 00012e0b ] 0000005b          *              : fltuld.obj (.text)
                   00025c71  [ 00012e38+] 0000004d          *              : autoinit.obj (.text)
                   00025cbe  [ 00012e5f ] 0000004b          *              : args_main.obj (.text)
                   00025d09  [ 00012e84+] 00000048          *   csl5509x.lib : mmc_getstat.obj (.text:MMC_getStatus)
                   00025d51  [ 00012ea8+] 00000048          *   rts55x.lib : divli.obj (.text)
                   00025d99  [ 00012ecc+] 00000041          *              : trunc.obj (.text)
                   00025dda  [ 00012eed ] 0000003e          *              : exit.obj (.text)
                   00025e18  [ 00012f0c ] 0000003c          *   csl5509x.lib : mmc_xgoidle.obj (.text:MMC_sendGoIdle)
                   00025e54  [ 00012f2a ] 00000034          *                : mmc_clrrsp.obj (.text:MMC_clearResponse)
                   00025e88  [ 00012f44 ] 00000034          *   rts55x.lib : boot.obj (.text)
                   00025ebc  [ 00012f5e ] 00000032          *   maxvec.obj (.text)
                   00025eee  [ 00012f77 ] 0000002a          *   rts55x.lib : fixdi.obj (.text)
                   00025f18  [ 00012f8c ] 0000001b          *              : fixdu.obj (.text)
                   00025f33  [ 00012f99+] 00000014          *              : subd.obj (.text)
                   00025f47  [ 00012fa3+] 00000013          *              : lmpy.obj (.text)
                   00025f5a  [ 00012fad ] 00000012          *   csl5509x.lib : mmc_waitfor.obj (.text:MMC_waitForFlag)
                   00025f6c  [ 00012fb6 ] 00000012          *   rts55x.lib : _lock.obj (.text)
                   00025f7e  [ 00012fbf ] 00000010          *              : negd.obj (.text)
                   00025f8e  [ 00012fc7 ] 0000000f          *   csl5509x.lib : irq_gdisab.obj (.text:IRQ_globalDisable)
                   00025f9d  [ 00012fce+] 0000000d          *                : _csl_init.obj (.text:_CSL_init)
                   00025faa  [ 00012fd5 ] 0000000c          *                : csl.obj (.text:CSL_init)
                   00025fb6  [ 00012fdb ] 0000000c          *                : irq_grest.obj (.text:IRQ_globalRestore)
                   00025fc2  [ 00012fe1 ] 0000000c          *   rts55x.lib : fltid.obj (.text)
                   00025fce  [ 00012fe7 ] 00000007          *              : exit.obj (.text:CIO_breakpoint)
                   00025fd5  [ 00012fea+] 00000002          *   csl5509x.lib : csl.obj (.text)
                   00025fd7  [ 00012feb+] 00000002          *   rts55x.lib : vectors.obj (.text)
                   00025fd9  [ 00012fec ] 00000001          *   --HOLE-- [fill = 20]

.bss         0   [ 00025fdc ]  00012fee          *   00000524   UNINITIALIZED
                 [ 00025fdc ]  00012fee          *   000004f4   main.obj (.bss)
                 [ 000269c4 ]  000134e2          *   00000018   csl5509x.lib : csl_mmcdat.obj (.bss)
                 [ 000269f4 ]  000134fa          *   00000008   rts55x.lib : cos.obj (.bss)
                 [ 00026a04 ]  00013502          *   00000004   cfft_noscale.obj (.bss)
                 [ 00026a0c ]  00013506          *   00000004   cifft_noscale.obj (.bss)
                 [ 00026a14 ]  0001350a          *   00000004   rts55x.lib : _lock.obj (.bss)
                 [ 00026a1c ]  0001350e          *   00000004              : exit.obj (.bss)

.const       0   [ 00026a24 ]  00013512          *   00000278   
                 [ 00026a24 ]  00013512          *   00000101   main.obj (.const:_filter1)
                 [ 00026c26 ]  00013613          *   00000101   main.obj (.const:_filter2)
                 [ 00026e28 ]  00013714          *   00000038   main.obj (.const)
                 [ 00026e98 ]  0001374c          *   00000016   rts55x.lib : cos.obj (.const)
                 [ 00026ec4 ]  00013762          *   00000008              : divd.obj (.const:_initial_approx$1)
                 [ 00026ed4 ]  0001376a          *   00000008              : round.obj (.const)
                 [ 00026ee4 ]  00013772          *   00000006              : modf.obj (.const)
                 [ 00026ef0 ]  00013778          *   00000005   main.obj (.const:_ask_rs485)
                 [ 00026efa ]  0001377d          *   00000004   main.obj (.const:_init_rs485)
                 [ 00026f02 ]  00013781          *   00000001   --HOLE-- [fill = 0]
                 [ 00026f04 ]  00013782          *   00000004   rts55x.lib : trunc.obj (.const)
                 [ 00026f0c ]  00013786          *   00000002              : fltlid.obj (.const)
                 [ 00026f10 ]  00013788          *   00000002              : fltuld.obj (.const)

.data        0   [ 00026f14 ]  0001378a          *   00000042   
                 [ 00026f14 ]  0001378a          *   00000021   h_LPF1.obj (.data)
                 [ 00026f56 ]  000137ab          *   00000021   h_LPF2.obj (.data)

filter       0   [ 00028000 ]  00014000          *   00002000   UNINITIALIZED
                 [ 00028000 ]  00014000          *   00002000   main.obj (filter)

send         0   [ 00030000 ]  00018000          *   00002710   UNINITIALIZED
                 [ 00030000 ]  00018000          *   00002710   main.obj (send)


GLOBAL SYMBOLS: SORTED ALPHABETICALLY BY Name 

abs. value/
byte addr   word addr   name
---------   ---------   ----
00000002                $TI_capability$C5500$CallingConvention
00000002                $TI_capability$C5500$MemoryModel
00000001                $TI_capability_requires_rev2
            00012fee    .bss
            0001378a    .data
00020000                .text
00025fcf                C$$EXIT
00025f47                I$$LMPY
            00013469    _ADC_in
00025fd5                _CSL5509_LIB_
            00000b6e    _CSL_DmaData
            00000bc8    _CSL_MmcData
            00000bec    _CSL_SysData
            00000c0e    _CSL_TimerData
00025faa                _CSL_init
00025210                _DMA_config
            00012ffa    _DMA_count
00021459                _DMA_init
000252ed                _DMA_open
00024489                _DMA_reset
            000130ec    _DMAdone
            000130ee    _DMAnum
            000130d9    _DS18B20_flag
00022038                _FFTprepare
00023003                _FFTprepare2
00022f4a                _FFTprepare_FSK
            00013453    _FLAGSENDOVER
            00013450    _FLAG_OK
            00013452    _FLAG_RS232_REVOK
            000130af    _FLAG_yl
            000130ae    _FLAG_yl_init
0002302c                _FSKdetect
            00013451    _Flag_answer
            0001344f    _Flag_timer
00025f8e                _IRQ_globalDisable
00025fb6                _IRQ_globalRestore
            000134d6    _Init
0002144c                _InitADC
000218d9                _MMC_Init
00025e54                _MMC_clearResponse
0002462c                _MMC_dispatch0
000247a0                _MMC_dispatch1
00025d09                _MMC_getStatus
0002553b                _MMC_open
00025054                _MMC_read
00025b57                _MMC_responseDone
00025af6                _MMC_selectCard
00025e18                _MMC_sendGoIdle
000242c6                _MMC_sendOpCond
000255f0                _MMC_setupNative
00025f5a                _MMC_waitForFlag
000253bb                _MMC_write
0002141a                _McBSP_init
            00012ff2    _NOISE_TH_HD
            00012ff1    _NOISE_TH_NEW
            00012fee    _NOISE_TH_huadong
            000130b1    _PC_DATA
            00013090    _PC_init
            00012ffb    _Pos_flag
00021772                _Producefilter
00021818                _Producelfm
0002169a                _Produceref
            0001302c    _RAMSES_code
            0001301c    _RAMSES_code1
            00013034    _RAMSES_freq
            0001303c    _RAMSES_time
            00013024    _RAMSES_time1
            0001345a    _RS485_DATA
00022fdb                _ReadSectorNumber_Usable
000000c0                _Reset
00021a78                _Respondermod
            00003800    _Rev
            00001000    _Rev1
            00002000    _Rev2
            00004000    _Rev_FFT
            00008800    _Rev_bp1
            00009800    _Rev_bp1_abs
            0000a800    _Rev_bp1_envelope
            00009000    _Rev_bp2
            0000a000    _Rev_bp2_abs
            0000b000    _Rev_bp2_envelope
            00007800    _Rev_envelope
            0000b800    _Rev_save
            0000c000    _Rev_save_filter_out
            00006000    _Rev_xcorr
            00007000    _Rev_xcorrout
            000130f1    _Revdst1AddrHi
            000130f2    _Revdst1AddrLo
            000130f3    _Revdst2AddrHi
            000130f4    _Revdst2AddrLo
00021fef                _Revprepare
            000130ed    _RevsrcAddrHi
            000130f0    _RevsrcAddrLo
            00013018    _SDRAM_lfmhead
00022fc1                _SD_ReadData
000203ff                _SD_WriteData
00024f73                _SD_getCardID
            0001334e    _SD_read
000257be                _SD_sendAllCID
00025840                _SD_sendRca
00024d21                _SD_setWidth
            0001344e    _SD_status
            0001314b    _SD_test
            0001324e    _SD_write
            00013002    _SNR_HD_out
00022f9b                _SaveSectorCounter
            0001314e    _SecCounter
            0001314c    _SectorCounter
            000130bd    _Send_PC_DATA
            00018000    _Send_sig
000201f2                _Senddata0
00021c7f                _Syntimermod
000213bc                _System_initial
00024e5d                _TIMER_reset
            00012ff4    _Time_Delay
            00005000    _X_ref
00025f9d                __CSL_init
            00000a6e    __STACK_END
00000200                __STACK_SIZE
00000200                __SYSSTACK_SIZE
00000001                __TI_args_main
ffffffff                ___binit__
            00012fee    ___bss__
ffffffff                ___c_args__
            00000800    ___cinit__
            0001378a    ___data__
            000137cc    ___edata__
            00013512    ___end__
00025fda                ___etext__
ffffffff                ___pinit__
00020000                ___text__
00023c6a                __addd
00025cbe                __args_main
            0001350e    __cleanup_ptr
0002426e                __cmpd
0002389e                __divd
00025d51                __divli
00025692                __divul
            00013510    __dtors_ptr
0002423a                __eqld
00025eee                __fixdi
00025a20                __fixdli
00025f18                __fixdu
000258c0                __fixdul
00025fc2                __fltid
00025a8f                __fltlid
00025c16                __fltuld
00025937                __frcmpyd
000259ad                __frcmpyd_div
000241f0                __geqd
000241a5                __gtrd
00024158                __leqd
            0001350a    __lock
00024110                __lssd
00024bd5                __mpyd
00025f47                __mpyli
00025f7e                __negd
000240dc                __neqd
00025f7c                __nop
00025bb7                __nround
00025f74                __register_lock
00025f6c                __register_unlock
            0000096e    __stack
00025f33                __subd
            00000a6e    __sysstack
00025d99                __trunc
            0001350c    __unlock
            00013010    _a
00025fce                _abort
            00013778    _ask_rs485
0002251a                _asksignal
00025c71                _auto_init
            00013012    _b
            00013004    _block2
            000130ac    _buff
00025e88                _c_int00
            0001310a    _card
            0001310c    _cardalloc
            00013136    _cardid
            0001314a    _cardtype
00025132                _cbrev
0002490b                _cfft_NOSCALE
            00013134    _cid
00024a72                _cifft_NOSCALE
            0001300f    _code
00023ec4                _cos
            000130fd    _count
            00013006    _count_final_jiance
            00013044    _count_timer
            000134aa    _depth
000220be                _detect
0002204d                _detect_prepare
00022f61                _detect_prepare_FSK
000227a0                _detect_signal
00023847                _dma0_Isr
0002208f                _dot
00022f1b                _dot1
            00012ffc    _endpos
            00013000    _endpos_float
            00012fff    _endpos_xcorr
00025dda                _exit
            00013016    _f_code
            000130ad    _f_send_uart
            00013512    _filter1
            00013613    _filter2
00025733                _fir2
000219cd                _get_noise
00021b8a                _get_parameter
000202b3                _get_pressure
0002026f                _get_voltage
            00013100    _hDmaSend0
            00013102    _hDmaSend1
            00014000    _h_BPF1
            00015000    _h_BPF2
            0001378a    _h_LPF1
            00013046    _h_LPF1_db
            000137ab    _h_LPF2
            00013069    _h_LPF2_db
            0001377d    _init_rs485
000236e5                _int0_Isr
000235ac                _int1_Isr
000234cd                _int2_Isr
            000134e2    _isr_init
            000134af    _jiance_counter
00022944                _main
0002138b                _max_zh
00025ebc                _maxvec
00021360                _mean_zh
            00013104    _mhTimer0
            00013106    _mhTimer1
            00013108    _mmc1
0002547c                _modf
            000134b0    _myConfig
            000134c0    _myconfigdma0
            000130fe    _myhDma
00023479                _myhDma_Isr
0002345c                _no_isr
            000134ac    _noise_10ms
            00012fef    _noise_maxbuffer
            0001308e    _oflag_BPF1
            0001308f    _oflag_BPF2
            0001308c    _oflag_LPF1
            0001308d    _oflag_LPF2
0002126a                _pressure_init
00021221                _qujunzhi1
000211d8                _qujunzhi2
000211bb                _qumo2
            00013149    _rca
000210fd                _receive_752_init
            000130b0    _release_flag
            00013454    _resend_delay
            00012ff6    _responder_Delay
            00013045    _responder_flag
            00012ff8    _responder_period
            00013148    _retVal
            000130f7    _senddst0AddrHi
            000130f8    _senddst0AddrLo
            000130fb    _senddst1AddrHi
            000130fc    _senddst1AddrLo
            000130f5    _sendsrc0AddrHi
            000130f6    _sendsrc0AddrLo
            000130f9    _sendsrc1AddrHi
            000130fa    _sendsrc1AddrLo
            000130da    _serial
            000130e2    _serial_x
            00012ffd    _sum_mean_save
0002101f                _system_config
00020bfa                _take_action1
00020852                _take_action2
0002045d                _take_action3
            00013468    _temp_ADC
            0000c800    _temp_dainei_temp
            0000c900    _temp_dainei_temp_fft
            0000cb00    _temp_dainei_temp_fft_abs
            00013466    _temp_yl_data
            000130ea    _temperature
            0001301a    _templfm
            00013005    _testpinlv_flag
            00013008    _testpinlv_ind
            00013007    _testpinlv_max
            000134d0    _timCfg0
            000134d3    _timCfg1
000233fa                _timer0_Isr
            00013456    _timer0_cnt
000233c6                _timer1_Isr
            00013458    _timer1_cnt
            000134ae    _tongbu_flag
            000134ad    _transponder_mode
000200cf                _uart_config
00020000                _variable_init
            000134a9    _voltage_AD
            00012ffe    _width_save
            00013009    _x1
            0001300a    _x2
            0001300b    _x3
            00013014    _x_max
            0001300c    _y1
            0001300d    _y2
            0001300e    _y3
ffffffff                binit
            00000800    cinit
            000137cc    edata
            00013512    end
00025fda                etext
ffffffff                pinit
            00003000    twiddle


GLOBAL SYMBOLS: SORTED BY Symbol Address 

abs. value/
byte addr   word addr   name
---------   ---------   ----
00000001                $TI_capability_requires_rev2
00000001                __TI_args_main
00000002                $TI_capability$C5500$CallingConvention
00000002                $TI_capability$C5500$MemoryModel
000000c0                _Reset
00000200                __STACK_SIZE
00000200                __SYSSTACK_SIZE
            00000800    ___cinit__
            00000800    cinit
            0000096e    __stack
            00000a6e    __STACK_END
            00000a6e    __sysstack
            00000b6e    _CSL_DmaData
            00000bc8    _CSL_MmcData
            00000bec    _CSL_SysData
            00000c0e    _CSL_TimerData
            00001000    _Rev1
            00002000    _Rev2
            00003000    twiddle
            00003800    _Rev
            00004000    _Rev_FFT
            00005000    _X_ref
            00006000    _Rev_xcorr
            00007000    _Rev_xcorrout
            00007800    _Rev_envelope
            00008800    _Rev_bp1
            00009000    _Rev_bp2
            00009800    _Rev_bp1_abs
            0000a000    _Rev_bp2_abs
            0000a800    _Rev_bp1_envelope
            0000b000    _Rev_bp2_envelope
            0000b800    _Rev_save
            0000c000    _Rev_save_filter_out
            0000c800    _temp_dainei_temp
            0000c900    _temp_dainei_temp_fft
            0000cb00    _temp_dainei_temp_fft_abs
00020000                .text
00020000                ___text__
00020000                _variable_init
000200cf                _uart_config
000201f2                _Senddata0
0002026f                _get_voltage
000202b3                _get_pressure
000203ff                _SD_WriteData
0002045d                _take_action3
00020852                _take_action2
00020bfa                _take_action1
0002101f                _system_config
000210fd                _receive_752_init
000211bb                _qumo2
000211d8                _qujunzhi2
00021221                _qujunzhi1
0002126a                _pressure_init
00021360                _mean_zh
0002138b                _max_zh
000213bc                _System_initial
0002141a                _McBSP_init
0002144c                _InitADC
00021459                _DMA_init
0002169a                _Produceref
00021772                _Producefilter
00021818                _Producelfm
000218d9                _MMC_Init
000219cd                _get_noise
00021a78                _Respondermod
00021b8a                _get_parameter
00021c7f                _Syntimermod
00021fef                _Revprepare
00022038                _FFTprepare
0002204d                _detect_prepare
0002208f                _dot
000220be                _detect
0002251a                _asksignal
000227a0                _detect_signal
00022944                _main
00022f1b                _dot1
00022f4a                _FFTprepare_FSK
00022f61                _detect_prepare_FSK
00022f9b                _SaveSectorCounter
00022fc1                _SD_ReadData
00022fdb                _ReadSectorNumber_Usable
00023003                _FFTprepare2
0002302c                _FSKdetect
000233c6                _timer1_Isr
000233fa                _timer0_Isr
0002345c                _no_isr
00023479                _myhDma_Isr
000234cd                _int2_Isr
000235ac                _int1_Isr
000236e5                _int0_Isr
00023847                _dma0_Isr
0002389e                __divd
00023c6a                __addd
00023ec4                _cos
000240dc                __neqd
00024110                __lssd
00024158                __leqd
000241a5                __gtrd
000241f0                __geqd
0002423a                __eqld
0002426e                __cmpd
000242c6                _MMC_sendOpCond
00024489                _DMA_reset
0002462c                _MMC_dispatch0
000247a0                _MMC_dispatch1
0002490b                _cfft_NOSCALE
00024a72                _cifft_NOSCALE
00024bd5                __mpyd
00024d21                _SD_setWidth
00024e5d                _TIMER_reset
00024f73                _SD_getCardID
00025054                _MMC_read
00025132                _cbrev
00025210                _DMA_config
000252ed                _DMA_open
000253bb                _MMC_write
0002547c                _modf
0002553b                _MMC_open
000255f0                _MMC_setupNative
00025692                __divul
00025733                _fir2
000257be                _SD_sendAllCID
00025840                _SD_sendRca
000258c0                __fixdul
00025937                __frcmpyd
000259ad                __frcmpyd_div
00025a20                __fixdli
00025a8f                __fltlid
00025af6                _MMC_selectCard
00025b57                _MMC_responseDone
00025bb7                __nround
00025c16                __fltuld
00025c71                _auto_init
00025cbe                __args_main
00025d09                _MMC_getStatus
00025d51                __divli
00025d99                __trunc
00025dda                _exit
00025e18                _MMC_sendGoIdle
00025e54                _MMC_clearResponse
00025e88                _c_int00
00025ebc                _maxvec
00025eee                __fixdi
00025f18                __fixdu
00025f33                __subd
00025f47                I$$LMPY
00025f47                __mpyli
00025f5a                _MMC_waitForFlag
00025f6c                __register_unlock
00025f74                __register_lock
00025f7c                __nop
00025f7e                __negd
00025f8e                _IRQ_globalDisable
00025f9d                __CSL_init
00025faa                _CSL_init
00025fb6                _IRQ_globalRestore
00025fc2                __fltid
00025fce                _abort
00025fcf                C$$EXIT
00025fd5                _CSL5509_LIB_
00025fda                ___etext__
00025fda                etext
            00012fee    .bss
            00012fee    _NOISE_TH_huadong
            00012fee    ___bss__
            00012fef    _noise_maxbuffer
            00012ff1    _NOISE_TH_NEW
            00012ff2    _NOISE_TH_HD
            00012ff4    _Time_Delay
            00012ff6    _responder_Delay
            00012ff8    _responder_period
            00012ffa    _DMA_count
            00012ffb    _Pos_flag
            00012ffc    _endpos
            00012ffd    _sum_mean_save
            00012ffe    _width_save
            00012fff    _endpos_xcorr
            00013000    _endpos_float
            00013002    _SNR_HD_out
            00013004    _block2
            00013005    _testpinlv_flag
            00013006    _count_final_jiance
            00013007    _testpinlv_max
            00013008    _testpinlv_ind
            00013009    _x1
            0001300a    _x2
            0001300b    _x3
            0001300c    _y1
            0001300d    _y2
            0001300e    _y3
            0001300f    _code
            00013010    _a
            00013012    _b
            00013014    _x_max
            00013016    _f_code
            00013018    _SDRAM_lfmhead
            0001301a    _templfm
            0001301c    _RAMSES_code1
            00013024    _RAMSES_time1
            0001302c    _RAMSES_code
            00013034    _RAMSES_freq
            0001303c    _RAMSES_time
            00013044    _count_timer
            00013045    _responder_flag
            00013046    _h_LPF1_db
            00013069    _h_LPF2_db
            0001308c    _oflag_LPF1
            0001308d    _oflag_LPF2
            0001308e    _oflag_BPF1
            0001308f    _oflag_BPF2
            00013090    _PC_init
            000130ac    _buff
            000130ad    _f_send_uart
            000130ae    _FLAG_yl_init
            000130af    _FLAG_yl
            000130b0    _release_flag
            000130b1    _PC_DATA
            000130bd    _Send_PC_DATA
            000130d9    _DS18B20_flag
            000130da    _serial
            000130e2    _serial_x
            000130ea    _temperature
            000130ec    _DMAdone
            000130ed    _RevsrcAddrHi
            000130ee    _DMAnum
            000130f0    _RevsrcAddrLo
            000130f1    _Revdst1AddrHi
            000130f2    _Revdst1AddrLo
            000130f3    _Revdst2AddrHi
            000130f4    _Revdst2AddrLo
            000130f5    _sendsrc0AddrHi
            000130f6    _sendsrc0AddrLo
            000130f7    _senddst0AddrHi
            000130f8    _senddst0AddrLo
            000130f9    _sendsrc1AddrHi
            000130fa    _sendsrc1AddrLo
            000130fb    _senddst1AddrHi
            000130fc    _senddst1AddrLo
            000130fd    _count
            000130fe    _myhDma
            00013100    _hDmaSend0
            00013102    _hDmaSend1
            00013104    _mhTimer0
            00013106    _mhTimer1
            00013108    _mmc1
            0001310a    _card
            0001310c    _cardalloc
            00013134    _cid
            00013136    _cardid
            00013148    _retVal
            00013149    _rca
            0001314a    _cardtype
            0001314b    _SD_test
            0001314c    _SectorCounter
            0001314e    _SecCounter
            0001324e    _SD_write
            0001334e    _SD_read
            0001344e    _SD_status
            0001344f    _Flag_timer
            00013450    _FLAG_OK
            00013451    _Flag_answer
            00013452    _FLAG_RS232_REVOK
            00013453    _FLAGSENDOVER
            00013454    _resend_delay
            00013456    _timer0_cnt
            00013458    _timer1_cnt
            0001345a    _RS485_DATA
            00013466    _temp_yl_data
            00013468    _temp_ADC
            00013469    _ADC_in
            000134a9    _voltage_AD
            000134aa    _depth
            000134ac    _noise_10ms
            000134ad    _transponder_mode
            000134ae    _tongbu_flag
            000134af    _jiance_counter
            000134b0    _myConfig
            000134c0    _myconfigdma0
            000134d0    _timCfg0
            000134d3    _timCfg1
            000134d6    _Init
            000134e2    _isr_init
            0001350a    __lock
            0001350c    __unlock
            0001350e    __cleanup_ptr
            00013510    __dtors_ptr
            00013512    ___end__
            00013512    _filter1
            00013512    end
            00013613    _filter2
            00013778    _ask_rs485
            0001377d    _init_rs485
            0001378a    .data
            0001378a    ___data__
            0001378a    _h_LPF1
            000137ab    _h_LPF2
            000137cc    ___edata__
            000137cc    edata
            00014000    _h_BPF1
            00015000    _h_BPF2
            00018000    _Send_sig
ffffffff                ___binit__
ffffffff                ___c_args__
ffffffff                ___pinit__
ffffffff                binit
ffffffff                pinit

[306 symbols]
