******************************************************************************
              TMS320C55x Linker PC v4.4.1                      
******************************************************************************
>> Linked Thu Mar 30 13:38:22 2017

OUTPUT FILE NAME:   <USBL.out>
ENTRY POINT SYMBOL: "_c_int00"  address: 000260ca


MEMORY CONFIGURATION

         name            origin    length      used     unused   attr    fill
                        (bytes)   (bytes)    (bytes)   (bytes)
----------------------  --------  ---------  --------  --------  ----  --------
  MMR                   00000000   000000c0  00000000  000000c0  RWIX
  SPRAM                 000000c0   00000140  00000100  00000040  RWIX
  VECS                  00000e00   00000200  00000100  00000100  RWIX
  DARAM0                00001000   00001000  000007f2  0000080e  RWIX
  DARAM1                00002000   00002000  00001060  00000fa0  RWIX
  DARAM2                00004000   00002000  00001060  00000fa0  RWIX
  DARAM4                00006000   00002000  00002000  00000000  RWIX
  DARAM5                00008000   00004000  00004000  00000000  RWIX
  DARAM6                0000c000   00004000  00004000  00000000  RWIX
  SARAM1                00010000   00004000  00004000  00000000  RWIX
  SARAM2                00014000   00002000  00002000  00000000  RWIX
  SARAM3                00016000   00004000  00002af8  00001508  RWIX
  SARAM10               0001a000   00006000  00004800  00001800  RWIX
  SARAM11               00020000   00010000  00008e20  000071e0  RWIX
  SARAM13               00030000   00010000  00009c58  000063a8  RWIX
  CE0                   00040000   003c0000  00000000  003c0000  RWIX
  CE1                   00400000   00400000  00000000  00400000  RWIX
  CE2                   00800000   00400000  00000000  00400000  RWIX
  CE3                   00c00000   003f8000  00000000  003f8000  RWIX
  PDROM                 00ff8000   00007f00  00000000  00007f00  RWIX


SECTION ALLOCATION MAP
(Addresses surrounded by []'s are displayed for convenience only!)

output                                                          attributes/
section   page  orgn(bytes) orgn(words) len(bytes) len(words)   input sections
--------  ----  ----------- ----------- ---------- ----------   --------------
vectors      0     000000c0  [ 00000060 ] 00000100          *   
                   000000c0  [ 00000060 ] 00000100          *   rts55x.lib : vectors.obj (vectors)

.vectors     0     00000e00  [ 00000700 ] 00000100          *   
                   00000e00  [ 00000700 ] 00000100          *   vectors.obj (.vectors)

.cinit       0   [ 00001000 ]  00000800          *   0000014d   
                 [ 00001000 ]  00000800          *   0000005d   csl5509x.lib : csl_dmadat.obj (.cinit)
                 [ 000010ba ]  0000085d          *   0000005a   main.obj (.cinit)
                 [ 0000116e ]  000008b7          *   00000042   csl5509x.lib : csl_mmcdat.obj (.cinit)
                 [ 000011f2 ]  000008f9          *   00000025                : csl_csldat.obj (.cinit)
                 [ 0000123c ]  0000091e          *   0000000f                : csl_timdat.obj (.cinit)
                 [ 0000125a ]  0000092d          *   0000000b   rts55x.lib : cos.obj (.cinit)
                 [ 00001270 ]  00000938          *   0000000a              : _lock.obj (.cinit)
                 [ 00001284 ]  00000942          *   0000000a              : exit.obj (.cinit)
                 [ 00001298 ]  0000094c          *   00000001   --HOLE-- [fill = 0]

.stack       0   [ 0000129c ]  0000094e          *   00000100   UNINITIALIZED
                 [ 0000129c ]  0000094e          *   00000100   --HOLE--

.sysstack 
*            0   [ 0000149c ]  00000a4e          *   00000100   UNINITIALIZED
                 [ 0000149c ]  00000a4e          *   00000100   --HOLE--

.csldata     0   [ 0000169c ]  00000b4e          *   000000ac   UNINITIALIZED
                 [ 0000169c ]  00000b4e          *   0000005a   csl5509x.lib : csl_dmadat.obj (.csldata:DMA_data)
                 [ 00001750 ]  00000ba8          *   00000024                : csl_mmcdat.obj (.csldata:MMC_data)
                 [ 00001798 ]  00000bcc          *   00000022                : csl_csldat.obj (.csldata:SYS_data)
                 [ 000017dc ]  00000bee          *   0000000c                : csl_timdat.obj (.csldata:TIMER_data)

receive1     0   [ 00002000 ]  00001000          *   00000830   UNINITIALIZED
                 [ 00002000 ]  00001000          *   00000830   main.obj (receive1)

receive2     0   [ 00004000 ]  00002000          *   00000830   UNINITIALIZED
                 [ 00004000 ]  00002000          *   00000830   main.obj (receive2)

NFFT         0   [ 00006000 ]  00003000          *   00001000   UNINITIALIZED
                 [ 00006000 ]  00003000          *   00001000   main.obj (NFFT)

FFT          0   [ 00008000 ]  00004000          *   00002000   UNINITIALIZED
                 [ 00008000 ]  00004000          *   00002000   main.obj (FFT)

.ref         0   [ 0000c000 ]  00006000          *   00002000   UNINITIALIZED
                 [ 0000c000 ]  00006000          *   00002000   main.obj (.ref)

xcorr        0   [ 00010000 ]  00008000          *   00002000   UNINITIALIZED
                 [ 00010000 ]  00008000          *   00002000   main.obj (xcorr)

xcorrout     0   [ 00014000 ]  0000a000          *   00001000   UNINITIALIZED
                 [ 00014000 ]  0000a000          *   00001000   main.obj (xcorrout)

envelope     0   [ 00016000 ]  0000b000          *   0000157c   UNINITIALIZED
                 [ 00016000 ]  0000b000          *   0000157c   main.obj (envelope)

revsave      0   [ 0001a000 ]  0000d000          *   00002400   UNINITIALIZED
                 [ 0001a000 ]  0000d000          *   00002400   main.obj (revsave)

.text        0     00020000  [ 00010000 ] 0000621c          *   
                   00020000  [ 00010000 ] 0000337b          *   main.obj (.text)
                   0002337b  [ 000119bd+] 000003cc          *   rts55x.lib : divd.obj (.text)
                   00023747  [ 00011ba3+] 00000391          *   main.obj (.text:retain)
                   00023ad8  [ 00011d6c ] 0000025a          *   rts55x.lib : addd.obj (.text)
                   00023d32  [ 00011e99 ] 00000218          *              : cos.obj (.text)
                   00023f4a  [ 00011fa5 ] 000001ee          *   cfft_scale.obj (.text)
                   00024138  [ 0001209c ] 000001ee          *   cifft_scale.obj (.text)
                   00024326  [ 00012193 ] 000001ea          *   rts55x.lib : cmpd.obj (.text)
                   00024510  [ 00012288 ] 000001c3          *   csl5509x.lib : mmc_sendop.obj (.text:MMC_sendOpCond)
                   000246d3  [ 00012369+] 000001a3          *                : dma_reset.obj (.text:DMA_reset)
                   00024876  [ 0001243b ] 00000174          *                : mmc_disp0.obj (.text:MMC_dispatch0)
                   000249ea  [ 000124f5 ] 0000016b          *                : mmc_disp1.obj (.text:MMC_dispatch1)
                   00024b55  [ 000125aa+] 00000167          *   cfft_noscale.obj (.text)
                   00024cbc  [ 0001265e ] 00000163          *   cifft_noscale.obj (.text)
                   00024e1f  [ 0001270f+] 0000014c          *   rts55x.lib : mpyd.obj (.text)
                   00024f6b  [ 000127b5+] 0000013c          *   csl5509x.lib : sd_setwidth.obj (.text:SD_setWidth)
                   000250a7  [ 00012853+] 00000116          *                : tim_rstt.obj (.text:TIMER_reset)
                   000251bd  [ 000128de+] 000000e1          *                : sd_getcid.obj (.text:SD_getCardID)
                   0002529e  [ 0001294f ] 000000de          *                : mmc_read.obj (.text:MMC_read)
                   0002537c  [ 000129be ] 000000dd          *                : dma_cfg.obj (.text:DMA_config)
                   00025459  [ 00012a2c+] 000000d6          *   cbrev.obj (.text)
                   0002552f  [ 00012a97+] 000000ce          *   csl5509x.lib : dma_open.obj (.text:DMA_open)
                   000255fd  [ 00012afe+] 000000c1          *                : mmc_write.obj (.text:MMC_write)
                   000256be  [ 00012b5f ] 000000bf          *   rts55x.lib : modf.obj (.text)
                   0002577d  [ 00012bbe+] 000000b5          *   csl5509x.lib : mmc_open.obj (.text:MMC_open)
                   00025832  [ 00012c19 ] 000000a2          *                : mmc_setNat.obj (.text:MMC_setupNative)
                   000258d4  [ 00012c6a ] 000000a1          *   rts55x.lib : divul.obj (.text)
                   00025975  [ 00012cba+] 0000008b          *   fir2.obj (.text)
                   00025a00  [ 00012d00 ] 00000082          *   csl5509x.lib : sd_allcid.obj (.text:SD_sendALLCID)
                   00025a82  [ 00012d41 ] 00000080          *                : sd_sendrca.obj (.text:SD_sendRca)
                   00025b02  [ 00012d81 ] 00000077          *   rts55x.lib : fixdul.obj (.text)
                   00025b79  [ 00012dbc+] 00000076          *              : frcmpyd.obj (.text)
                   00025bef  [ 00012df7+] 00000073          *              : frcmpyd_div.obj (.text)
                   00025c62  [ 00012e31 ] 0000006f          *              : fixdli.obj (.text)
                   00025cd1  [ 00012e68+] 00000067          *              : fltlid.obj (.text)
                   00025d38  [ 00012e9c ] 00000061          *   csl5509x.lib : mmc_selcard.obj (.text:MMC_selectCard)
                   00025d99  [ 00012ecc+] 00000060          *                : mmc_rspdne.obj (.text:MMC_responseDone)
                   00025df9  [ 00012efc+] 0000005f          *   rts55x.lib : round.obj (.text)
                   00025e58  [ 00012f2c ] 0000005b          *              : fltuld.obj (.text)
                   00025eb3  [ 00012f59+] 0000004d          *              : autoinit.obj (.text)
                   00025f00  [ 00012f80 ] 0000004b          *              : args_main.obj (.text)
                   00025f4b  [ 00012fa5+] 00000048          *   csl5509x.lib : mmc_getstat.obj (.text:MMC_getStatus)
                   00025f93  [ 00012fc9+] 00000048          *   rts55x.lib : divli.obj (.text)
                   00025fdb  [ 00012fed+] 00000041          *              : trunc.obj (.text)
                   0002601c  [ 0001300e ] 0000003e          *              : exit.obj (.text)
                   0002605a  [ 0001302d ] 0000003c          *   csl5509x.lib : mmc_xgoidle.obj (.text:MMC_sendGoIdle)
                   00026096  [ 0001304b ] 00000034          *                : mmc_clrrsp.obj (.text:MMC_clearResponse)
                   000260ca  [ 00013065 ] 00000034          *   rts55x.lib : boot.obj (.text)
                   000260fe  [ 0001307f ] 00000032          *   maxvec.obj (.text)
                   00026130  [ 00013098 ] 0000002a          *   rts55x.lib : fixdi.obj (.text)
                   0002615a  [ 000130ad ] 0000001b          *              : fixdu.obj (.text)
                   00026175  [ 000130ba+] 00000014          *              : subd.obj (.text)
                   00026189  [ 000130c4+] 00000013          *              : lmpy.obj (.text)
                   0002619c  [ 000130ce ] 00000012          *   csl5509x.lib : mmc_waitfor.obj (.text:MMC_waitForFlag)
                   000261ae  [ 000130d7 ] 00000012          *   rts55x.lib : _lock.obj (.text)
                   000261c0  [ 000130e0 ] 00000010          *              : negd.obj (.text)
                   000261d0  [ 000130e8 ] 0000000f          *   csl5509x.lib : irq_gdisab.obj (.text:IRQ_globalDisable)
                   000261df  [ 000130ef+] 0000000d          *                : _csl_init.obj (.text:_CSL_init)
                   000261ec  [ 000130f6 ] 0000000c          *                : csl.obj (.text:CSL_init)
                   000261f8  [ 000130fc ] 0000000c          *                : irq_grest.obj (.text:IRQ_globalRestore)
                   00026204  [ 00013102 ] 0000000c          *   rts55x.lib : fltid.obj (.text)
                   00026210  [ 00013108 ] 00000007          *              : exit.obj (.text:CIO_breakpoint)
                   00026217  [ 0001310b+] 00000002          *   csl5509x.lib : csl.obj (.text)
                   00026219  [ 0001310c+] 00000002          *   rts55x.lib : vectors.obj (.text)
                   0002621b  [ 0001310d ] 00000001          *   --HOLE-- [fill = 20]

.data        0   [ 0002621c ]  0001310e          *   00001062   
                 [ 0002621c ]  0001310e          *   00001000   twid4096.obj (.data:twiddle)
                 [ 0002821c ]  0001410e          *   00000041   h_LPF1.obj (.data)
                 [ 0002829e ]  0001414f          *   00000021   h_LPF2.obj (.data)

.bss         0   [ 000282e0 ]  00014170          *   00000538   UNINITIALIZED
                 [ 000282e0 ]  00014170          *   000004ff   main.obj (.bss)
                 [ 00028cde ]  0001466f          *   00000001   --HOLE--
                 [ 00028ce0 ]  00014670          *   00000018   csl5509x.lib : csl_mmcdat.obj (.bss)
                 [ 00028d10 ]  00014688          *   00000008   rts55x.lib : cos.obj (.bss)
                 [ 00028d20 ]  00014690          *   00000004   cfft_noscale.obj (.bss)
                 [ 00028d28 ]  00014694          *   00000004   cfft_scale.obj (.bss)
                 [ 00028d30 ]  00014698          *   00000004   cifft_noscale.obj (.bss)
                 [ 00028d38 ]  0001469c          *   00000004   cifft_scale.obj (.bss)
                 [ 00028d40 ]  000146a0          *   00000004   rts55x.lib : _lock.obj (.bss)
                 [ 00028d48 ]  000146a4          *   00000004              : exit.obj (.bss)

.const       0   [ 00028d50 ]  000146a8          *   00000068   
                 [ 00028d50 ]  000146a8          *   0000002a   main.obj (.const)
                 [ 00028da4 ]  000146d2          *   00000016   rts55x.lib : cos.obj (.const)
                 [ 00028dd0 ]  000146e8          *   00000008              : divd.obj (.const:_initial_approx$1)
                 [ 00028de0 ]  000146f0          *   00000008              : round.obj (.const)
                 [ 00028df0 ]  000146f8          *   00000006              : modf.obj (.const)
                 [ 00028dfc ]  000146fe          *   00000005   main.obj (.const:_ask_rs485)
                 [ 00028e06 ]  00014703          *   00000004   main.obj (.const:_init_rs485)
                 [ 00028e0e ]  00014707          *   00000001   --HOLE-- [fill = 0]
                 [ 00028e10 ]  00014708          *   00000004   rts55x.lib : trunc.obj (.const)
                 [ 00028e18 ]  0001470c          *   00000002              : fltlid.obj (.const)
                 [ 00028e1c ]  0001470e          *   00000002              : fltuld.obj (.const)

send         0   [ 00030000 ]  00018000          *   00004e2c   UNINITIALIZED
                 [ 00030000 ]  00018000          *   00004e2c   main.obj (send)


GLOBAL SYMBOLS: SORTED ALPHABETICALLY BY Name 

abs. value/
byte addr   word addr   name
---------   ---------   ----
00000002                $TI_capability$C5500$CallingConvention
00000002                $TI_capability$C5500$MemoryModel
00000001                $TI_capability_requires_rev2
            00014170    .bss
            0001310e    .data
00020000                .text
00026211                C$$EXIT
00026189                I$$LMPY
            000145e4    _ADC_in
00026217                _CSL5509_LIB_
            00000b4e    _CSL_DmaData
            00000ba8    _CSL_MmcData
            00000bcc    _CSL_SysData
            00000bee    _CSL_TimerData
000261ec                _CSL_init
0002537c                _DMA_config
            0001417e    _DMA_count
000219d1                _DMA_init
0002552f                _DMA_open
000246d3                _DMA_reset
            00014263    _DMAdone
            00014266    _DMAnum
            00014252    _DS18B20_flag
0002234d                _FFTprepare
00023352                _FFTprepare2
            000145cc    _FLAGSENDOVER
            000145c9    _FLAG_OK
            000145cb    _FLAG_RS232_REVOK
            00014228    _FLAG_yl
            00014227    _FLAG_yl_init
            000145ca    _Flag_answer
            000145c8    _Flag_timer
000232c7                _I2C_Read
00023256                _I2C_Write
            0001465e    _I2Cconfig
            00014668    _I2Cinit
000261d0                _IRQ_globalDisable
000261f8                _IRQ_globalRestore
            00014652    _Init
000219c4                _InitADC
00020407                _Init_DS18B20
00021db3                _MMC_Init
00026096                _MMC_clearResponse
00024876                _MMC_dispatch0
000249ea                _MMC_dispatch1
00025f4b                _MMC_getStatus
0002577d                _MMC_open
0002529e                _MMC_read
00025d99                _MMC_responseDone
00025d38                _MMC_selectCard
0002605a                _MMC_sendGoIdle
00024510                _MMC_sendOpCond
00025832                _MMC_setupNative
0002619c                _MMC_waitForFlag
000255fd                _MMC_write
            00014188    _Max_pos_float
00021992                _McBSP_init
            00014174    _NOISE_TH_HD
            00014173    _NOISE_TH_NEW
            00014170    _NOISE_TH_huadong
            0001422a    _PC_DATA
            00014209    _PC_init
            0001417f    _Pos_flag
00021ce7                _Producelfm
00021c12                _Produceref
            000145d6    _RS485_DATA
000205fd                _Read
0002322e                _ReadSectorNumber_Usable
000000c0                _Reset
00021f6c                _Respondermod
            00003000    _Rev
            00001000    _Rev1
            00002000    _Rev2
            00004000    _Rev_FFT
            0000b000    _Rev_envelope
            0000d000    _Rev_save
            0000e000    _Rev_save_filter_out
            00008000    _Rev_xcorr
            0000a000    _Rev_xcorrout
            0001426a    _Revdst1AddrHi
            0001426b    _Revdst1AddrLo
            0001426c    _Revdst2AddrHi
            0001426d    _Revdst2AddrLo
00022304                _Revprepare
            00014268    _RevsrcAddrHi
            00014269    _RevsrcAddrLo
            0001419c    _SDRAM_lfmhead
00021ea7                _SD_ReadData
000207e5                _SD_WriteData
000251bd                _SD_getCardID
            000144c6    _SD_read
00025a00                _SD_sendAllCID
00025a82                _SD_sendRca
00024f6b                _SD_setWidth
            000145c7    _SD_status
            000145c6    _SD_test
            000143c6    _SD_write
            00014186    _SNR_HD_out
00023208                _SaveSectorCounter
            000142c6    _SecCounter
            000142c4    _SectorCounter
            00014236    _Send_PC_DATA
            0001463c    _Send_config
            0001800c    _Send_sig
00020204                _Senddata0
00021940                _System_initial
000250a7                _TIMER_reset
            00014176    _Time_Delay
            0001417a    _Tr_time
00020516                _Write
            00006000    _X_ref
000261df                __CSL_init
            00000a4e    __STACK_END
00000200                __STACK_SIZE
00000200                __SYSSTACK_SIZE
00000001                __TI_args_main
ffffffff                ___binit__
            00014170    ___bss__
ffffffff                ___c_args__
            00000800    ___cinit__
            0001310e    ___data__
            00014170    ___edata__
            000146a8    ___end__
0002621c                ___etext__
ffffffff                ___pinit__
00020000                ___text__
00023ad8                __addd
00025f00                __args_main
            000146a4    __cleanup_ptr
000244b8                __cmpd
0002337b                __divd
00025f93                __divli
000258d4                __divul
            000146a6    __dtors_ptr
00024484                __eqld
00026130                __fixdi
00025c62                __fixdli
0002615a                __fixdu
00025b02                __fixdul
00026204                __fltid
00025cd1                __fltlid
00025e58                __fltuld
00025b79                __frcmpyd
00025bef                __frcmpyd_div
0002443a                __geqd
000243ef                __gtrd
000243a2                __leqd
            000146a0    __lock
0002435a                __lssd
00024e1f                __mpyd
00026189                __mpyli
000261c0                __negd
00024326                __neqd
000261be                __nop
00025df9                __nround
000261b6                __register_lock
000261ae                __register_unlock
            0000094e    __stack
00026175                __subd
            00000a4e    __sysstack
00025fdb                __trunc
            000146a2    __unlock
            00014194    _a
00026210                _abort
            000146fe    _ask_rs485
0002284e                _asksignal
00025eb3                _auto_init
            00014196    _b
            00014183    _block2
            00014225    _buff
000260ca                _c_int00
            00014282    _card
            00014284    _cardalloc
            000142ae    _cardid
            000142c3    _cardtype
00025459                _cbrev
00024b55                _cfft_NOSCALE
00023f4a                _cfft_SCALE
            000142ac    _cid
00024cbc                _cifft_NOSCALE
00024138                _cifft_SCALE
            00014193    _code
00023d32                _cos
            000142c0    _count
            00018000    _count_final_jiance
            0001419f    _count_timer
00023206                _delay
            00014626    _depth
000223d5                _detect
00022364                _detect_prepare
00022a55                _detect_signal
00023a81                _dma0_Isr
000223a6                _dot
000231d7                _dot1
            00014180    _endpos
            00014184    _endpos_float
0002601c                _exit
            0001419a    _f_code
            00014226    _f_send_uart
00025975                _fir2
00021ec1                _get_noise
0002220c                _get_parameter
000202c5                _get_pressure
00020708                _get_temperature
00020281                _get_voltage
            00014278    _hDmaSend0
            0001427a    _hDmaSend1
            0001410e    _h_LPF1
            000141a1    _h_LPF1_db
            0001414f    _h_LPF2
            000141e4    _h_LPF2_db
            00014703    _init_rs485
00023a56                _int0_Isr
00023925                _int1_Isr
0002384e                _int2_Isr
            00014670    _isr_init
            0001462b    _jiance_counter
00022c1e                _main
0002190f                _max_zh
000260fe                _maxvec
000218e4                _mean_zh
            0001427c    _mhTimer0
            0001427e    _mhTimer1
            00014280    _mmc1
000256be                _modf
            0001462c    _myConfig
            00014276    _myhDma
000237fa                _myhDma_Isr
000237dd                _no_isr
            00014625    _noise_10ms
            00014171    _noise_maxbuffer
            00014207    _oflag_LPF1
            00014208    _oflag_LPF2
00021807                _pressure_init
000217be                _qujunzhi1
00021775                _qujunzhi2
00021758                _qumo2
            000142c2    _rca
0002166a                _read_serial
000215ac                _receive_752_init
            00014229    _release_flag
            000145ce    _resend_delay
            000145d0    _resend_delay1
            00014178    _responder_Delay
            000141a0    _responder_flag
            0001417c    _responder_period
            000142c1    _retVal
000214b7                _send_serial
            00014270    _senddst0AddrHi
            00014271    _senddst0AddrLo
            00014274    _senddst1AddrHi
            00014275    _senddst1AddrLo
            0001426e    _sendsrc0AddrHi
            0001426f    _sendsrc0AddrLo
            00014272    _sendsrc1AddrHi
            00014273    _sendsrc1AddrLo
            00014253    _serial
            0001425b    _serial_x
            00014181    _sum_mean_save
000213d9                _system_config
00020fe6                _take_action1
00020c3b                _take_action2
00020843                _take_action3
            000145cd    _temp_ADC
            0000f000    _temp_dainei_temp
            0000f100    _temp_dainei_temp_fft
            0000f300    _temp_dainei_temp_fft_abs
            000145e2    _temp_yl_data
            00014264    _temperature
            0001419e    _templfm
            0001418a    _testpinlv_flag
            0001418c    _testpinlv_ind
            0001418b    _testpinlv_max
            0001464c    _timCfg0
            0001464f    _timCfg1
0002377b                _timer0_Isr
            000145d2    _timer0_cnt
00023747                _timer1_Isr
            000145d4    _timer1_cnt
            0001462a    _tongbu_flag
            00014628    _transponder_mode
            00014629    _transponder_mode1
000200e1                _uart_config
00020000                _variable_init
            00014624    _voltage_AD
            00014182    _width_save
            0001418d    _x1
            0001418e    _x2
            0001418f    _x3
            00014198    _x_max
            00014190    _y1
            00014191    _y2
            00014192    _y3
ffffffff                binit
            00000800    cinit
            00014170    edata
            000146a8    end
0002621c                etext
ffffffff                pinit
            0001310e    twiddle


GLOBAL SYMBOLS: SORTED BY Symbol Address 

abs. value/
byte addr   word addr   name
---------   ---------   ----
00000001                $TI_capability_requires_rev2
00000001                __TI_args_main
00000002                $TI_capability$C5500$CallingConvention
00000002                $TI_capability$C5500$MemoryModel
000000c0                _Reset
00000200                __STACK_SIZE
00000200                __SYSSTACK_SIZE
            00000800    ___cinit__
            00000800    cinit
            0000094e    __stack
            00000a4e    __STACK_END
            00000a4e    __sysstack
            00000b4e    _CSL_DmaData
            00000ba8    _CSL_MmcData
            00000bcc    _CSL_SysData
            00000bee    _CSL_TimerData
            00001000    _Rev1
            00002000    _Rev2
            00003000    _Rev
            00004000    _Rev_FFT
            00006000    _X_ref
            00008000    _Rev_xcorr
            0000a000    _Rev_xcorrout
            0000b000    _Rev_envelope
            0000d000    _Rev_save
            0000e000    _Rev_save_filter_out
            0000f000    _temp_dainei_temp
            0000f100    _temp_dainei_temp_fft
            0000f300    _temp_dainei_temp_fft_abs
00020000                .text
00020000                ___text__
00020000                _variable_init
000200e1                _uart_config
00020204                _Senddata0
00020281                _get_voltage
000202c5                _get_pressure
00020407                _Init_DS18B20
00020516                _Write
000205fd                _Read
00020708                _get_temperature
000207e5                _SD_WriteData
00020843                _take_action3
00020c3b                _take_action2
00020fe6                _take_action1
000213d9                _system_config
000214b7                _send_serial
000215ac                _receive_752_init
0002166a                _read_serial
00021758                _qumo2
00021775                _qujunzhi2
000217be                _qujunzhi1
00021807                _pressure_init
000218e4                _mean_zh
0002190f                _max_zh
00021940                _System_initial
00021992                _McBSP_init
000219c4                _InitADC
000219d1                _DMA_init
00021c12                _Produceref
00021ce7                _Producelfm
00021db3                _MMC_Init
00021ea7                _SD_ReadData
00021ec1                _get_noise
00021f6c                _Respondermod
0002220c                _get_parameter
00022304                _Revprepare
0002234d                _FFTprepare
00022364                _detect_prepare
000223a6                _dot
000223d5                _detect
0002284e                _asksignal
00022a55                _detect_signal
00022c1e                _main
000231d7                _dot1
00023206                _delay
00023208                _SaveSectorCounter
0002322e                _ReadSectorNumber_Usable
00023256                _I2C_Write
000232c7                _I2C_Read
00023352                _FFTprepare2
0002337b                __divd
00023747                _timer1_Isr
0002377b                _timer0_Isr
000237dd                _no_isr
000237fa                _myhDma_Isr
0002384e                _int2_Isr
00023925                _int1_Isr
00023a56                _int0_Isr
00023a81                _dma0_Isr
00023ad8                __addd
00023d32                _cos
00023f4a                _cfft_SCALE
00024138                _cifft_SCALE
00024326                __neqd
0002435a                __lssd
000243a2                __leqd
000243ef                __gtrd
0002443a                __geqd
00024484                __eqld
000244b8                __cmpd
00024510                _MMC_sendOpCond
000246d3                _DMA_reset
00024876                _MMC_dispatch0
000249ea                _MMC_dispatch1
00024b55                _cfft_NOSCALE
00024cbc                _cifft_NOSCALE
00024e1f                __mpyd
00024f6b                _SD_setWidth
000250a7                _TIMER_reset
000251bd                _SD_getCardID
0002529e                _MMC_read
0002537c                _DMA_config
00025459                _cbrev
0002552f                _DMA_open
000255fd                _MMC_write
000256be                _modf
0002577d                _MMC_open
00025832                _MMC_setupNative
000258d4                __divul
00025975                _fir2
00025a00                _SD_sendAllCID
00025a82                _SD_sendRca
00025b02                __fixdul
00025b79                __frcmpyd
00025bef                __frcmpyd_div
00025c62                __fixdli
00025cd1                __fltlid
00025d38                _MMC_selectCard
00025d99                _MMC_responseDone
00025df9                __nround
00025e58                __fltuld
00025eb3                _auto_init
00025f00                __args_main
00025f4b                _MMC_getStatus
00025f93                __divli
00025fdb                __trunc
0002601c                _exit
0002605a                _MMC_sendGoIdle
00026096                _MMC_clearResponse
000260ca                _c_int00
000260fe                _maxvec
00026130                __fixdi
0002615a                __fixdu
00026175                __subd
00026189                I$$LMPY
00026189                __mpyli
0002619c                _MMC_waitForFlag
000261ae                __register_unlock
000261b6                __register_lock
000261be                __nop
000261c0                __negd
000261d0                _IRQ_globalDisable
000261df                __CSL_init
000261ec                _CSL_init
000261f8                _IRQ_globalRestore
00026204                __fltid
00026210                _abort
00026211                C$$EXIT
00026217                _CSL5509_LIB_
            0001310e    .data
            0001310e    ___data__
0002621c                ___etext__
0002621c                etext
            0001310e    twiddle
            0001410e    _h_LPF1
            0001414f    _h_LPF2
            00014170    .bss
            00014170    _NOISE_TH_huadong
            00014170    ___bss__
            00014170    ___edata__
            00014170    edata
            00014171    _noise_maxbuffer
            00014173    _NOISE_TH_NEW
            00014174    _NOISE_TH_HD
            00014176    _Time_Delay
            00014178    _responder_Delay
            0001417a    _Tr_time
            0001417c    _responder_period
            0001417e    _DMA_count
            0001417f    _Pos_flag
            00014180    _endpos
            00014181    _sum_mean_save
            00014182    _width_save
            00014183    _block2
            00014184    _endpos_float
            00014186    _SNR_HD_out
            00014188    _Max_pos_float
            0001418a    _testpinlv_flag
            0001418b    _testpinlv_max
            0001418c    _testpinlv_ind
            0001418d    _x1
            0001418e    _x2
            0001418f    _x3
            00014190    _y1
            00014191    _y2
            00014192    _y3
            00014193    _code
            00014194    _a
            00014196    _b
            00014198    _x_max
            0001419a    _f_code
            0001419c    _SDRAM_lfmhead
            0001419e    _templfm
            0001419f    _count_timer
            000141a0    _responder_flag
            000141a1    _h_LPF1_db
            000141e4    _h_LPF2_db
            00014207    _oflag_LPF1
            00014208    _oflag_LPF2
            00014209    _PC_init
            00014225    _buff
            00014226    _f_send_uart
            00014227    _FLAG_yl_init
            00014228    _FLAG_yl
            00014229    _release_flag
            0001422a    _PC_DATA
            00014236    _Send_PC_DATA
            00014252    _DS18B20_flag
            00014253    _serial
            0001425b    _serial_x
            00014263    _DMAdone
            00014264    _temperature
            00014266    _DMAnum
            00014268    _RevsrcAddrHi
            00014269    _RevsrcAddrLo
            0001426a    _Revdst1AddrHi
            0001426b    _Revdst1AddrLo
            0001426c    _Revdst2AddrHi
            0001426d    _Revdst2AddrLo
            0001426e    _sendsrc0AddrHi
            0001426f    _sendsrc0AddrLo
            00014270    _senddst0AddrHi
            00014271    _senddst0AddrLo
            00014272    _sendsrc1AddrHi
            00014273    _sendsrc1AddrLo
            00014274    _senddst1AddrHi
            00014275    _senddst1AddrLo
            00014276    _myhDma
            00014278    _hDmaSend0
            0001427a    _hDmaSend1
            0001427c    _mhTimer0
            0001427e    _mhTimer1
            00014280    _mmc1
            00014282    _card
            00014284    _cardalloc
            000142ac    _cid
            000142ae    _cardid
            000142c0    _count
            000142c1    _retVal
            000142c2    _rca
            000142c3    _cardtype
            000142c4    _SectorCounter
            000142c6    _SecCounter
            000143c6    _SD_write
            000144c6    _SD_read
            000145c6    _SD_test
            000145c7    _SD_status
            000145c8    _Flag_timer
            000145c9    _FLAG_OK
            000145ca    _Flag_answer
            000145cb    _FLAG_RS232_REVOK
            000145cc    _FLAGSENDOVER
            000145cd    _temp_ADC
            000145ce    _resend_delay
            000145d0    _resend_delay1
            000145d2    _timer0_cnt
            000145d4    _timer1_cnt
            000145d6    _RS485_DATA
            000145e2    _temp_yl_data
            000145e4    _ADC_in
            00014624    _voltage_AD
            00014625    _noise_10ms
            00014626    _depth
            00014628    _transponder_mode
            00014629    _transponder_mode1
            0001462a    _tongbu_flag
            0001462b    _jiance_counter
            0001462c    _myConfig
            0001463c    _Send_config
            0001464c    _timCfg0
            0001464f    _timCfg1
            00014652    _Init
            0001465e    _I2Cconfig
            00014668    _I2Cinit
            00014670    _isr_init
            000146a0    __lock
            000146a2    __unlock
            000146a4    __cleanup_ptr
            000146a6    __dtors_ptr
            000146a8    ___end__
            000146a8    end
            000146fe    _ask_rs485
            00014703    _init_rs485
            00018000    _count_final_jiance
            0001800c    _Send_sig
ffffffff                ___binit__
ffffffff                ___c_args__
ffffffff                ___pinit__
ffffffff                binit
ffffffff                pinit

[300 symbols]
